Archive member included to satisfy reference by file (symbol)

/opt/homebrew/Cellar/riscv64-elf-gcc/16.1.0/lib/gcc/riscv64-elf/16.1.0/rv32im/ilp32/libgcc.a(_clzsi2.o)
                              /Users/jeremy/test_fpga/pocket-tunes/firmware/obj/app_eq.o (__clzsi2)
/opt/homebrew/Cellar/riscv64-elf-gcc/16.1.0/lib/gcc/riscv64-elf/16.1.0/rv32im/ilp32/libgcc.a(_divdi3.o)
                              /Users/jeremy/test_fpga/pocket-tunes/firmware/obj/opus_opus_multistream_encoder.o (__divdi3)
/opt/homebrew/Cellar/riscv64-elf-gcc/16.1.0/lib/gcc/riscv64-elf/16.1.0/rv32im/ilp32/libgcc.a(_udivdi3.o)
                              /Users/jeremy/test_fpga/pocket-tunes/firmware/obj/app_ui.o (__udivdi3)
/opt/homebrew/Cellar/riscv64-elf-gcc/16.1.0/lib/gcc/riscv64-elf/16.1.0/rv32im/ilp32/libgcc.a(_clz.o)
                              /opt/homebrew/Cellar/riscv64-elf-gcc/16.1.0/lib/gcc/riscv64-elf/16.1.0/rv32im/ilp32/libgcc.a(_clzsi2.o) (__clz_tab)

Merging object attributes


Discarded input sections

 .text          0x00000000        0x0 /Users/jeremy/test_fpga/pocket-tunes/firmware/obj/app_crt0.o
 .data          0x00000000        0x0 /Users/jeremy/test_fpga/pocket-tunes/firmware/obj/app_crt0.o
 .bss           0x00000000        0x0 /Users/jeremy/test_fpga/pocket-tunes/firmware/obj/app_crt0.o
 .text          0x00000000        0x0 /Users/jeremy/test_fpga/pocket-tunes/firmware/obj/app_main.o
 .data          0x00000000        0x0 /Users/jeremy/test_fpga/pocket-tunes/firmware/obj/app_main.o
 .bss           0x00000000        0x0 /Users/jeremy/test_fpga/pocket-tunes/firmware/obj/app_main.o
 .text          0x00000000        0x0 /Users/jeremy/test_fpga/pocket-tunes/firmware/obj/app_gfx.o
 .data          0x00000000        0x0 /Users/jeremy/test_fpga/pocket-tunes/firmware/obj/app_gfx.o
 .bss           0x00000000        0x0 /Users/jeremy/test_fpga/pocket-tunes/firmware/obj/app_gfx.o
 .text.gfx_rect
                0x00000000       0xa8 /Users/jeremy/test_fpga/pocket-tunes/firmware/obj/app_gfx.o
 .text.u32_to_hex
                0x00000000       0x38 /Users/jeremy/test_fpga/pocket-tunes/firmware/obj/app_gfx.o
 .text.labs     0x00000000       0x10 /Users/jeremy/test_fpga/pocket-tunes/firmware/obj/app_gfx.o
 .text.abort    0x00000000        0x4 /Users/jeremy/test_fpga/pocket-tunes/firmware/obj/app_gfx.o
 .text          0x00000000        0x0 /Users/jeremy/test_fpga/pocket-tunes/firmware/obj/app_lib.o
 .data          0x00000000        0x0 /Users/jeremy/test_fpga/pocket-tunes/firmware/obj/app_lib.o
 .bss           0x00000000        0x0 /Users/jeremy/test_fpga/pocket-tunes/firmware/obj/app_lib.o
 .text          0x00000000        0x0 /Users/jeremy/test_fpga/pocket-tunes/firmware/obj/app_chap.o
 .data          0x00000000        0x0 /Users/jeremy/test_fpga/pocket-tunes/firmware/obj/app_chap.o
 .bss           0x00000000        0x0 /Users/jeremy/test_fpga/pocket-tunes/firmware/obj/app_chap.o
 .text          0x00000000        0x0 /Users/jeremy/test_fpga/pocket-tunes/firmware/obj/app_ui.o
 .data          0x00000000        0x0 /Users/jeremy/test_fpga/pocket-tunes/firmware/obj/app_ui.o
 .bss           0x00000000        0x0 /Users/jeremy/test_fpga/pocket-tunes/firmware/obj/app_ui.o
 .text          0x00000000        0x0 /Users/jeremy/test_fpga/pocket-tunes/firmware/obj/app_file.o
 .data          0x00000000        0x0 /Users/jeremy/test_fpga/pocket-tunes/firmware/obj/app_file.o
 .bss           0x00000000        0x0 /Users/jeremy/test_fpga/pocket-tunes/firmware/obj/app_file.o
 .text          0x00000000        0x0 /Users/jeremy/test_fpga/pocket-tunes/firmware/obj/app_mp3.o
 .data          0x00000000        0x0 /Users/jeremy/test_fpga/pocket-tunes/firmware/obj/app_mp3.o
 .bss           0x00000000        0x0 /Users/jeremy/test_fpga/pocket-tunes/firmware/obj/app_mp3.o
 .text.mp3_is_playing
                0x00000000       0x1c /Users/jeremy/test_fpga/pocket-tunes/firmware/obj/app_mp3.o
 .text          0x00000000        0x0 /Users/jeremy/test_fpga/pocket-tunes/firmware/obj/app_eq.o
 .data          0x00000000        0x0 /Users/jeremy/test_fpga/pocket-tunes/firmware/obj/app_eq.o
 .bss           0x00000000        0x0 /Users/jeremy/test_fpga/pocket-tunes/firmware/obj/app_eq.o
 .text          0x00000000        0x0 /Users/jeremy/test_fpga/pocket-tunes/firmware/obj/app_art.o
 .data          0x00000000        0x0 /Users/jeremy/test_fpga/pocket-tunes/firmware/obj/app_art.o
 .bss           0x00000000        0x0 /Users/jeremy/test_fpga/pocket-tunes/firmware/obj/app_art.o
 .text          0x00000000        0x0 /Users/jeremy/test_fpga/pocket-tunes/firmware/obj/app_ogg.o
 .data          0x00000000        0x0 /Users/jeremy/test_fpga/pocket-tunes/firmware/obj/app_ogg.o
 .bss           0x00000000        0x0 /Users/jeremy/test_fpga/pocket-tunes/firmware/obj/app_ogg.o
 .text          0x00000000        0x0 /Users/jeremy/test_fpga/pocket-tunes/firmware/obj/app_opus_play.o
 .data          0x00000000        0x0 /Users/jeremy/test_fpga/pocket-tunes/firmware/obj/app_opus_play.o
[...]
Memory Configuration

Name             Origin             Length             Attributes
SRAM             0x50000000         0x00040000         xr
ITCM             0x60000000         0x00008000         xrw
RAM              0x00000000         0x00020000         xrw
*default*        0x00000000         0xffffffff

Linker script and memory map

LOAD /Users/jeremy/test_fpga/pocket-tunes/firmware/obj/app_crt0.o
LOAD /Users/jeremy/test_fpga/pocket-tunes/firmware/obj/app_main.o
LOAD /Users/jeremy/test_fpga/pocket-tunes/firmware/obj/app_gfx.o
LOAD /Users/jeremy/test_fpga/pocket-tunes/firmware/obj/app_lib.o
LOAD /Users/jeremy/test_fpga/pocket-tunes/firmware/obj/app_chap.o
LOAD /Users/jeremy/test_fpga/pocket-tunes/firmware/obj/app_ui.o
LOAD /Users/jeremy/test_fpga/pocket-tunes/firmware/obj/app_file.o
LOAD /Users/jeremy/test_fpga/pocket-tunes/firmware/obj/app_mp3.o
LOAD /Users/jeremy/test_fpga/pocket-tunes/firmware/obj/app_eq.o
LOAD /Users/jeremy/test_fpga/pocket-tunes/firmware/obj/app_art.o
LOAD /Users/jeremy/test_fpga/pocket-tunes/firmware/obj/app_ogg.o
LOAD /Users/jeremy/test_fpga/pocket-tunes/firmware/obj/app_opus_play.o
LOAD /Users/jeremy/test_fpga/pocket-tunes/firmware/obj/app_codec.o
LOAD /Users/jeremy/test_fpga/pocket-tunes/firmware/obj/opus_extensions.o
LOAD /Users/jeremy/test_fpga/pocket-tunes/firmware/obj/opus_mapping_matrix.o
LOAD /Users/jeremy/test_fpga/pocket-tunes/firmware/obj/opus_opus.o
LOAD /Users/jeremy/test_fpga/pocket-tunes/firmware/obj/opus_opus_decoder.o
LOAD /Users/jeremy/test_fpga/pocket-tunes/firmware/obj/opus_opus_encoder.o
LOAD /Users/jeremy/test_fpga/pocket-tunes/firmware/obj/opus_opus_multistream.o
LOAD /Users/jeremy/test_fpga/pocket-tunes/firmware/obj/opus_opus_multistream_decoder.o
LOAD /Users/jeremy/test_fpga/pocket-tunes/firmware/obj/opus_opus_multistream_encoder.o
LOAD /Users/jeremy/test_fpga/pocket-tunes/firmware/obj/opus_opus_projection_decoder.o
LOAD /Users/jeremy/test_fpga/pocket-tunes/firmware/obj/opus_opus_projection_encoder.o
LOAD /Users/jeremy/test_fpga/pocket-tunes/firmware/obj/opus_repacketizer.o
LOAD /Users/jeremy/test_fpga/pocket-tunes/firmware/obj/opus_bands.o
LOAD /Users/jeremy/test_fpga/pocket-tunes/firmware/obj/opus_celt.o
LOAD /Users/jeremy/test_fpga/pocket-tunes/firmware/obj/opus_celt_decoder.o
LOAD /Users/jeremy/test_fpga/pocket-tunes/firmware/obj/opus_celt_encoder.o
LOAD /Users/jeremy/test_fpga/pocket-tunes/firmware/obj/opus_celt_lpc.o
LOAD /Users/jeremy/test_fpga/pocket-tunes/firmware/obj/opus_cwrs.o
LOAD /Users/jeremy/test_fpga/pocket-tunes/firmware/obj/opus_entcode.o
LOAD /Users/jeremy/test_fpga/pocket-tunes/firmware/obj/opus_entdec.o
LOAD /Users/jeremy/test_fpga/pocket-tunes/firmware/obj/opus_entenc.o
LOAD /Users/jeremy/test_fpga/pocket-tunes/firmware/obj/opus_kiss_fft.o
LOAD /Users/jeremy/test_fpga/pocket-tunes/firmware/obj/opus_laplace.o
LOAD /Users/jeremy/test_fpga/pocket-tunes/firmware/obj/opus_mathops.o
LOAD /Users/jeremy/test_fpga/pocket-tunes/firmware/obj/opus_mdct.o
LOAD /Users/jeremy/test_fpga/pocket-tunes/firmware/obj/opus_modes.o
LOAD /Users/jeremy/test_fpga/pocket-tunes/firmware/obj/opus_pitch.o
LOAD /Users/jeremy/test_fpga/pocket-tunes/firmware/obj/opus_quant_bands.o
LOAD /Users/jeremy/test_fpga/pocket-tunes/firmware/obj/opus_rate.o
LOAD /Users/jeremy/test_fpga/pocket-tunes/firmware/obj/opus_vq.o
LOAD /Users/jeremy/test_fpga/pocket-tunes/firmware/obj/opus_A2NLSF.o
LOAD /Users/jeremy/test_fpga/pocket-tunes/firmware/obj/opus_CNG.o
LOAD /Users/jeremy/test_fpga/pocket-tunes/firmware/obj/opus_HP_variable_cutoff.o
LOAD /Users/jeremy/test_fpga/pocket-tunes/firmware/obj/opus_LPC_analysis_filter.o
LOAD /Users/jeremy/test_fpga/pocket-tunes/firmware/obj/opus_LPC_fit.o
LOAD /Users/jeremy/test_fpga/pocket-tunes/firmware/obj/opus_LPC_inv_pred_gain.o
LOAD /Users/jeremy/test_fpga/pocket-tunes/firmware/obj/opus_LP_variable_cutoff.o
LOAD /Users/jeremy/test_fpga/pocket-tunes/firmware/obj/opus_NLSF2A.o
LOAD /Users/jeremy/test_fpga/pocket-tunes/firmware/obj/opus_NLSF_VQ.o
LOAD /Users/jeremy/test_fpga/pocket-tunes/firmware/obj/opus_NLSF_VQ_weights_laroia.o
LOAD /Users/jeremy/test_fpga/pocket-tunes/firmware/obj/opus_NLSF_decode.o
LOAD /Users/jeremy/test_fpga/pocket-tunes/firmware/obj/opus_NLSF_del_dec_quant.o
LOAD /Users/jeremy/test_fpga/pocket-tunes/firmware/obj/opus_NLSF_encode.o
LOAD /Users/jeremy/test_fpga/pocket-tunes/firmware/obj/opus_NLSF_stabilize.o
LOAD /Users/jeremy/test_fpga/pocket-tunes/firmware/obj/opus_NLSF_unpack.o
LOAD /Users/jeremy/test_fpga/pocket-tunes/firmware/obj/opus_NSQ.o
LOAD /Users/jeremy/test_fpga/pocket-tunes/firmware/obj/opus_NSQ_del_dec.o
LOAD /Users/jeremy/test_fpga/pocket-tunes/firmware/obj/opus_PLC.o
LOAD /Users/jeremy/test_fpga/pocket-tunes/firmware/obj/opus_VAD.o
LOAD /Users/jeremy/test_fpga/pocket-tunes/firmware/obj/opus_VQ_WMat_EC.o
LOAD /Users/jeremy/test_fpga/pocket-tunes/firmware/obj/opus_ana_filt_bank_1.o
LOAD /Users/jeremy/test_fpga/pocket-tunes/firmware/obj/opus_biquad_alt.o
LOAD /Users/jeremy/test_fpga/pocket-tunes/firmware/obj/opus_bwexpander.o
LOAD /Users/jeremy/test_fpga/pocket-tunes/firmware/obj/opus_bwexpander_32.o
LOAD /Users/jeremy/test_fpga/pocket-tunes/firmware/obj/opus_check_control_input.o
LOAD /Users/jeremy/test_fpga/pocket-tunes/firmware/obj/opus_code_signs.o
LOAD /Users/jeremy/test_fpga/pocket-tunes/firmware/obj/opus_control_SNR.o
LOAD /Users/jeremy/test_fpga/pocket-tunes/firmware/obj/opus_control_audio_bandwidth.o
LOAD /Users/jeremy/test_fpga/pocket-tunes/firmware/obj/opus_control_codec.o
LOAD /Users/jeremy/test_fpga/pocket-tunes/firmware/obj/opus_debug.o
LOAD /Users/jeremy/test_fpga/pocket-tunes/firmware/obj/opus_dec_API.o
LOAD /Users/jeremy/test_fpga/pocket-tunes/firmware/obj/opus_decode_core.o
LOAD /Users/jeremy/test_fpga/pocket-tunes/firmware/obj/opus_decode_frame.o
LOAD /Users/jeremy/test_fpga/pocket-tunes/firmware/obj/opus_decode_indices.o
LOAD /Users/jeremy/test_fpga/pocket-tunes/firmware/obj/opus_decode_parameters.o
LOAD /Users/jeremy/test_fpga/pocket-tunes/firmware/obj/opus_decode_pitch.o
LOAD /Users/jeremy/test_fpga/pocket-tunes/firmware/obj/opus_decode_pulses.o
LOAD /Users/jeremy/test_fpga/pocket-tunes/firmware/obj/opus_decoder_set_fs.o
LOAD /Users/jeremy/test_fpga/pocket-tunes/firmware/obj/opus_enc_API.o
LOAD /Users/jeremy/test_fpga/pocket-tunes/firmware/obj/opus_encode_indices.o
LOAD /Users/jeremy/test_fpga/pocket-tunes/firmware/obj/opus_encode_pulses.o
LOAD /Users/jeremy/test_fpga/pocket-tunes/firmware/obj/opus_gain_quant.o
LOAD /Users/jeremy/test_fpga/pocket-tunes/firmware/obj/opus_init_decoder.o
LOAD /Users/jeremy/test_fpga/pocket-tunes/firmware/obj/opus_init_encoder.o
LOAD /Users/jeremy/test_fpga/pocket-tunes/firmware/obj/opus_inner_prod_aligned.o
LOAD /Users/jeremy/test_fpga/pocket-tunes/firmware/obj/opus_interpolate.o
LOAD /Users/jeremy/test_fpga/pocket-tunes/firmware/obj/opus_lin2log.o
LOAD /Users/jeremy/test_fpga/pocket-tunes/firmware/obj/opus_log2lin.o
LOAD /Users/jeremy/test_fpga/pocket-tunes/firmware/obj/opus_pitch_est_tables.o
LOAD /Users/jeremy/test_fpga/pocket-tunes/firmware/obj/opus_process_NLSFs.o
LOAD /Users/jeremy/test_fpga/pocket-tunes/firmware/obj/opus_quant_LTP_gains.o
LOAD /Users/jeremy/test_fpga/pocket-tunes/firmware/obj/opus_resampler.o
LOAD /Users/jeremy/test_fpga/pocket-tunes/firmware/obj/opus_resampler_down2.o
LOAD /Users/jeremy/test_fpga/pocket-tunes/firmware/obj/opus_resampler_down2_3.o
LOAD /Users/jeremy/test_fpga/pocket-tunes/firmware/obj/opus_resampler_private_AR2.o
LOAD /Users/jeremy/test_fpga/pocket-tunes/firmware/obj/opus_resampler_private_IIR_FIR.o
LOAD /Users/jeremy/test_fpga/pocket-tunes/firmware/obj/opus_resampler_private_down_FIR.o
LOAD /Users/jeremy/test_fpga/pocket-tunes/firmware/obj/opus_resampler_private_up2_HQ.o
LOAD /Users/jeremy/test_fpga/pocket-tunes/firmware/obj/opus_resampler_rom.o
LOAD /Users/jeremy/test_fpga/pocket-tunes/firmware/obj/opus_shell_coder.o
LOAD /Users/jeremy/test_fpga/pocket-tunes/firmware/obj/opus_sigm_Q15.o
LOAD /Users/jeremy/test_fpga/pocket-tunes/firmware/obj/opus_sort.o
LOAD /Users/jeremy/test_fpga/pocket-tunes/firmware/obj/opus_stereo_LR_to_MS.o
LOAD /Users/jeremy/test_fpga/pocket-tunes/firmware/obj/opus_stereo_MS_to_LR.o
LOAD /Users/jeremy/test_fpga/pocket-tunes/firmware/obj/opus_stereo_decode_pred.o
LOAD /Users/jeremy/test_fpga/pocket-tunes/firmware/obj/opus_stereo_encode_pred.o
LOAD /Users/jeremy/test_fpga/pocket-tunes/firmware/obj/opus_stereo_find_predictor.o
LOAD /Users/jeremy/test_fpga/pocket-tunes/firmware/obj/opus_stereo_quant_pred.o
LOAD /Users/jeremy/test_fpga/pocket-tunes/firmware/obj/opus_sum_sqr_shift.o
LOAD /Users/jeremy/test_fpga/pocket-tunes/firmware/obj/opus_table_LSF_cos.o
LOAD /Users/jeremy/test_fpga/pocket-tunes/firmware/obj/opus_tables_LTP.o
LOAD /Users/jeremy/test_fpga/pocket-tunes/firmware/obj/opus_tables_NLSF_CB_NB_MB.o
LOAD /Users/jeremy/test_fpga/pocket-tunes/firmware/obj/opus_tables_NLSF_CB_WB.o
LOAD /Users/jeremy/test_fpga/pocket-tunes/firmware/obj/opus_tables_gain.o
LOAD /Users/jeremy/test_fpga/pocket-tunes/firmware/obj/opus_tables_other.o
LOAD /Users/jeremy/test_fpga/pocket-tunes/firmware/obj/opus_tables_pitch_lag.o
LOAD /Users/jeremy/test_fpga/pocket-tunes/firmware/obj/opus_tables_pulses_per_block.o
LOAD /Users/jeremy/test_fpga/pocket-tunes/firmware/obj/opus_LTP_analysis_filter_FIX.o
LOAD /Users/jeremy/test_fpga/pocket-tunes/firmware/obj/opus_LTP_scale_ctrl_FIX.o
LOAD /Users/jeremy/test_fpga/pocket-tunes/firmware/obj/opus_apply_sine_window_FIX.o
LOAD /Users/jeremy/test_fpga/pocket-tunes/firmware/obj/opus_autocorr_FIX.o
LOAD /Users/jeremy/test_fpga/pocket-tunes/firmware/obj/opus_burg_modified_FIX.o
LOAD /Users/jeremy/test_fpga/pocket-tunes/firmware/obj/opus_corrMatrix_FIX.o
LOAD /Users/jeremy/test_fpga/pocket-tunes/firmware/obj/opus_encode_frame_FIX.o
LOAD /Users/jeremy/test_fpga/pocket-tunes/firmware/obj/opus_find_LPC_FIX.o
LOAD /Users/jeremy/test_fpga/pocket-tunes/firmware/obj/opus_find_LTP_FIX.o
LOAD /Users/jeremy/test_fpga/pocket-tunes/firmware/obj/opus_find_pitch_lags_FIX.o
LOAD /Users/jeremy/test_fpga/pocket-tunes/firmware/obj/opus_find_pred_coefs_FIX.o
LOAD /Users/jeremy/test_fpga/pocket-tunes/firmware/obj/opus_k2a_FIX.o
LOAD /Users/jeremy/test_fpga/pocket-tunes/firmware/obj/opus_k2a_Q16_FIX.o
LOAD /Users/jeremy/test_fpga/pocket-tunes/firmware/obj/opus_noise_shape_analysis_FIX.o
LOAD /Users/jeremy/test_fpga/pocket-tunes/firmware/obj/opus_pitch_analysis_core_FIX.o
LOAD /Users/jeremy/test_fpga/pocket-tunes/firmware/obj/opus_process_gains_FIX.o
LOAD /Users/jeremy/test_fpga/pocket-tunes/firmware/obj/opus_regularize_correlations_FIX.o
LOAD /Users/jeremy/test_fpga/pocket-tunes/firmware/obj/opus_residual_energy16_FIX.o
LOAD /Users/jeremy/test_fpga/pocket-tunes/firmware/obj/opus_residual_energy_FIX.o
LOAD /Users/jeremy/test_fpga/pocket-tunes/firmware/obj/opus_schur64_FIX.o
LOAD /Users/jeremy/test_fpga/pocket-tunes/firmware/obj/opus_schur_FIX.o
LOAD /Users/jeremy/test_fpga/pocket-tunes/firmware/obj/opus_vector_ops_FIX.o
LOAD /Users/jeremy/test_fpga/pocket-tunes/firmware/obj/opus_warped_autocorrelation_FIX.o
LOAD /Users/jeremy/test_fpga/pocket-tunes/firmware/obj/helix_mp3dec.o
LOAD /Users/jeremy/test_fpga/pocket-tunes/firmware/obj/helix_mp3tabs.o
LOAD /Users/jeremy/test_fpga/pocket-tunes/firmware/obj/helix_bitstream.o
LOAD /Users/jeremy/test_fpga/pocket-tunes/firmware/obj/helix_buffers.o
LOAD /Users/jeremy/test_fpga/pocket-tunes/firmware/obj/helix_dct32.o
LOAD /Users/jeremy/test_fpga/pocket-tunes/firmware/obj/helix_dequant.o
LOAD /Users/jeremy/test_fpga/pocket-tunes/firmware/obj/helix_dqchan.o
LOAD /Users/jeremy/test_fpga/pocket-tunes/firmware/obj/helix_huffman.o
LOAD /Users/jeremy/test_fpga/pocket-tunes/firmware/obj/helix_hufftabs.o
LOAD /Users/jeremy/test_fpga/pocket-tunes/firmware/obj/helix_imdct.o
LOAD /Users/jeremy/test_fpga/pocket-tunes/firmware/obj/helix_polyphase.o
LOAD /Users/jeremy/test_fpga/pocket-tunes/firmware/obj/helix_scalfact.o
LOAD /Users/jeremy/test_fpga/pocket-tunes/firmware/obj/helix_stproc.o
LOAD /Users/jeremy/test_fpga/pocket-tunes/firmware/obj/helix_subband.o
LOAD /Users/jeremy/test_fpga/pocket-tunes/firmware/obj/helix_trigtabs.o
LOAD /opt/homebrew/Cellar/riscv64-elf-gcc/16.1.0/lib/gcc/riscv64-elf/16.1.0/rv32im/ilp32/libgcc.a

.text           0x50000000    0x1fc08
 *(.text.init)
 .text.init     0x50000000       0x8c /Users/jeremy/test_fpga/pocket-tunes/firmware/obj/app_crt0.o
                0x50000000                _start
 EXCLUDE_FILE(*opus_celt_decoder.o *opus_cwrs.o *opus_vq.o *opus_laplace.o *opus_mathops.o *opus_entcode.o *opus_entdec.o *opus_celt.o *opus_mdct.o *opus_kiss_fft.o) *(.text*)
 .text.startup.main
                0x5000008c      0x280 /Users/jeremy/test_fpga/pocket-tunes/firmware/obj/app_main.o
                0x5000008c                main
 .text.utf8_next
                0x5000030c       0x98 /Users/jeremy/test_fpga/pocket-tunes/firmware/obj/app_gfx.o
 .text.draw_glyphs
                0x500003a4      0x134 /Users/jeremy/test_fpga/pocket-tunes/firmware/obj/app_gfx.o
 .text.gfx_clear
                0x500004d8       0x28 /Users/jeremy/test_fpga/pocket-tunes/firmware/obj/app_gfx.o
                0x500004d8                gfx_clear
 .text.gfx_fill_rect
                0x50000500       0x7c /Users/jeremy/test_fpga/pocket-tunes/firmware/obj/app_gfx.o
                0x50000500                gfx_fill_rect
 .text.gfx_hline
                0x5000057c        0xc /Users/jeremy/test_fpga/pocket-tunes/firmware/obj/app_gfx.o
                0x5000057c                gfx_hline
 .text.gfx_vline
                0x50000588       0x10 /Users/jeremy/test_fpga/pocket-tunes/firmware/obj/app_gfx.o
                0x50000588                gfx_vline
 .text.gfx_vgrad
                0x50000598       0x88 /Users/jeremy/test_fpga/pocket-tunes/firmware/obj/app_gfx.o
                0x50000598                gfx_vgrad
 .text.gfx_fill_round
                0x50000620       0xc0 /Users/jeremy/test_fpga/pocket-tunes/firmware/obj/app_gfx.o
                0x50000620                gfx_fill_round
 .text.gfx_rect_round
                0x500006e0      0x10c /Users/jeremy/test_fpga/pocket-tunes/firmware/obj/app_gfx.o
                0x500006e0                gfx_rect_round
 .text.gfx_text
                0x500007ec       0x3c /Users/jeremy/test_fpga/pocket-tunes/firmware/obj/app_gfx.o
                0x500007ec                gfx_text
 .text.gfx_text_small
                0x50000828       0x38 /Users/jeremy/test_fpga/pocket-tunes/firmware/obj/app_gfx.o
                0x50000828                gfx_text_small
 .text.gfx_textn
                0x50000860       0x2c /Users/jeremy/test_fpga/pocket-tunes/firmware/obj/app_gfx.o
                0x50000860                gfx_textn
 .text.gfx_textn_small
                0x5000088c       0x28 /Users/jeremy/test_fpga/pocket-tunes/firmware/obj/app_gfx.o
                0x5000088c                gfx_textn_small
 .text.gfx_text_px_len
                0x500008b4       0x74 /Users/jeremy/test_fpga/pocket-tunes/firmware/obj/app_gfx.o
                0x500008b4                gfx_text_px_len
 .text.gfx_text_scroll
                0x50000928      0x16c /Users/jeremy/test_fpga/pocket-tunes/firmware/obj/app_gfx.o
                0x50000928                gfx_text_scroll
 .text.u32_to_dec
                0x50000a94       0x70 /Users/jeremy/test_fpga/pocket-tunes/firmware/obj/app_gfx.o
                0x50000a94                u32_to_dec
 .text.memcpy   0x50000b04       0x24 /Users/jeremy/test_fpga/pocket-tunes/firmware/obj/app_gfx.o
                0x50000b04                memcpy
 .text.memmove  0x50000b28       0x54 /Users/jeremy/test_fpga/pocket-tunes/firmware/obj/app_gfx.o
                0x50000b28                memmove
 .text.memset   0x50000b7c       0x1c /Users/jeremy/test_fpga/pocket-tunes/firmware/obj/app_gfx.o
                0x50000b7c                memset
 .text.abs      0x50000b98       0x10 /Users/jeremy/test_fpga/pocket-tunes/firmware/obj/app_gfx.o
                0x50000b98                abs
 .text.at_end   0x50000ba8       0x28 /Users/jeremy/test_fpga/pocket-tunes/firmware/obj/app_lib.o
 .text.adv      0x50000bd0       0x14 /Users/jeremy/test_fpga/pocket-tunes/firmware/obj/app_lib.o
 .text.key_is   0x50000be4       0x4c /Users/jeremy/test_fpga/pocket-tunes/firmware/obj/app_lib.o
 .text.pool_tok
                0x50000c30       0xa0 /Users/jeremy/test_fpga/pocket-tunes/firmware/obj/app_lib.o
 .text.cur      0x50000cd0      0x100 /Users/jeremy/test_fpga/pocket-tunes/firmware/obj/app_lib.o
 .text.skip_ws  0x50000dd0       0x54 /Users/jeremy/test_fpga/pocket-tunes/firmware/obj/app_lib.o
 .text.expect   0x50000e24       0x3c /Users/jeremy/test_fpga/pocket-tunes/firmware/obj/app_lib.o
 .text.parse_uint
                0x50000e60      0x108 /Users/jeremy/test_fpga/pocket-tunes/firmware/obj/app_lib.o
 .text.peek     0x50000f68       0x2c /Users/jeremy/test_fpga/pocket-tunes/firmware/obj/app_lib.o
 .text.parse_string
                0x50000f94      0x100 /Users/jeremy/test_fpga/pocket-tunes/firmware/obj/app_lib.o
 .text.skip_container
                0x50001094       0xa8 /Users/jeremy/test_fpga/pocket-tunes/firmware/obj/app_lib.o
 .text.skip_value
                0x5000113c       0x90 /Users/jeremy/test_fpga/pocket-tunes/firmware/obj/app_lib.o
 .text.parse_track
                0x500011cc      0x308 /Users/jeremy/test_fpga/pocket-tunes/firmware/obj/app_lib.o
 .text.parse_track_array
                0x500014d4       0x78 /Users/jeremy/test_fpga/pocket-tunes/firmware/obj/app_lib.o
 .text.lib_str  0x5000154c       0x20 /Users/jeremy/test_fpga/pocket-tunes/firmware/obj/app_lib.o
                0x5000154c                lib_str
 .text.lib_format_name
                0x5000156c       0x30 /Users/jeremy/test_fpga/pocket-tunes/firmware/obj/app_lib.o
                0x5000156c                lib_format_name
 .text.lib_fetch_path
                0x5000159c       0x78 /Users/jeremy/test_fpga/pocket-tunes/firmware/obj/app_lib.o
                0x5000159c                lib_fetch_path
 .text.lib_parse
                0x50001614      0x4e8 /Users/jeremy/test_fpga/pocket-tunes/firmware/obj/app_lib.o
                0x50001614                lib_parse
 .text.adv      0x50001afc       0x14 /Users/jeremy/test_fpga/pocket-tunes/firmware/obj/app_chap.o
 .text.cget     0x50001b10       0xc8 /Users/jeremy/test_fpga/pocket-tunes/firmware/obj/app_chap.o
 .text.skip_ws  0x50001bd8       0x54 /Users/jeremy/test_fpga/pocket-tunes/firmware/obj/app_chap.o
 .text.walk     0x50001c2c      0x514 /Users/jeremy/test_fpga/pocket-tunes/firmware/obj/app_chap.o
 .text.chap_load
                0x50002140       0x2c /Users/jeremy/test_fpga/pocket-tunes/firmware/obj/app_chap.o
                0x50002140                chap_load
 .text.chap_title
                0x5000216c       0x18 /Users/jeremy/test_fpga/pocket-tunes/firmware/obj/app_chap.o
                0x5000216c                chap_title
 .text.chap_index_for
                0x50002184       0x44 /Users/jeremy/test_fpga/pocket-tunes/firmware/obj/app_chap.o
                0x50002184                chap_index_for
 .text.s_append
                0x500021c8       0x20 /Users/jeremy/test_fpga/pocket-tunes/firmware/obj/app_ui.o
 .text.s_len    0x500021e8       0x20 /Users/jeremy/test_fpga/pocket-tunes/firmware/obj/app_ui.o
 .text.clamp_scroll
                0x50002208       0x20 /Users/jeremy/test_fpga/pocket-tunes/firmware/obj/app_ui.o
 .text.n_alb_rows
                0x50002228       0x2c /Users/jeremy/test_fpga/pocket-tunes/firmware/obj/app_ui.o
 .text.minibar_on
                0x50002254       0x24 /Users/jeremy/test_fpga/pocket-tunes/firmware/obj/app_ui.o
 .text.alb_rows
                0x50002278       0x30 /Users/jeremy/test_fpga/pocket-tunes/firmware/obj/app_ui.o
 .text.derive_trk_ctx
                0x500022a8       0x64 /Users/jeremy/test_fpga/pocket-tunes/firmware/obj/app_ui.o
 .text.next_rel
                0x5000230c       0x7c /Users/jeremy/test_fpga/pocket-tunes/firmware/obj/app_ui.o
 .text.enter_now
                0x50002388       0x28 /Users/jeremy/test_fpga/pocket-tunes/firmware/obj/app_ui.o
 .text.start_play
                0x500023b0      0x178 /Users/jeremy/test_fpga/pocket-tunes/firmware/obj/app_ui.o
 .text.row_divider
                0x50002528       0x18 /Users/jeremy/test_fpga/pocket-tunes/firmware/obj/app_ui.o
 .text.draw_cover_ph
                0x50002540       0xec /Users/jeremy/test_fpga/pocket-tunes/firmware/obj/app_ui.o
 .text.render_now_eq
                0x5000262c       0xe8 /Users/jeremy/test_fpga/pocket-tunes/firmware/obj/app_ui.o
 .text.row_highlight
                0x50002714       0x18 /Users/jeremy/test_fpga/pocket-tunes/firmware/obj/app_ui.o
 .text.s_udec   0x5000272c       0x38 /Users/jeremy/test_fpga/pocket-tunes/firmware/obj/app_ui.o
 .text.s_time   0x50002764       0xc0 /Users/jeremy/test_fpga/pocket-tunes/firmware/obj/app_ui.o
 .text.draw_marquee
                0x50002824      0x134 /Users/jeremy/test_fpga/pocket-tunes/firmware/obj/app_ui.o
 .text.draw_centered
                0x50002958       0xe0 /Users/jeremy/test_fpga/pocket-tunes/firmware/obj/app_ui.o
 .text.render_now_title
                0x50002a38       0x74 /Users/jeremy/test_fpga/pocket-tunes/firmware/obj/app_ui.o
 .text.render_now_progress
                0x50002aac      0x1ac /Users/jeremy/test_fpga/pocket-tunes/firmware/obj/app_ui.o
 .text.play_hue
                0x50002c58       0x9c /Users/jeremy/test_fpga/pocket-tunes/firmware/obj/app_ui.o
 .text.render_minibar
                0x50002cf4      0x16c /Users/jeremy/test_fpga/pocket-tunes/firmware/obj/app_ui.o
 .text.render_now_chapter.part.0
                0x50002e60       0xbc /Users/jeremy/test_fpga/pocket-tunes/firmware/obj/app_ui.o
 .text.render_status
                0x50002f1c      0x150 /Users/jeremy/test_fpga/pocket-tunes/firmware/obj/app_ui.o
 .text.seek_byte_off
                0x5000306c       0x54 /Users/jeremy/test_fpga/pocket-tunes/firmware/obj/app_ui.o
 .text.dur_reserve.isra.0
                0x500030c0       0x44 /Users/jeremy/test_fpga/pocket-tunes/firmware/obj/app_ui.o
 .text.render_track_row.constprop.0
                0x50003104      0x138 /Users/jeremy/test_fpga/pocket-tunes/firmware/obj/app_ui.o
 .text.lib_rows
                0x5000323c       0x30 /Users/jeremy/test_fpga/pocket-tunes/firmware/obj/app_ui.o
 .text.ui_init  0x5000326c       0x78 /Users/jeremy/test_fpga/pocket-tunes/firmware/obj/app_ui.o
                0x5000326c                ui_init
 .text.ui_input
                0x500032e4      0x5a0 /Users/jeremy/test_fpga/pocket-tunes/firmware/obj/app_ui.o
                0x500032e4                ui_input
 .text.ui_tick  0x50003884      0x14c /Users/jeremy/test_fpga/pocket-tunes/firmware/obj/app_ui.o
                0x50003884                ui_tick
 .text.ui_render_full
                0x500039d0      0x930 /Users/jeremy/test_fpga/pocket-tunes/firmware/obj/app_ui.o
                0x500039d0                ui_render_full
 .text.ui_render_playing
                0x50004300      0x3f0 /Users/jeremy/test_fpga/pocket-tunes/firmware/obj/app_ui.o
                0x50004300                ui_render_playing
 .text.ui_get_state
                0x500046f0      0x148 /Users/jeremy/test_fpga/pocket-tunes/firmware/obj/app_ui.o
                0x500046f0                ui_get_state
 .text.ui_apply_state
                0x50004838      0x34c /Users/jeremy/test_fpga/pocket-tunes/firmware/obj/app_ui.o
                0x50004838                ui_apply_state
 .text.tgt_run  0x50004b84       0x6c /Users/jeremy/test_fpga/pocket-tunes/firmware/obj/app_file.o
 .text.dt_word  0x50004bf0       0x60 /Users/jeremy/test_fpga/pocket-tunes/firmware/obj/app_file.o
 .text.file_read
                0x50004c50       0x2c /Users/jeremy/test_fpga/pocket-tunes/firmware/obj/app_file.o
                0x50004c50                file_read
 .text.file_open
                0x50004c7c       0x6c /Users/jeremy/test_fpga/pocket-tunes/firmware/obj/app_file.o
                0x50004c7c                file_open
 .text.file_slot_size
                0x50004ce8       0x68 /Users/jeremy/test_fpga/pocket-tunes/firmware/obj/app_file.o
                0x50004ce8                file_slot_size
 .text.in_compact_and_fill
                0x50004d50      0x118 /Users/jeremy/test_fpga/pocket-tunes/firmware/obj/app_mp3.o
 .text.malloc   0x50004e68       0x3c /Users/jeremy/test_fpga/pocket-tunes/firmware/obj/app_mp3.o
                0x50004e68                malloc
 .text.free     0x50004ea4        0x4 /Users/jeremy/test_fpga/pocket-tunes/firmware/obj/app_mp3.o
                0x50004ea4                free
 .text.codec_arena_size
                0x50004ea8        0xc /Users/jeremy/test_fpga/pocket-tunes/firmware/obj/app_mp3.o
                0x50004ea8                codec_arena_size
 .text.mp3_stop
                0x50004eb4       0x1c /Users/jeremy/test_fpga/pocket-tunes/firmware/obj/app_mp3.o
                0x50004eb4                mp3_stop
 .text.mp3_start
                0x50004ed0      0x210 /Users/jeremy/test_fpga/pocket-tunes/firmware/obj/app_mp3.o
                0x50004ed0                mp3_start
 .text.mp3_set_paused
                0x500050e0        0xc /Users/jeremy/test_fpga/pocket-tunes/firmware/obj/app_mp3.o
                0x500050e0                mp3_set_paused
 .text.mp3_at_eof
                0x500050ec       0x1c /Users/jeremy/test_fpga/pocket-tunes/firmware/obj/app_mp3.o
                0x500050ec                mp3_at_eof
 .text.mp3_pos_seconds
                0x50005108       0x18 /Users/jeremy/test_fpga/pocket-tunes/firmware/obj/app_mp3.o
                0x50005108                mp3_pos_seconds
 .text.mp3_seek
                0x50005120       0x9c /Users/jeremy/test_fpga/pocket-tunes/firmware/obj/app_mp3.o
                0x50005120                mp3_seek
 .text.mp3_pump
                0x500051bc      0x38c /Users/jeremy/test_fpga/pocket-tunes/firmware/obj/app_mp3.o
                0x500051bc                mp3_pump
 .text.isin     0x50005548       0x64 /Users/jeremy/test_fpga/pocket-tunes/firmware/obj/app_eq.o
 .text.eq_feed  0x500055ac       0x30 /Users/jeremy/test_fpga/pocket-tunes/firmware/obj/app_eq.o
                0x500055ac                eq_feed
 .text.eq_tick  0x500055dc      0x390 /Users/jeremy/test_fpga/pocket-tunes/firmware/obj/app_eq.o
                0x500055dc                eq_tick
 .text.quant    0x5000596c       0x58 /Users/jeremy/test_fpga/pocket-tunes/firmware/obj/app_art.o
 .text.art_ready
                0x500059c4        0xc /Users/jeremy/test_fpga/pocket-tunes/firmware/obj/app_art.o
                0x500059c4                art_ready
 .text.art_load
                0x500059d0      0x234 /Users/jeremy/test_fpga/pocket-tunes/firmware/obj/app_art.o
                0x500059d0                art_load
 .text.art_draw_big
                0x50005c04      0x1b4 /Users/jeremy/test_fpga/pocket-tunes/firmware/obj/app_art.o
                0x50005c04                art_draw_big
 .text.art_draw_mini
                0x50005db8       0x60 /Users/jeremy/test_fpga/pocket-tunes/firmware/obj/app_art.o
                0x50005db8                art_draw_mini
 .text.seg_advance
                0x50005e18      0x138 /Users/jeremy/test_fpga/pocket-tunes/firmware/obj/app_ogg.o
 .text.ogg_init
                0x50005f50       0x38 /Users/jeremy/test_fpga/pocket-tunes/firmware/obj/app_ogg.o
                0x50005f50                ogg_init
 .text.ogg_push
                0x50005f88      0x270 /Users/jeremy/test_fpga/pocket-tunes/firmware/obj/app_ogg.o
                0x50005f88                ogg_push
 .text.flush_pending
                0x500061f8      0x13c /Users/jeremy/test_fpga/pocket-tunes/firmware/obj/app_opus_play.o
 .text.emit_packet
                0x50006334       0xac /Users/jeremy/test_fpga/pocket-tunes/firmware/obj/app_opus_play.o
 .text.opus_arena_alloc
                0x500063e0       0x68 /Users/jeremy/test_fpga/pocket-tunes/firmware/obj/app_opus_play.o
                0x500063e0                opus_arena_alloc
 .text.opus_stop
                0x50006448       0x1c /Users/jeremy/test_fpga/pocket-tunes/firmware/obj/app_opus_play.o
                0x50006448                opus_stop
 .text.opus_start
                0x50006464      0x138 /Users/jeremy/test_fpga/pocket-tunes/firmware/obj/app_opus_play.o
                0x50006464                opus_start
 .text.opus_set_paused
                0x5000659c        0xc /Users/jeremy/test_fpga/pocket-tunes/firmware/obj/app_opus_play.o
                0x5000659c                opus_set_paused
 .text.opus_at_eof
                0x500065a8       0x1c /Users/jeremy/test_fpga/pocket-tunes/firmware/obj/app_opus_play.o
                0x500065a8                opus_at_eof
 .text.opus_pos_seconds
                0x500065c4       0x18 /Users/jeremy/test_fpga/pocket-tunes/firmware/obj/app_opus_play.o
                0x500065c4                opus_pos_seconds
 .text.opus_pump
                0x500065dc      0x1f8 /Users/jeremy/test_fpga/pocket-tunes/firmware/obj/app_opus_play.o
                0x500065dc                opus_pump
 .text.opus_seek
                0x500067d4      0x100 /Users/jeremy/test_fpga/pocket-tunes/firmware/obj/app_opus_play.o
                0x500067d4                opus_seek
 .text.codec_stop
                0x500068d4       0x44 /Users/jeremy/test_fpga/pocket-tunes/firmware/obj/app_codec.o
                0x500068d4                codec_stop
 .text.codec_start
                0x50006918       0x88 /Users/jeremy/test_fpga/pocket-tunes/firmware/obj/app_codec.o
                0x50006918                codec_start
 .text.codec_set_paused
                0x500069a0       0x24 /Users/jeremy/test_fpga/pocket-tunes/firmware/obj/app_codec.o
                0x500069a0                codec_set_paused
 .text.codec_at_eof
                0x500069c4       0x28 /Users/jeremy/test_fpga/pocket-tunes/firmware/obj/app_codec.o
                0x500069c4                codec_at_eof
 .text.codec_pump
                0x500069ec       0x28 /Users/jeremy/test_fpga/pocket-tunes/firmware/obj/app_codec.o
                0x500069ec                codec_pump
 .text.codec_pos_seconds
                0x50006a14       0x28 /Users/jeremy/test_fpga/pocket-tunes/firmware/obj/app_codec.o
                0x50006a14                codec_pos_seconds
 .text.codec_seek
                0x50006a3c       0x24 /Users/jeremy/test_fpga/pocket-tunes/firmware/obj/app_codec.o
                0x50006a3c                codec_seek
 .text.opus_packet_get_samples_per_frame
                0x50006a60       0xc0 /Users/jeremy/test_fpga/pocket-tunes/firmware/obj/opus_opus.o
                0x50006a60                opus_packet_get_samples_per_frame
 .text.opus_packet_parse_impl
                0x50006b20      0x4c0 /Users/jeremy/test_fpga/pocket-tunes/firmware/obj/opus_opus.o
                0x50006b20                opus_packet_parse_impl
 .text.smooth_fade
                0x50006fe0       0xe0 /Users/jeremy/test_fpga/pocket-tunes/firmware/obj/opus_opus_decoder.o
 .text.opus_decode_frame
                0x500070c0      0xfc0 /Users/jeremy/test_fpga/pocket-tunes/firmware/obj/opus_opus_decoder.o
 .text.opus_decoder_get_size
                0x50008080       0x70 /Users/jeremy/test_fpga/pocket-tunes/firmware/obj/opus_opus_decoder.o
                0x50008080                opus_decoder_get_size
 .text.opus_decoder_init
                0x500080f0      0x1b8 /Users/jeremy/test_fpga/pocket-tunes/firmware/obj/opus_opus_decoder.o
                0x500080f0                opus_decoder_init
 .text.opus_decode_native
                0x500082a8      0x3a8 /Users/jeremy/test_fpga/pocket-tunes/firmware/obj/opus_opus_decoder.o
                0x500082a8                opus_decode_native
 .text.opus_decode
                0x50008650       0x38 /Users/jeremy/test_fpga/pocket-tunes/firmware/obj/opus_opus_decoder.o
                0x50008650                opus_decode
 .text.opus_decoder_ctl
                0x50008688      0x27c /Users/jeremy/test_fpga/pocket-tunes/firmware/obj/opus_opus_decoder.o
                0x50008688                opus_decoder_ctl
 .text.deinterleave_hadamard
                0x50008904      0x114 /Users/jeremy/test_fpga/pocket-tunes/firmware/obj/opus_bands.o
 .text.special_hybrid_folding.isra.0
                0x50008a18       0xb0 /Users/jeremy/test_fpga/pocket-tunes/firmware/obj/opus_bands.o
 .text.quant_band_n1.isra.0
                0x50008ac8      0x148 /Users/jeremy/test_fpga/pocket-tunes/firmware/obj/opus_bands.o
 .text.intensity_stereo.isra.0
                0x50008c10      0x14c /Users/jeremy/test_fpga/pocket-tunes/firmware/obj/opus_bands.o
 .text.celt_lcg_rand
                0x50008d5c       0x1c /Users/jeremy/test_fpga/pocket-tunes/firmware/obj/opus_bands.o
                0x50008d5c                celt_lcg_rand
 .text.bitexact_log2tan
                0x50008d78       0xd0 /Users/jeremy/test_fpga/pocket-tunes/firmware/obj/opus_bands.o
                0x50008d78                bitexact_log2tan
 .text.compute_theta
                0x50008e48      0xa64 /Users/jeremy/test_fpga/pocket-tunes/firmware/obj/opus_bands.o
 .text.quant_partition
                0x500098ac      0x6b8 /Users/jeremy/test_fpga/pocket-tunes/firmware/obj/opus_bands.o
 .text.denormalise_bands
                0x50009f64      0x2b0 /Users/jeremy/test_fpga/pocket-tunes/firmware/obj/opus_bands.o
                0x50009f64                denormalise_bands
 .text.anti_collapse
                0x5000a214      0x538 /Users/jeremy/test_fpga/pocket-tunes/firmware/obj/opus_bands.o
                0x5000a214                anti_collapse
 .text.haar1    0x5000a74c       0x80 /Users/jeremy/test_fpga/pocket-tunes/firmware/obj/opus_bands.o
                0x5000a74c                haar1
 .text.quant_band
                0x5000a7cc      0x4c0 /Users/jeremy/test_fpga/pocket-tunes/firmware/obj/opus_bands.o
 .text.quant_band_stereo
                0x5000ac8c      0x700 /Users/jeremy/test_fpga/pocket-tunes/firmware/obj/opus_bands.o
 .text.quant_all_bands
                0x5000b38c     0x141c /Users/jeremy/test_fpga/pocket-tunes/firmware/obj/opus_bands.o
                0x5000b38c                quant_all_bands
 .text.xcorr_kernel_c
                0x5000c7a8      0x288 /Users/jeremy/test_fpga/pocket-tunes/firmware/obj/opus_celt_lpc.o
 .text._celt_lpc
                0x5000ca30      0x470 /Users/jeremy/test_fpga/pocket-tunes/firmware/obj/opus_celt_lpc.o
                0x5000ca30                _celt_lpc
 .text.celt_fir_c
                0x5000cea0      0x2b0 /Users/jeremy/test_fpga/pocket-tunes/firmware/obj/opus_celt_lpc.o
                0x5000cea0                celt_fir_c
 .text.celt_iir
                0x5000d150      0x400 /Users/jeremy/test_fpga/pocket-tunes/firmware/obj/opus_celt_lpc.o
                0x5000d150                celt_iir
 .text._celt_autocorr
                0x5000d550      0x41c /Users/jeremy/test_fpga/pocket-tunes/firmware/obj/opus_celt_lpc.o
                0x5000d550                _celt_autocorr
 .text.ec_enc_carry_out.part.0
                0x5000d96c       0xa8 /Users/jeremy/test_fpga/pocket-tunes/firmware/obj/opus_entenc.o
 .text.ec_encode
                0x5000da14       0xd0 /Users/jeremy/test_fpga/pocket-tunes/firmware/obj/opus_entenc.o
                0x5000da14                ec_encode
 .text.ec_enc_bit_logp
                0x5000dae4       0xb4 /Users/jeremy/test_fpga/pocket-tunes/firmware/obj/opus_entenc.o
                0x5000dae4                ec_enc_bit_logp
 .text.ec_enc_bits
                0x5000db98       0xa8 /Users/jeremy/test_fpga/pocket-tunes/firmware/obj/opus_entenc.o
                0x5000db98                ec_enc_bits
 .text.ec_enc_uint
                0x5000dc40       0xb4 /Users/jeremy/test_fpga/pocket-tunes/firmware/obj/opus_entenc.o
                0x5000dc40                ec_enc_uint
 .text.opus_custom_mode_create
                0x5000dcf4       0x60 /Users/jeremy/test_fpga/pocket-tunes/firmware/obj/opus_modes.o
                0x5000dcf4                opus_custom_mode_create
 .text.find_best_pitch
                0x5000dd54      0x204 /Users/jeremy/test_fpga/pocket-tunes/firmware/obj/opus_pitch.o
 .text.pitch_downsample
                0x5000df58      0x484 /Users/jeremy/test_fpga/pocket-tunes/firmware/obj/opus_pitch.o
                0x5000df58                pitch_downsample
 .text.celt_pitch_xcorr_c
                0x5000e3dc      0x384 /Users/jeremy/test_fpga/pocket-tunes/firmware/obj/opus_pitch.o
                0x5000e3dc                celt_pitch_xcorr_c
 .text.pitch_search
                0x5000e760      0x4ac /Users/jeremy/test_fpga/pocket-tunes/firmware/obj/opus_pitch.o
                0x5000e760                pitch_search
 .text.unquant_coarse_energy
                0x5000ec0c      0x284 /Users/jeremy/test_fpga/pocket-tunes/firmware/obj/opus_quant_bands.o
                0x5000ec0c                unquant_coarse_energy
 .text.unquant_fine_energy
                0x5000ee90       0xdc /Users/jeremy/test_fpga/pocket-tunes/firmware/obj/opus_quant_bands.o
                0x5000ee90                unquant_fine_energy
 .text.unquant_energy_finalise
                0x5000ef6c      0x1c8 /Users/jeremy/test_fpga/pocket-tunes/firmware/obj/opus_quant_bands.o
                0x5000ef6c                unquant_energy_finalise
 .text.clt_compute_allocation
                0x5000f134      0xe28 /Users/jeremy/test_fpga/pocket-tunes/firmware/obj/opus_rate.o
                0x5000f134                clt_compute_allocation
 .text.silk_CNG_Reset
                0x5000ff5c       0x60 /Users/jeremy/test_fpga/pocket-tunes/firmware/obj/opus_CNG.o
                0x5000ff5c                silk_CNG_Reset
 .text.silk_CNG
                0x5000ffbc      0xa3c /Users/jeremy/test_fpga/pocket-tunes/firmware/obj/opus_CNG.o
                0x5000ffbc                silk_CNG
 .text.silk_LPC_analysis_filter
                0x500109f8      0x168 /Users/jeremy/test_fpga/pocket-tunes/firmware/obj/opus_LPC_analysis_filter.o
                0x500109f8                silk_LPC_analysis_filter
 .text.silk_LPC_fit
                0x50010b60      0x25c /Users/jeremy/test_fpga/pocket-tunes/firmware/obj/opus_LPC_fit.o
                0x50010b60                silk_LPC_fit
 .text.silk_LPC_inverse_pred_gain_c
                0x50010dbc      0x474 /Users/jeremy/test_fpga/pocket-tunes/firmware/obj/opus_LPC_inv_pred_gain.o
                0x50010dbc                silk_LPC_inverse_pred_gain_c
 .text.silk_NLSF2A
                0x50011230      0x3e8 /Users/jeremy/test_fpga/pocket-tunes/firmware/obj/opus_NLSF2A.o
                0x50011230                silk_NLSF2A
 .text.silk_NLSF_decode
                0x50011618      0x190 /Users/jeremy/test_fpga/pocket-tunes/firmware/obj/opus_NLSF_decode.o
                0x50011618                silk_NLSF_decode
 .text.silk_NLSF_stabilize
                0x500117a8      0x350 /Users/jeremy/test_fpga/pocket-tunes/firmware/obj/opus_NLSF_stabilize.o
                0x500117a8                silk_NLSF_stabilize
 .text.silk_NLSF_unpack
                0x50011af8       0xb8 /Users/jeremy/test_fpga/pocket-tunes/firmware/obj/opus_NLSF_unpack.o
                0x50011af8                silk_NLSF_unpack
 .text.silk_PLC_Reset
                0x50011bb0       0x34 /Users/jeremy/test_fpga/pocket-tunes/firmware/obj/opus_PLC.o
                0x50011bb0                silk_PLC_Reset
 .text.silk_PLC
                0x50011be4      0xf00 /Users/jeremy/test_fpga/pocket-tunes/firmware/obj/opus_PLC.o
                0x50011be4                silk_PLC
 .text.silk_PLC_glue_frames
                0x50012ae4      0x298 /Users/jeremy/test_fpga/pocket-tunes/firmware/obj/opus_PLC.o
                0x50012ae4                silk_PLC_glue_frames
 .text.silk_bwexpander
                0x50012d7c       0x78 /Users/jeremy/test_fpga/pocket-tunes/firmware/obj/opus_bwexpander.o
                0x50012d7c                silk_bwexpander
 .text.silk_bwexpander_32
                0x50012df4       0xcc /Users/jeremy/test_fpga/pocket-tunes/firmware/obj/opus_bwexpander_32.o
                0x50012df4                silk_bwexpander_32
 .text.silk_decode_signs
                0x50012ec0      0x130 /Users/jeremy/test_fpga/pocket-tunes/firmware/obj/opus_code_signs.o
                0x50012ec0                silk_decode_signs
 .text.silk_Get_Decoder_Size
                0x50012ff0       0x14 /Users/jeremy/test_fpga/pocket-tunes/firmware/obj/opus_dec_API.o
                0x50012ff0                silk_Get_Decoder_Size
 .text.silk_ResetDecoder
                0x50013004       0x70 /Users/jeremy/test_fpga/pocket-tunes/firmware/obj/opus_dec_API.o
                0x50013004                silk_ResetDecoder
 .text.silk_InitDecoder
                0x50013074       0x70 /Users/jeremy/test_fpga/pocket-tunes/firmware/obj/opus_dec_API.o
                0x50013074                silk_InitDecoder
 .text.silk_Decode
                0x500130e4      0xcec /Users/jeremy/test_fpga/pocket-tunes/firmware/obj/opus_dec_API.o
                0x500130e4                silk_Decode
 .text.silk_decode_core
                0x50013dd0      0xce0 /Users/jeremy/test_fpga/pocket-tunes/firmware/obj/opus_decode_core.o
                0x50013dd0                silk_decode_core
 .text.silk_decode_frame
                0x50014ab0      0x250 /Users/jeremy/test_fpga/pocket-tunes/firmware/obj/opus_decode_frame.o
                0x50014ab0                silk_decode_frame
 .text.silk_decode_indices
                0x50014d00      0x45c /Users/jeremy/test_fpga/pocket-tunes/firmware/obj/opus_decode_indices.o
                0x50014d00                silk_decode_indices
 .text.silk_decode_parameters
                0x5001515c      0x298 /Users/jeremy/test_fpga/pocket-tunes/firmware/obj/opus_decode_parameters.o
                0x5001515c                silk_decode_parameters
 .text.silk_decode_pitch
                0x500153f4      0x108 /Users/jeremy/test_fpga/pocket-tunes/firmware/obj/opus_decode_pitch.o
                0x500153f4                silk_decode_pitch
 .text.silk_decode_pulses
                0x500154fc      0x278 /Users/jeremy/test_fpga/pocket-tunes/firmware/obj/opus_decode_pulses.o
                0x500154fc                silk_decode_pulses
 .text.silk_decoder_set_fs
                0x50015774      0x278 /Users/jeremy/test_fpga/pocket-tunes/firmware/obj/opus_decoder_set_fs.o
                0x50015774                silk_decoder_set_fs
 .text.silk_gains_dequant
                0x500159ec      0x128 /Users/jeremy/test_fpga/pocket-tunes/firmware/obj/opus_gain_quant.o
                0x500159ec                silk_gains_dequant
 .text.silk_reset_decoder
                0x50015b14       0x68 /Users/jeremy/test_fpga/pocket-tunes/firmware/obj/opus_init_decoder.o
                0x50015b14                silk_reset_decoder
 .text.silk_init_decoder
                0x50015b7c       0x78 /Users/jeremy/test_fpga/pocket-tunes/firmware/obj/opus_init_decoder.o
                0x50015b7c                silk_init_decoder
 .text.silk_log2lin
                0x50015bf4       0x80 /Users/jeremy/test_fpga/pocket-tunes/firmware/obj/opus_log2lin.o
                0x50015bf4                silk_log2lin
 .text.silk_resampler_init
                0x50015c74      0x3c4 /Users/jeremy/test_fpga/pocket-tunes/firmware/obj/opus_resampler.o
                0x50015c74                silk_resampler_init
 .text.silk_resampler
                0x50016038      0x190 /Users/jeremy/test_fpga/pocket-tunes/firmware/obj/opus_resampler.o
                0x50016038                silk_resampler
 .text.silk_resampler_private_AR2
                0x500161c8       0x78 /Users/jeremy/test_fpga/pocket-tunes/firmware/obj/opus_resampler_private_AR2.o
                0x500161c8                silk_resampler_private_AR2
 .text.silk_resampler_private_IIR_FIR
                0x50016240      0x21c /Users/jeremy/test_fpga/pocket-tunes/firmware/obj/opus_resampler_private_IIR_FIR.o
                0x50016240                silk_resampler_private_IIR_FIR
 .text.silk_resampler_private_down_FIR
                0x5001645c      0xaf4 /Users/jeremy/test_fpga/pocket-tunes/firmware/obj/opus_resampler_private_down_FIR.o
                0x5001645c                silk_resampler_private_down_FIR
 .text.silk_resampler_private_up2_HQ
                0x50016f50      0x260 /Users/jeremy/test_fpga/pocket-tunes/firmware/obj/opus_resampler_private_up2_HQ.o
                0x50016f50                silk_resampler_private_up2_HQ
 .text.silk_resampler_private_up2_HQ_wrapper
                0x500171b0        0x4 /Users/jeremy/test_fpga/pocket-tunes/firmware/obj/opus_resampler_private_up2_HQ.o
                0x500171b0                silk_resampler_private_up2_HQ_wrapper
 .text.silk_shell_decoder
                0x500171b4      0x54c /Users/jeremy/test_fpga/pocket-tunes/firmware/obj/opus_shell_coder.o
                0x500171b4                silk_shell_decoder
 .text.silk_insertion_sort_increasing_all_values_int16
                0x50017700       0x48 /Users/jeremy/test_fpga/pocket-tunes/firmware/obj/opus_sort.o
                0x50017700                silk_insertion_sort_increasing_all_values_int16
 .text.silk_stereo_MS_to_LR
                0x50017748      0x310 /Users/jeremy/test_fpga/pocket-tunes/firmware/obj/opus_stereo_MS_to_LR.o
                0x50017748                silk_stereo_MS_to_LR
 .text.silk_stereo_decode_pred
                0x50017a58      0x188 /Users/jeremy/test_fpga/pocket-tunes/firmware/obj/opus_stereo_decode_pred.o
                0x50017a58                silk_stereo_decode_pred
 .text.silk_stereo_decode_mid_only
                0x50017be0       0x38 /Users/jeremy/test_fpga/pocket-tunes/firmware/obj/opus_stereo_decode_pred.o
                0x50017be0                silk_stereo_decode_mid_only
 .text.silk_sum_sqr_shift
                0x50017c18      0x1f8 /Users/jeremy/test_fpga/pocket-tunes/firmware/obj/opus_sum_sqr_shift.o
                0x50017c18                silk_sum_sqr_shift
 .text.MP3InitDecoder
                0x50017e10        0x4 /Users/jeremy/test_fpga/pocket-tunes/firmware/obj/helix_mp3dec.o
                0x50017e10                MP3InitDecoder
 .text.MP3FindSyncWord
                0x50017e14       0x4c /Users/jeremy/test_fpga/pocket-tunes/firmware/obj/helix_mp3dec.o
                0x50017e14                MP3FindSyncWord
 .text.MP3GetLastFrameInfo
                0x50017e60       0x9c /Users/jeremy/test_fpga/pocket-tunes/firmware/obj/helix_mp3dec.o
                0x50017e60                MP3GetLastFrameInfo
 .text.MP3Decode
                0x50017efc      0x610 /Users/jeremy/test_fpga/pocket-tunes/firmware/obj/helix_mp3dec.o
                0x50017efc                MP3Decode
 .text.xmp3_SetBitstreamPointer
                0x5001850c       0x14 /Users/jeremy/test_fpga/pocket-tunes/firmware/obj/helix_bitstream.o
                0x5001850c                xmp3_SetBitstreamPointer
 .text.xmp3_GetBits
                0x50018520      0x11c /Users/jeremy/test_fpga/pocket-tunes/firmware/obj/helix_bitstream.o
                0x50018520                xmp3_GetBits
 .text.xmp3_CalcBitsUsed
                0x5001863c       0x1c /Users/jeremy/test_fpga/pocket-tunes/firmware/obj/helix_bitstream.o
                0x5001863c                xmp3_CalcBitsUsed
 .text.xmp3_CheckPadBit
                0x50018658       0x20 /Users/jeremy/test_fpga/pocket-tunes/firmware/obj/helix_bitstream.o
                0x50018658                xmp3_CheckPadBit
 .text.xmp3_UnpackFrameHeader
                0x50018678      0x2e8 /Users/jeremy/test_fpga/pocket-tunes/firmware/obj/helix_bitstream.o
                0x50018678                xmp3_UnpackFrameHeader
 .text.xmp3_UnpackSideInfo
                0x50018960      0x3f0 /Users/jeremy/test_fpga/pocket-tunes/firmware/obj/helix_bitstream.o
                0x50018960                xmp3_UnpackSideInfo
 .text.xmp3_FreeBuffers
                0x50018d50       0x9c /Users/jeremy/test_fpga/pocket-tunes/firmware/obj/helix_buffers.o
                0x50018d50                xmp3_FreeBuffers
 .text.xmp3_AllocateBuffers
                0x50018dec      0x230 /Users/jeremy/test_fpga/pocket-tunes/firmware/obj/helix_buffers.o
                0x50018dec                xmp3_AllocateBuffers
 .text.xmp3_FDCT32
                0x5001901c      0x8d4 /Users/jeremy/test_fpga/pocket-tunes/firmware/obj/helix_dct32.o
                0x5001901c                xmp3_FDCT32
 .text.xmp3_Dequantize
                0x500198f0      0x3f0 /Users/jeremy/test_fpga/pocket-tunes/firmware/obj/helix_dequant.o
                0x500198f0                xmp3_Dequantize
 .text.DequantBlock
                0x50019ce0      0x264 /Users/jeremy/test_fpga/pocket-tunes/firmware/obj/helix_dqchan.o
 .text.xmp3_DequantChannel
                0x50019f44      0x3c0 /Users/jeremy/test_fpga/pocket-tunes/firmware/obj/helix_dqchan.o
                0x50019f44                xmp3_DequantChannel
 .text.xmp3_DecodeHuffman
                0x5001a304      0xb50 /Users/jeremy/test_fpga/pocket-tunes/firmware/obj/helix_huffman.o
                0x5001a304                xmp3_DecodeHuffman
 .text.FreqInvertRescale
                0x5001ae54      0x1c4 /Users/jeremy/test_fpga/pocket-tunes/firmware/obj/helix_imdct.o
 .text.WinPrevious
                0x5001b018      0x194 /Users/jeremy/test_fpga/pocket-tunes/firmware/obj/helix_imdct.o
 .text.xmp3_IMDCT
                0x5001b1ac     0x12b8 /Users/jeremy/test_fpga/pocket-tunes/firmware/obj/helix_imdct.o
                0x5001b1ac                xmp3_IMDCT
 .text.xmp3_PolyphaseMono
                0x5001c464      0x9b8 /Users/jeremy/test_fpga/pocket-tunes/firmware/obj/helix_polyphase.o
                0x5001c464                xmp3_PolyphaseMono
 .text.xmp3_PolyphaseStereo
                0x5001ce1c     0x1364 /Users/jeremy/test_fpga/pocket-tunes/firmware/obj/helix_polyphase.o
                0x5001ce1c                xmp3_PolyphaseStereo
 .text.xmp3_UnpackScaleFactors
                0x5001e180      0xaf4 /Users/jeremy/test_fpga/pocket-tunes/firmware/obj/helix_scalfact.o
                0x5001e180                xmp3_UnpackScaleFactors
 .text.xmp3_MidSideProc
                0x5001ec74       0xa0 /Users/jeremy/test_fpga/pocket-tunes/firmware/obj/helix_stproc.o
                0x5001ec74                xmp3_MidSideProc
 .text.xmp3_IntensityProcMPEG1
                0x5001ed14      0x4b0 /Users/jeremy/test_fpga/pocket-tunes/firmware/obj/helix_stproc.o
                0x5001ed14                xmp3_IntensityProcMPEG1
 .text.xmp3_IntensityProcMPEG2
                0x5001f1c4      0x374 /Users/jeremy/test_fpga/pocket-tunes/firmware/obj/helix_stproc.o
                0x5001f1c4                xmp3_IntensityProcMPEG2
 .text.xmp3_Subband
                0x5001f538      0x1b4 /Users/jeremy/test_fpga/pocket-tunes/firmware/obj/helix_subband.o
                0x5001f538                xmp3_Subband
 .text          0x5001f6ec       0x6c /opt/homebrew/Cellar/riscv64-elf-gcc/16.1.0/lib/gcc/riscv64-elf/16.1.0/rv32im/ilp32/libgcc.a(_clzsi2.o)
                0x5001f6ec                __clzsi2
 .text          0x5001f758      0x4b0 /opt/homebrew/Cellar/riscv64-elf-gcc/16.1.0/lib/gcc/riscv64-elf/16.1.0/rv32im/ilp32/libgcc.a(_udivdi3.o)
                0x5001f758                __udivdi3

.itcm           0x60000000     0x6be4 load address 0x5001fc08
                0x60000000                        __itcm_start = .
 *opus_kiss_fft.o(.text .text.*)
 .text.opus_fft_impl
                0x60000000     0x1034 /Users/jeremy/test_fpga/pocket-tunes/firmware/obj/opus_kiss_fft.o
                0x60000000                opus_fft_impl
 *opus_mdct.o(.text .text.*)
 .text.clt_mdct_backward_c
                0x60001034      0x3f0 /Users/jeremy/test_fpga/pocket-tunes/firmware/obj/opus_mdct.o
                0x60001034                clt_mdct_backward_c
 *opus_celt.o(.text .text.*)
 .text.resampling_factor
                0x60001424       0x68 /Users/jeremy/test_fpga/pocket-tunes/firmware/obj/opus_celt.o
                0x60001424                resampling_factor
 .text.comb_filter
                0x6000148c      0x554 /Users/jeremy/test_fpga/pocket-tunes/firmware/obj/opus_celt.o
                0x6000148c                comb_filter
 .text.init_caps
                0x600019e0       0x6c /Users/jeremy/test_fpga/pocket-tunes/firmware/obj/opus_celt.o
                0x600019e0                init_caps
 *opus_entdec.o(.text .text.*)
 .text.ec_dec_normalize
                0x60001a4c       0x84 /Users/jeremy/test_fpga/pocket-tunes/firmware/obj/opus_entdec.o
 .text.ec_dec_init
                0x60001ad0       0x58 /Users/jeremy/test_fpga/pocket-tunes/firmware/obj/opus_entdec.o
                0x60001ad0                ec_dec_init
 .text.ec_decode
                0x60001b28       0x30 /Users/jeremy/test_fpga/pocket-tunes/firmware/obj/opus_entdec.o
                0x60001b28                ec_decode
 .text.ec_decode_bin
                0x60001b58       0x38 /Users/jeremy/test_fpga/pocket-tunes/firmware/obj/opus_entdec.o
                0x60001b58                ec_decode_bin
 .text.ec_dec_update
                0x60001b90       0x3c /Users/jeremy/test_fpga/pocket-tunes/firmware/obj/opus_entdec.o
                0x60001b90                ec_dec_update
 .text.ec_dec_bit_logp
                0x60001bcc       0x48 /Users/jeremy/test_fpga/pocket-tunes/firmware/obj/opus_entdec.o
                0x60001bcc                ec_dec_bit_logp
 .text.ec_dec_icdf
                0x60001c14       0x5c /Users/jeremy/test_fpga/pocket-tunes/firmware/obj/opus_entdec.o
                0x60001c14                ec_dec_icdf
 .text.ec_dec_bits
                0x60001c70       0x9c /Users/jeremy/test_fpga/pocket-tunes/firmware/obj/opus_entdec.o
                0x60001c70                ec_dec_bits
 .text.ec_dec_uint
                0x60001d0c      0x198 /Users/jeremy/test_fpga/pocket-tunes/firmware/obj/opus_entdec.o
                0x60001d0c                ec_dec_uint
 *opus_entcode.o(.text .text.*)
 .text.ec_tell_frac
                0x60001ea4       0x80 /Users/jeremy/test_fpga/pocket-tunes/firmware/obj/opus_entcode.o
                0x60001ea4                ec_tell_frac
 *opus_mathops.o(.text .text.*)
 .text.isqrt32  0x60001f24       0x68 /Users/jeremy/test_fpga/pocket-tunes/firmware/obj/opus_mathops.o
                0x60001f24                isqrt32
 .text.celt_rsqrt_norm
                0x60001f8c       0xa8 /Users/jeremy/test_fpga/pocket-tunes/firmware/obj/opus_mathops.o
                0x60001f8c                celt_rsqrt_norm
 .text.celt_sqrt
                0x60002034      0x114 /Users/jeremy/test_fpga/pocket-tunes/firmware/obj/opus_mathops.o
                0x60002034                celt_sqrt
 .text.celt_cos_norm
                0x60002148      0x194 /Users/jeremy/test_fpga/pocket-tunes/firmware/obj/opus_mathops.o
                0x60002148                celt_cos_norm
 .text.celt_rcp
                0x600022dc      0x120 /Users/jeremy/test_fpga/pocket-tunes/firmware/obj/opus_mathops.o
                0x600022dc                celt_rcp
 .text.frac_div32
                0x600023fc      0x148 /Users/jeremy/test_fpga/pocket-tunes/firmware/obj/opus_mathops.o
                0x600023fc                frac_div32
 *opus_laplace.o(.text .text.*)
 .text.ec_laplace_decode
                0x60002544      0x100 /Users/jeremy/test_fpga/pocket-tunes/firmware/obj/opus_laplace.o
                0x60002544                ec_laplace_decode
 *opus_vq.o(.text .text.*)
 .text.exp_rotation1
                0x60002644       0xdc /Users/jeremy/test_fpga/pocket-tunes/firmware/obj/opus_vq.o
 .text.normalise_residual
                0x60002720       0xec /Users/jeremy/test_fpga/pocket-tunes/firmware/obj/opus_vq.o
 .text.exp_rotation.part.0
                0x6000280c      0x26c /Users/jeremy/test_fpga/pocket-tunes/firmware/obj/opus_vq.o
 .text.op_pvq_search_c
                0x60002a78      0x390 /Users/jeremy/test_fpga/pocket-tunes/firmware/obj/opus_vq.o
                0x60002a78                op_pvq_search_c
 .text.alg_quant
                0x60002e08      0x1dc /Users/jeremy/test_fpga/pocket-tunes/firmware/obj/opus_vq.o
                0x60002e08                alg_quant
 .text.alg_unquant
                0x60002fe4      0x130 /Users/jeremy/test_fpga/pocket-tunes/firmware/obj/opus_vq.o
                0x60002fe4                alg_unquant
 .text.renormalise_vector
                0x60003114      0x108 /Users/jeremy/test_fpga/pocket-tunes/firmware/obj/opus_vq.o
                0x60003114                renormalise_vector
 .text.stereo_itheta
                0x6000321c      0x2dc /Users/jeremy/test_fpga/pocket-tunes/firmware/obj/opus_vq.o
                0x6000321c                stereo_itheta
 *opus_cwrs.o(.text .text.*)
 .text.encode_pulses
                0x600034f8      0x1bc /Users/jeremy/test_fpga/pocket-tunes/firmware/obj/opus_cwrs.o
                0x600034f8                encode_pulses
 .text.decode_pulses
                0x600036b4      0x2d0 /Users/jeremy/test_fpga/pocket-tunes/firmware/obj/opus_cwrs.o
                0x600036b4                decode_pulses
 *opus_celt_decoder.o(.text .text.*)
 .text.prefilter_and_fold
                0x60003984      0x1e4 /Users/jeremy/test_fpga/pocket-tunes/firmware/obj/opus_celt_decoder.o
 .text.deemphasis
                0x60003b68      0x414 /Users/jeremy/test_fpga/pocket-tunes/firmware/obj/opus_celt_decoder.o
 .text.celt_synthesis
                0x60003f7c      0x5a0 /Users/jeremy/test_fpga/pocket-tunes/firmware/obj/opus_celt_decoder.o
 .text.celt_decode_lost
                0x6000451c      0xef4 /Users/jeremy/test_fpga/pocket-tunes/firmware/obj/opus_celt_decoder.o
 .text.celt_decoder_get_size
                0x60005410       0x6c /Users/jeremy/test_fpga/pocket-tunes/firmware/obj/opus_celt_decoder.o
                0x60005410                celt_decoder_get_size
 .text.celt_decode_with_ec_dred
                0x6000547c     0x132c /Users/jeremy/test_fpga/pocket-tunes/firmware/obj/opus_celt_decoder.o
                0x6000547c                celt_decode_with_ec_dred
 .text.celt_decode_with_ec
                0x600067a8        0x4 /Users/jeremy/test_fpga/pocket-tunes/firmware/obj/opus_celt_decoder.o
                0x600067a8                celt_decode_with_ec
 .text.opus_custom_decoder_ctl
                0x600067ac      0x31c /Users/jeremy/test_fpga/pocket-tunes/firmware/obj/opus_celt_decoder.o
                0x600067ac                opus_custom_decoder_ctl
 .text.celt_decoder_init
                0x60006ac8      0x11c /Users/jeremy/test_fpga/pocket-tunes/firmware/obj/opus_celt_decoder.o
                0x60006ac8                celt_decoder_init
                0x60006be4                        __itcm_end = .
                0x5001fc08                        __itcm_lma = LOADADDR (.itcm)

.sramdata
 *(.sram.rodata*)

.rodata         0x00000000     0x98e4 load address 0x500267ec
                0x00000000                        __fast_start = .
 *(.rodata*)
 .rodata.main.str1.4
                0x00000000      0x240 /Users/jeremy/test_fpga/pocket-tunes/firmware/obj/app_main.o
                                 0xea (size before relaxing)
 .rodata.fontsmall
                0x00000240      0x5f8 /Users/jeremy/test_fpga/pocket-tunes/firmware/obj/app_gfx.o
 .rodata.fontmain
                0x00000838      0x9b3 /Users/jeremy/test_fpga/pocket-tunes/firmware/obj/app_gfx.o
 .rodata.parse_track.str1.4
                0x000011eb        0x0 /Users/jeremy/test_fpga/pocket-tunes/firmware/obj/app_lib.o
                                 0x61 (size before relaxing)
 .rodata.lib_format_name.str1.4
                0x000011eb        0x0 /Users/jeremy/test_fpga/pocket-tunes/firmware/obj/app_lib.o
                                  0x2 (size before relaxing)
 .rodata.lib_parse.str1.4
                0x000011eb        0x0 /Users/jeremy/test_fpga/pocket-tunes/firmware/obj/app_lib.o
                                 0x3f (size before relaxing)
 *fill*         0x000011eb        0x1 
 .rodata.CSWTCH.113
                0x000011ec       0x14 /Users/jeremy/test_fpga/pocket-tunes/firmware/obj/app_lib.o
 .rodata.render_now_progress.str1.4
                0x00001200        0x0 /Users/jeremy/test_fpga/pocket-tunes/firmware/obj/app_ui.o
                                  0x7 (size before relaxing)
 .rodata.render_minibar.str1.4
                0x00001200        0x0 /Users/jeremy/test_fpga/pocket-tunes/firmware/obj/app_ui.o
                                  0x7 (size before relaxing)
 .rodata.render_now_chapter.part.0.str1.4
                0x00001200        0x0 /Users/jeremy/test_fpga/pocket-tunes/firmware/obj/app_ui.o
                                  0xd (size before relaxing)
 .rodata.render_status.str1.4
                0x00001200        0x0 /Users/jeremy/test_fpga/pocket-tunes/firmware/obj/app_ui.o
                                  0x7 (size before relaxing)
 .rodata.ui_render_full.str1.4
                0x00001200        0x0 /Users/jeremy/test_fpga/pocket-tunes/firmware/obj/app_ui.o
                                 0x57 (size before relaxing)
 .rodata.hb.0   0x00001200       0x24 /Users/jeremy/test_fpga/pocket-tunes/firmware/obj/app_ui.o
 .rodata.band_edge
                0x00001224       0x13 /Users/jeremy/test_fpga/pocket-tunes/firmware/obj/app_eq.o
 *fill*         0x00001237        0x1 
 .rodata.hann_q15
                0x00001238      0x102 /Users/jeremy/test_fpga/pocket-tunes/firmware/obj/app_eq.o
 *fill*         0x0000133a        0x2 
 .rodata.sin_q14
                0x0000133c       0x82 /Users/jeremy/test_fpga/pocket-tunes/firmware/obj/app_eq.o
 .rodata.art_load.str1.4
                0x000013be        0x0 /Users/jeremy/test_fpga/pocket-tunes/firmware/obj/app_art.o
                                 0x2c (size before relaxing)
 *fill*         0x000013be        0x2 
 .rodata.opus_decoder_ctl
                0x000013c0       0x9c /Users/jeremy/test_fpga/pocket-tunes/firmware/obj/opus_opus_decoder.o
 .rodata.CSWTCH.76
                0x0000145c       0x10 /Users/jeremy/test_fpga/pocket-tunes/firmware/obj/opus_opus_decoder.o
 .rodata.bit_deinterleave_table.0
                0x0000146c       0x10 /Users/jeremy/test_fpga/pocket-tunes/firmware/obj/opus_bands.o
 .rodata.bit_interleave_table.1
                0x0000147c       0x10 /Users/jeremy/test_fpga/pocket-tunes/firmware/obj/opus_bands.o
 .rodata.exp2_table8.2
                0x0000148c       0x10 /Users/jeremy/test_fpga/pocket-tunes/firmware/obj/opus_bands.o
 .rodata.ordery_table
                0x0000149c       0x78 /Users/jeremy/test_fpga/pocket-tunes/firmware/obj/opus_bands.o
 .rodata.gains.1
                0x00001514       0x12 /Users/jeremy/test_fpga/pocket-tunes/firmware/obj/opus_celt.o
 *fill*         0x00001526        0x2 
 .rodata.tf_select_table
                0x00001528       0x20 /Users/jeremy/test_fpga/pocket-tunes/firmware/obj/opus_celt.o
                0x00001528                tf_select_table
 .rodata.opus_custom_decoder_ctl
                0x00001548       0xc0 /Users/jeremy/test_fpga/pocket-tunes/firmware/obj/opus_celt_decoder.o
 .rodata.trim_icdf
                0x00001608        0xb /Users/jeremy/test_fpga/pocket-tunes/firmware/obj/opus_celt_decoder.o
 *fill*         0x00001613        0x1 
 .rodata.CELT_PVQ_U_ROW
                0x00001614       0x3c /Users/jeremy/test_fpga/pocket-tunes/firmware/obj/opus_cwrs.o
 .rodata.CELT_PVQ_U_DATA
                0x00001650     0x13e0 /Users/jeremy/test_fpga/pocket-tunes/firmware/obj/opus_cwrs.o
 .rodata.correction.0
                0x00002a30       0x20 /Users/jeremy/test_fpga/pocket-tunes/firmware/obj/opus_entcode.o
 .rodata.mode48000_960_120
                0x00002a50       0x64 /Users/jeremy/test_fpga/pocket-tunes/firmware/obj/opus_modes.o
 .rodata.mdct_twiddles960
                0x00002ab4      0xe10 /Users/jeremy/test_fpga/pocket-tunes/firmware/obj/opus_modes.o
 .rodata.fft_state48000_960_3
                0x000038c4       0x3c /Users/jeremy/test_fpga/pocket-tunes/firmware/obj/opus_modes.o
 .rodata.fft_state48000_960_2
                0x00003900       0x3c /Users/jeremy/test_fpga/pocket-tunes/firmware/obj/opus_modes.o
 .rodata.fft_state48000_960_1
                0x0000393c       0x3c /Users/jeremy/test_fpga/pocket-tunes/firmware/obj/opus_modes.o
 .rodata.fft_state48000_960_0
                0x00003978       0x3c /Users/jeremy/test_fpga/pocket-tunes/firmware/obj/opus_modes.o
 .rodata.fft_bitrev60
                0x000039b4       0x78 /Users/jeremy/test_fpga/pocket-tunes/firmware/obj/opus_modes.o
 .rodata.fft_bitrev120
                0x00003a2c       0xf0 /Users/jeremy/test_fpga/pocket-tunes/firmware/obj/opus_modes.o
 .rodata.fft_bitrev240
                0x00003b1c      0x1e0 /Users/jeremy/test_fpga/pocket-tunes/firmware/obj/opus_modes.o
 .rodata.fft_bitrev480
                0x00003cfc      0x3c0 /Users/jeremy/test_fpga/pocket-tunes/firmware/obj/opus_modes.o
 .rodata.fft_twiddles48000_960
                0x000040bc      0x780 /Users/jeremy/test_fpga/pocket-tunes/firmware/obj/opus_modes.o
 .rodata.cache_caps50
                0x0000483c       0xa8 /Users/jeremy/test_fpga/pocket-tunes/firmware/obj/opus_modes.o
 .rodata.cache_bits50
                0x000048e4      0x188 /Users/jeremy/test_fpga/pocket-tunes/firmware/obj/opus_modes.o
 .rodata.cache_index50
                0x00004a6c       0xd2 /Users/jeremy/test_fpga/pocket-tunes/firmware/obj/opus_modes.o
 *fill*         0x00004b3e        0x2 
 .rodata.logN400
                0x00004b40       0x2a /Users/jeremy/test_fpga/pocket-tunes/firmware/obj/opus_modes.o
 *fill*         0x00004b6a        0x2 
 .rodata.window120
                0x00004b6c       0xf0 /Users/jeremy/test_fpga/pocket-tunes/firmware/obj/opus_modes.o
 .rodata.band_allocation
                0x00004c5c       0xe7 /Users/jeremy/test_fpga/pocket-tunes/firmware/obj/opus_modes.o
 *fill*         0x00004d43        0x1 
 .rodata.eband5ms
                0x00004d44       0x2c /Users/jeremy/test_fpga/pocket-tunes/firmware/obj/opus_modes.o
 .rodata.e_prob_model
                0x00004d70      0x150 /Users/jeremy/test_fpga/pocket-tunes/firmware/obj/opus_quant_bands.o
 .rodata.eMeans
                0x00004ec0       0x19 /Users/jeremy/test_fpga/pocket-tunes/firmware/obj/opus_quant_bands.o
                0x00004ec0                eMeans
 *fill*         0x00004ed9        0x3 
 .rodata.LOG2_FRAC_TABLE
                0x00004edc       0x18 /Users/jeremy/test_fpga/pocket-tunes/firmware/obj/opus_rate.o
 .rodata.SPREAD_FACTOR.0
                0x00004ef4        0xc /Users/jeremy/test_fpga/pocket-tunes/firmware/obj/opus_vq.o
 .rodata.ordering10.0
                0x00004f00        0xa /Users/jeremy/test_fpga/pocket-tunes/firmware/obj/opus_NLSF2A.o
 *fill*         0x00004f0a        0x2 
 .rodata.ordering16.1
                0x00004f0c       0x10 /Users/jeremy/test_fpga/pocket-tunes/firmware/obj/opus_NLSF2A.o
 .rodata.silk_CB_lags_stage3
                0x00004f1c       0x88 /Users/jeremy/test_fpga/pocket-tunes/firmware/obj/opus_pitch_est_tables.o
                0x00004f1c                silk_CB_lags_stage3
 .rodata.silk_CB_lags_stage2
                0x00004fa4       0x2c /Users/jeremy/test_fpga/pocket-tunes/firmware/obj/opus_pitch_est_tables.o
                0x00004fa4                silk_CB_lags_stage2
 .rodata.silk_CB_lags_stage3_10_ms
                0x00004fd0       0x18 /Users/jeremy/test_fpga/pocket-tunes/firmware/obj/opus_pitch_est_tables.o
                0x00004fd0                silk_CB_lags_stage3_10_ms
 .rodata.delay_matrix_dec
                0x00004fe8        0xf /Users/jeremy/test_fpga/pocket-tunes/firmware/obj/opus_resampler.o
 *fill*         0x00004ff7        0x1 
 .rodata.delay_matrix_enc
                0x00004ff8        0xf /Users/jeremy/test_fpga/pocket-tunes/firmware/obj/opus_resampler.o
 *fill*         0x00005007        0x1 
 .rodata.silk_resampler_frac_FIR_12
                0x00005008       0x60 /Users/jeremy/test_fpga/pocket-tunes/firmware/obj/opus_resampler_rom.o
                0x00005008                silk_resampler_frac_FIR_12
 .rodata.silk_Resampler_1_6_COEFS
                0x00005068       0x28 /Users/jeremy/test_fpga/pocket-tunes/firmware/obj/opus_resampler_rom.o
                0x00005068                silk_Resampler_1_6_COEFS
 .rodata.silk_Resampler_1_4_COEFS
                0x00005090       0x28 /Users/jeremy/test_fpga/pocket-tunes/firmware/obj/opus_resampler_rom.o
                0x00005090                silk_Resampler_1_4_COEFS
 .rodata.silk_Resampler_1_3_COEFS
                0x000050b8       0x28 /Users/jeremy/test_fpga/pocket-tunes/firmware/obj/opus_resampler_rom.o
                0x000050b8                silk_Resampler_1_3_COEFS
 .rodata.silk_Resampler_1_2_COEFS
                0x000050e0       0x1c /Users/jeremy/test_fpga/pocket-tunes/firmware/obj/opus_resampler_rom.o
                0x000050e0                silk_Resampler_1_2_COEFS
 .rodata.silk_Resampler_2_3_COEFS
                0x000050fc       0x28 /Users/jeremy/test_fpga/pocket-tunes/firmware/obj/opus_resampler_rom.o
                0x000050fc                silk_Resampler_2_3_COEFS
 .rodata.silk_Resampler_3_4_COEFS
                0x00005124       0x3a /Users/jeremy/test_fpga/pocket-tunes/firmware/obj/opus_resampler_rom.o
                0x00005124                silk_Resampler_3_4_COEFS
 *fill*         0x0000515e        0x2 
 .rodata.silk_LSFCosTab_FIX_Q12
                0x00005160      0x102 /Users/jeremy/test_fpga/pocket-tunes/firmware/obj/opus_table_LSF_cos.o
                0x00005160                silk_LSFCosTab_FIX_Q12
 *fill*         0x00005262        0x2 
 .rodata.silk_LTP_vq_ptrs_Q7
                0x00005264        0xc /Users/jeremy/test_fpga/pocket-tunes/firmware/obj/opus_tables_LTP.o
                0x00005264                silk_LTP_vq_ptrs_Q7
 .rodata.silk_LTP_gain_vq_2
                0x00005270       0xa0 /Users/jeremy/test_fpga/pocket-tunes/firmware/obj/opus_tables_LTP.o
 .rodata.silk_LTP_gain_vq_1
                0x00005310       0x50 /Users/jeremy/test_fpga/pocket-tunes/firmware/obj/opus_tables_LTP.o
 .rodata.silk_LTP_gain_vq_0
                0x00005360       0x28 /Users/jeremy/test_fpga/pocket-tunes/firmware/obj/opus_tables_LTP.o
 .rodata.silk_LTP_gain_iCDF_ptrs
                0x00005388        0xc /Users/jeremy/test_fpga/pocket-tunes/firmware/obj/opus_tables_LTP.o
                0x00005388                silk_LTP_gain_iCDF_ptrs
 .rodata.silk_LTP_gain_iCDF_2
                0x00005394       0x20 /Users/jeremy/test_fpga/pocket-tunes/firmware/obj/opus_tables_LTP.o
 .rodata.silk_LTP_gain_iCDF_1
                0x000053b4       0x10 /Users/jeremy/test_fpga/pocket-tunes/firmware/obj/opus_tables_LTP.o
 .rodata.silk_NLSF_CB_NB_MB
                0x000053c4       0x28 /Users/jeremy/test_fpga/pocket-tunes/firmware/obj/opus_tables_NLSF_CB_NB_MB.o
                0x000053c4                silk_NLSF_CB_NB_MB
 .rodata.silk_NLSF_DELTA_MIN_NB_MB_Q15
                0x000053ec       0x16 /Users/jeremy/test_fpga/pocket-tunes/firmware/obj/opus_tables_NLSF_CB_NB_MB.o
 *fill*         0x00005402        0x2 
 .rodata.silk_NLSF_PRED_NB_MB_Q8
                0x00005404       0x12 /Users/jeremy/test_fpga/pocket-tunes/firmware/obj/opus_tables_NLSF_CB_NB_MB.o
 *fill*         0x00005416        0x2 
 .rodata.silk_NLSF_CB2_BITS_NB_MB_Q5
                0x00005418       0x48 /Users/jeremy/test_fpga/pocket-tunes/firmware/obj/opus_tables_NLSF_CB_NB_MB.o
 .rodata.silk_NLSF_CB2_iCDF_NB_MB
                0x00005460       0x48 /Users/jeremy/test_fpga/pocket-tunes/firmware/obj/opus_tables_NLSF_CB_NB_MB.o
 .rodata.silk_NLSF_CB2_SELECT_NB_MB
                0x000054a8       0xa0 /Users/jeremy/test_fpga/pocket-tunes/firmware/obj/opus_tables_NLSF_CB_NB_MB.o
 .rodata.silk_NLSF_CB1_iCDF_NB_MB
                0x00005548       0x40 /Users/jeremy/test_fpga/pocket-tunes/firmware/obj/opus_tables_NLSF_CB_NB_MB.o
 .rodata.silk_NLSF_CB1_Wght_Q9
                0x00005588      0x280 /Users/jeremy/test_fpga/pocket-tunes/firmware/obj/opus_tables_NLSF_CB_NB_MB.o
 .rodata.silk_NLSF_CB1_NB_MB_Q8
                0x00005808      0x140 /Users/jeremy/test_fpga/pocket-tunes/firmware/obj/opus_tables_NLSF_CB_NB_MB.o
 .rodata.silk_NLSF_CB_WB
                0x00005948       0x28 /Users/jeremy/test_fpga/pocket-tunes/firmware/obj/opus_tables_NLSF_CB_WB.o
                0x00005948                silk_NLSF_CB_WB
 .rodata.silk_NLSF_DELTA_MIN_WB_Q15
                0x00005970       0x22 /Users/jeremy/test_fpga/pocket-tunes/firmware/obj/opus_tables_NLSF_CB_WB.o
 *fill*         0x00005992        0x2 
 .rodata.silk_NLSF_PRED_WB_Q8
                0x00005994       0x1e /Users/jeremy/test_fpga/pocket-tunes/firmware/obj/opus_tables_NLSF_CB_WB.o
 *fill*         0x000059b2        0x2 
 .rodata.silk_NLSF_CB2_BITS_WB_Q5
                0x000059b4       0x48 /Users/jeremy/test_fpga/pocket-tunes/firmware/obj/opus_tables_NLSF_CB_WB.o
 .rodata.silk_NLSF_CB2_iCDF_WB
                0x000059fc       0x48 /Users/jeremy/test_fpga/pocket-tunes/firmware/obj/opus_tables_NLSF_CB_WB.o
 .rodata.silk_NLSF_CB2_SELECT_WB
                0x00005a44      0x100 /Users/jeremy/test_fpga/pocket-tunes/firmware/obj/opus_tables_NLSF_CB_WB.o
 .rodata.silk_NLSF_CB1_iCDF_WB
                0x00005b44       0x40 /Users/jeremy/test_fpga/pocket-tunes/firmware/obj/opus_tables_NLSF_CB_WB.o
 .rodata.silk_NLSF_CB1_WB_Wght_Q9
                0x00005b84      0x400 /Users/jeremy/test_fpga/pocket-tunes/firmware/obj/opus_tables_NLSF_CB_WB.o
 .rodata.silk_NLSF_CB1_WB_Q8
                0x00005f84      0x200 /Users/jeremy/test_fpga/pocket-tunes/firmware/obj/opus_tables_NLSF_CB_WB.o
 .rodata.silk_delta_gain_iCDF
                0x00006184       0x29 /Users/jeremy/test_fpga/pocket-tunes/firmware/obj/opus_tables_gain.o
                0x00006184                silk_delta_gain_iCDF
 *fill*         0x000061ad        0x3 
 .rodata.silk_gain_iCDF
                0x000061b0       0x18 /Users/jeremy/test_fpga/pocket-tunes/firmware/obj/opus_tables_gain.o
                0x000061b0                silk_gain_iCDF
 .rodata.silk_stereo_pred_joint_iCDF
                0x000061c8       0x19 /Users/jeremy/test_fpga/pocket-tunes/firmware/obj/opus_tables_other.o
                0x000061c8                silk_stereo_pred_joint_iCDF
 *fill*         0x000061e1        0x3 
 .rodata.silk_stereo_pred_quant_Q13
                0x000061e4       0x20 /Users/jeremy/test_fpga/pocket-tunes/firmware/obj/opus_tables_other.o
                0x000061e4                silk_stereo_pred_quant_Q13
 .rodata.silk_pitch_contour_10_ms_iCDF
                0x00006204        0xc /Users/jeremy/test_fpga/pocket-tunes/firmware/obj/opus_tables_pitch_lag.o
                0x00006204                silk_pitch_contour_10_ms_iCDF
 .rodata.silk_pitch_contour_NB_iCDF
                0x00006210        0xb /Users/jeremy/test_fpga/pocket-tunes/firmware/obj/opus_tables_pitch_lag.o
                0x00006210                silk_pitch_contour_NB_iCDF
 *fill*         0x0000621b        0x1 
 .rodata.silk_pitch_contour_iCDF
                0x0000621c       0x22 /Users/jeremy/test_fpga/pocket-tunes/firmware/obj/opus_tables_pitch_lag.o
                0x0000621c                silk_pitch_contour_iCDF
 *fill*         0x0000623e        0x2 
 .rodata.silk_pitch_delta_iCDF
                0x00006240       0x15 /Users/jeremy/test_fpga/pocket-tunes/firmware/obj/opus_tables_pitch_lag.o
                0x00006240                silk_pitch_delta_iCDF
 *fill*         0x00006255        0x3 
 .rodata.silk_pitch_lag_iCDF
                0x00006258       0x20 /Users/jeremy/test_fpga/pocket-tunes/firmware/obj/opus_tables_pitch_lag.o
                0x00006258                silk_pitch_lag_iCDF
 .rodata.silk_sign_iCDF
                0x00006278       0x2a /Users/jeremy/test_fpga/pocket-tunes/firmware/obj/opus_tables_pulses_per_block.o
                0x00006278                silk_sign_iCDF
 *fill*         0x000062a2        0x2 
 .rodata.silk_shell_code_table_offsets
                0x000062a4       0x11 /Users/jeremy/test_fpga/pocket-tunes/firmware/obj/opus_tables_pulses_per_block.o
                0x000062a4                silk_shell_code_table_offsets
 *fill*         0x000062b5        0x3 
 .rodata.silk_shell_code_table3
                0x000062b8       0x98 /Users/jeremy/test_fpga/pocket-tunes/firmware/obj/opus_tables_pulses_per_block.o
                0x000062b8                silk_shell_code_table3
 .rodata.silk_shell_code_table2
                0x00006350       0x98 /Users/jeremy/test_fpga/pocket-tunes/firmware/obj/opus_tables_pulses_per_block.o
                0x00006350                silk_shell_code_table2
 .rodata.silk_shell_code_table1
                0x000063e8       0x98 /Users/jeremy/test_fpga/pocket-tunes/firmware/obj/opus_tables_pulses_per_block.o
                0x000063e8                silk_shell_code_table1
 .rodata.silk_shell_code_table0
                0x00006480       0x98 /Users/jeremy/test_fpga/pocket-tunes/firmware/obj/opus_tables_pulses_per_block.o
                0x00006480                silk_shell_code_table0
 .rodata.silk_rate_levels_iCDF
                0x00006518       0x12 /Users/jeremy/test_fpga/pocket-tunes/firmware/obj/opus_tables_pulses_per_block.o
                0x00006518                silk_rate_levels_iCDF
 *fill*         0x0000652a        0x2 
 .rodata.silk_pulses_per_block_iCDF
                0x0000652c       0xb4 /Users/jeremy/test_fpga/pocket-tunes/firmware/obj/opus_tables_pulses_per_block.o
                0x0000652c                silk_pulses_per_block_iCDF
 .rodata.xmp3_sfBandTable
                0x000065e0      0x29a /Users/jeremy/test_fpga/pocket-tunes/firmware/obj/helix_mp3tabs.o
                0x000065e0                xmp3_sfBandTable
 *fill*         0x0000687a        0x2 
 .rodata.xmp3_slotTab
                0x0000687c      0x10e /Users/jeremy/test_fpga/pocket-tunes/firmware/obj/helix_mp3tabs.o
                0x0000687c                xmp3_slotTab
 *fill*         0x0000698a        0x2 
 .rodata.xmp3_sideBytesTab
                0x0000698c        0xc /Users/jeremy/test_fpga/pocket-tunes/firmware/obj/helix_mp3tabs.o
                0x0000698c                xmp3_sideBytesTab
 .rodata.xmp3_samplesPerFrameTab
                0x00006998       0x12 /Users/jeremy/test_fpga/pocket-tunes/firmware/obj/helix_mp3tabs.o
                0x00006998                xmp3_samplesPerFrameTab
 *fill*         0x000069aa        0x2 
 .rodata.xmp3_bitrateTab
                0x000069ac      0x10e /Users/jeremy/test_fpga/pocket-tunes/firmware/obj/helix_mp3tabs.o
                0x000069ac                xmp3_bitrateTab
 *fill*         0x00006aba        0x2 
 .rodata.xmp3_samplerateTab
                0x00006abc       0x24 /Users/jeremy/test_fpga/pocket-tunes/firmware/obj/helix_mp3tabs.o
                0x00006abc                xmp3_samplerateTab
 .rodata.dcttab
                0x00006ae0       0xc0 /Users/jeremy/test_fpga/pocket-tunes/firmware/obj/helix_dct32.o
 .rodata.preTab
                0x00006ba0       0x16 /Users/jeremy/test_fpga/pocket-tunes/firmware/obj/helix_dqchan.o
 *fill*         0x00006bb6        0x2 
 .rodata.xmp3_quadTable
                0x00006bb8       0x50 /Users/jeremy/test_fpga/pocket-tunes/firmware/obj/helix_hufftabs.o
                0x00006bb8                xmp3_quadTable
 .rodata.xmp3_huffTabLookup
                0x00006c08      0x100 /Users/jeremy/test_fpga/pocket-tunes/firmware/obj/helix_hufftabs.o
                0x00006c08                xmp3_huffTabLookup
 .rodata.xmp3_huffTabOffset
                0x00006d08       0x80 /Users/jeremy/test_fpga/pocket-tunes/firmware/obj/helix_hufftabs.o
                0x00006d08                xmp3_huffTabOffset
 .rodata.xmp3_huffTable
                0x00006d88     0x2124 /Users/jeremy/test_fpga/pocket-tunes/firmware/obj/helix_hufftabs.o
                0x00006d88                xmp3_huffTable
 .rodata.c18    0x00008eac       0x24 /Users/jeremy/test_fpga/pocket-tunes/firmware/obj/helix_imdct.o
 .rodata.NRTab  0x00008ed0       0x48 /Users/jeremy/test_fpga/pocket-tunes/firmware/obj/helix_scalfact.o
 .rodata.SFLenTab
                0x00008f18       0x20 /Users/jeremy/test_fpga/pocket-tunes/firmware/obj/helix_scalfact.o
 .rodata.xmp3_polyCoef
                0x00008f38      0x420 /Users/jeremy/test_fpga/pocket-tunes/firmware/obj/helix_trigtabs.o
                0x00008f38                xmp3_polyCoef
 .rodata.xmp3_csa
                0x00009358       0x40 /Users/jeremy/test_fpga/pocket-tunes/firmware/obj/helix_trigtabs.o
                0x00009358                xmp3_csa
 .rodata.xmp3_ISFIIP
                0x00009398       0x10 /Users/jeremy/test_fpga/pocket-tunes/firmware/obj/helix_trigtabs.o
                0x00009398                xmp3_ISFIIP
 .rodata.xmp3_ISFMpeg2
                0x000093a8      0x100 /Users/jeremy/test_fpga/pocket-tunes/firmware/obj/helix_trigtabs.o
                0x000093a8                xmp3_ISFMpeg2
 .rodata.xmp3_ISFMpeg1
                0x000094a8       0x38 /Users/jeremy/test_fpga/pocket-tunes/firmware/obj/helix_trigtabs.o
                0x000094a8                xmp3_ISFMpeg1
 .rodata.xmp3_imdctWin
                0x000094e0      0x240 /Users/jeremy/test_fpga/pocket-tunes/firmware/obj/helix_trigtabs.o
                0x000094e0                xmp3_imdctWin
 .rodata        0x00009720      0x100 /opt/homebrew/Cellar/riscv64-elf-gcc/16.1.0/lib/gcc/riscv64-elf/16.1.0/rv32im/ilp32/libgcc.a(_clz.o)
                0x00009720                __clz_tab
 *(.srodata*)
 .srodata.GRAD_MINIBAR
                0x00009820        0x8 /Users/jeremy/test_fpga/pocket-tunes/firmware/obj/app_ui.o
 .srodata.magic.0
                0x00009828        0x4 /Users/jeremy/test_fpga/pocket-tunes/firmware/obj/app_ogg.o
 .srodata.tapset_icdf
                0x0000982c        0x3 /Users/jeremy/test_fpga/pocket-tunes/firmware/obj/opus_celt_decoder.o
 *fill*         0x0000982f        0x1 
 .srodata.spread_icdf
                0x00009830        0x4 /Users/jeremy/test_fpga/pocket-tunes/firmware/obj/opus_celt_decoder.o
 .srodata.small_energy_icdf
                0x00009834        0x3 /Users/jeremy/test_fpga/pocket-tunes/firmware/obj/opus_quant_bands.o
 *fill*         0x00009837        0x1 
 .srodata.beta_coef
                0x00009838        0x8 /Users/jeremy/test_fpga/pocket-tunes/firmware/obj/opus_quant_bands.o
 .srodata.pred_coef
                0x00009840        0x8 /Users/jeremy/test_fpga/pocket-tunes/firmware/obj/opus_quant_bands.o
 .srodata.PLC_RAND_ATTENUATE_UV_Q15
                0x00009848        0x4 /Users/jeremy/test_fpga/pocket-tunes/firmware/obj/opus_PLC.o
 .srodata.PLC_RAND_ATTENUATE_V_Q15
                0x0000984c        0x4 /Users/jeremy/test_fpga/pocket-tunes/firmware/obj/opus_PLC.o
 .srodata.HARM_ATT_Q15
                0x00009850        0x4 /Users/jeremy/test_fpga/pocket-tunes/firmware/obj/opus_PLC.o
 .srodata.silk_CB_lags_stage2_10_ms
                0x00009854        0x6 /Users/jeremy/test_fpga/pocket-tunes/firmware/obj/opus_pitch_est_tables.o
                0x00009854                silk_CB_lags_stage2_10_ms
 *fill*         0x0000985a        0x2 
 .srodata.silk_LTP_gain_iCDF_0
                0x0000985c        0x8 /Users/jeremy/test_fpga/pocket-tunes/firmware/obj/opus_tables_LTP.o
 .srodata.silk_LTP_per_index_iCDF
                0x00009864        0x3 /Users/jeremy/test_fpga/pocket-tunes/firmware/obj/opus_tables_LTP.o
                0x00009864                silk_LTP_per_index_iCDF
 *fill*         0x00009867        0x1 
 .srodata.silk_NLSF_EXT_iCDF
                0x00009868        0x7 /Users/jeremy/test_fpga/pocket-tunes/firmware/obj/opus_tables_other.o
                0x00009868                silk_NLSF_EXT_iCDF
 *fill*         0x0000986f        0x1 
 .srodata.silk_uniform8_iCDF
                0x00009870        0x8 /Users/jeremy/test_fpga/pocket-tunes/firmware/obj/opus_tables_other.o
                0x00009870                silk_uniform8_iCDF
 .srodata.silk_uniform6_iCDF
                0x00009878        0x6 /Users/jeremy/test_fpga/pocket-tunes/firmware/obj/opus_tables_other.o
                0x00009878                silk_uniform6_iCDF
 *fill*         0x0000987e        0x2 
 .srodata.silk_uniform5_iCDF
                0x00009880        0x5 /Users/jeremy/test_fpga/pocket-tunes/firmware/obj/opus_tables_other.o
                0x00009880                silk_uniform5_iCDF
 *fill*         0x00009885        0x3 
 .srodata.silk_uniform4_iCDF
                0x00009888        0x4 /Users/jeremy/test_fpga/pocket-tunes/firmware/obj/opus_tables_other.o
                0x00009888                silk_uniform4_iCDF
 .srodata.silk_uniform3_iCDF
                0x0000988c        0x3 /Users/jeremy/test_fpga/pocket-tunes/firmware/obj/opus_tables_other.o
                0x0000988c                silk_uniform3_iCDF
 *fill*         0x0000988f        0x1 
 .srodata.silk_LTPScales_table_Q14
                0x00009890        0x6 /Users/jeremy/test_fpga/pocket-tunes/firmware/obj/opus_tables_other.o
                0x00009890                silk_LTPScales_table_Q14
 *fill*         0x00009896        0x2 
 .srodata.silk_Quantization_Offsets_Q10
                0x00009898        0x8 /Users/jeremy/test_fpga/pocket-tunes/firmware/obj/opus_tables_other.o
                0x00009898                silk_Quantization_Offsets_Q10
 .srodata.silk_NLSF_interpolation_factor_iCDF
                0x000098a0        0x5 /Users/jeremy/test_fpga/pocket-tunes/firmware/obj/opus_tables_other.o
                0x000098a0                silk_NLSF_interpolation_factor_iCDF
 *fill*         0x000098a5        0x3 
 .srodata.silk_type_offset_no_VAD_iCDF
                0x000098a8        0x2 /Users/jeremy/test_fpga/pocket-tunes/firmware/obj/opus_tables_other.o
                0x000098a8                silk_type_offset_no_VAD_iCDF
 *fill*         0x000098aa        0x2 
 .srodata.silk_type_offset_VAD_iCDF
                0x000098ac        0x4 /Users/jeremy/test_fpga/pocket-tunes/firmware/obj/opus_tables_other.o
                0x000098ac                silk_type_offset_VAD_iCDF
 .srodata.silk_LTPscale_iCDF
                0x000098b0        0x3 /Users/jeremy/test_fpga/pocket-tunes/firmware/obj/opus_tables_other.o
                0x000098b0                silk_LTPscale_iCDF
 *fill*         0x000098b3        0x1 
 .srodata.silk_lsb_iCDF
                0x000098b4        0x2 /Users/jeremy/test_fpga/pocket-tunes/firmware/obj/opus_tables_other.o
                0x000098b4                silk_lsb_iCDF
 *fill*         0x000098b6        0x2 
 .srodata.silk_LBRR_flags_iCDF_ptr
                0x000098b8        0x8 /Users/jeremy/test_fpga/pocket-tunes/firmware/obj/opus_tables_other.o
                0x000098b8                silk_LBRR_flags_iCDF_ptr
 .srodata.silk_LBRR_flags_3_iCDF
                0x000098c0        0x7 /Users/jeremy/test_fpga/pocket-tunes/firmware/obj/opus_tables_other.o
 *fill*         0x000098c7        0x1 
 .srodata.silk_LBRR_flags_2_iCDF
                0x000098c8        0x3 /Users/jeremy/test_fpga/pocket-tunes/firmware/obj/opus_tables_other.o
 *fill*         0x000098cb        0x1 
 .srodata.silk_stereo_only_code_mid_iCDF
                0x000098cc        0x2 /Users/jeremy/test_fpga/pocket-tunes/firmware/obj/opus_tables_other.o
                0x000098cc                silk_stereo_only_code_mid_iCDF
 *fill*         0x000098ce        0x2 
 .srodata.silk_pitch_contour_10_ms_NB_iCDF
                0x000098d0        0x3 /Users/jeremy/test_fpga/pocket-tunes/firmware/obj/opus_tables_pitch_lag.o
                0x000098d0                silk_pitch_contour_10_ms_NB_iCDF
 *fill*         0x000098d3        0x1 
 .srodata.xmp3_quadTabMaxBits
                0x000098d4        0x8 /Users/jeremy/test_fpga/pocket-tunes/firmware/obj/helix_hufftabs.o
                0x000098d4                xmp3_quadTabMaxBits
 .srodata.xmp3_quadTabOffset
                0x000098dc        0x8 /Users/jeremy/test_fpga/pocket-tunes/firmware/obj/helix_hufftabs.o
                0x000098dc                xmp3_quadTabOffset

.rela.dyn       0x000098e4        0x0 load address 0x500300d0
 .rela.text.init
                0x000098e4        0x0 /Users/jeremy/test_fpga/pocket-tunes/firmware/obj/app_crt0.o

.data           0x000098e4      0x298 load address 0x500300d0
 *(.data*)
 .data.pow2frac
                0x000098e4       0x20 /Users/jeremy/test_fpga/pocket-tunes/firmware/obj/helix_dqchan.o
                0x000098e4                pow2frac
 .data.pow2exp  0x00009904       0x20 /Users/jeremy/test_fpga/pocket-tunes/firmware/obj/helix_dqchan.o
                0x00009904                pow2exp
 .data.poly43hi
                0x00009924       0x14 /Users/jeremy/test_fpga/pocket-tunes/firmware/obj/helix_dqchan.o
                0x00009924                poly43hi
 .data.poly43lo
                0x00009938       0x14 /Users/jeremy/test_fpga/pocket-tunes/firmware/obj/helix_dqchan.o
                0x00009938                poly43lo
 .data.pow43    0x0000994c       0xc0 /Users/jeremy/test_fpga/pocket-tunes/firmware/obj/helix_dqchan.o
                0x0000994c                pow43
 .data.pow43_14
                0x00009a0c      0x100 /Users/jeremy/test_fpga/pocket-tunes/firmware/obj/helix_dqchan.o
                0x00009a0c                pow43_14
 .data.pow14    0x00009b0c       0x10 /Users/jeremy/test_fpga/pocket-tunes/firmware/obj/helix_dqchan.o
                0x00009b0c                pow14
 .data.fastWin36
                0x00009b1c       0x48 /Users/jeremy/test_fpga/pocket-tunes/firmware/obj/helix_imdct.o
                0x00009b1c                fastWin36
 *(.sdata*)
 .sdata.rng_state
                0x00009b64        0x4 /Users/jeremy/test_fpga/pocket-tunes/firmware/obj/app_ui.o
 .sdata.chap_shown
                0x00009b68        0x4 /Users/jeremy/test_fpga/pocket-tunes/firmware/obj/app_ui.o
 .sdata.play_artist
                0x00009b6c        0x4 /Users/jeremy/test_fpga/pocket-tunes/firmware/obj/app_ui.o
 .sdata.play_alb
                0x00009b70        0x4 /Users/jeremy/test_fpga/pocket-tunes/firmware/obj/app_ui.o
 .sdata.play_gidx
                0x00009b74        0x4 /Users/jeremy/test_fpga/pocket-tunes/firmware/obj/app_ui.o
 .sdata.trk_album
                0x00009b78        0x4 /Users/jeremy/test_fpga/pocket-tunes/firmware/obj/app_ui.o
                0x00009b7c                        __fast_end = .
                0x500267ec                        __fast_lma = LOADADDR (.rodata)

.bss            0x00009b80    0x12464 load address 0x50030368
                0x00009b80                        __bss_start = .
 *(.bss*)
 .bss.tok       0x00009b80      0x141 /Users/jeremy/test_fpga/pocket-tunes/firmware/obj/app_lib.o
 *fill*         0x00009cc1        0x3 
 .bss.lib_stage
                0x00009cc4     0x3000 /Users/jeremy/test_fpga/pocket-tunes/firmware/obj/app_lib.o
                0x00009cc4                lib_stage
 .bss.pool      0x0000ccc4     0x1800 /Users/jeremy/test_fpga/pocket-tunes/firmware/obj/app_lib.o
 .bss.lib_tracks
                0x0000e4c4     0x1340 /Users/jeremy/test_fpga/pocket-tunes/firmware/obj/app_lib.o
                0x0000e4c4                lib_tracks
 .bss.lib_albums
                0x0000f804      0x480 /Users/jeremy/test_fpga/pocket-tunes/firmware/obj/app_lib.o
                0x0000f804                lib_albums
 .bss.lib_artists
                0x0000fc84      0x1e0 /Users/jeremy/test_fpga/pocket-tunes/firmware/obj/app_lib.o
                0x0000fc84                lib_artists
 .bss.chap_start_s
                0x0000fe64      0x280 /Users/jeremy/test_fpga/pocket-tunes/firmware/obj/app_chap.o
                0x0000fe64                chap_start_s
 .bss.chap_buf  0x000100e4       0x40 /Users/jeremy/test_fpga/pocket-tunes/firmware/obj/app_ui.o
 .bss.pathbuf   0x00010124      0x120 /Users/jeremy/test_fpga/pocket-tunes/firmware/obj/app_ui.o
 .bss.pcm       0x00010244     0x1200 /Users/jeremy/test_fpga/pocket-tunes/firmware/obj/app_mp3.o
 *fill*         0x00011444        0x4 
 .bss.codec_arena
                0x00011448     0x6c00 /Users/jeremy/test_fpga/pocket-tunes/firmware/obj/app_mp3.o
                0x00011448                codec_arena
 .bss.im        0x00018048      0x200 /Users/jeremy/test_fpga/pocket-tunes/firmware/obj/app_eq.o
 .bss.re        0x00018248      0x200 /Users/jeremy/test_fpga/pocket-tunes/firmware/obj/app_eq.o
 .bss.ring      0x00018448      0x200 /Users/jeremy/test_fpga/pocket-tunes/firmware/obj/app_eq.o
 .bss.eq_bars   0x00018648       0x12 /Users/jeremy/test_fpga/pocket-tunes/firmware/obj/app_eq.o
                0x00018648                eq_bars
 *fill*         0x0001865a        0x2 
 .bss.mini_px   0x0001865c      0x240 /Users/jeremy/test_fpga/pocket-tunes/firmware/obj/app_art.o
 .bss.pcm       0x0001889c     0x2d00 /Users/jeremy/test_fpga/pocket-tunes/firmware/obj/app_opus_play.o
 .bss.ogg       0x0001b59c      0x92c /Users/jeremy/test_fpga/pocket-tunes/firmware/obj/app_opus_play.o
 *(.sbss*)
 .sbss.pressed_accum
                0x0001bec8        0x2 /Users/jeremy/test_fpga/pocket-tunes/firmware/obj/app_main.o
 .sbss.keys_raw_prev
                0x0001beca        0x2 /Users/jeremy/test_fpga/pocket-tunes/firmware/obj/app_main.o
 .sbss.tok_len  0x0001becc        0x4 /Users/jeremy/test_fpga/pocket-tunes/firmware/obj/app_lib.o
 .sbss.f_err    0x0001bed0        0x4 /Users/jeremy/test_fpga/pocket-tunes/firmware/obj/app_lib.o
 .sbss.win_valid
                0x0001bed4        0x4 /Users/jeremy/test_fpga/pocket-tunes/firmware/obj/app_lib.o
 .sbss.win_base
                0x0001bed8        0x4 /Users/jeremy/test_fpga/pocket-tunes/firmware/obj/app_lib.o
 .sbss.f_size   0x0001bedc        0x4 /Users/jeremy/test_fpga/pocket-tunes/firmware/obj/app_lib.o
 .sbss.f_pos    0x0001bee0        0x4 /Users/jeremy/test_fpga/pocket-tunes/firmware/obj/app_lib.o
 .sbss.pool_used
                0x0001bee4        0x4 /Users/jeremy/test_fpga/pocket-tunes/firmware/obj/app_lib.o
 .sbss.lib_n_root_tracks
                0x0001bee8        0x4 /Users/jeremy/test_fpga/pocket-tunes/firmware/obj/app_lib.o
                0x0001bee8                lib_n_root_tracks
 .sbss.lib_root_first_track
                0x0001beec        0x4 /Users/jeremy/test_fpga/pocket-tunes/firmware/obj/app_lib.o
                0x0001beec                lib_root_first_track
 .sbss.lib_n_tracks
                0x0001bef0        0x4 /Users/jeremy/test_fpga/pocket-tunes/firmware/obj/app_lib.o
                0x0001bef0                lib_n_tracks
 .sbss.lib_n_albums
                0x0001bef4        0x4 /Users/jeremy/test_fpga/pocket-tunes/firmware/obj/app_lib.o
                0x0001bef4                lib_n_albums
 .sbss.lib_n_artists
                0x0001bef8        0x4 /Users/jeremy/test_fpga/pocket-tunes/firmware/obj/app_lib.o
                0x0001bef8                lib_n_artists
 .sbss.c_err    0x0001befc        0x4 /Users/jeremy/test_fpga/pocket-tunes/firmware/obj/app_chap.o