Archive member included to satisfy reference by file (symbol)

/opt/homebrew/Cellar/riscv64-elf-gcc/16.1.0/lib/gcc/riscv64-elf/16.1.0/rv32im/ilp32/libgcc.a(_clzsi2.o)
                              /Users/jeremy/test_fpga/pocket-tunes/firmware/obj/app_eq.o (__clzsi2)
/opt/homebrew/Cellar/riscv64-elf-gcc/16.1.0/lib/gcc/riscv64-elf/16.1.0/rv32im/ilp32/libgcc.a(_udivdi3.o)
                              /Users/jeremy/test_fpga/pocket-tunes/firmware/obj/app_ui.o (__udivdi3)
/opt/homebrew/Cellar/riscv64-elf-gcc/16.1.0/lib/gcc/riscv64-elf/16.1.0/rv32im/ilp32/libgcc.a(_clz.o)
                              /opt/homebrew/Cellar/riscv64-elf-gcc/16.1.0/lib/gcc/riscv64-elf/16.1.0/rv32im/ilp32/libgcc.a(_clzsi2.o) (__clz_tab)

Merging object attributes


There are no discarded input sections

Memory Configuration

Name             Origin             Length             Attributes
RAM              0x00000000         0x00020000         xrw
*default*        0x00000000         0xffffffff

Linker script and memory map

LOAD /Users/jeremy/test_fpga/pocket-tunes/firmware/obj/app_crt0.o
LOAD /Users/jeremy/test_fpga/pocket-tunes/firmware/obj/app_main.o
LOAD /Users/jeremy/test_fpga/pocket-tunes/firmware/obj/app_gfx.o
LOAD /Users/jeremy/test_fpga/pocket-tunes/firmware/obj/app_lib.o
LOAD /Users/jeremy/test_fpga/pocket-tunes/firmware/obj/app_ui.o
LOAD /Users/jeremy/test_fpga/pocket-tunes/firmware/obj/app_file.o
LOAD /Users/jeremy/test_fpga/pocket-tunes/firmware/obj/app_mp3.o
LOAD /Users/jeremy/test_fpga/pocket-tunes/firmware/obj/app_eq.o
LOAD /Users/jeremy/test_fpga/pocket-tunes/firmware/obj/helix_mp3dec.o
LOAD /Users/jeremy/test_fpga/pocket-tunes/firmware/obj/helix_mp3tabs.o
LOAD /Users/jeremy/test_fpga/pocket-tunes/firmware/obj/helix_bitstream.o
LOAD /Users/jeremy/test_fpga/pocket-tunes/firmware/obj/helix_buffers.o
LOAD /Users/jeremy/test_fpga/pocket-tunes/firmware/obj/helix_dct32.o
LOAD /Users/jeremy/test_fpga/pocket-tunes/firmware/obj/helix_dequant.o
LOAD /Users/jeremy/test_fpga/pocket-tunes/firmware/obj/helix_dqchan.o
LOAD /Users/jeremy/test_fpga/pocket-tunes/firmware/obj/helix_huffman.o
LOAD /Users/jeremy/test_fpga/pocket-tunes/firmware/obj/helix_hufftabs.o
LOAD /Users/jeremy/test_fpga/pocket-tunes/firmware/obj/helix_imdct.o
LOAD /Users/jeremy/test_fpga/pocket-tunes/firmware/obj/helix_polyphase.o
LOAD /Users/jeremy/test_fpga/pocket-tunes/firmware/obj/helix_scalfact.o
LOAD /Users/jeremy/test_fpga/pocket-tunes/firmware/obj/helix_stproc.o
LOAD /Users/jeremy/test_fpga/pocket-tunes/firmware/obj/helix_subband.o
LOAD /Users/jeremy/test_fpga/pocket-tunes/firmware/obj/helix_trigtabs.o
LOAD /opt/homebrew/Cellar/riscv64-elf-gcc/16.1.0/lib/gcc/riscv64-elf/16.1.0/rv32im/ilp32/libgcc.a
                0x00000000                        . = 0x0

.text           0x00000000     0xc290
 *(.text.init)
 .text.init     0x00000000       0x30 /Users/jeremy/test_fpga/pocket-tunes/firmware/obj/app_crt0.o
                0x00000000                _start
 *(.text*)
 .text          0x00000030        0x0 /Users/jeremy/test_fpga/pocket-tunes/firmware/obj/app_crt0.o
 .text          0x00000030        0x0 /Users/jeremy/test_fpga/pocket-tunes/firmware/obj/app_main.o
 .text.startup  0x00000030      0x1c8 /Users/jeremy/test_fpga/pocket-tunes/firmware/obj/app_main.o
                0x00000030                main
 .text          0x000001f8      0x928 /Users/jeremy/test_fpga/pocket-tunes/firmware/obj/app_gfx.o
                0x000003a0                gfx_clear
                0x000003c8                gfx_fill_rect
                0x00000444                gfx_hline
                0x00000450                gfx_vline
                0x00000460                gfx_rect
                0x000004f8                gfx_vgrad
                0x00000580                gfx_fill_round
                0x00000640                gfx_rect_round
                0x0000074c                gfx_text
                0x00000788                gfx_text_small
                0x000007c4                gfx_textn
                0x000007f0                gfx_textn_small
                0x0000081c                gfx_text_px_len
                0x00000890                gfx_text_scroll
                0x000009e4                u32_to_hex
                0x00000a1c                u32_to_dec
                0x00000a8c                memcpy
                0x00000ab0                memmove
                0x00000b04                memset
 .text          0x00000b20      0xdd4 /Users/jeremy/test_fpga/pocket-tunes/firmware/obj/app_lib.o
                0x00001144                lib_str
                0x00001164                lib_format_name
                0x00001198                lib_fetch_path
                0x00001210                lib_parse
 .text          0x000018f4     0x1d4c /Users/jeremy/test_fpga/pocket-tunes/firmware/obj/app_ui.o
                0x000024a4                ui_init
                0x00002514                ui_input
                0x0000295c                ui_tick
                0x00002abc                ui_render_full
                0x000033b0                ui_render_playing
 .text          0x00003640      0x1cc /Users/jeremy/test_fpga/pocket-tunes/firmware/obj/app_file.o
                0x0000370c                file_read
                0x00003738                file_open
                0x000037a4                file_slot_size
 .text          0x0000380c      0x7d0 /Users/jeremy/test_fpga/pocket-tunes/firmware/obj/app_mp3.o
                0x00003924                malloc
                0x0000395c                free
                0x00003960                mp3_stop
                0x0000397c                mp3_start
                0x00003b68                mp3_set_paused
                0x00003b74                mp3_is_playing
                0x00003b90                mp3_at_eof
                0x00003bac                mp3_pos_seconds
                0x00003bc4                mp3_seek
                0x00003c60                mp3_pump
 .text          0x00003fdc      0x420 /Users/jeremy/test_fpga/pocket-tunes/firmware/obj/app_eq.o
                0x00004040                eq_feed
                0x00004070                eq_tick
 .text          0x000043fc      0x7cc /Users/jeremy/test_fpga/pocket-tunes/firmware/obj/helix_mp3dec.o
                0x000043fc                MP3InitDecoder
                0x00004400                MP3FreeDecoder
                0x0000440c                MP3FindSyncWord
                0x00004458                MP3GetLastFrameInfo
                0x000044f4                MP3GetNextFrameInfo
                0x000045b8                MP3Decode
 .text          0x00004bc8        0x0 /Users/jeremy/test_fpga/pocket-tunes/firmware/obj/helix_mp3tabs.o
 .text          0x00004bc8      0x844 /Users/jeremy/test_fpga/pocket-tunes/firmware/obj/helix_bitstream.o
                0x00004bc8                xmp3_SetBitstreamPointer
                0x00004bdc                xmp3_GetBits
                0x00004cf8                xmp3_CalcBitsUsed
                0x00004d14                xmp3_CheckPadBit
                0x00004d34                xmp3_UnpackFrameHeader
                0x0000501c                xmp3_UnpackSideInfo
 .text          0x0000540c      0x2cc /Users/jeremy/test_fpga/pocket-tunes/firmware/obj/helix_buffers.o
                0x0000540c                xmp3_FreeBuffers
                0x000054a8                xmp3_AllocateBuffers
 .text          0x000056d8      0x8d4 /Users/jeremy/test_fpga/pocket-tunes/firmware/obj/helix_dct32.o
                0x000056d8                xmp3_FDCT32
 .text          0x00005fac      0x3f0 /Users/jeremy/test_fpga/pocket-tunes/firmware/obj/helix_dequant.o
                0x00005fac                xmp3_Dequantize
 .text          0x0000639c      0x5f0 /Users/jeremy/test_fpga/pocket-tunes/firmware/obj/helix_dqchan.o
                0x000065cc                xmp3_DequantChannel
 .text          0x0000698c      0xb50 /Users/jeremy/test_fpga/pocket-tunes/firmware/obj/helix_huffman.o
                0x0000698c                xmp3_DecodeHuffman
 .text          0x000074dc        0x0 /Users/jeremy/test_fpga/pocket-tunes/firmware/obj/helix_hufftabs.o
 .text          0x000074dc     0x1610 /Users/jeremy/test_fpga/pocket-tunes/firmware/obj/helix_imdct.o
                0x00007834                xmp3_IMDCT
 .text          0x00008aec     0x1d1c /Users/jeremy/test_fpga/pocket-tunes/firmware/obj/helix_polyphase.o
                0x00008aec                xmp3_PolyphaseMono
                0x000094a4                xmp3_PolyphaseStereo
 .text          0x0000a808      0xaf4 /Users/jeremy/test_fpga/pocket-tunes/firmware/obj/helix_scalfact.o
                0x0000a808                xmp3_UnpackScaleFactors
 .text          0x0000b2fc      0x8c4 /Users/jeremy/test_fpga/pocket-tunes/firmware/obj/helix_stproc.o
                0x0000b2fc                xmp3_MidSideProc
                0x0000b39c                xmp3_IntensityProcMPEG1
                0x0000b84c                xmp3_IntensityProcMPEG2
 .text          0x0000bbc0      0x1b4 /Users/jeremy/test_fpga/pocket-tunes/firmware/obj/helix_subband.o
                0x0000bbc0                xmp3_Subband
 .text          0x0000bd74        0x0 /Users/jeremy/test_fpga/pocket-tunes/firmware/obj/helix_trigtabs.o
 .text          0x0000bd74       0x6c /opt/homebrew/Cellar/riscv64-elf-gcc/16.1.0/lib/gcc/riscv64-elf/16.1.0/rv32im/ilp32/libgcc.a(_clzsi2.o)
                0x0000bd74                __clzsi2
 .text          0x0000bde0      0x4b0 /opt/homebrew/Cellar/riscv64-elf-gcc/16.1.0/lib/gcc/riscv64-elf/16.1.0/rv32im/ilp32/libgcc.a(_udivdi3.o)
                0x0000bde0                __udivdi3
 .text          0x0000c290        0x0 /opt/homebrew/Cellar/riscv64-elf-gcc/16.1.0/lib/gcc/riscv64-elf/16.1.0/rv32im/ilp32/libgcc.a(_clz.o)

.rodata         0x0000c290     0x4968
 *(.rodata*)
 .rodata.str1.4
                0x0000c290      0x23d /Users/jeremy/test_fpga/pocket-tunes/firmware/obj/app_main.o
                                 0xea (size before relaxing)
 *fill*         0x0000c4cd        0x3 
 .rodata        0x0000c4d0     0x1260 /Users/jeremy/test_fpga/pocket-tunes/firmware/obj/app_gfx.o
 .rodata.str1.4
                0x0000d730        0x0 /Users/jeremy/test_fpga/pocket-tunes/firmware/obj/app_lib.o
                                 0x90 (size before relaxing)
 .rodata        0x0000d730       0x14 /Users/jeremy/test_fpga/pocket-tunes/firmware/obj/app_lib.o
 .rodata.str1.4
                0x0000d744        0x0 /Users/jeremy/test_fpga/pocket-tunes/firmware/obj/app_ui.o
                                 0xcd (size before relaxing)
 .rodata        0x0000d744       0x34 /Users/jeremy/test_fpga/pocket-tunes/firmware/obj/app_ui.o
 .rodata        0x0000d778      0x19b /Users/jeremy/test_fpga/pocket-tunes/firmware/obj/app_eq.o
 *fill*         0x0000d913        0x1 
 .rodata        0x0000d914      0x500 /Users/jeremy/test_fpga/pocket-tunes/firmware/obj/helix_mp3tabs.o
                0x0000d914                xmp3_sfBandTable
                0x0000dbb0                xmp3_slotTab
                0x0000dcc0                xmp3_sideBytesTab
                0x0000dccc                xmp3_samplesPerFrameTab
                0x0000dce0                xmp3_bitrateTab
                0x0000ddf0                xmp3_samplerateTab
 .rodata        0x0000de14       0xc0 /Users/jeremy/test_fpga/pocket-tunes/firmware/obj/helix_dct32.o
 .rodata        0x0000ded4       0x16 /Users/jeremy/test_fpga/pocket-tunes/firmware/obj/helix_dqchan.o
 *fill*         0x0000deea        0x2 
 .rodata        0x0000deec     0x22f4 /Users/jeremy/test_fpga/pocket-tunes/firmware/obj/helix_hufftabs.o
                0x0000deec                xmp3_quadTable
                0x0000df3c                xmp3_huffTabLookup
                0x0000e03c                xmp3_huffTabOffset
                0x0000e0bc                xmp3_huffTable
 .rodata        0x000101e0       0x24 /Users/jeremy/test_fpga/pocket-tunes/firmware/obj/helix_imdct.o
 .rodata        0x00010204       0x68 /Users/jeremy/test_fpga/pocket-tunes/firmware/obj/helix_scalfact.o
 .rodata        0x0001026c      0x864 /Users/jeremy/test_fpga/pocket-tunes/firmware/obj/helix_trigtabs.o
                0x0001026c                xmp3_polyCoef
                0x0001068c                xmp3_coef32
                0x00010708                xmp3_csa
                0x00010748                xmp3_ISFIIP
                0x00010758                xmp3_ISFMpeg2
                0x00010858                xmp3_ISFMpeg1
                0x00010890                xmp3_imdctWin
 .rodata        0x00010ad0      0x100 /opt/homebrew/Cellar/riscv64-elf-gcc/16.1.0/lib/gcc/riscv64-elf/16.1.0/rv32im/ilp32/libgcc.a(_clz.o)
                0x00010ad0                __clz_tab
 *(.srodata*)
 .srodata       0x00010bd0        0x8 /Users/jeremy/test_fpga/pocket-tunes/firmware/obj/app_ui.o
 .srodata       0x00010bd8        0x6 /Users/jeremy/test_fpga/pocket-tunes/firmware/obj/helix_mp3tabs.o
                0x00010bd8                xmp3_bitsPerSlotTab
 *fill*         0x00010bde        0x2 
 .srodata       0x00010be0       0x10 /Users/jeremy/test_fpga/pocket-tunes/firmware/obj/helix_hufftabs.o
                0x00010be0                xmp3_quadTabMaxBits
                0x00010be8                xmp3_quadTabOffset
 .srodata       0x00010bf0        0x8 /Users/jeremy/test_fpga/pocket-tunes/firmware/obj/helix_trigtabs.o
                0x00010bf0                xmp3_uniqueIDTab

.eh_frame       0x00010bf8       0x28
 .eh_frame      0x00010bf8       0x28 /opt/homebrew/Cellar/riscv64-elf-gcc/16.1.0/lib/gcc/riscv64-elf/16.1.0/rv32im/ilp32/libgcc.a(_udivdi3.o)

.rela.dyn       0x00010c20        0x0
 .rela.text.init
                0x00010c20        0x0 /Users/jeremy/test_fpga/pocket-tunes/firmware/obj/app_crt0.o

.data           0x00010c20      0x28c
 *(.data*)
 .data          0x00010c20        0x0 /Users/jeremy/test_fpga/pocket-tunes/firmware/obj/app_crt0.o
 .data          0x00010c20        0x0 /Users/jeremy/test_fpga/pocket-tunes/firmware/obj/app_main.o
 .data          0x00010c20        0x0 /Users/jeremy/test_fpga/pocket-tunes/firmware/obj/app_gfx.o
 .data          0x00010c20        0x0 /Users/jeremy/test_fpga/pocket-tunes/firmware/obj/app_lib.o
 .data          0x00010c20        0x0 /Users/jeremy/test_fpga/pocket-tunes/firmware/obj/app_ui.o
 .data          0x00010c20        0x0 /Users/jeremy/test_fpga/pocket-tunes/firmware/obj/app_file.o
 .data          0x00010c20        0x0 /Users/jeremy/test_fpga/pocket-tunes/firmware/obj/app_mp3.o
 .data          0x00010c20        0x0 /Users/jeremy/test_fpga/pocket-tunes/firmware/obj/app_eq.o
 .data          0x00010c20        0x0 /Users/jeremy/test_fpga/pocket-tunes/firmware/obj/helix_mp3dec.o
 .data          0x00010c20        0x0 /Users/jeremy/test_fpga/pocket-tunes/firmware/obj/helix_mp3tabs.o
 .data          0x00010c20        0x0 /Users/jeremy/test_fpga/pocket-tunes/firmware/obj/helix_bitstream.o
 .data          0x00010c20        0x0 /Users/jeremy/test_fpga/pocket-tunes/firmware/obj/helix_buffers.o
 .data          0x00010c20        0x0 /Users/jeremy/test_fpga/pocket-tunes/firmware/obj/helix_dct32.o
 .data          0x00010c20        0x0 /Users/jeremy/test_fpga/pocket-tunes/firmware/obj/helix_dequant.o
 .data          0x00010c20      0x238 /Users/jeremy/test_fpga/pocket-tunes/firmware/obj/helix_dqchan.o
                0x00010c20                poly43lo
                0x00010c34                poly43hi
                0x00010c48                pow43_14
                0x00010d48                pow14
                0x00010d58                pow43
                0x00010e18                pow2frac
                0x00010e38                pow2exp
 .data          0x00010e58        0x0 /Users/jeremy/test_fpga/pocket-tunes/firmware/obj/helix_huffman.o
 .data          0x00010e58        0x0 /Users/jeremy/test_fpga/pocket-tunes/firmware/obj/helix_hufftabs.o
 .data          0x00010e58       0x48 /Users/jeremy/test_fpga/pocket-tunes/firmware/obj/helix_imdct.o
                0x00010e58                fastWin36
 .data          0x00010ea0        0x0 /Users/jeremy/test_fpga/pocket-tunes/firmware/obj/helix_polyphase.o
 .data          0x00010ea0        0x0 /Users/jeremy/test_fpga/pocket-tunes/firmware/obj/helix_scalfact.o
 .data          0x00010ea0        0x0 /Users/jeremy/test_fpga/pocket-tunes/firmware/obj/helix_stproc.o
 .data          0x00010ea0        0x0 /Users/jeremy/test_fpga/pocket-tunes/firmware/obj/helix_subband.o
 .data          0x00010ea0        0x0 /Users/jeremy/test_fpga/pocket-tunes/firmware/obj/helix_trigtabs.o
 .data          0x00010ea0        0x0 /opt/homebrew/Cellar/riscv64-elf-gcc/16.1.0/lib/gcc/riscv64-elf/16.1.0/rv32im/ilp32/libgcc.a(_clzsi2.o)
 .data          0x00010ea0        0x0 /opt/homebrew/Cellar/riscv64-elf-gcc/16.1.0/lib/gcc/riscv64-elf/16.1.0/rv32im/ilp32/libgcc.a(_udivdi3.o)
 .data          0x00010ea0        0x0 /opt/homebrew/Cellar/riscv64-elf-gcc/16.1.0/lib/gcc/riscv64-elf/16.1.0/rv32im/ilp32/libgcc.a(_clz.o)
 *(.sdata*)
 .sdata         0x00010ea0        0xc /Users/jeremy/test_fpga/pocket-tunes/firmware/obj/app_ui.o

.bss            0x00010eb0     0xe2a0
                0x00010eb0                        __bss_start = .
 *(.bss*)
 .bss           0x00010eb0        0x0 /Users/jeremy/test_fpga/pocket-tunes/firmware/obj/app_crt0.o
 .bss           0x00010eb0        0x0 /Users/jeremy/test_fpga/pocket-tunes/firmware/obj/app_main.o
 .bss           0x00010eb0        0x0 /Users/jeremy/test_fpga/pocket-tunes/firmware/obj/app_gfx.o
 .bss           0x00010eb0     0x68c4 /Users/jeremy/test_fpga/pocket-tunes/firmware/obj/app_lib.o
                0x00010ff4                lib_albums
                0x000115f4                lib_artists
                0x00011774                lib_stage
                0x00016374                lib_tracks
 .bss           0x00017774      0x120 /Users/jeremy/test_fpga/pocket-tunes/firmware/obj/app_ui.o
 .bss           0x00017894        0x0 /Users/jeremy/test_fpga/pocket-tunes/firmware/obj/app_file.o
 *fill*         0x00017894        0x4 
 .bss           0x00017898     0x7200 /Users/jeremy/test_fpga/pocket-tunes/firmware/obj/app_mp3.o
 .bss           0x0001ea98      0x612 /Users/jeremy/test_fpga/pocket-tunes/firmware/obj/app_eq.o
                0x0001f098                eq_bars
 .bss           0x0001f0aa        0x0 /Users/jeremy/test_fpga/pocket-tunes/firmware/obj/helix_mp3dec.o
 .bss           0x0001f0aa        0x0 /Users/jeremy/test_fpga/pocket-tunes/firmware/obj/helix_mp3tabs.o
 .bss           0x0001f0aa        0x0 /Users/jeremy/test_fpga/pocket-tunes/firmware/obj/helix_bitstream.o
 .bss           0x0001f0aa        0x0 /Users/jeremy/test_fpga/pocket-tunes/firmware/obj/helix_buffers.o
 .bss           0x0001f0aa        0x0 /Users/jeremy/test_fpga/pocket-tunes/firmware/obj/helix_dct32.o
 .bss           0x0001f0aa        0x0 /Users/jeremy/test_fpga/pocket-tunes/firmware/obj/helix_dequant.o
 .bss           0x0001f0aa        0x0 /Users/jeremy/test_fpga/pocket-tunes/firmware/obj/helix_dqchan.o
 .bss           0x0001f0aa        0x0 /Users/jeremy/test_fpga/pocket-tunes/firmware/obj/helix_huffman.o
 .bss           0x0001f0aa        0x0 /Users/jeremy/test_fpga/pocket-tunes/firmware/obj/helix_hufftabs.o
 .bss           0x0001f0aa        0x0 /Users/jeremy/test_fpga/pocket-tunes/firmware/obj/helix_imdct.o
 .bss           0x0001f0aa        0x0 /Users/jeremy/test_fpga/pocket-tunes/firmware/obj/helix_polyphase.o
 .bss           0x0001f0aa        0x0 /Users/jeremy/test_fpga/pocket-tunes/firmware/obj/helix_scalfact.o
 .bss           0x0001f0aa        0x0 /Users/jeremy/test_fpga/pocket-tunes/firmware/obj/helix_stproc.o
 .bss           0x0001f0aa        0x0 /Users/jeremy/test_fpga/pocket-tunes/firmware/obj/helix_subband.o
 .bss           0x0001f0aa        0x0 /Users/jeremy/test_fpga/pocket-tunes/firmware/obj/helix_trigtabs.o
 .bss           0x0001f0aa        0x0 /opt/homebrew/Cellar/riscv64-elf-gcc/16.1.0/lib/gcc/riscv64-elf/16.1.0/rv32im/ilp32/libgcc.a(_clzsi2.o)
 .bss           0x0001f0aa        0x0 /opt/homebrew/Cellar/riscv64-elf-gcc/16.1.0/lib/gcc/riscv64-elf/16.1.0/rv32im/ilp32/libgcc.a(_udivdi3.o)
 .bss           0x0001f0aa        0x0 /opt/homebrew/Cellar/riscv64-elf-gcc/16.1.0/lib/gcc/riscv64-elf/16.1.0/rv32im/ilp32/libgcc.a(_clz.o)
 *(.sbss*)
 .sbss          0x0001f0aa        0x2 /Users/jeremy/test_fpga/pocket-tunes/firmware/obj/app_main.o
 .sbss          0x0001f0ac       0x28 /Users/jeremy/test_fpga/pocket-tunes/firmware/obj/app_lib.o
                0x0001f0c8                lib_n_tracks
                0x0001f0cc                lib_n_albums
                0x0001f0d0                lib_n_artists
 .sbss          0x0001f0d4       0x3c /Users/jeremy/test_fpga/pocket-tunes/firmware/obj/app_ui.o
 .sbss          0x0001f110       0x3c /Users/jeremy/test_fpga/pocket-tunes/firmware/obj/app_mp3.o
 .sbss          0x0001f14c        0x4 /Users/jeremy/test_fpga/pocket-tunes/firmware/obj/app_eq.o
 *(COMMON)
                0x0001f150                        __bss_end = .
                0x00020000                        _stack_top = (ORIGIN (RAM) + LENGTH (RAM))
OUTPUT(/Users/jeremy/test_fpga/pocket-tunes/firmware/firmware.elf elf32-littleriscv)

.riscv.attributes
                0x00000000       0x2a
 .riscv.attributes
                0x00000000       0x28 /Users/jeremy/test_fpga/pocket-tunes/firmware/obj/app_crt0.o
 .riscv.attributes
                0x00000028       0x2a /Users/jeremy/test_fpga/pocket-tunes/firmware/obj/app_main.o
 .riscv.attributes
                0x00000052       0x2a /Users/jeremy/test_fpga/pocket-tunes/firmware/obj/app_gfx.o
 .riscv.attributes
                0x0000007c       0x2a /Users/jeremy/test_fpga/pocket-tunes/firmware/obj/app_lib.o
 .riscv.attributes
                0x000000a6       0x2a /Users/jeremy/test_fpga/pocket-tunes/firmware/obj/app_ui.o
 .riscv.attributes
                0x000000d0       0x2a /Users/jeremy/test_fpga/pocket-tunes/firmware/obj/app_file.o
 .riscv.attributes
                0x000000fa       0x2a /Users/jeremy/test_fpga/pocket-tunes/firmware/obj/app_mp3.o
 .riscv.attributes
                0x00000124       0x2a /Users/jeremy/test_fpga/pocket-tunes/firmware/obj/app_eq.o
 .riscv.attributes
                0x0000014e       0x2a /Users/jeremy/test_fpga/pocket-tunes/firmware/obj/helix_mp3dec.o
 .riscv.attributes
                0x00000178       0x2a /Users/jeremy/test_fpga/pocket-tunes/firmware/obj/helix_mp3tabs.o
 .riscv.attributes
                0x000001a2       0x2a /Users/jeremy/test_fpga/pocket-tunes/firmware/obj/helix_bitstream.o
 .riscv.attributes
                0x000001cc       0x2a /Users/jeremy/test_fpga/pocket-tunes/firmware/obj/helix_buffers.o
 .riscv.attributes
                0x000001f6       0x2a /Users/jeremy/test_fpga/pocket-tunes/firmware/obj/helix_dct32.o
 .riscv.attributes
                0x00000220       0x2a /Users/jeremy/test_fpga/pocket-tunes/firmware/obj/helix_dequant.o
 .riscv.attributes
                0x0000024a       0x2a /Users/jeremy/test_fpga/pocket-tunes/firmware/obj/helix_dqchan.o
 .riscv.attributes
                0x00000274       0x2a /Users/jeremy/test_fpga/pocket-tunes/firmware/obj/helix_huffman.o
 .riscv.attributes
                0x0000029e       0x2a /Users/jeremy/test_fpga/pocket-tunes/firmware/obj/helix_hufftabs.o
 .riscv.attributes
                0x000002c8       0x2a /Users/jeremy/test_fpga/pocket-tunes/firmware/obj/helix_imdct.o
 .riscv.attributes
                0x000002f2       0x2a /Users/jeremy/test_fpga/pocket-tunes/firmware/obj/helix_polyphase.o
 .riscv.attributes
                0x0000031c       0x2a /Users/jeremy/test_fpga/pocket-tunes/firmware/obj/helix_scalfact.o
 .riscv.attributes
                0x00000346       0x2a /Users/jeremy/test_fpga/pocket-tunes/firmware/obj/helix_stproc.o
 .riscv.attributes
                0x00000370       0x2a /Users/jeremy/test_fpga/pocket-tunes/firmware/obj/helix_subband.o
 .riscv.attributes
                0x0000039a       0x2a /Users/jeremy/test_fpga/pocket-tunes/firmware/obj/helix_trigtabs.o
 .riscv.attributes
                0x000003c4       0x2a /opt/homebrew/Cellar/riscv64-elf-gcc/16.1.0/lib/gcc/riscv64-elf/16.1.0/rv32im/ilp32/libgcc.a(_clzsi2.o)
 .riscv.attributes
                0x000003ee       0x2a /opt/homebrew/Cellar/riscv64-elf-gcc/16.1.0/lib/gcc/riscv64-elf/16.1.0/rv32im/ilp32/libgcc.a(_udivdi3.o)
 .riscv.attributes
                0x00000418       0x2a /opt/homebrew/Cellar/riscv64-elf-gcc/16.1.0/lib/gcc/riscv64-elf/16.1.0/rv32im/ilp32/libgcc.a(_clz.o)

.comment        0x00000000       0x12
 .comment       0x00000000       0x12 /Users/jeremy/test_fpga/pocket-tunes/firmware/obj/app_main.o
                                 0x13 (size before relaxing)
 .comment       0x00000012        0x0 /Users/jeremy/test_fpga/pocket-tunes/firmware/obj/app_gfx.o
                                 0x13 (size before relaxing)
 .comment       0x00000012        0x0 /Users/jeremy/test_fpga/pocket-tunes/firmware/obj/app_lib.o
                                 0x13 (size before relaxing)
 .comment       0x00000012        0x0 /Users/jeremy/test_fpga/pocket-tunes/firmware/obj/app_ui.o
                                 0x13 (size before relaxing)
 .comment       0x00000012        0x0 /Users/jeremy/test_fpga/pocket-tunes/firmware/obj/app_file.o
                                 0x13 (size before relaxing)
 .comment       0x00000012        0x0 /Users/jeremy/test_fpga/pocket-tunes/firmware/obj/app_mp3.o
                                 0x13 (size before relaxing)
 .comment       0x00000012        0x0 /Users/jeremy/test_fpga/pocket-tunes/firmware/obj/app_eq.o
                                 0x13 (size before relaxing)
 .comment       0x00000012        0x0 /Users/jeremy/test_fpga/pocket-tunes/firmware/obj/helix_mp3dec.o
                                 0x13 (size before relaxing)
 .comment       0x00000012        0x0 /Users/jeremy/test_fpga/pocket-tunes/firmware/obj/helix_mp3tabs.o
                                 0x13 (size before relaxing)
 .comment       0x00000012        0x0 /Users/jeremy/test_fpga/pocket-tunes/firmware/obj/helix_bitstream.o
                                 0x13 (size before relaxing)
 .comment       0x00000012        0x0 /Users/jeremy/test_fpga/pocket-tunes/firmware/obj/helix_buffers.o
                                 0x13 (size before relaxing)
 .comment       0x00000012        0x0 /Users/jeremy/test_fpga/pocket-tunes/firmware/obj/helix_dct32.o
                                 0x13 (size before relaxing)
 .comment       0x00000012        0x0 /Users/jeremy/test_fpga/pocket-tunes/firmware/obj/helix_dequant.o
                                 0x13 (size before relaxing)
 .comment       0x00000012        0x0 /Users/jeremy/test_fpga/pocket-tunes/firmware/obj/helix_dqchan.o
                                 0x13 (size before relaxing)
 .comment       0x00000012        0x0 /Users/jeremy/test_fpga/pocket-tunes/firmware/obj/helix_huffman.o
                                 0x13 (size before relaxing)
 .comment       0x00000012        0x0 /Users/jeremy/test_fpga/pocket-tunes/firmware/obj/helix_hufftabs.o
                                 0x13 (size before relaxing)
 .comment       0x00000012        0x0 /Users/jeremy/test_fpga/pocket-tunes/firmware/obj/helix_imdct.o
                                 0x13 (size before relaxing)
 .comment       0x00000012        0x0 /Users/jeremy/test_fpga/pocket-tunes/firmware/obj/helix_polyphase.o
                                 0x13 (size before relaxing)
 .comment       0x00000012        0x0 /Users/jeremy/test_fpga/pocket-tunes/firmware/obj/helix_scalfact.o
                                 0x13 (size before relaxing)
 .comment       0x00000012        0x0 /Users/jeremy/test_fpga/pocket-tunes/firmware/obj/helix_stproc.o
                                 0x13 (size before relaxing)
 .comment       0x00000012        0x0 /Users/jeremy/test_fpga/pocket-tunes/firmware/obj/helix_subband.o
                                 0x13 (size before relaxing)
 .comment       0x00000012        0x0 /Users/jeremy/test_fpga/pocket-tunes/firmware/obj/helix_trigtabs.o
                                 0x13 (size before relaxing)
 .comment       0x00000012        0x0 /opt/homebrew/Cellar/riscv64-elf-gcc/16.1.0/lib/gcc/riscv64-elf/16.1.0/rv32im/ilp32/libgcc.a(_clzsi2.o)
                                 0x13 (size before relaxing)
 .comment       0x00000012        0x0 /opt/homebrew/Cellar/riscv64-elf-gcc/16.1.0/lib/gcc/riscv64-elf/16.1.0/rv32im/ilp32/libgcc.a(_udivdi3.o)
                                 0x13 (size before relaxing)
 .comment       0x00000012        0x0 /opt/homebrew/Cellar/riscv64-elf-gcc/16.1.0/lib/gcc/riscv64-elf/16.1.0/rv32im/ilp32/libgcc.a(_clz.o)
                                 0x13 (size before relaxing)

.note.GNU-stack
                0x00000000        0x0
 .note.GNU-stack
                0x00000000        0x0 /Users/jeremy/test_fpga/pocket-tunes/firmware/obj/app_main.o
 .note.GNU-stack
                0x00000000        0x0 /Users/jeremy/test_fpga/pocket-tunes/firmware/obj/app_gfx.o
 .note.GNU-stack
                0x00000000        0x0 /Users/jeremy/test_fpga/pocket-tunes/firmware/obj/app_lib.o
 .note.GNU-stack
                0x00000000        0x0 /Users/jeremy/test_fpga/pocket-tunes/firmware/obj/app_ui.o
 .note.GNU-stack
                0x00000000        0x0 /Users/jeremy/test_fpga/pocket-tunes/firmware/obj/app_file.o
 .note.GNU-stack
                0x00000000        0x0 /Users/jeremy/test_fpga/pocket-tunes/firmware/obj/app_mp3.o
 .note.GNU-stack
                0x00000000        0x0 /Users/jeremy/test_fpga/pocket-tunes/firmware/obj/app_eq.o
 .note.GNU-stack
                0x00000000        0x0 /Users/jeremy/test_fpga/pocket-tunes/firmware/obj/helix_mp3dec.o
 .note.GNU-stack
                0x00000000        0x0 /Users/jeremy/test_fpga/pocket-tunes/firmware/obj/helix_mp3tabs.o
 .note.GNU-stack
                0x00000000        0x0 /Users/jeremy/test_fpga/pocket-tunes/firmware/obj/helix_bitstream.o
 .note.GNU-stack
                0x00000000        0x0 /Users/jeremy/test_fpga/pocket-tunes/firmware/obj/helix_buffers.o
 .note.GNU-stack
                0x00000000        0x0 /Users/jeremy/test_fpga/pocket-tunes/firmware/obj/helix_dct32.o
 .note.GNU-stack
                0x00000000        0x0 /Users/jeremy/test_fpga/pocket-tunes/firmware/obj/helix_dequant.o
 .note.GNU-stack
                0x00000000        0x0 /Users/jeremy/test_fpga/pocket-tunes/firmware/obj/helix_dqchan.o
 .note.GNU-stack
                0x00000000        0x0 /Users/jeremy/test_fpga/pocket-tunes/firmware/obj/helix_huffman.o
 .note.GNU-stack
                0x00000000        0x0 /Users/jeremy/test_fpga/pocket-tunes/firmware/obj/helix_hufftabs.o
 .note.GNU-stack
                0x00000000        0x0 /Users/jeremy/test_fpga/pocket-tunes/firmware/obj/helix_imdct.o
 .note.GNU-stack
                0x00000000        0x0 /Users/jeremy/test_fpga/pocket-tunes/firmware/obj/helix_polyphase.o
 .note.GNU-stack
                0x00000000        0x0 /Users/jeremy/test_fpga/pocket-tunes/firmware/obj/helix_scalfact.o
 .note.GNU-stack
                0x00000000        0x0 /Users/jeremy/test_fpga/pocket-tunes/firmware/obj/helix_stproc.o
 .note.GNU-stack
                0x00000000        0x0 /Users/jeremy/test_fpga/pocket-tunes/firmware/obj/helix_subband.o
 .note.GNU-stack
                0x00000000        0x0 /Users/jeremy/test_fpga/pocket-tunes/firmware/obj/helix_trigtabs.o
 .note.GNU-stack
                0x00000000        0x0 /opt/homebrew/Cellar/riscv64-elf-gcc/16.1.0/lib/gcc/riscv64-elf/16.1.0/rv32im/ilp32/libgcc.a(_clzsi2.o)
 .note.GNU-stack
                0x00000000        0x0 /opt/homebrew/Cellar/riscv64-elf-gcc/16.1.0/lib/gcc/riscv64-elf/16.1.0/rv32im/ilp32/libgcc.a(_udivdi3.o)
 .note.GNU-stack
                0x00000000        0x0 /opt/homebrew/Cellar/riscv64-elf-gcc/16.1.0/lib/gcc/riscv64-elf/16.1.0/rv32im/ilp32/libgcc.a(_clz.o)

.debug_info     0x00000000      0xa86
 .debug_info    0x00000000      0x15a /opt/homebrew/Cellar/riscv64-elf-gcc/16.1.0/lib/gcc/riscv64-elf/16.1.0/rv32im/ilp32/libgcc.a(_clzsi2.o)
 .debug_info    0x0000015a      0x848 /opt/homebrew/Cellar/riscv64-elf-gcc/16.1.0/lib/gcc/riscv64-elf/16.1.0/rv32im/ilp32/libgcc.a(_udivdi3.o)
 .debug_info    0x000009a2       0xe4 /opt/homebrew/Cellar/riscv64-elf-gcc/16.1.0/lib/gcc/riscv64-elf/16.1.0/rv32im/ilp32/libgcc.a(_clz.o)

.debug_abbrev   0x00000000      0x2f3
 .debug_abbrev  0x00000000       0xd9 /opt/homebrew/Cellar/riscv64-elf-gcc/16.1.0/lib/gcc/riscv64-elf/16.1.0/rv32im/ilp32/libgcc.a(_clzsi2.o)
 .debug_abbrev  0x000000d9      0x1a4 /opt/homebrew/Cellar/riscv64-elf-gcc/16.1.0/lib/gcc/riscv64-elf/16.1.0/rv32im/ilp32/libgcc.a(_udivdi3.o)
 .debug_abbrev  0x0000027d       0x76 /opt/homebrew/Cellar/riscv64-elf-gcc/16.1.0/lib/gcc/riscv64-elf/16.1.0/rv32im/ilp32/libgcc.a(_clz.o)

.debug_loclists
                0x00000000      0xcda
 .debug_loclists
                0x00000000       0x79 /opt/homebrew/Cellar/riscv64-elf-gcc/16.1.0/lib/gcc/riscv64-elf/16.1.0/rv32im/ilp32/libgcc.a(_clzsi2.o)
 .debug_loclists
                0x00000079      0xc61 /opt/homebrew/Cellar/riscv64-elf-gcc/16.1.0/lib/gcc/riscv64-elf/16.1.0/rv32im/ilp32/libgcc.a(_udivdi3.o)

.debug_aranges  0x00000000       0x58
 .debug_aranges
                0x00000000       0x20 /opt/homebrew/Cellar/riscv64-elf-gcc/16.1.0/lib/gcc/riscv64-elf/16.1.0/rv32im/ilp32/libgcc.a(_clzsi2.o)
 .debug_aranges
                0x00000020       0x20 /opt/homebrew/Cellar/riscv64-elf-gcc/16.1.0/lib/gcc/riscv64-elf/16.1.0/rv32im/ilp32/libgcc.a(_udivdi3.o)
 .debug_aranges
                0x00000040       0x18 /opt/homebrew/Cellar/riscv64-elf-gcc/16.1.0/lib/gcc/riscv64-elf/16.1.0/rv32im/ilp32/libgcc.a(_clz.o)

.debug_rnglists
                0x00000000      0x126
 .debug_rnglists
                0x00000000       0x19 /opt/homebrew/Cellar/riscv64-elf-gcc/16.1.0/lib/gcc/riscv64-elf/16.1.0/rv32im/ilp32/libgcc.a(_clzsi2.o)
 .debug_rnglists
                0x00000019      0x10d /opt/homebrew/Cellar/riscv64-elf-gcc/16.1.0/lib/gcc/riscv64-elf/16.1.0/rv32im/ilp32/libgcc.a(_udivdi3.o)

.debug_line     0x00000000      0xbe6
 .debug_line    0x00000000      0x114 /opt/homebrew/Cellar/riscv64-elf-gcc/16.1.0/lib/gcc/riscv64-elf/16.1.0/rv32im/ilp32/libgcc.a(_clzsi2.o)
 .debug_line    0x00000114      0xa89 /opt/homebrew/Cellar/riscv64-elf-gcc/16.1.0/lib/gcc/riscv64-elf/16.1.0/rv32im/ilp32/libgcc.a(_udivdi3.o)
 .debug_line    0x00000b9d       0x49 /opt/homebrew/Cellar/riscv64-elf-gcc/16.1.0/lib/gcc/riscv64-elf/16.1.0/rv32im/ilp32/libgcc.a(_clz.o)

.debug_str      0x00000000      0x27e
 .debug_str     0x00000000      0x27e /opt/homebrew/Cellar/riscv64-elf-gcc/16.1.0/lib/gcc/riscv64-elf/16.1.0/rv32im/ilp32/libgcc.a(_clzsi2.o)
                                0x19a (size before relaxing)
 .debug_str     0x0000027e        0x0 /opt/homebrew/Cellar/riscv64-elf-gcc/16.1.0/lib/gcc/riscv64-elf/16.1.0/rv32im/ilp32/libgcc.a(_udivdi3.o)
                                0x230 (size before relaxing)
 .debug_str     0x0000027e        0x0 /opt/homebrew/Cellar/riscv64-elf-gcc/16.1.0/lib/gcc/riscv64-elf/16.1.0/rv32im/ilp32/libgcc.a(_clz.o)
                                0x17d (size before relaxing)

.debug_line_str
                0x00000000       0xb3
 .debug_line_str
                0x00000000       0xb3 /opt/homebrew/Cellar/riscv64-elf-gcc/16.1.0/lib/gcc/riscv64-elf/16.1.0/rv32im/ilp32/libgcc.a(_clzsi2.o)
                                 0xbd (size before relaxing)
 .debug_line_str
                0x000000b3        0x0 /opt/homebrew/Cellar/riscv64-elf-gcc/16.1.0/lib/gcc/riscv64-elf/16.1.0/rv32im/ilp32/libgcc.a(_udivdi3.o)
                                 0xbd (size before relaxing)
 .debug_line_str
                0x000000b3        0x0 /opt/homebrew/Cellar/riscv64-elf-gcc/16.1.0/lib/gcc/riscv64-elf/16.1.0/rv32im/ilp32/libgcc.a(_clz.o)
                                 0xbd (size before relaxing)

.debug_frame    0x00000000       0x20
 .debug_frame   0x00000000       0x20 /opt/homebrew/Cellar/riscv64-elf-gcc/16.1.0/lib/gcc/riscv64-elf/16.1.0/rv32im/ilp32/libgcc.a(_clzsi2.o)
