Archive member included to satisfy reference by file (symbol)

/opt/homebrew/Cellar/riscv64-elf-gcc/16.1.0/lib/gcc/riscv64-elf/16.1.0/rv32im/ilp32/libgcc.a(_clzsi2.o)
                              /Users/jeremy/test_fpga/pocket-tunes/firmware/obj/app_eq.o (__clzsi2)
/opt/homebrew/Cellar/riscv64-elf-gcc/16.1.0/lib/gcc/riscv64-elf/16.1.0/rv32im/ilp32/libgcc.a(_divdi3.o)
                              /Users/jeremy/test_fpga/pocket-tunes/firmware/obj/opus_opus_multistream_encoder.o (__divdi3)
/opt/homebrew/Cellar/riscv64-elf-gcc/16.1.0/lib/gcc/riscv64-elf/16.1.0/rv32im/ilp32/libgcc.a(_udivdi3.o)
                              /Users/jeremy/test_fpga/pocket-tunes/firmware/obj/app_ui.o (__udivdi3)
/opt/homebrew/Cellar/riscv64-elf-gcc/16.1.0/lib/gcc/riscv64-elf/16.1.0/rv32im/ilp32/libgcc.a(_clz.o)
                              /opt/homebrew/Cellar/riscv64-elf-gcc/16.1.0/lib/gcc/riscv64-elf/16.1.0/rv32im/ilp32/libgcc.a(_clzsi2.o) (__clz_tab)

Merging object attributes


Discarded input sections

 .text          0x00000000        0x0 /Users/jeremy/test_fpga/pocket-tunes/firmware/obj/app_crt0.o
 .data          0x00000000        0x0 /Users/jeremy/test_fpga/pocket-tunes/firmware/obj/app_crt0.o
 .bss           0x00000000        0x0 /Users/jeremy/test_fpga/pocket-tunes/firmware/obj/app_crt0.o
 .text          0x00000000        0x0 /Users/jeremy/test_fpga/pocket-tunes/firmware/obj/app_main.o
 .data          0x00000000        0x0 /Users/jeremy/test_fpga/pocket-tunes/firmware/obj/app_main.o
 .bss           0x00000000        0x0 /Users/jeremy/test_fpga/pocket-tunes/firmware/obj/app_main.o
 .text          0x00000000        0x0 /Users/jeremy/test_fpga/pocket-tunes/firmware/obj/app_gfx.o
 .data          0x00000000        0x0 /Users/jeremy/test_fpga/pocket-tunes/firmware/obj/app_gfx.o
 .bss           0x00000000        0x0 /Users/jeremy/test_fpga/pocket-tunes/firmware/obj/app_gfx.o
 .text.gfx_rect
                0x00000000       0xa8 /Users/jeremy/test_fpga/pocket-tunes/firmware/obj/app_gfx.o
 .text.u32_to_hex
                0x00000000       0x38 /Users/jeremy/test_fpga/pocket-tunes/firmware/obj/app_gfx.o
 .text.labs     0x00000000       0x10 /Users/jeremy/test_fpga/pocket-tunes/firmware/obj/app_gfx.o
 .text.abort    0x00000000        0x4 /Users/jeremy/test_fpga/pocket-tunes/firmware/obj/app_gfx.o
 .text          0x00000000        0x0 /Users/jeremy/test_fpga/pocket-tunes/firmware/obj/app_lib.o
 .data          0x00000000        0x0 /Users/jeremy/test_fpga/pocket-tunes/firmware/obj/app_lib.o
 .bss           0x00000000        0x0 /Users/jeremy/test_fpga/pocket-tunes/firmware/obj/app_lib.o
 .text          0x00000000        0x0 /Users/jeremy/test_fpga/pocket-tunes/firmware/obj/app_chap.o
 .data          0x00000000        0x0 /Users/jeremy/test_fpga/pocket-tunes/firmware/obj/app_chap.o
 .bss           0x00000000        0x0 /Users/jeremy/test_fpga/pocket-tunes/firmware/obj/app_chap.o
 .text.adv      0x00000000       0x14 /Users/jeremy/test_fpga/pocket-tunes/firmware/obj/app_chap.o
 .text.cget     0x00000000       0xcc /Users/jeremy/test_fpga/pocket-tunes/firmware/obj/app_chap.o
 .text.skip_ws  0x00000000       0x5c /Users/jeremy/test_fpga/pocket-tunes/firmware/obj/app_chap.o
 .text.walk     0x00000000      0x5dc /Users/jeremy/test_fpga/pocket-tunes/firmware/obj/app_chap.o
 .text.chap_load
                0x00000000       0x30 /Users/jeremy/test_fpga/pocket-tunes/firmware/obj/app_chap.o
 .text.chap_title
                0x00000000       0x1c /Users/jeremy/test_fpga/pocket-tunes/firmware/obj/app_chap.o
 .text.chap_index_for
                0x00000000       0x44 /Users/jeremy/test_fpga/pocket-tunes/firmware/obj/app_chap.o
 .sbss.c_err    0x00000000        0x4 /Users/jeremy/test_fpga/pocket-tunes/firmware/obj/app_chap.o
 .sbss.c_have   0x00000000        0x4 /Users/jeremy/test_fpga/pocket-tunes/firmware/obj/app_chap.o
 .sbss.c_base   0x00000000        0x4 /Users/jeremy/test_fpga/pocket-tunes/firmware/obj/app_chap.o
 .sbss.c_size   0x00000000        0x4 /Users/jeremy/test_fpga/pocket-tunes/firmware/obj/app_chap.o
 .sbss.c_pos    0x00000000        0x4 /Users/jeremy/test_fpga/pocket-tunes/firmware/obj/app_chap.o
 .bss.chap_start_s
                0x00000000      0x280 /Users/jeremy/test_fpga/pocket-tunes/firmware/obj/app_chap.o
 .sbss.chap_count
                0x00000000        0x4 /Users/jeremy/test_fpga/pocket-tunes/firmware/obj/app_chap.o
 .comment       0x00000000       0x13 /Users/jeremy/test_fpga/pocket-tunes/firmware/obj/app_chap.o
 .note.GNU-stack
                0x00000000        0x0 /Users/jeremy/test_fpga/pocket-tunes/firmware/obj/app_chap.o
 .riscv.attributes
                0x00000000       0x2a /Users/jeremy/test_fpga/pocket-tunes/firmware/obj/app_chap.o
 .text          0x00000000        0x0 /Users/jeremy/test_fpga/pocket-tunes/firmware/obj/app_ui.o
 .data          0x00000000        0x0 /Users/jeremy/test_fpga/pocket-tunes/firmware/obj/app_ui.o
[...]
Memory Configuration

Name             Origin             Length             Attributes
SRAM             0x50000000         0x00040000         xr
RAM              0x00000000         0x00020000         xrw
*default*        0x00000000         0xffffffff

Linker script and memory map

LOAD /Users/jeremy/test_fpga/pocket-tunes/firmware/obj/app_crt0.o
LOAD /Users/jeremy/test_fpga/pocket-tunes/firmware/obj/app_main.o
LOAD /Users/jeremy/test_fpga/pocket-tunes/firmware/obj/app_gfx.o
LOAD /Users/jeremy/test_fpga/pocket-tunes/firmware/obj/app_lib.o
LOAD /Users/jeremy/test_fpga/pocket-tunes/firmware/obj/app_chap.o
LOAD /Users/jeremy/test_fpga/pocket-tunes/firmware/obj/app_ui.o
LOAD /Users/jeremy/test_fpga/pocket-tunes/firmware/obj/app_file.o
LOAD /Users/jeremy/test_fpga/pocket-tunes/firmware/obj/app_mp3.o
LOAD /Users/jeremy/test_fpga/pocket-tunes/firmware/obj/app_eq.o
LOAD /Users/jeremy/test_fpga/pocket-tunes/firmware/obj/app_art.o
LOAD /Users/jeremy/test_fpga/pocket-tunes/firmware/obj/app_ogg.o
LOAD /Users/jeremy/test_fpga/pocket-tunes/firmware/obj/app_opus_play.o
LOAD /Users/jeremy/test_fpga/pocket-tunes/firmware/obj/app_codec.o
LOAD /Users/jeremy/test_fpga/pocket-tunes/firmware/obj/opus_extensions.o
LOAD /Users/jeremy/test_fpga/pocket-tunes/firmware/obj/opus_mapping_matrix.o
LOAD /Users/jeremy/test_fpga/pocket-tunes/firmware/obj/opus_opus.o
LOAD /Users/jeremy/test_fpga/pocket-tunes/firmware/obj/opus_opus_decoder.o
LOAD /Users/jeremy/test_fpga/pocket-tunes/firmware/obj/opus_opus_encoder.o
LOAD /Users/jeremy/test_fpga/pocket-tunes/firmware/obj/opus_opus_multistream.o
LOAD /Users/jeremy/test_fpga/pocket-tunes/firmware/obj/opus_opus_multistream_decoder.o
LOAD /Users/jeremy/test_fpga/pocket-tunes/firmware/obj/opus_opus_multistream_encoder.o
LOAD /Users/jeremy/test_fpga/pocket-tunes/firmware/obj/opus_opus_projection_decoder.o
LOAD /Users/jeremy/test_fpga/pocket-tunes/firmware/obj/opus_opus_projection_encoder.o
LOAD /Users/jeremy/test_fpga/pocket-tunes/firmware/obj/opus_repacketizer.o
LOAD /Users/jeremy/test_fpga/pocket-tunes/firmware/obj/opus_bands.o
LOAD /Users/jeremy/test_fpga/pocket-tunes/firmware/obj/opus_celt.o
LOAD /Users/jeremy/test_fpga/pocket-tunes/firmware/obj/opus_celt_decoder.o
LOAD /Users/jeremy/test_fpga/pocket-tunes/firmware/obj/opus_celt_encoder.o
LOAD /Users/jeremy/test_fpga/pocket-tunes/firmware/obj/opus_celt_lpc.o
LOAD /Users/jeremy/test_fpga/pocket-tunes/firmware/obj/opus_cwrs.o
LOAD /Users/jeremy/test_fpga/pocket-tunes/firmware/obj/opus_entcode.o
LOAD /Users/jeremy/test_fpga/pocket-tunes/firmware/obj/opus_entdec.o
LOAD /Users/jeremy/test_fpga/pocket-tunes/firmware/obj/opus_entenc.o
LOAD /Users/jeremy/test_fpga/pocket-tunes/firmware/obj/opus_kiss_fft.o
LOAD /Users/jeremy/test_fpga/pocket-tunes/firmware/obj/opus_laplace.o
LOAD /Users/jeremy/test_fpga/pocket-tunes/firmware/obj/opus_mathops.o
LOAD /Users/jeremy/test_fpga/pocket-tunes/firmware/obj/opus_mdct.o
LOAD /Users/jeremy/test_fpga/pocket-tunes/firmware/obj/opus_modes.o
LOAD /Users/jeremy/test_fpga/pocket-tunes/firmware/obj/opus_pitch.o
LOAD /Users/jeremy/test_fpga/pocket-tunes/firmware/obj/opus_quant_bands.o
LOAD /Users/jeremy/test_fpga/pocket-tunes/firmware/obj/opus_rate.o
LOAD /Users/jeremy/test_fpga/pocket-tunes/firmware/obj/opus_vq.o
LOAD /Users/jeremy/test_fpga/pocket-tunes/firmware/obj/opus_A2NLSF.o
LOAD /Users/jeremy/test_fpga/pocket-tunes/firmware/obj/opus_CNG.o
LOAD /Users/jeremy/test_fpga/pocket-tunes/firmware/obj/opus_HP_variable_cutoff.o
LOAD /Users/jeremy/test_fpga/pocket-tunes/firmware/obj/opus_LPC_analysis_filter.o
LOAD /Users/jeremy/test_fpga/pocket-tunes/firmware/obj/opus_LPC_fit.o
LOAD /Users/jeremy/test_fpga/pocket-tunes/firmware/obj/opus_LPC_inv_pred_gain.o
LOAD /Users/jeremy/test_fpga/pocket-tunes/firmware/obj/opus_LP_variable_cutoff.o
LOAD /Users/jeremy/test_fpga/pocket-tunes/firmware/obj/opus_NLSF2A.o
LOAD /Users/jeremy/test_fpga/pocket-tunes/firmware/obj/opus_NLSF_VQ.o
LOAD /Users/jeremy/test_fpga/pocket-tunes/firmware/obj/opus_NLSF_VQ_weights_laroia.o
LOAD /Users/jeremy/test_fpga/pocket-tunes/firmware/obj/opus_NLSF_decode.o
LOAD /Users/jeremy/test_fpga/pocket-tunes/firmware/obj/opus_NLSF_del_dec_quant.o
LOAD /Users/jeremy/test_fpga/pocket-tunes/firmware/obj/opus_NLSF_encode.o
LOAD /Users/jeremy/test_fpga/pocket-tunes/firmware/obj/opus_NLSF_stabilize.o
LOAD /Users/jeremy/test_fpga/pocket-tunes/firmware/obj/opus_NLSF_unpack.o
LOAD /Users/jeremy/test_fpga/pocket-tunes/firmware/obj/opus_NSQ.o
LOAD /Users/jeremy/test_fpga/pocket-tunes/firmware/obj/opus_NSQ_del_dec.o
LOAD /Users/jeremy/test_fpga/pocket-tunes/firmware/obj/opus_PLC.o
LOAD /Users/jeremy/test_fpga/pocket-tunes/firmware/obj/opus_VAD.o
LOAD /Users/jeremy/test_fpga/pocket-tunes/firmware/obj/opus_VQ_WMat_EC.o
LOAD /Users/jeremy/test_fpga/pocket-tunes/firmware/obj/opus_ana_filt_bank_1.o
LOAD /Users/jeremy/test_fpga/pocket-tunes/firmware/obj/opus_biquad_alt.o
LOAD /Users/jeremy/test_fpga/pocket-tunes/firmware/obj/opus_bwexpander.o
LOAD /Users/jeremy/test_fpga/pocket-tunes/firmware/obj/opus_bwexpander_32.o
LOAD /Users/jeremy/test_fpga/pocket-tunes/firmware/obj/opus_check_control_input.o
LOAD /Users/jeremy/test_fpga/pocket-tunes/firmware/obj/opus_code_signs.o
LOAD /Users/jeremy/test_fpga/pocket-tunes/firmware/obj/opus_control_SNR.o
LOAD /Users/jeremy/test_fpga/pocket-tunes/firmware/obj/opus_control_audio_bandwidth.o
LOAD /Users/jeremy/test_fpga/pocket-tunes/firmware/obj/opus_control_codec.o
LOAD /Users/jeremy/test_fpga/pocket-tunes/firmware/obj/opus_debug.o
LOAD /Users/jeremy/test_fpga/pocket-tunes/firmware/obj/opus_dec_API.o
LOAD /Users/jeremy/test_fpga/pocket-tunes/firmware/obj/opus_decode_core.o
LOAD /Users/jeremy/test_fpga/pocket-tunes/firmware/obj/opus_decode_frame.o
LOAD /Users/jeremy/test_fpga/pocket-tunes/firmware/obj/opus_decode_indices.o
LOAD /Users/jeremy/test_fpga/pocket-tunes/firmware/obj/opus_decode_parameters.o
LOAD /Users/jeremy/test_fpga/pocket-tunes/firmware/obj/opus_decode_pitch.o
LOAD /Users/jeremy/test_fpga/pocket-tunes/firmware/obj/opus_decode_pulses.o
LOAD /Users/jeremy/test_fpga/pocket-tunes/firmware/obj/opus_decoder_set_fs.o
LOAD /Users/jeremy/test_fpga/pocket-tunes/firmware/obj/opus_enc_API.o
LOAD /Users/jeremy/test_fpga/pocket-tunes/firmware/obj/opus_encode_indices.o
LOAD /Users/jeremy/test_fpga/pocket-tunes/firmware/obj/opus_encode_pulses.o
LOAD /Users/jeremy/test_fpga/pocket-tunes/firmware/obj/opus_gain_quant.o
LOAD /Users/jeremy/test_fpga/pocket-tunes/firmware/obj/opus_init_decoder.o
LOAD /Users/jeremy/test_fpga/pocket-tunes/firmware/obj/opus_init_encoder.o
LOAD /Users/jeremy/test_fpga/pocket-tunes/firmware/obj/opus_inner_prod_aligned.o
LOAD /Users/jeremy/test_fpga/pocket-tunes/firmware/obj/opus_interpolate.o
LOAD /Users/jeremy/test_fpga/pocket-tunes/firmware/obj/opus_lin2log.o
LOAD /Users/jeremy/test_fpga/pocket-tunes/firmware/obj/opus_log2lin.o
LOAD /Users/jeremy/test_fpga/pocket-tunes/firmware/obj/opus_pitch_est_tables.o
LOAD /Users/jeremy/test_fpga/pocket-tunes/firmware/obj/opus_process_NLSFs.o
LOAD /Users/jeremy/test_fpga/pocket-tunes/firmware/obj/opus_quant_LTP_gains.o
LOAD /Users/jeremy/test_fpga/pocket-tunes/firmware/obj/opus_resampler.o
LOAD /Users/jeremy/test_fpga/pocket-tunes/firmware/obj/opus_resampler_down2.o
LOAD /Users/jeremy/test_fpga/pocket-tunes/firmware/obj/opus_resampler_down2_3.o
LOAD /Users/jeremy/test_fpga/pocket-tunes/firmware/obj/opus_resampler_private_AR2.o
LOAD /Users/jeremy/test_fpga/pocket-tunes/firmware/obj/opus_resampler_private_IIR_FIR.o
LOAD /Users/jeremy/test_fpga/pocket-tunes/firmware/obj/opus_resampler_private_down_FIR.o
LOAD /Users/jeremy/test_fpga/pocket-tunes/firmware/obj/opus_resampler_private_up2_HQ.o
LOAD /Users/jeremy/test_fpga/pocket-tunes/firmware/obj/opus_resampler_rom.o
LOAD /Users/jeremy/test_fpga/pocket-tunes/firmware/obj/opus_shell_coder.o
LOAD /Users/jeremy/test_fpga/pocket-tunes/firmware/obj/opus_sigm_Q15.o
LOAD /Users/jeremy/test_fpga/pocket-tunes/firmware/obj/opus_sort.o
LOAD /Users/jeremy/test_fpga/pocket-tunes/firmware/obj/opus_stereo_LR_to_MS.o
LOAD /Users/jeremy/test_fpga/pocket-tunes/firmware/obj/opus_stereo_MS_to_LR.o
LOAD /Users/jeremy/test_fpga/pocket-tunes/firmware/obj/opus_stereo_decode_pred.o
LOAD /Users/jeremy/test_fpga/pocket-tunes/firmware/obj/opus_stereo_encode_pred.o
LOAD /Users/jeremy/test_fpga/pocket-tunes/firmware/obj/opus_stereo_find_predictor.o
LOAD /Users/jeremy/test_fpga/pocket-tunes/firmware/obj/opus_stereo_quant_pred.o
LOAD /Users/jeremy/test_fpga/pocket-tunes/firmware/obj/opus_sum_sqr_shift.o
LOAD /Users/jeremy/test_fpga/pocket-tunes/firmware/obj/opus_table_LSF_cos.o
LOAD /Users/jeremy/test_fpga/pocket-tunes/firmware/obj/opus_tables_LTP.o
LOAD /Users/jeremy/test_fpga/pocket-tunes/firmware/obj/opus_tables_NLSF_CB_NB_MB.o
LOAD /Users/jeremy/test_fpga/pocket-tunes/firmware/obj/opus_tables_NLSF_CB_WB.o
LOAD /Users/jeremy/test_fpga/pocket-tunes/firmware/obj/opus_tables_gain.o
LOAD /Users/jeremy/test_fpga/pocket-tunes/firmware/obj/opus_tables_other.o
LOAD /Users/jeremy/test_fpga/pocket-tunes/firmware/obj/opus_tables_pitch_lag.o
LOAD /Users/jeremy/test_fpga/pocket-tunes/firmware/obj/opus_tables_pulses_per_block.o
LOAD /Users/jeremy/test_fpga/pocket-tunes/firmware/obj/opus_LTP_analysis_filter_FIX.o
LOAD /Users/jeremy/test_fpga/pocket-tunes/firmware/obj/opus_LTP_scale_ctrl_FIX.o
LOAD /Users/jeremy/test_fpga/pocket-tunes/firmware/obj/opus_apply_sine_window_FIX.o
LOAD /Users/jeremy/test_fpga/pocket-tunes/firmware/obj/opus_autocorr_FIX.o
LOAD /Users/jeremy/test_fpga/pocket-tunes/firmware/obj/opus_burg_modified_FIX.o
LOAD /Users/jeremy/test_fpga/pocket-tunes/firmware/obj/opus_corrMatrix_FIX.o
LOAD /Users/jeremy/test_fpga/pocket-tunes/firmware/obj/opus_encode_frame_FIX.o
LOAD /Users/jeremy/test_fpga/pocket-tunes/firmware/obj/opus_find_LPC_FIX.o
LOAD /Users/jeremy/test_fpga/pocket-tunes/firmware/obj/opus_find_LTP_FIX.o
LOAD /Users/jeremy/test_fpga/pocket-tunes/firmware/obj/opus_find_pitch_lags_FIX.o
LOAD /Users/jeremy/test_fpga/pocket-tunes/firmware/obj/opus_find_pred_coefs_FIX.o
LOAD /Users/jeremy/test_fpga/pocket-tunes/firmware/obj/opus_k2a_FIX.o
LOAD /Users/jeremy/test_fpga/pocket-tunes/firmware/obj/opus_k2a_Q16_FIX.o
LOAD /Users/jeremy/test_fpga/pocket-tunes/firmware/obj/opus_noise_shape_analysis_FIX.o
LOAD /Users/jeremy/test_fpga/pocket-tunes/firmware/obj/opus_pitch_analysis_core_FIX.o
LOAD /Users/jeremy/test_fpga/pocket-tunes/firmware/obj/opus_process_gains_FIX.o
LOAD /Users/jeremy/test_fpga/pocket-tunes/firmware/obj/opus_regularize_correlations_FIX.o
LOAD /Users/jeremy/test_fpga/pocket-tunes/firmware/obj/opus_residual_energy16_FIX.o
LOAD /Users/jeremy/test_fpga/pocket-tunes/firmware/obj/opus_residual_energy_FIX.o
LOAD /Users/jeremy/test_fpga/pocket-tunes/firmware/obj/opus_schur64_FIX.o
LOAD /Users/jeremy/test_fpga/pocket-tunes/firmware/obj/opus_schur_FIX.o
LOAD /Users/jeremy/test_fpga/pocket-tunes/firmware/obj/opus_vector_ops_FIX.o
LOAD /Users/jeremy/test_fpga/pocket-tunes/firmware/obj/opus_warped_autocorrelation_FIX.o
LOAD /Users/jeremy/test_fpga/pocket-tunes/firmware/obj/helix_mp3dec.o
LOAD /Users/jeremy/test_fpga/pocket-tunes/firmware/obj/helix_mp3tabs.o
LOAD /Users/jeremy/test_fpga/pocket-tunes/firmware/obj/helix_bitstream.o
LOAD /Users/jeremy/test_fpga/pocket-tunes/firmware/obj/helix_buffers.o
LOAD /Users/jeremy/test_fpga/pocket-tunes/firmware/obj/helix_dct32.o
LOAD /Users/jeremy/test_fpga/pocket-tunes/firmware/obj/helix_dequant.o
LOAD /Users/jeremy/test_fpga/pocket-tunes/firmware/obj/helix_dqchan.o
LOAD /Users/jeremy/test_fpga/pocket-tunes/firmware/obj/helix_huffman.o
LOAD /Users/jeremy/test_fpga/pocket-tunes/firmware/obj/helix_hufftabs.o
LOAD /Users/jeremy/test_fpga/pocket-tunes/firmware/obj/helix_imdct.o
LOAD /Users/jeremy/test_fpga/pocket-tunes/firmware/obj/helix_polyphase.o
LOAD /Users/jeremy/test_fpga/pocket-tunes/firmware/obj/helix_scalfact.o
LOAD /Users/jeremy/test_fpga/pocket-tunes/firmware/obj/helix_stproc.o
LOAD /Users/jeremy/test_fpga/pocket-tunes/firmware/obj/helix_subband.o
LOAD /Users/jeremy/test_fpga/pocket-tunes/firmware/obj/helix_trigtabs.o
LOAD /opt/homebrew/Cellar/riscv64-elf-gcc/16.1.0/lib/gcc/riscv64-elf/16.1.0/rv32im/ilp32/libgcc.a

.text           0x50000000    0x25220
 *(.text.init)
 .text.init     0x50000000       0x5c /Users/jeremy/test_fpga/pocket-tunes/firmware/obj/app_crt0.o
                0x50000000                _start
 *(.text*)
 .text.startup.main
                0x5000005c      0x27c /Users/jeremy/test_fpga/pocket-tunes/firmware/obj/app_main.o
                0x5000005c                main
 .text.utf8_next
                0x500002d8       0x98 /Users/jeremy/test_fpga/pocket-tunes/firmware/obj/app_gfx.o
 .text.draw_glyphs
                0x50000370      0x134 /Users/jeremy/test_fpga/pocket-tunes/firmware/obj/app_gfx.o
 .text.gfx_clear
                0x500004a4       0x28 /Users/jeremy/test_fpga/pocket-tunes/firmware/obj/app_gfx.o
                0x500004a4                gfx_clear
 .text.gfx_fill_rect
                0x500004cc       0x7c /Users/jeremy/test_fpga/pocket-tunes/firmware/obj/app_gfx.o
                0x500004cc                gfx_fill_rect
 .text.gfx_hline
                0x50000548        0xc /Users/jeremy/test_fpga/pocket-tunes/firmware/obj/app_gfx.o
                0x50000548                gfx_hline
 .text.gfx_vline
                0x50000554       0x10 /Users/jeremy/test_fpga/pocket-tunes/firmware/obj/app_gfx.o
                0x50000554                gfx_vline
 .text.gfx_vgrad
                0x50000564       0x88 /Users/jeremy/test_fpga/pocket-tunes/firmware/obj/app_gfx.o
                0x50000564                gfx_vgrad
 .text.gfx_fill_round
                0x500005ec       0xc0 /Users/jeremy/test_fpga/pocket-tunes/firmware/obj/app_gfx.o
                0x500005ec                gfx_fill_round
 .text.gfx_rect_round
                0x500006ac      0x10c /Users/jeremy/test_fpga/pocket-tunes/firmware/obj/app_gfx.o
                0x500006ac                gfx_rect_round
 .text.gfx_text
                0x500007b8       0x3c /Users/jeremy/test_fpga/pocket-tunes/firmware/obj/app_gfx.o
                0x500007b8                gfx_text
 .text.gfx_text_small
                0x500007f4       0x38 /Users/jeremy/test_fpga/pocket-tunes/firmware/obj/app_gfx.o
                0x500007f4                gfx_text_small
 .text.gfx_textn
                0x5000082c       0x2c /Users/jeremy/test_fpga/pocket-tunes/firmware/obj/app_gfx.o
                0x5000082c                gfx_textn
 .text.gfx_textn_small
                0x50000858       0x28 /Users/jeremy/test_fpga/pocket-tunes/firmware/obj/app_gfx.o
                0x50000858                gfx_textn_small
 .text.gfx_text_px_len
                0x50000880       0x74 /Users/jeremy/test_fpga/pocket-tunes/firmware/obj/app_gfx.o
                0x50000880                gfx_text_px_len
 .text.gfx_text_scroll
                0x500008f4      0x16c /Users/jeremy/test_fpga/pocket-tunes/firmware/obj/app_gfx.o
                0x500008f4                gfx_text_scroll
 .text.u32_to_dec
                0x50000a60       0x70 /Users/jeremy/test_fpga/pocket-tunes/firmware/obj/app_gfx.o
                0x50000a60                u32_to_dec
 .text.memcpy   0x50000ad0       0x24 /Users/jeremy/test_fpga/pocket-tunes/firmware/obj/app_gfx.o
                0x50000ad0                memcpy
 .text.memmove  0x50000af4       0x54 /Users/jeremy/test_fpga/pocket-tunes/firmware/obj/app_gfx.o
                0x50000af4                memmove
 .text.memset   0x50000b48       0x1c /Users/jeremy/test_fpga/pocket-tunes/firmware/obj/app_gfx.o
                0x50000b48                memset
 .text.abs      0x50000b64       0x10 /Users/jeremy/test_fpga/pocket-tunes/firmware/obj/app_gfx.o
                0x50000b64                abs
 .text.at_end   0x50000b74       0x28 /Users/jeremy/test_fpga/pocket-tunes/firmware/obj/app_lib.o
 .text.adv      0x50000b9c       0x14 /Users/jeremy/test_fpga/pocket-tunes/firmware/obj/app_lib.o
 .text.key_is   0x50000bb0       0x4c /Users/jeremy/test_fpga/pocket-tunes/firmware/obj/app_lib.o
 .text.pool_tok
                0x50000bfc       0xa0 /Users/jeremy/test_fpga/pocket-tunes/firmware/obj/app_lib.o
 .text.cur      0x50000c9c      0x100 /Users/jeremy/test_fpga/pocket-tunes/firmware/obj/app_lib.o
 .text.skip_ws  0x50000d9c       0x54 /Users/jeremy/test_fpga/pocket-tunes/firmware/obj/app_lib.o
 .text.expect   0x50000df0       0x3c /Users/jeremy/test_fpga/pocket-tunes/firmware/obj/app_lib.o
 .text.parse_uint
                0x50000e2c      0x108 /Users/jeremy/test_fpga/pocket-tunes/firmware/obj/app_lib.o
 .text.peek     0x50000f34       0x2c /Users/jeremy/test_fpga/pocket-tunes/firmware/obj/app_lib.o
 .text.parse_string
                0x50000f60      0x100 /Users/jeremy/test_fpga/pocket-tunes/firmware/obj/app_lib.o
 .text.skip_container
                0x50001060       0xa8 /Users/jeremy/test_fpga/pocket-tunes/firmware/obj/app_lib.o
 .text.skip_value
                0x50001108       0x90 /Users/jeremy/test_fpga/pocket-tunes/firmware/obj/app_lib.o
 .text.parse_track
                0x50001198      0x308 /Users/jeremy/test_fpga/pocket-tunes/firmware/obj/app_lib.o
 .text.parse_track_array
                0x500014a0       0x78 /Users/jeremy/test_fpga/pocket-tunes/firmware/obj/app_lib.o
 .text.lib_str  0x50001518       0x20 /Users/jeremy/test_fpga/pocket-tunes/firmware/obj/app_lib.o
                0x50001518                lib_str
 .text.lib_format_name
                0x50001538       0x30 /Users/jeremy/test_fpga/pocket-tunes/firmware/obj/app_lib.o
                0x50001538                lib_format_name
 .text.lib_fetch_path
                0x50001568       0x78 /Users/jeremy/test_fpga/pocket-tunes/firmware/obj/app_lib.o
                0x50001568                lib_fetch_path
 .text.lib_parse
                0x500015e0      0x4e8 /Users/jeremy/test_fpga/pocket-tunes/firmware/obj/app_lib.o
                0x500015e0                lib_parse
 .text.s_append
                0x50001ac8       0x20 /Users/jeremy/test_fpga/pocket-tunes/firmware/obj/app_ui.o
 .text.clamp_scroll
                0x50001ae8       0x20 /Users/jeremy/test_fpga/pocket-tunes/firmware/obj/app_ui.o
 .text.sel_album
                0x50001b08       0x40 /Users/jeremy/test_fpga/pocket-tunes/firmware/obj/app_ui.o
 .text.minibar_on
                0x50001b48       0x20 /Users/jeremy/test_fpga/pocket-tunes/firmware/obj/app_ui.o
 .text.sb_rows  0x50001b68       0x38 /Users/jeremy/test_fpga/pocket-tunes/firmware/obj/app_ui.o
 .text.start_play
                0x50001ba0       0xe4 /Users/jeremy/test_fpga/pocket-tunes/firmware/obj/app_ui.o
 .text.s_udec   0x50001c84       0x38 /Users/jeremy/test_fpga/pocket-tunes/firmware/obj/app_ui.o
 .text.s_time   0x50001cbc       0x64 /Users/jeremy/test_fpga/pocket-tunes/firmware/obj/app_ui.o
 .text.draw_cover_ph
                0x50001d20       0xec /Users/jeremy/test_fpga/pocket-tunes/firmware/obj/app_ui.o
 .text.render_progress
                0x50001e0c      0x140 /Users/jeremy/test_fpga/pocket-tunes/firmware/obj/app_ui.o
 .text.render_eq
                0x50001f4c       0xec /Users/jeremy/test_fpga/pocket-tunes/firmware/obj/app_ui.o
 .text.render_breadcrumb
                0x50002038      0x158 /Users/jeremy/test_fpga/pocket-tunes/firmware/obj/app_ui.o
 .text.draw_marquee.constprop.0
                0x50002190      0x100 /Users/jeremy/test_fpga/pocket-tunes/firmware/obj/app_ui.o
 .text.render_minibar
                0x50002290      0x17c /Users/jeremy/test_fpga/pocket-tunes/firmware/obj/app_ui.o
 .text.render_title
                0x5000240c       0x74 /Users/jeremy/test_fpga/pocket-tunes/firmware/obj/app_ui.o
 .text.next_rel.isra.0
                0x50002480       0x7c /Users/jeremy/test_fpga/pocket-tunes/firmware/obj/app_ui.o
 .text.level_footer
                0x500024fc      0x11c /Users/jeremy/test_fpga/pocket-tunes/firmware/obj/app_ui.o
 .text.tr_rows  0x50002618       0x34 /Users/jeremy/test_fpga/pocket-tunes/firmware/obj/app_ui.o
 .text.al_rows  0x5000264c       0x34 /Users/jeremy/test_fpga/pocket-tunes/firmware/obj/app_ui.o
 .text.ui_init  0x50002680       0x70 /Users/jeremy/test_fpga/pocket-tunes/firmware/obj/app_ui.o
                0x50002680                ui_init
 .text.ui_input
                0x500026f0      0x450 /Users/jeremy/test_fpga/pocket-tunes/firmware/obj/app_ui.o
                0x500026f0                ui_input
 .text.ui_tick  0x50002b40      0x160 /Users/jeremy/test_fpga/pocket-tunes/firmware/obj/app_ui.o
                0x50002b40                ui_tick
 .text.ui_render_full
                0x50002ca0      0x8f0 /Users/jeremy/test_fpga/pocket-tunes/firmware/obj/app_ui.o
                0x50002ca0                ui_render_full
 .text.ui_render_playing
                0x50003590      0x290 /Users/jeremy/test_fpga/pocket-tunes/firmware/obj/app_ui.o
                0x50003590                ui_render_playing
 .text.ui_get_state
                0x50003820      0x164 /Users/jeremy/test_fpga/pocket-tunes/firmware/obj/app_ui.o
                0x50003820                ui_get_state
 .text.ui_apply_state
                0x50003984      0x2e0 /Users/jeremy/test_fpga/pocket-tunes/firmware/obj/app_ui.o
                0x50003984                ui_apply_state
 .text.tgt_run  0x50003c64       0x6c /Users/jeremy/test_fpga/pocket-tunes/firmware/obj/app_file.o
 .text.dt_word  0x50003cd0       0x60 /Users/jeremy/test_fpga/pocket-tunes/firmware/obj/app_file.o
 .text.file_read
                0x50003d30       0x2c /Users/jeremy/test_fpga/pocket-tunes/firmware/obj/app_file.o
                0x50003d30                file_read
 .text.file_open
                0x50003d5c       0x6c /Users/jeremy/test_fpga/pocket-tunes/firmware/obj/app_file.o
                0x50003d5c                file_open
 .text.file_slot_size
                0x50003dc8       0x68 /Users/jeremy/test_fpga/pocket-tunes/firmware/obj/app_file.o
                0x50003dc8                file_slot_size
 .text.in_compact_and_fill
                0x50003e30      0x118 /Users/jeremy/test_fpga/pocket-tunes/firmware/obj/app_mp3.o
 .text.malloc   0x50003f48       0x3c /Users/jeremy/test_fpga/pocket-tunes/firmware/obj/app_mp3.o
                0x50003f48                malloc
 .text.free     0x50003f84        0x4 /Users/jeremy/test_fpga/pocket-tunes/firmware/obj/app_mp3.o
                0x50003f84                free
 .text.codec_arena_size
                0x50003f88        0xc /Users/jeremy/test_fpga/pocket-tunes/firmware/obj/app_mp3.o
                0x50003f88                codec_arena_size
 .text.mp3_stop
                0x50003f94       0x1c /Users/jeremy/test_fpga/pocket-tunes/firmware/obj/app_mp3.o
                0x50003f94                mp3_stop
 .text.mp3_start
                0x50003fb0      0x210 /Users/jeremy/test_fpga/pocket-tunes/firmware/obj/app_mp3.o
                0x50003fb0                mp3_start
 .text.mp3_set_paused
                0x500041c0        0xc /Users/jeremy/test_fpga/pocket-tunes/firmware/obj/app_mp3.o
                0x500041c0                mp3_set_paused
 .text.mp3_at_eof
                0x500041cc       0x1c /Users/jeremy/test_fpga/pocket-tunes/firmware/obj/app_mp3.o
                0x500041cc                mp3_at_eof
 .text.mp3_pos_seconds
                0x500041e8       0x18 /Users/jeremy/test_fpga/pocket-tunes/firmware/obj/app_mp3.o
                0x500041e8                mp3_pos_seconds
 .text.mp3_seek
                0x50004200       0x9c /Users/jeremy/test_fpga/pocket-tunes/firmware/obj/app_mp3.o
                0x50004200                mp3_seek
 .text.mp3_pump
                0x5000429c      0x37c /Users/jeremy/test_fpga/pocket-tunes/firmware/obj/app_mp3.o
                0x5000429c                mp3_pump
 .text.isin     0x50004618       0x64 /Users/jeremy/test_fpga/pocket-tunes/firmware/obj/app_eq.o
 .text.eq_feed  0x5000467c       0x30 /Users/jeremy/test_fpga/pocket-tunes/firmware/obj/app_eq.o
                0x5000467c                eq_feed
 .text.eq_tick  0x500046ac      0x390 /Users/jeremy/test_fpga/pocket-tunes/firmware/obj/app_eq.o
                0x500046ac                eq_tick
 .text.art_ready
                0x50004a3c        0xc /Users/jeremy/test_fpga/pocket-tunes/firmware/obj/app_art.o
                0x50004a3c                art_ready
 .text.art_load
                0x50004a48      0x1cc /Users/jeremy/test_fpga/pocket-tunes/firmware/obj/app_art.o
                0x50004a48                art_load
 .text.art_draw
                0x50004c14       0x68 /Users/jeremy/test_fpga/pocket-tunes/firmware/obj/app_art.o
                0x50004c14                art_draw
 .text.ogg_finish_packet.isra.0
                0x50004c7c       0x94 /Users/jeremy/test_fpga/pocket-tunes/firmware/obj/app_ogg.o
 .text.ogg_init
                0x50004d10       0x34 /Users/jeremy/test_fpga/pocket-tunes/firmware/obj/app_ogg.o
                0x50004d10                ogg_init
 .text.ogg_push
                0x50004d44      0x314 /Users/jeremy/test_fpga/pocket-tunes/firmware/obj/app_ogg.o
                0x50004d44                ogg_push
 .text.emit_packet
                0x50005058      0x12c /Users/jeremy/test_fpga/pocket-tunes/firmware/obj/app_opus_play.o
 .text.opus_arena_alloc
                0x50005184       0x68 /Users/jeremy/test_fpga/pocket-tunes/firmware/obj/app_opus_play.o
                0x50005184                opus_arena_alloc
 .text.opus_stop
                0x500051ec       0x1c /Users/jeremy/test_fpga/pocket-tunes/firmware/obj/app_opus_play.o
                0x500051ec                opus_stop
 .text.opus_start
                0x50005208      0x118 /Users/jeremy/test_fpga/pocket-tunes/firmware/obj/app_opus_play.o
                0x50005208                opus_start
 .text.opus_set_paused
                0x50005320        0xc /Users/jeremy/test_fpga/pocket-tunes/firmware/obj/app_opus_play.o
                0x50005320                opus_set_paused
 .text.opus_at_eof
                0x5000532c       0x1c /Users/jeremy/test_fpga/pocket-tunes/firmware/obj/app_opus_play.o
                0x5000532c                opus_at_eof
 .text.opus_pos_seconds
                0x50005348       0x18 /Users/jeremy/test_fpga/pocket-tunes/firmware/obj/app_opus_play.o
                0x50005348                opus_pos_seconds
 .text.opus_pump
                0x50005360      0x180 /Users/jeremy/test_fpga/pocket-tunes/firmware/obj/app_opus_play.o
                0x50005360                opus_pump
 .text.opus_seek
                0x500054e0       0xe0 /Users/jeremy/test_fpga/pocket-tunes/firmware/obj/app_opus_play.o
                0x500054e0                opus_seek
 .text.codec_stop
                0x500055c0       0x44 /Users/jeremy/test_fpga/pocket-tunes/firmware/obj/app_codec.o
                0x500055c0                codec_stop
 .text.codec_start
                0x50005604       0x88 /Users/jeremy/test_fpga/pocket-tunes/firmware/obj/app_codec.o
                0x50005604                codec_start
 .text.codec_set_paused
                0x5000568c       0x24 /Users/jeremy/test_fpga/pocket-tunes/firmware/obj/app_codec.o
                0x5000568c                codec_set_paused
 .text.codec_at_eof
                0x500056b0       0x28 /Users/jeremy/test_fpga/pocket-tunes/firmware/obj/app_codec.o
                0x500056b0                codec_at_eof
 .text.codec_pump
                0x500056d8       0x28 /Users/jeremy/test_fpga/pocket-tunes/firmware/obj/app_codec.o
                0x500056d8                codec_pump
 .text.codec_pos_seconds
                0x50005700       0x28 /Users/jeremy/test_fpga/pocket-tunes/firmware/obj/app_codec.o
                0x50005700                codec_pos_seconds
 .text.codec_seek
                0x50005728       0x24 /Users/jeremy/test_fpga/pocket-tunes/firmware/obj/app_codec.o
                0x50005728                codec_seek
 .text.opus_packet_get_samples_per_frame
                0x5000574c       0xc0 /Users/jeremy/test_fpga/pocket-tunes/firmware/obj/opus_opus.o
                0x5000574c                opus_packet_get_samples_per_frame
 .text.opus_packet_parse_impl
                0x5000580c      0x4c0 /Users/jeremy/test_fpga/pocket-tunes/firmware/obj/opus_opus.o
                0x5000580c                opus_packet_parse_impl
 .text.smooth_fade
                0x50005ccc       0xe0 /Users/jeremy/test_fpga/pocket-tunes/firmware/obj/opus_opus_decoder.o
 .text.opus_decode_frame
                0x50005dac      0xf70 /Users/jeremy/test_fpga/pocket-tunes/firmware/obj/opus_opus_decoder.o
 .text.opus_decoder_get_size
                0x50006d1c       0x6c /Users/jeremy/test_fpga/pocket-tunes/firmware/obj/opus_opus_decoder.o
                0x50006d1c                opus_decoder_get_size
 .text.opus_decoder_init
                0x50006d88      0x1ac /Users/jeremy/test_fpga/pocket-tunes/firmware/obj/opus_opus_decoder.o
                0x50006d88                opus_decoder_init
 .text.opus_decode_native
                0x50006f34      0x3a8 /Users/jeremy/test_fpga/pocket-tunes/firmware/obj/opus_opus_decoder.o
                0x50006f34                opus_decode_native
 .text.opus_decode
                0x500072dc       0x38 /Users/jeremy/test_fpga/pocket-tunes/firmware/obj/opus_opus_decoder.o
                0x500072dc                opus_decode
 .text.opus_decoder_ctl
                0x50007314      0x268 /Users/jeremy/test_fpga/pocket-tunes/firmware/obj/opus_opus_decoder.o
                0x50007314                opus_decoder_ctl
 .text.deinterleave_hadamard
                0x5000757c      0x114 /Users/jeremy/test_fpga/pocket-tunes/firmware/obj/opus_bands.o
 .text.special_hybrid_folding.isra.0
                0x50007690       0xb0 /Users/jeremy/test_fpga/pocket-tunes/firmware/obj/opus_bands.o
 .text.quant_band_n1.isra.0
                0x50007740      0x144 /Users/jeremy/test_fpga/pocket-tunes/firmware/obj/opus_bands.o
 .text.intensity_stereo.isra.0
                0x50007884      0x148 /Users/jeremy/test_fpga/pocket-tunes/firmware/obj/opus_bands.o
 .text.celt_lcg_rand
                0x500079cc       0x1c /Users/jeremy/test_fpga/pocket-tunes/firmware/obj/opus_bands.o
                0x500079cc                celt_lcg_rand
 .text.bitexact_log2tan
                0x500079e8       0xd0 /Users/jeremy/test_fpga/pocket-tunes/firmware/obj/opus_bands.o
                0x500079e8                bitexact_log2tan
 .text.compute_theta
                0x50007ab8      0xa24 /Users/jeremy/test_fpga/pocket-tunes/firmware/obj/opus_bands.o
 .text.quant_partition
                0x500084dc      0x6ac /Users/jeremy/test_fpga/pocket-tunes/firmware/obj/opus_bands.o
 .text.denormalise_bands
                0x50008b88      0x2b0 /Users/jeremy/test_fpga/pocket-tunes/firmware/obj/opus_bands.o
                0x50008b88                denormalise_bands
 .text.anti_collapse
                0x50008e38      0x530 /Users/jeremy/test_fpga/pocket-tunes/firmware/obj/opus_bands.o
                0x50008e38                anti_collapse
 .text.haar1    0x50009368       0x80 /Users/jeremy/test_fpga/pocket-tunes/firmware/obj/opus_bands.o
                0x50009368                haar1
 .text.quant_band
                0x500093e8      0x4bc /Users/jeremy/test_fpga/pocket-tunes/firmware/obj/opus_bands.o
 .text.quant_band_stereo
                0x500098a4      0x6f4 /Users/jeremy/test_fpga/pocket-tunes/firmware/obj/opus_bands.o
 .text.quant_all_bands
                0x50009f98     0x1418 /Users/jeremy/test_fpga/pocket-tunes/firmware/obj/opus_bands.o
                0x50009f98                quant_all_bands
 .text.resampling_factor
                0x5000b3b0       0x68 /Users/jeremy/test_fpga/pocket-tunes/firmware/obj/opus_celt.o
                0x5000b3b0                resampling_factor
 .text.comb_filter
                0x5000b418      0x54c /Users/jeremy/test_fpga/pocket-tunes/firmware/obj/opus_celt.o
                0x5000b418                comb_filter
 .text.init_caps
                0x5000b964       0x6c /Users/jeremy/test_fpga/pocket-tunes/firmware/obj/opus_celt.o
                0x5000b964                init_caps
 .text.prefilter_and_fold
                0x5000b9d0      0x1e4 /Users/jeremy/test_fpga/pocket-tunes/firmware/obj/opus_celt_decoder.o
 .text.deemphasis
                0x5000bbb4      0x414 /Users/jeremy/test_fpga/pocket-tunes/firmware/obj/opus_celt_decoder.o
 .text.celt_synthesis
                0x5000bfc8      0x584 /Users/jeremy/test_fpga/pocket-tunes/firmware/obj/opus_celt_decoder.o
 .text.celt_decode_lost
                0x5000c54c      0xec4 /Users/jeremy/test_fpga/pocket-tunes/firmware/obj/opus_celt_decoder.o
 .text.celt_decoder_get_size
                0x5000d410       0x68 /Users/jeremy/test_fpga/pocket-tunes/firmware/obj/opus_celt_decoder.o
                0x5000d410                celt_decoder_get_size
 .text.celt_decode_with_ec_dred
                0x5000d478     0x12cc /Users/jeremy/test_fpga/pocket-tunes/firmware/obj/opus_celt_decoder.o
                0x5000d478                celt_decode_with_ec_dred
 .text.celt_decode_with_ec
                0x5000e744        0x4 /Users/jeremy/test_fpga/pocket-tunes/firmware/obj/opus_celt_decoder.o
                0x5000e744                celt_decode_with_ec
 .text.opus_custom_decoder_ctl
                0x5000e748      0x318 /Users/jeremy/test_fpga/pocket-tunes/firmware/obj/opus_celt_decoder.o
                0x5000e748                opus_custom_decoder_ctl
 .text.celt_decoder_init
                0x5000ea60      0x114 /Users/jeremy/test_fpga/pocket-tunes/firmware/obj/opus_celt_decoder.o
                0x5000ea60                celt_decoder_init
 .text.xcorr_kernel_c
                0x5000eb74      0x288 /Users/jeremy/test_fpga/pocket-tunes/firmware/obj/opus_celt_lpc.o
 .text._celt_lpc
                0x5000edfc      0x468 /Users/jeremy/test_fpga/pocket-tunes/firmware/obj/opus_celt_lpc.o
                0x5000edfc                _celt_lpc
 .text.celt_fir_c
                0x5000f264      0x2b0 /Users/jeremy/test_fpga/pocket-tunes/firmware/obj/opus_celt_lpc.o
                0x5000f264                celt_fir_c
 .text.celt_iir
                0x5000f514      0x400 /Users/jeremy/test_fpga/pocket-tunes/firmware/obj/opus_celt_lpc.o
                0x5000f514                celt_iir
 .text._celt_autocorr
                0x5000f914      0x41c /Users/jeremy/test_fpga/pocket-tunes/firmware/obj/opus_celt_lpc.o
                0x5000f914                _celt_autocorr
 .text.encode_pulses
                0x5000fd30      0x1b0 /Users/jeremy/test_fpga/pocket-tunes/firmware/obj/opus_cwrs.o
                0x5000fd30                encode_pulses
 .text.decode_pulses
                0x5000fee0      0x2d0 /Users/jeremy/test_fpga/pocket-tunes/firmware/obj/opus_cwrs.o
                0x5000fee0                decode_pulses
 .text.ec_tell_frac
                0x500101b0       0x7c /Users/jeremy/test_fpga/pocket-tunes/firmware/obj/opus_entcode.o
                0x500101b0                ec_tell_frac
 .text.ec_dec_normalize
                0x5001022c       0x84 /Users/jeremy/test_fpga/pocket-tunes/firmware/obj/opus_entdec.o
 .text.ec_dec_init
                0x500102b0       0x58 /Users/jeremy/test_fpga/pocket-tunes/firmware/obj/opus_entdec.o
                0x500102b0                ec_dec_init
 .text.ec_decode
                0x50010308       0x30 /Users/jeremy/test_fpga/pocket-tunes/firmware/obj/opus_entdec.o
                0x50010308                ec_decode
 .text.ec_decode_bin
                0x50010338       0x38 /Users/jeremy/test_fpga/pocket-tunes/firmware/obj/opus_entdec.o
                0x50010338                ec_decode_bin
 .text.ec_dec_update
                0x50010370       0x3c /Users/jeremy/test_fpga/pocket-tunes/firmware/obj/opus_entdec.o
                0x50010370                ec_dec_update
 .text.ec_dec_bit_logp
                0x500103ac       0x48 /Users/jeremy/test_fpga/pocket-tunes/firmware/obj/opus_entdec.o
                0x500103ac                ec_dec_bit_logp
 .text.ec_dec_icdf
                0x500103f4       0x5c /Users/jeremy/test_fpga/pocket-tunes/firmware/obj/opus_entdec.o
                0x500103f4                ec_dec_icdf
 .text.ec_dec_bits
                0x50010450       0x9c /Users/jeremy/test_fpga/pocket-tunes/firmware/obj/opus_entdec.o
                0x50010450                ec_dec_bits
 .text.ec_dec_uint
                0x500104ec      0x194 /Users/jeremy/test_fpga/pocket-tunes/firmware/obj/opus_entdec.o
                0x500104ec                ec_dec_uint
 .text.ec_enc_carry_out.part.0
                0x50010680       0xa8 /Users/jeremy/test_fpga/pocket-tunes/firmware/obj/opus_entenc.o
 .text.ec_encode
                0x50010728       0xd0 /Users/jeremy/test_fpga/pocket-tunes/firmware/obj/opus_entenc.o
                0x50010728                ec_encode
 .text.ec_enc_bit_logp
                0x500107f8       0xb4 /Users/jeremy/test_fpga/pocket-tunes/firmware/obj/opus_entenc.o
                0x500107f8                ec_enc_bit_logp
 .text.ec_enc_bits
                0x500108ac       0xa8 /Users/jeremy/test_fpga/pocket-tunes/firmware/obj/opus_entenc.o
                0x500108ac                ec_enc_bits
 .text.ec_enc_uint
                0x50010954       0xb4 /Users/jeremy/test_fpga/pocket-tunes/firmware/obj/opus_entenc.o
                0x50010954                ec_enc_uint
 .text.opus_fft_impl
                0x50010a08     0x1034 /Users/jeremy/test_fpga/pocket-tunes/firmware/obj/opus_kiss_fft.o
                0x50010a08                opus_fft_impl
 .text.ec_laplace_decode
                0x50011a3c      0x100 /Users/jeremy/test_fpga/pocket-tunes/firmware/obj/opus_laplace.o
                0x50011a3c                ec_laplace_decode
 .text.isqrt32  0x50011b3c       0x64 /Users/jeremy/test_fpga/pocket-tunes/firmware/obj/opus_mathops.o
                0x50011b3c                isqrt32
 .text.celt_rsqrt_norm
                0x50011ba0       0xa8 /Users/jeremy/test_fpga/pocket-tunes/firmware/obj/opus_mathops.o
                0x50011ba0                celt_rsqrt_norm
 .text.celt_sqrt
                0x50011c48      0x110 /Users/jeremy/test_fpga/pocket-tunes/firmware/obj/opus_mathops.o
                0x50011c48                celt_sqrt
 .text.celt_cos_norm
                0x50011d58      0x194 /Users/jeremy/test_fpga/pocket-tunes/firmware/obj/opus_mathops.o
                0x50011d58                celt_cos_norm
 .text.celt_rcp
                0x50011eec      0x11c /Users/jeremy/test_fpga/pocket-tunes/firmware/obj/opus_mathops.o
                0x50011eec                celt_rcp
 .text.frac_div32
                0x50012008      0x144 /Users/jeremy/test_fpga/pocket-tunes/firmware/obj/opus_mathops.o
                0x50012008                frac_div32
 .text.clt_mdct_backward_c
                0x5001214c      0x3f0 /Users/jeremy/test_fpga/pocket-tunes/firmware/obj/opus_mdct.o
                0x5001214c                clt_mdct_backward_c
 .text.opus_custom_mode_create
                0x5001253c       0x60 /Users/jeremy/test_fpga/pocket-tunes/firmware/obj/opus_modes.o
                0x5001253c                opus_custom_mode_create
 .text.find_best_pitch
                0x5001259c      0x204 /Users/jeremy/test_fpga/pocket-tunes/firmware/obj/opus_pitch.o
 .text.pitch_downsample
                0x500127a0      0x484 /Users/jeremy/test_fpga/pocket-tunes/firmware/obj/opus_pitch.o
                0x500127a0                pitch_downsample
 .text.celt_pitch_xcorr_c
                0x50012c24      0x384 /Users/jeremy/test_fpga/pocket-tunes/firmware/obj/opus_pitch.o
                0x50012c24                celt_pitch_xcorr_c
 .text.pitch_search
                0x50012fa8      0x4ac /Users/jeremy/test_fpga/pocket-tunes/firmware/obj/opus_pitch.o
                0x50012fa8                pitch_search
 .text.unquant_coarse_energy
                0x50013454      0x278 /Users/jeremy/test_fpga/pocket-tunes/firmware/obj/opus_quant_bands.o
                0x50013454                unquant_coarse_energy
 .text.unquant_fine_energy
                0x500136cc       0xd8 /Users/jeremy/test_fpga/pocket-tunes/firmware/obj/opus_quant_bands.o
                0x500136cc                unquant_fine_energy
 .text.unquant_energy_finalise
                0x500137a4      0x1c4 /Users/jeremy/test_fpga/pocket-tunes/firmware/obj/opus_quant_bands.o
                0x500137a4                unquant_energy_finalise
 .text.clt_compute_allocation
                0x50013968      0xe1c /Users/jeremy/test_fpga/pocket-tunes/firmware/obj/opus_rate.o
                0x50013968                clt_compute_allocation
 .text.exp_rotation1
                0x50014784       0xdc /Users/jeremy/test_fpga/pocket-tunes/firmware/obj/opus_vq.o
 .text.normalise_residual
                0x50014860       0xe8 /Users/jeremy/test_fpga/pocket-tunes/firmware/obj/opus_vq.o
 .text.exp_rotation.part.0
                0x50014948      0x26c /Users/jeremy/test_fpga/pocket-tunes/firmware/obj/opus_vq.o
 .text.op_pvq_search_c
                0x50014bb4      0x38c /Users/jeremy/test_fpga/pocket-tunes/firmware/obj/opus_vq.o
                0x50014bb4                op_pvq_search_c
 .text.alg_quant
                0x50014f40      0x1dc /Users/jeremy/test_fpga/pocket-tunes/firmware/obj/opus_vq.o
                0x50014f40                alg_quant
 .text.alg_unquant
                0x5001511c      0x130 /Users/jeremy/test_fpga/pocket-tunes/firmware/obj/opus_vq.o
                0x5001511c                alg_unquant
 .text.renormalise_vector
                0x5001524c      0x104 /Users/jeremy/test_fpga/pocket-tunes/firmware/obj/opus_vq.o
                0x5001524c                renormalise_vector
 .text.stereo_itheta
                0x50015350      0x2dc /Users/jeremy/test_fpga/pocket-tunes/firmware/obj/opus_vq.o
                0x50015350                stereo_itheta
 .text.silk_CNG_Reset
                0x5001562c       0x60 /Users/jeremy/test_fpga/pocket-tunes/firmware/obj/opus_CNG.o
                0x5001562c                silk_CNG_Reset
 .text.silk_CNG
                0x5001568c      0xa3c /Users/jeremy/test_fpga/pocket-tunes/firmware/obj/opus_CNG.o
                0x5001568c                silk_CNG
 .text.silk_LPC_analysis_filter
                0x500160c8      0x168 /Users/jeremy/test_fpga/pocket-tunes/firmware/obj/opus_LPC_analysis_filter.o
                0x500160c8                silk_LPC_analysis_filter
 .text.silk_LPC_fit
                0x50016230      0x25c /Users/jeremy/test_fpga/pocket-tunes/firmware/obj/opus_LPC_fit.o
                0x50016230                silk_LPC_fit
 .text.silk_LPC_inverse_pred_gain_c
                0x5001648c      0x474 /Users/jeremy/test_fpga/pocket-tunes/firmware/obj/opus_LPC_inv_pred_gain.o
                0x5001648c                silk_LPC_inverse_pred_gain_c
 .text.silk_NLSF2A
                0x50016900      0x3e8 /Users/jeremy/test_fpga/pocket-tunes/firmware/obj/opus_NLSF2A.o
                0x50016900                silk_NLSF2A
 .text.silk_NLSF_decode
                0x50016ce8      0x190 /Users/jeremy/test_fpga/pocket-tunes/firmware/obj/opus_NLSF_decode.o
                0x50016ce8                silk_NLSF_decode
 .text.silk_NLSF_stabilize
                0x50016e78      0x350 /Users/jeremy/test_fpga/pocket-tunes/firmware/obj/opus_NLSF_stabilize.o
                0x50016e78                silk_NLSF_stabilize
 .text.silk_NLSF_unpack
                0x500171c8       0xb8 /Users/jeremy/test_fpga/pocket-tunes/firmware/obj/opus_NLSF_unpack.o
                0x500171c8                silk_NLSF_unpack
 .text.silk_PLC_Reset
                0x50017280       0x34 /Users/jeremy/test_fpga/pocket-tunes/firmware/obj/opus_PLC.o
                0x50017280                silk_PLC_Reset
 .text.silk_PLC
                0x500172b4      0xf00 /Users/jeremy/test_fpga/pocket-tunes/firmware/obj/opus_PLC.o
                0x500172b4                silk_PLC
 .text.silk_PLC_glue_frames
                0x500181b4      0x298 /Users/jeremy/test_fpga/pocket-tunes/firmware/obj/opus_PLC.o
                0x500181b4                silk_PLC_glue_frames
 .text.silk_bwexpander
                0x5001844c       0x78 /Users/jeremy/test_fpga/pocket-tunes/firmware/obj/opus_bwexpander.o
                0x5001844c                silk_bwexpander
 .text.silk_bwexpander_32
                0x500184c4       0xcc /Users/jeremy/test_fpga/pocket-tunes/firmware/obj/opus_bwexpander_32.o
                0x500184c4                silk_bwexpander_32
 .text.silk_decode_signs
                0x50018590      0x12c /Users/jeremy/test_fpga/pocket-tunes/firmware/obj/opus_code_signs.o
                0x50018590                silk_decode_signs
 .text.silk_Get_Decoder_Size
                0x500186bc       0x14 /Users/jeremy/test_fpga/pocket-tunes/firmware/obj/opus_dec_API.o
                0x500186bc                silk_Get_Decoder_Size
 .text.silk_ResetDecoder
                0x500186d0       0x70 /Users/jeremy/test_fpga/pocket-tunes/firmware/obj/opus_dec_API.o
                0x500186d0                silk_ResetDecoder
 .text.silk_InitDecoder
                0x50018740       0x70 /Users/jeremy/test_fpga/pocket-tunes/firmware/obj/opus_dec_API.o
                0x50018740                silk_InitDecoder
 .text.silk_Decode
                0x500187b0      0xce0 /Users/jeremy/test_fpga/pocket-tunes/firmware/obj/opus_dec_API.o
                0x500187b0                silk_Decode
 .text.silk_decode_core
                0x50019490      0xce0 /Users/jeremy/test_fpga/pocket-tunes/firmware/obj/opus_decode_core.o
                0x50019490                silk_decode_core
 .text.silk_decode_frame
                0x5001a170      0x250 /Users/jeremy/test_fpga/pocket-tunes/firmware/obj/opus_decode_frame.o
                0x5001a170                silk_decode_frame
 .text.silk_decode_indices
                0x5001a3c0      0x410 /Users/jeremy/test_fpga/pocket-tunes/firmware/obj/opus_decode_indices.o
                0x5001a3c0                silk_decode_indices
 .text.silk_decode_parameters
                0x5001a7d0      0x298 /Users/jeremy/test_fpga/pocket-tunes/firmware/obj/opus_decode_parameters.o
                0x5001a7d0                silk_decode_parameters
 .text.silk_decode_pitch
                0x5001aa68      0x108 /Users/jeremy/test_fpga/pocket-tunes/firmware/obj/opus_decode_pitch.o
                0x5001aa68                silk_decode_pitch
 .text.silk_decode_pulses
                0x5001ab70      0x268 /Users/jeremy/test_fpga/pocket-tunes/firmware/obj/opus_decode_pulses.o
                0x5001ab70                silk_decode_pulses
 .text.silk_decoder_set_fs
                0x5001add8      0x278 /Users/jeremy/test_fpga/pocket-tunes/firmware/obj/opus_decoder_set_fs.o
                0x5001add8                silk_decoder_set_fs
 .text.silk_gains_dequant
                0x5001b050      0x128 /Users/jeremy/test_fpga/pocket-tunes/firmware/obj/opus_gain_quant.o
                0x5001b050                silk_gains_dequant
 .text.silk_reset_decoder
                0x5001b178       0x68 /Users/jeremy/test_fpga/pocket-tunes/firmware/obj/opus_init_decoder.o
                0x5001b178                silk_reset_decoder
 .text.silk_init_decoder
                0x5001b1e0       0x78 /Users/jeremy/test_fpga/pocket-tunes/firmware/obj/opus_init_decoder.o
                0x5001b1e0                silk_init_decoder
 .text.silk_log2lin
                0x5001b258       0x80 /Users/jeremy/test_fpga/pocket-tunes/firmware/obj/opus_log2lin.o
                0x5001b258                silk_log2lin
 .text.silk_resampler_init
                0x5001b2d8      0x3c4 /Users/jeremy/test_fpga/pocket-tunes/firmware/obj/opus_resampler.o
                0x5001b2d8                silk_resampler_init
 .text.silk_resampler
                0x5001b69c      0x190 /Users/jeremy/test_fpga/pocket-tunes/firmware/obj/opus_resampler.o
                0x5001b69c                silk_resampler
 .text.silk_resampler_private_AR2
                0x5001b82c       0x78 /Users/jeremy/test_fpga/pocket-tunes/firmware/obj/opus_resampler_private_AR2.o
                0x5001b82c                silk_resampler_private_AR2
 .text.silk_resampler_private_IIR_FIR
                0x5001b8a4      0x21c /Users/jeremy/test_fpga/pocket-tunes/firmware/obj/opus_resampler_private_IIR_FIR.o
                0x5001b8a4                silk_resampler_private_IIR_FIR
 .text.silk_resampler_private_down_FIR
                0x5001bac0      0xaf4 /Users/jeremy/test_fpga/pocket-tunes/firmware/obj/opus_resampler_private_down_FIR.o
                0x5001bac0                silk_resampler_private_down_FIR
 .text.silk_resampler_private_up2_HQ
                0x5001c5b4      0x260 /Users/jeremy/test_fpga/pocket-tunes/firmware/obj/opus_resampler_private_up2_HQ.o
                0x5001c5b4                silk_resampler_private_up2_HQ
 .text.silk_resampler_private_up2_HQ_wrapper
                0x5001c814        0x4 /Users/jeremy/test_fpga/pocket-tunes/firmware/obj/opus_resampler_private_up2_HQ.o
                0x5001c814                silk_resampler_private_up2_HQ_wrapper
 .text.silk_shell_decoder
                0x5001c818      0x510 /Users/jeremy/test_fpga/pocket-tunes/firmware/obj/opus_shell_coder.o
                0x5001c818                silk_shell_decoder
 .text.silk_insertion_sort_increasing_all_values_int16
                0x5001cd28       0x48 /Users/jeremy/test_fpga/pocket-tunes/firmware/obj/opus_sort.o
                0x5001cd28                silk_insertion_sort_increasing_all_values_int16
 .text.silk_stereo_MS_to_LR
                0x5001cd70      0x310 /Users/jeremy/test_fpga/pocket-tunes/firmware/obj/opus_stereo_MS_to_LR.o
                0x5001cd70                silk_stereo_MS_to_LR
 .text.silk_stereo_decode_pred
                0x5001d080      0x17c /Users/jeremy/test_fpga/pocket-tunes/firmware/obj/opus_stereo_decode_pred.o
                0x5001d080                silk_stereo_decode_pred
 .text.silk_stereo_decode_mid_only
                0x5001d1fc       0x34 /Users/jeremy/test_fpga/pocket-tunes/firmware/obj/opus_stereo_decode_pred.o
                0x5001d1fc                silk_stereo_decode_mid_only
 .text.silk_sum_sqr_shift
                0x5001d230      0x1f8 /Users/jeremy/test_fpga/pocket-tunes/firmware/obj/opus_sum_sqr_shift.o
                0x5001d230                silk_sum_sqr_shift
 .text.MP3InitDecoder
                0x5001d428        0x4 /Users/jeremy/test_fpga/pocket-tunes/firmware/obj/helix_mp3dec.o
                0x5001d428                MP3InitDecoder
 .text.MP3FindSyncWord
                0x5001d42c       0x4c /Users/jeremy/test_fpga/pocket-tunes/firmware/obj/helix_mp3dec.o
                0x5001d42c                MP3FindSyncWord
 .text.MP3GetLastFrameInfo
                0x5001d478       0x9c /Users/jeremy/test_fpga/pocket-tunes/firmware/obj/helix_mp3dec.o
                0x5001d478                MP3GetLastFrameInfo
 .text.MP3Decode
                0x5001d514      0x610 /Users/jeremy/test_fpga/pocket-tunes/firmware/obj/helix_mp3dec.o
                0x5001d514                MP3Decode
 .text.xmp3_SetBitstreamPointer
                0x5001db24       0x14 /Users/jeremy/test_fpga/pocket-tunes/firmware/obj/helix_bitstream.o
                0x5001db24                xmp3_SetBitstreamPointer
 .text.xmp3_GetBits
                0x5001db38      0x11c /Users/jeremy/test_fpga/pocket-tunes/firmware/obj/helix_bitstream.o
                0x5001db38                xmp3_GetBits
 .text.xmp3_CalcBitsUsed
                0x5001dc54       0x1c /Users/jeremy/test_fpga/pocket-tunes/firmware/obj/helix_bitstream.o
                0x5001dc54                xmp3_CalcBitsUsed
 .text.xmp3_CheckPadBit
                0x5001dc70       0x20 /Users/jeremy/test_fpga/pocket-tunes/firmware/obj/helix_bitstream.o
                0x5001dc70                xmp3_CheckPadBit
 .text.xmp3_UnpackFrameHeader
                0x5001dc90      0x2e8 /Users/jeremy/test_fpga/pocket-tunes/firmware/obj/helix_bitstream.o
                0x5001dc90                xmp3_UnpackFrameHeader
 .text.xmp3_UnpackSideInfo
                0x5001df78      0x3f0 /Users/jeremy/test_fpga/pocket-tunes/firmware/obj/helix_bitstream.o
                0x5001df78                xmp3_UnpackSideInfo
 .text.xmp3_FreeBuffers
                0x5001e368       0x9c /Users/jeremy/test_fpga/pocket-tunes/firmware/obj/helix_buffers.o
                0x5001e368                xmp3_FreeBuffers
 .text.xmp3_AllocateBuffers
                0x5001e404      0x230 /Users/jeremy/test_fpga/pocket-tunes/firmware/obj/helix_buffers.o
                0x5001e404                xmp3_AllocateBuffers
 .text.xmp3_FDCT32
                0x5001e634      0x8d4 /Users/jeremy/test_fpga/pocket-tunes/firmware/obj/helix_dct32.o
                0x5001e634                xmp3_FDCT32
 .text.xmp3_Dequantize
                0x5001ef08      0x3f0 /Users/jeremy/test_fpga/pocket-tunes/firmware/obj/helix_dequant.o
                0x5001ef08                xmp3_Dequantize
 .text.DequantBlock
                0x5001f2f8      0x264 /Users/jeremy/test_fpga/pocket-tunes/firmware/obj/helix_dqchan.o
 .text.xmp3_DequantChannel
                0x5001f55c      0x3c0 /Users/jeremy/test_fpga/pocket-tunes/firmware/obj/helix_dqchan.o
                0x5001f55c                xmp3_DequantChannel
 .text.xmp3_DecodeHuffman
                0x5001f91c      0xb50 /Users/jeremy/test_fpga/pocket-tunes/firmware/obj/helix_huffman.o
                0x5001f91c                xmp3_DecodeHuffman
 .text.FreqInvertRescale
                0x5002046c      0x1c4 /Users/jeremy/test_fpga/pocket-tunes/firmware/obj/helix_imdct.o
 .text.WinPrevious
                0x50020630      0x194 /Users/jeremy/test_fpga/pocket-tunes/firmware/obj/helix_imdct.o
 .text.xmp3_IMDCT
                0x500207c4     0x12b8 /Users/jeremy/test_fpga/pocket-tunes/firmware/obj/helix_imdct.o
                0x500207c4                xmp3_IMDCT
 .text.xmp3_PolyphaseMono
                0x50021a7c      0x9b8 /Users/jeremy/test_fpga/pocket-tunes/firmware/obj/helix_polyphase.o
                0x50021a7c                xmp3_PolyphaseMono
 .text.xmp3_PolyphaseStereo
                0x50022434     0x1364 /Users/jeremy/test_fpga/pocket-tunes/firmware/obj/helix_polyphase.o
                0x50022434                xmp3_PolyphaseStereo
 .text.xmp3_UnpackScaleFactors
                0x50023798      0xaf4 /Users/jeremy/test_fpga/pocket-tunes/firmware/obj/helix_scalfact.o
                0x50023798                xmp3_UnpackScaleFactors
 .text.xmp3_MidSideProc
                0x5002428c       0xa0 /Users/jeremy/test_fpga/pocket-tunes/firmware/obj/helix_stproc.o
                0x5002428c                xmp3_MidSideProc
 .text.xmp3_IntensityProcMPEG1
                0x5002432c      0x4b0 /Users/jeremy/test_fpga/pocket-tunes/firmware/obj/helix_stproc.o
                0x5002432c                xmp3_IntensityProcMPEG1
 .text.xmp3_IntensityProcMPEG2
                0x500247dc      0x374 /Users/jeremy/test_fpga/pocket-tunes/firmware/obj/helix_stproc.o
                0x500247dc                xmp3_IntensityProcMPEG2
 .text.xmp3_Subband
                0x50024b50      0x1b4 /Users/jeremy/test_fpga/pocket-tunes/firmware/obj/helix_subband.o
                0x50024b50                xmp3_Subband
 .text          0x50024d04       0x6c /opt/homebrew/Cellar/riscv64-elf-gcc/16.1.0/lib/gcc/riscv64-elf/16.1.0/rv32im/ilp32/libgcc.a(_clzsi2.o)
                0x50024d04                __clzsi2
 .text          0x50024d70      0x4b0 /opt/homebrew/Cellar/riscv64-elf-gcc/16.1.0/lib/gcc/riscv64-elf/16.1.0/rv32im/ilp32/libgcc.a(_udivdi3.o)
                0x50024d70                __udivdi3

.sramdata
 *(.sram.rodata*)

.rodata         0x00000000     0x9938 load address 0x50025220
                0x00000000                        __fast_start = .
 *(.rodata*)
 .rodata.main.str1.4
                0x00000000      0x284 /Users/jeremy/test_fpga/pocket-tunes/firmware/obj/app_main.o
                                 0xea (size before relaxing)
 .rodata.fontsmall
                0x00000284      0x5f8 /Users/jeremy/test_fpga/pocket-tunes/firmware/obj/app_gfx.o
 .rodata.fontmain
                0x0000087c      0x9b3 /Users/jeremy/test_fpga/pocket-tunes/firmware/obj/app_gfx.o
 .rodata.parse_track.str1.4
                0x0000122f        0x0 /Users/jeremy/test_fpga/pocket-tunes/firmware/obj/app_lib.o
                                 0x61 (size before relaxing)
 .rodata.lib_format_name.str1.4
                0x0000122f        0x0 /Users/jeremy/test_fpga/pocket-tunes/firmware/obj/app_lib.o
                                  0x2 (size before relaxing)
 .rodata.lib_parse.str1.4
                0x0000122f        0x0 /Users/jeremy/test_fpga/pocket-tunes/firmware/obj/app_lib.o
                                 0x3f (size before relaxing)
 *fill*         0x0000122f        0x1 
 .rodata.CSWTCH.113
                0x00001230       0x14 /Users/jeremy/test_fpga/pocket-tunes/firmware/obj/app_lib.o
 .rodata.render_breadcrumb.str1.4
                0x00001244        0x0 /Users/jeremy/test_fpga/pocket-tunes/firmware/obj/app_ui.o
                                  0x2 (size before relaxing)
 .rodata.render_minibar.str1.4
                0x00001244        0x0 /Users/jeremy/test_fpga/pocket-tunes/firmware/obj/app_ui.o
                                  0x7 (size before relaxing)
 .rodata.level_footer.str1.4
                0x00001244        0x0 /Users/jeremy/test_fpga/pocket-tunes/firmware/obj/app_ui.o
                                 0x35 (size before relaxing)
 .rodata.ui_render_full.str1.4
                0x00001244        0x0 /Users/jeremy/test_fpga/pocket-tunes/firmware/obj/app_ui.o
                                 0x89 (size before relaxing)
 .rodata.hb.0   0x00001244       0x24 /Users/jeremy/test_fpga/pocket-tunes/firmware/obj/app_ui.o
 .rodata.GRAD_DRAWER
                0x00001268       0x10 /Users/jeremy/test_fpga/pocket-tunes/firmware/obj/app_ui.o
 .rodata.band_edge
                0x00001278       0x13 /Users/jeremy/test_fpga/pocket-tunes/firmware/obj/app_eq.o
 *fill*         0x0000128b        0x1 
 .rodata.hann_q15
                0x0000128c      0x102 /Users/jeremy/test_fpga/pocket-tunes/firmware/obj/app_eq.o
 *fill*         0x0000138e        0x2 
 .rodata.sin_q14
                0x00001390       0x82 /Users/jeremy/test_fpga/pocket-tunes/firmware/obj/app_eq.o
 .rodata.art_load.str1.4
                0x00001412        0x0 /Users/jeremy/test_fpga/pocket-tunes/firmware/obj/app_art.o
                                 0x2c (size before relaxing)
 *fill*         0x00001412        0x2 
 .rodata.opus_decoder_ctl
                0x00001414       0x9c /Users/jeremy/test_fpga/pocket-tunes/firmware/obj/opus_opus_decoder.o
 .rodata.CSWTCH.76
                0x000014b0       0x10 /Users/jeremy/test_fpga/pocket-tunes/firmware/obj/opus_opus_decoder.o
 .rodata.bit_deinterleave_table.0
                0x000014c0       0x10 /Users/jeremy/test_fpga/pocket-tunes/firmware/obj/opus_bands.o
 .rodata.bit_interleave_table.1
                0x000014d0       0x10 /Users/jeremy/test_fpga/pocket-tunes/firmware/obj/opus_bands.o
 .rodata.exp2_table8.2
                0x000014e0       0x10 /Users/jeremy/test_fpga/pocket-tunes/firmware/obj/opus_bands.o
 .rodata.ordery_table
                0x000014f0       0x78 /Users/jeremy/test_fpga/pocket-tunes/firmware/obj/opus_bands.o
 .rodata.gains.1
                0x00001568       0x12 /Users/jeremy/test_fpga/pocket-tunes/firmware/obj/opus_celt.o
 *fill*         0x0000157a        0x2 
 .rodata.tf_select_table
                0x0000157c       0x20 /Users/jeremy/test_fpga/pocket-tunes/firmware/obj/opus_celt.o
                0x0000157c                tf_select_table
 .rodata.opus_custom_decoder_ctl
                0x0000159c       0xc0 /Users/jeremy/test_fpga/pocket-tunes/firmware/obj/opus_celt_decoder.o
 .rodata.trim_icdf
                0x0000165c        0xb /Users/jeremy/test_fpga/pocket-tunes/firmware/obj/opus_celt_decoder.o
 *fill*         0x00001667        0x1 
 .rodata.CELT_PVQ_U_ROW
                0x00001668       0x3c /Users/jeremy/test_fpga/pocket-tunes/firmware/obj/opus_cwrs.o
 .rodata.CELT_PVQ_U_DATA
                0x000016a4     0x13e0 /Users/jeremy/test_fpga/pocket-tunes/firmware/obj/opus_cwrs.o
 .rodata.correction.0
                0x00002a84       0x20 /Users/jeremy/test_fpga/pocket-tunes/firmware/obj/opus_entcode.o
 .rodata.mode48000_960_120
                0x00002aa4       0x64 /Users/jeremy/test_fpga/pocket-tunes/firmware/obj/opus_modes.o
 .rodata.mdct_twiddles960
                0x00002b08      0xe10 /Users/jeremy/test_fpga/pocket-tunes/firmware/obj/opus_modes.o
 .rodata.fft_state48000_960_3
                0x00003918       0x3c /Users/jeremy/test_fpga/pocket-tunes/firmware/obj/opus_modes.o
 .rodata.fft_state48000_960_2
                0x00003954       0x3c /Users/jeremy/test_fpga/pocket-tunes/firmware/obj/opus_modes.o
 .rodata.fft_state48000_960_1
                0x00003990       0x3c /Users/jeremy/test_fpga/pocket-tunes/firmware/obj/opus_modes.o
 .rodata.fft_state48000_960_0
                0x000039cc       0x3c /Users/jeremy/test_fpga/pocket-tunes/firmware/obj/opus_modes.o
 .rodata.fft_bitrev60
                0x00003a08       0x78 /Users/jeremy/test_fpga/pocket-tunes/firmware/obj/opus_modes.o
 .rodata.fft_bitrev120
                0x00003a80       0xf0 /Users/jeremy/test_fpga/pocket-tunes/firmware/obj/opus_modes.o
 .rodata.fft_bitrev240
                0x00003b70      0x1e0 /Users/jeremy/test_fpga/pocket-tunes/firmware/obj/opus_modes.o
 .rodata.fft_bitrev480
                0x00003d50      0x3c0 /Users/jeremy/test_fpga/pocket-tunes/firmware/obj/opus_modes.o
 .rodata.fft_twiddles48000_960
                0x00004110      0x780 /Users/jeremy/test_fpga/pocket-tunes/firmware/obj/opus_modes.o
 .rodata.cache_caps50
                0x00004890       0xa8 /Users/jeremy/test_fpga/pocket-tunes/firmware/obj/opus_modes.o
 .rodata.cache_bits50
                0x00004938      0x188 /Users/jeremy/test_fpga/pocket-tunes/firmware/obj/opus_modes.o
 .rodata.cache_index50
                0x00004ac0       0xd2 /Users/jeremy/test_fpga/pocket-tunes/firmware/obj/opus_modes.o
 *fill*         0x00004b92        0x2 
 .rodata.logN400
                0x00004b94       0x2a /Users/jeremy/test_fpga/pocket-tunes/firmware/obj/opus_modes.o
 *fill*         0x00004bbe        0x2 
 .rodata.window120
                0x00004bc0       0xf0 /Users/jeremy/test_fpga/pocket-tunes/firmware/obj/opus_modes.o
 .rodata.band_allocation
                0x00004cb0       0xe7 /Users/jeremy/test_fpga/pocket-tunes/firmware/obj/opus_modes.o
 *fill*         0x00004d97        0x1 
 .rodata.eband5ms
                0x00004d98       0x2c /Users/jeremy/test_fpga/pocket-tunes/firmware/obj/opus_modes.o
 .rodata.e_prob_model
                0x00004dc4      0x150 /Users/jeremy/test_fpga/pocket-tunes/firmware/obj/opus_quant_bands.o
 .rodata.eMeans
                0x00004f14       0x19 /Users/jeremy/test_fpga/pocket-tunes/firmware/obj/opus_quant_bands.o
                0x00004f14                eMeans
 *fill*         0x00004f2d        0x3 
 .rodata.LOG2_FRAC_TABLE
                0x00004f30       0x18 /Users/jeremy/test_fpga/pocket-tunes/firmware/obj/opus_rate.o
 .rodata.SPREAD_FACTOR.0
                0x00004f48        0xc /Users/jeremy/test_fpga/pocket-tunes/firmware/obj/opus_vq.o
 .rodata.ordering10.0
                0x00004f54        0xa /Users/jeremy/test_fpga/pocket-tunes/firmware/obj/opus_NLSF2A.o
 *fill*         0x00004f5e        0x2 
 .rodata.ordering16.1
                0x00004f60       0x10 /Users/jeremy/test_fpga/pocket-tunes/firmware/obj/opus_NLSF2A.o
 .rodata.silk_CB_lags_stage3
                0x00004f70       0x88 /Users/jeremy/test_fpga/pocket-tunes/firmware/obj/opus_pitch_est_tables.o
                0x00004f70                silk_CB_lags_stage3
 .rodata.silk_CB_lags_stage2
                0x00004ff8       0x2c /Users/jeremy/test_fpga/pocket-tunes/firmware/obj/opus_pitch_est_tables.o
                0x00004ff8                silk_CB_lags_stage2
 .rodata.silk_CB_lags_stage3_10_ms
                0x00005024       0x18 /Users/jeremy/test_fpga/pocket-tunes/firmware/obj/opus_pitch_est_tables.o
                0x00005024                silk_CB_lags_stage3_10_ms
 .rodata.delay_matrix_dec
                0x0000503c        0xf /Users/jeremy/test_fpga/pocket-tunes/firmware/obj/opus_resampler.o
 *fill*         0x0000504b        0x1 
 .rodata.delay_matrix_enc
                0x0000504c        0xf /Users/jeremy/test_fpga/pocket-tunes/firmware/obj/opus_resampler.o
 *fill*         0x0000505b        0x1 
 .rodata.silk_resampler_frac_FIR_12
                0x0000505c       0x60 /Users/jeremy/test_fpga/pocket-tunes/firmware/obj/opus_resampler_rom.o
                0x0000505c                silk_resampler_frac_FIR_12
 .rodata.silk_Resampler_1_6_COEFS
                0x000050bc       0x28 /Users/jeremy/test_fpga/pocket-tunes/firmware/obj/opus_resampler_rom.o
                0x000050bc                silk_Resampler_1_6_COEFS
 .rodata.silk_Resampler_1_4_COEFS
                0x000050e4       0x28 /Users/jeremy/test_fpga/pocket-tunes/firmware/obj/opus_resampler_rom.o
                0x000050e4                silk_Resampler_1_4_COEFS
 .rodata.silk_Resampler_1_3_COEFS
                0x0000510c       0x28 /Users/jeremy/test_fpga/pocket-tunes/firmware/obj/opus_resampler_rom.o
                0x0000510c                silk_Resampler_1_3_COEFS
 .rodata.silk_Resampler_1_2_COEFS
                0x00005134       0x1c /Users/jeremy/test_fpga/pocket-tunes/firmware/obj/opus_resampler_rom.o
                0x00005134                silk_Resampler_1_2_COEFS
 .rodata.silk_Resampler_2_3_COEFS
                0x00005150       0x28 /Users/jeremy/test_fpga/pocket-tunes/firmware/obj/opus_resampler_rom.o
                0x00005150                silk_Resampler_2_3_COEFS
 .rodata.silk_Resampler_3_4_COEFS
                0x00005178       0x3a /Users/jeremy/test_fpga/pocket-tunes/firmware/obj/opus_resampler_rom.o
                0x00005178                silk_Resampler_3_4_COEFS
 *fill*         0x000051b2        0x2 
 .rodata.silk_LSFCosTab_FIX_Q12
                0x000051b4      0x102 /Users/jeremy/test_fpga/pocket-tunes/firmware/obj/opus_table_LSF_cos.o
                0x000051b4                silk_LSFCosTab_FIX_Q12
 *fill*         0x000052b6        0x2 
 .rodata.silk_LTP_vq_ptrs_Q7
                0x000052b8        0xc /Users/jeremy/test_fpga/pocket-tunes/firmware/obj/opus_tables_LTP.o
                0x000052b8                silk_LTP_vq_ptrs_Q7
 .rodata.silk_LTP_gain_vq_2
                0x000052c4       0xa0 /Users/jeremy/test_fpga/pocket-tunes/firmware/obj/opus_tables_LTP.o
 .rodata.silk_LTP_gain_vq_1
                0x00005364       0x50 /Users/jeremy/test_fpga/pocket-tunes/firmware/obj/opus_tables_LTP.o
 .rodata.silk_LTP_gain_vq_0
                0x000053b4       0x28 /Users/jeremy/test_fpga/pocket-tunes/firmware/obj/opus_tables_LTP.o
 .rodata.silk_LTP_gain_iCDF_ptrs
                0x000053dc        0xc /Users/jeremy/test_fpga/pocket-tunes/firmware/obj/opus_tables_LTP.o
                0x000053dc                silk_LTP_gain_iCDF_ptrs
 .rodata.silk_LTP_gain_iCDF_2
                0x000053e8       0x20 /Users/jeremy/test_fpga/pocket-tunes/firmware/obj/opus_tables_LTP.o
 .rodata.silk_LTP_gain_iCDF_1
                0x00005408       0x10 /Users/jeremy/test_fpga/pocket-tunes/firmware/obj/opus_tables_LTP.o
 .rodata.silk_NLSF_CB_NB_MB
                0x00005418       0x28 /Users/jeremy/test_fpga/pocket-tunes/firmware/obj/opus_tables_NLSF_CB_NB_MB.o
                0x00005418                silk_NLSF_CB_NB_MB
 .rodata.silk_NLSF_DELTA_MIN_NB_MB_Q15
                0x00005440       0x16 /Users/jeremy/test_fpga/pocket-tunes/firmware/obj/opus_tables_NLSF_CB_NB_MB.o
 *fill*         0x00005456        0x2 
 .rodata.silk_NLSF_PRED_NB_MB_Q8
                0x00005458       0x12 /Users/jeremy/test_fpga/pocket-tunes/firmware/obj/opus_tables_NLSF_CB_NB_MB.o
 *fill*         0x0000546a        0x2 
 .rodata.silk_NLSF_CB2_BITS_NB_MB_Q5
                0x0000546c       0x48 /Users/jeremy/test_fpga/pocket-tunes/firmware/obj/opus_tables_NLSF_CB_NB_MB.o
 .rodata.silk_NLSF_CB2_iCDF_NB_MB
                0x000054b4       0x48 /Users/jeremy/test_fpga/pocket-tunes/firmware/obj/opus_tables_NLSF_CB_NB_MB.o
 .rodata.silk_NLSF_CB2_SELECT_NB_MB
                0x000054fc       0xa0 /Users/jeremy/test_fpga/pocket-tunes/firmware/obj/opus_tables_NLSF_CB_NB_MB.o
 .rodata.silk_NLSF_CB1_iCDF_NB_MB
                0x0000559c       0x40 /Users/jeremy/test_fpga/pocket-tunes/firmware/obj/opus_tables_NLSF_CB_NB_MB.o
 .rodata.silk_NLSF_CB1_Wght_Q9
                0x000055dc      0x280 /Users/jeremy/test_fpga/pocket-tunes/firmware/obj/opus_tables_NLSF_CB_NB_MB.o
 .rodata.silk_NLSF_CB1_NB_MB_Q8
                0x0000585c      0x140 /Users/jeremy/test_fpga/pocket-tunes/firmware/obj/opus_tables_NLSF_CB_NB_MB.o
 .rodata.silk_NLSF_CB_WB
                0x0000599c       0x28 /Users/jeremy/test_fpga/pocket-tunes/firmware/obj/opus_tables_NLSF_CB_WB.o
                0x0000599c                silk_NLSF_CB_WB
 .rodata.silk_NLSF_DELTA_MIN_WB_Q15
                0x000059c4       0x22 /Users/jeremy/test_fpga/pocket-tunes/firmware/obj/opus_tables_NLSF_CB_WB.o
 *fill*         0x000059e6        0x2 
 .rodata.silk_NLSF_PRED_WB_Q8
                0x000059e8       0x1e /Users/jeremy/test_fpga/pocket-tunes/firmware/obj/opus_tables_NLSF_CB_WB.o
 *fill*         0x00005a06        0x2 
 .rodata.silk_NLSF_CB2_BITS_WB_Q5
                0x00005a08       0x48 /Users/jeremy/test_fpga/pocket-tunes/firmware/obj/opus_tables_NLSF_CB_WB.o
 .rodata.silk_NLSF_CB2_iCDF_WB
                0x00005a50       0x48 /Users/jeremy/test_fpga/pocket-tunes/firmware/obj/opus_tables_NLSF_CB_WB.o
 .rodata.silk_NLSF_CB2_SELECT_WB
                0x00005a98      0x100 /Users/jeremy/test_fpga/pocket-tunes/firmware/obj/opus_tables_NLSF_CB_WB.o
 .rodata.silk_NLSF_CB1_iCDF_WB
                0x00005b98       0x40 /Users/jeremy/test_fpga/pocket-tunes/firmware/obj/opus_tables_NLSF_CB_WB.o
 .rodata.silk_NLSF_CB1_WB_Wght_Q9
                0x00005bd8      0x400 /Users/jeremy/test_fpga/pocket-tunes/firmware/obj/opus_tables_NLSF_CB_WB.o
 .rodata.silk_NLSF_CB1_WB_Q8
                0x00005fd8      0x200 /Users/jeremy/test_fpga/pocket-tunes/firmware/obj/opus_tables_NLSF_CB_WB.o
 .rodata.silk_delta_gain_iCDF
                0x000061d8       0x29 /Users/jeremy/test_fpga/pocket-tunes/firmware/obj/opus_tables_gain.o
                0x000061d8                silk_delta_gain_iCDF
 *fill*         0x00006201        0x3 
 .rodata.silk_gain_iCDF
                0x00006204       0x18 /Users/jeremy/test_fpga/pocket-tunes/firmware/obj/opus_tables_gain.o
                0x00006204                silk_gain_iCDF
 .rodata.silk_stereo_pred_joint_iCDF
                0x0000621c       0x19 /Users/jeremy/test_fpga/pocket-tunes/firmware/obj/opus_tables_other.o
                0x0000621c                silk_stereo_pred_joint_iCDF
 *fill*         0x00006235        0x3 
 .rodata.silk_stereo_pred_quant_Q13
                0x00006238       0x20 /Users/jeremy/test_fpga/pocket-tunes/firmware/obj/opus_tables_other.o
                0x00006238                silk_stereo_pred_quant_Q13
 .rodata.silk_pitch_contour_10_ms_iCDF
                0x00006258        0xc /Users/jeremy/test_fpga/pocket-tunes/firmware/obj/opus_tables_pitch_lag.o
                0x00006258                silk_pitch_contour_10_ms_iCDF
 .rodata.silk_pitch_contour_NB_iCDF
                0x00006264        0xb /Users/jeremy/test_fpga/pocket-tunes/firmware/obj/opus_tables_pitch_lag.o
                0x00006264                silk_pitch_contour_NB_iCDF
 *fill*         0x0000626f        0x1 
 .rodata.silk_pitch_contour_iCDF
                0x00006270       0x22 /Users/jeremy/test_fpga/pocket-tunes/firmware/obj/opus_tables_pitch_lag.o
                0x00006270                silk_pitch_contour_iCDF
 *fill*         0x00006292        0x2 
 .rodata.silk_pitch_delta_iCDF
                0x00006294       0x15 /Users/jeremy/test_fpga/pocket-tunes/firmware/obj/opus_tables_pitch_lag.o
                0x00006294                silk_pitch_delta_iCDF
 *fill*         0x000062a9        0x3 
 .rodata.silk_pitch_lag_iCDF
                0x000062ac       0x20 /Users/jeremy/test_fpga/pocket-tunes/firmware/obj/opus_tables_pitch_lag.o
                0x000062ac                silk_pitch_lag_iCDF
 .rodata.silk_sign_iCDF
                0x000062cc       0x2a /Users/jeremy/test_fpga/pocket-tunes/firmware/obj/opus_tables_pulses_per_block.o
                0x000062cc                silk_sign_iCDF
 *fill*         0x000062f6        0x2 
 .rodata.silk_shell_code_table_offsets
                0x000062f8       0x11 /Users/jeremy/test_fpga/pocket-tunes/firmware/obj/opus_tables_pulses_per_block.o
                0x000062f8                silk_shell_code_table_offsets
 *fill*         0x00006309        0x3 
 .rodata.silk_shell_code_table3
                0x0000630c       0x98 /Users/jeremy/test_fpga/pocket-tunes/firmware/obj/opus_tables_pulses_per_block.o
                0x0000630c                silk_shell_code_table3
 .rodata.silk_shell_code_table2
                0x000063a4       0x98 /Users/jeremy/test_fpga/pocket-tunes/firmware/obj/opus_tables_pulses_per_block.o
                0x000063a4                silk_shell_code_table2
 .rodata.silk_shell_code_table1
                0x0000643c       0x98 /Users/jeremy/test_fpga/pocket-tunes/firmware/obj/opus_tables_pulses_per_block.o
                0x0000643c                silk_shell_code_table1
 .rodata.silk_shell_code_table0
                0x000064d4       0x98 /Users/jeremy/test_fpga/pocket-tunes/firmware/obj/opus_tables_pulses_per_block.o
                0x000064d4                silk_shell_code_table0
 .rodata.silk_rate_levels_iCDF
                0x0000656c       0x12 /Users/jeremy/test_fpga/pocket-tunes/firmware/obj/opus_tables_pulses_per_block.o
                0x0000656c                silk_rate_levels_iCDF
 *fill*         0x0000657e        0x2 
 .rodata.silk_pulses_per_block_iCDF
                0x00006580       0xb4 /Users/jeremy/test_fpga/pocket-tunes/firmware/obj/opus_tables_pulses_per_block.o
                0x00006580                silk_pulses_per_block_iCDF
 .rodata.xmp3_sfBandTable
                0x00006634      0x29a /Users/jeremy/test_fpga/pocket-tunes/firmware/obj/helix_mp3tabs.o
                0x00006634                xmp3_sfBandTable
 *fill*         0x000068ce        0x2 
 .rodata.xmp3_slotTab
                0x000068d0      0x10e /Users/jeremy/test_fpga/pocket-tunes/firmware/obj/helix_mp3tabs.o
                0x000068d0                xmp3_slotTab
 *fill*         0x000069de        0x2 
 .rodata.xmp3_sideBytesTab
                0x000069e0        0xc /Users/jeremy/test_fpga/pocket-tunes/firmware/obj/helix_mp3tabs.o
                0x000069e0                xmp3_sideBytesTab
 .rodata.xmp3_samplesPerFrameTab
                0x000069ec       0x12 /Users/jeremy/test_fpga/pocket-tunes/firmware/obj/helix_mp3tabs.o
                0x000069ec                xmp3_samplesPerFrameTab
 *fill*         0x000069fe        0x2 
 .rodata.xmp3_bitrateTab
                0x00006a00      0x10e /Users/jeremy/test_fpga/pocket-tunes/firmware/obj/helix_mp3tabs.o
                0x00006a00                xmp3_bitrateTab
 *fill*         0x00006b0e        0x2 
 .rodata.xmp3_samplerateTab
                0x00006b10       0x24 /Users/jeremy/test_fpga/pocket-tunes/firmware/obj/helix_mp3tabs.o
                0x00006b10                xmp3_samplerateTab
 .rodata.dcttab
                0x00006b34       0xc0 /Users/jeremy/test_fpga/pocket-tunes/firmware/obj/helix_dct32.o
 .rodata.preTab
                0x00006bf4       0x16 /Users/jeremy/test_fpga/pocket-tunes/firmware/obj/helix_dqchan.o
 *fill*         0x00006c0a        0x2 
 .rodata.xmp3_quadTable
                0x00006c0c       0x50 /Users/jeremy/test_fpga/pocket-tunes/firmware/obj/helix_hufftabs.o
                0x00006c0c                xmp3_quadTable
 .rodata.xmp3_huffTabLookup
                0x00006c5c      0x100 /Users/jeremy/test_fpga/pocket-tunes/firmware/obj/helix_hufftabs.o
                0x00006c5c                xmp3_huffTabLookup
 .rodata.xmp3_huffTabOffset
                0x00006d5c       0x80 /Users/jeremy/test_fpga/pocket-tunes/firmware/obj/helix_hufftabs.o
                0x00006d5c                xmp3_huffTabOffset
 .rodata.xmp3_huffTable
                0x00006ddc     0x2124 /Users/jeremy/test_fpga/pocket-tunes/firmware/obj/helix_hufftabs.o
                0x00006ddc                xmp3_huffTable
 .rodata.c18    0x00008f00       0x24 /Users/jeremy/test_fpga/pocket-tunes/firmware/obj/helix_imdct.o
 .rodata.NRTab  0x00008f24       0x48 /Users/jeremy/test_fpga/pocket-tunes/firmware/obj/helix_scalfact.o
 .rodata.SFLenTab
                0x00008f6c       0x20 /Users/jeremy/test_fpga/pocket-tunes/firmware/obj/helix_scalfact.o
 .rodata.xmp3_polyCoef
                0x00008f8c      0x420 /Users/jeremy/test_fpga/pocket-tunes/firmware/obj/helix_trigtabs.o
                0x00008f8c                xmp3_polyCoef
 .rodata.xmp3_csa
                0x000093ac       0x40 /Users/jeremy/test_fpga/pocket-tunes/firmware/obj/helix_trigtabs.o
                0x000093ac                xmp3_csa
 .rodata.xmp3_ISFIIP
                0x000093ec       0x10 /Users/jeremy/test_fpga/pocket-tunes/firmware/obj/helix_trigtabs.o
                0x000093ec                xmp3_ISFIIP
 .rodata.xmp3_ISFMpeg2
                0x000093fc      0x100 /Users/jeremy/test_fpga/pocket-tunes/firmware/obj/helix_trigtabs.o
                0x000093fc                xmp3_ISFMpeg2
 .rodata.xmp3_ISFMpeg1
                0x000094fc       0x38 /Users/jeremy/test_fpga/pocket-tunes/firmware/obj/helix_trigtabs.o
                0x000094fc                xmp3_ISFMpeg1
 .rodata.xmp3_imdctWin
                0x00009534      0x240 /Users/jeremy/test_fpga/pocket-tunes/firmware/obj/helix_trigtabs.o
                0x00009534                xmp3_imdctWin
 .rodata        0x00009774      0x100 /opt/homebrew/Cellar/riscv64-elf-gcc/16.1.0/lib/gcc/riscv64-elf/16.1.0/rv32im/ilp32/libgcc.a(_clz.o)
                0x00009774                __clz_tab
 *(.srodata*)
 .srodata.GRAD_MINIBAR
                0x00009874        0x8 /Users/jeremy/test_fpga/pocket-tunes/firmware/obj/app_ui.o
 .srodata.magic.0
                0x0000987c        0x4 /Users/jeremy/test_fpga/pocket-tunes/firmware/obj/app_ogg.o
 .srodata.tapset_icdf
                0x00009880        0x3 /Users/jeremy/test_fpga/pocket-tunes/firmware/obj/opus_celt_decoder.o
 *fill*         0x00009883        0x1 
 .srodata.spread_icdf
                0x00009884        0x4 /Users/jeremy/test_fpga/pocket-tunes/firmware/obj/opus_celt_decoder.o
 .srodata.small_energy_icdf
                0x00009888        0x3 /Users/jeremy/test_fpga/pocket-tunes/firmware/obj/opus_quant_bands.o
 *fill*         0x0000988b        0x1 
 .srodata.beta_coef
                0x0000988c        0x8 /Users/jeremy/test_fpga/pocket-tunes/firmware/obj/opus_quant_bands.o
 .srodata.pred_coef
                0x00009894        0x8 /Users/jeremy/test_fpga/pocket-tunes/firmware/obj/opus_quant_bands.o
 .srodata.PLC_RAND_ATTENUATE_UV_Q15
                0x0000989c        0x4 /Users/jeremy/test_fpga/pocket-tunes/firmware/obj/opus_PLC.o
 .srodata.PLC_RAND_ATTENUATE_V_Q15
                0x000098a0        0x4 /Users/jeremy/test_fpga/pocket-tunes/firmware/obj/opus_PLC.o
 .srodata.HARM_ATT_Q15
                0x000098a4        0x4 /Users/jeremy/test_fpga/pocket-tunes/firmware/obj/opus_PLC.o
 .srodata.silk_CB_lags_stage2_10_ms
                0x000098a8        0x6 /Users/jeremy/test_fpga/pocket-tunes/firmware/obj/opus_pitch_est_tables.o
                0x000098a8                silk_CB_lags_stage2_10_ms
 *fill*         0x000098ae        0x2 
 .srodata.silk_LTP_gain_iCDF_0
                0x000098b0        0x8 /Users/jeremy/test_fpga/pocket-tunes/firmware/obj/opus_tables_LTP.o
 .srodata.silk_LTP_per_index_iCDF
                0x000098b8        0x3 /Users/jeremy/test_fpga/pocket-tunes/firmware/obj/opus_tables_LTP.o
                0x000098b8                silk_LTP_per_index_iCDF
 *fill*         0x000098bb        0x1 
 .srodata.silk_NLSF_EXT_iCDF
                0x000098bc        0x7 /Users/jeremy/test_fpga/pocket-tunes/firmware/obj/opus_tables_other.o
                0x000098bc                silk_NLSF_EXT_iCDF
 *fill*         0x000098c3        0x1 
 .srodata.silk_uniform8_iCDF
                0x000098c4        0x8 /Users/jeremy/test_fpga/pocket-tunes/firmware/obj/opus_tables_other.o
                0x000098c4                silk_uniform8_iCDF
 .srodata.silk_uniform6_iCDF
                0x000098cc        0x6 /Users/jeremy/test_fpga/pocket-tunes/firmware/obj/opus_tables_other.o
                0x000098cc                silk_uniform6_iCDF
 *fill*         0x000098d2        0x2 
 .srodata.silk_uniform5_iCDF
                0x000098d4        0x5 /Users/jeremy/test_fpga/pocket-tunes/firmware/obj/opus_tables_other.o
                0x000098d4                silk_uniform5_iCDF
 *fill*         0x000098d9        0x3 
 .srodata.silk_uniform4_iCDF
                0x000098dc        0x4 /Users/jeremy/test_fpga/pocket-tunes/firmware/obj/opus_tables_other.o
                0x000098dc                silk_uniform4_iCDF
 .srodata.silk_uniform3_iCDF
                0x000098e0        0x3 /Users/jeremy/test_fpga/pocket-tunes/firmware/obj/opus_tables_other.o
                0x000098e0                silk_uniform3_iCDF
 *fill*         0x000098e3        0x1 
 .srodata.silk_LTPScales_table_Q14
                0x000098e4        0x6 /Users/jeremy/test_fpga/pocket-tunes/firmware/obj/opus_tables_other.o
                0x000098e4                silk_LTPScales_table_Q14
 *fill*         0x000098ea        0x2 
 .srodata.silk_Quantization_Offsets_Q10
                0x000098ec        0x8 /Users/jeremy/test_fpga/pocket-tunes/firmware/obj/opus_tables_other.o
                0x000098ec                silk_Quantization_Offsets_Q10
 .srodata.silk_NLSF_interpolation_factor_iCDF
                0x000098f4        0x5 /Users/jeremy/test_fpga/pocket-tunes/firmware/obj/opus_tables_other.o
                0x000098f4                silk_NLSF_interpolation_factor_iCDF
 *fill*         0x000098f9        0x3 
 .srodata.silk_type_offset_no_VAD_iCDF
                0x000098fc        0x2 /Users/jeremy/test_fpga/pocket-tunes/firmware/obj/opus_tables_other.o
                0x000098fc                silk_type_offset_no_VAD_iCDF
 *fill*         0x000098fe        0x2 
 .srodata.silk_type_offset_VAD_iCDF
                0x00009900        0x4 /Users/jeremy/test_fpga/pocket-tunes/firmware/obj/opus_tables_other.o
                0x00009900                silk_type_offset_VAD_iCDF
 .srodata.silk_LTPscale_iCDF
                0x00009904        0x3 /Users/jeremy/test_fpga/pocket-tunes/firmware/obj/opus_tables_other.o
                0x00009904                silk_LTPscale_iCDF
 *fill*         0x00009907        0x1 
 .srodata.silk_lsb_iCDF
                0x00009908        0x2 /Users/jeremy/test_fpga/pocket-tunes/firmware/obj/opus_tables_other.o
                0x00009908                silk_lsb_iCDF
 *fill*         0x0000990a        0x2 
 .srodata.silk_LBRR_flags_iCDF_ptr
                0x0000990c        0x8 /Users/jeremy/test_fpga/pocket-tunes/firmware/obj/opus_tables_other.o
                0x0000990c                silk_LBRR_flags_iCDF_ptr
 .srodata.silk_LBRR_flags_3_iCDF
                0x00009914        0x7 /Users/jeremy/test_fpga/pocket-tunes/firmware/obj/opus_tables_other.o
 *fill*         0x0000991b        0x1 
 .srodata.silk_LBRR_flags_2_iCDF
                0x0000991c        0x3 /Users/jeremy/test_fpga/pocket-tunes/firmware/obj/opus_tables_other.o
 *fill*         0x0000991f        0x1 
 .srodata.silk_stereo_only_code_mid_iCDF
                0x00009920        0x2 /Users/jeremy/test_fpga/pocket-tunes/firmware/obj/opus_tables_other.o
                0x00009920                silk_stereo_only_code_mid_iCDF
 *fill*         0x00009922        0x2 
 .srodata.silk_pitch_contour_10_ms_NB_iCDF
                0x00009924        0x3 /Users/jeremy/test_fpga/pocket-tunes/firmware/obj/opus_tables_pitch_lag.o
                0x00009924                silk_pitch_contour_10_ms_NB_iCDF
 *fill*         0x00009927        0x1 
 .srodata.xmp3_quadTabMaxBits
                0x00009928        0x8 /Users/jeremy/test_fpga/pocket-tunes/firmware/obj/helix_hufftabs.o
                0x00009928                xmp3_quadTabMaxBits
 .srodata.xmp3_quadTabOffset
                0x00009930        0x8 /Users/jeremy/test_fpga/pocket-tunes/firmware/obj/helix_hufftabs.o
                0x00009930                xmp3_quadTabOffset

.rela.dyn       0x00009938        0x0 load address 0x5002eb58
 .rela.text.init
                0x00009938        0x0 /Users/jeremy/test_fpga/pocket-tunes/firmware/obj/app_crt0.o

.data           0x00009938      0x28c load address 0x5002eb58
 *(.data*)
 .data.pow2frac
                0x00009938       0x20 /Users/jeremy/test_fpga/pocket-tunes/firmware/obj/helix_dqchan.o
                0x00009938                pow2frac
 .data.pow2exp  0x00009958       0x20 /Users/jeremy/test_fpga/pocket-tunes/firmware/obj/helix_dqchan.o
                0x00009958                pow2exp
 .data.poly43hi
                0x00009978       0x14 /Users/jeremy/test_fpga/pocket-tunes/firmware/obj/helix_dqchan.o
                0x00009978                poly43hi
 .data.poly43lo
                0x0000998c       0x14 /Users/jeremy/test_fpga/pocket-tunes/firmware/obj/helix_dqchan.o
                0x0000998c                poly43lo
 .data.pow43    0x000099a0       0xc0 /Users/jeremy/test_fpga/pocket-tunes/firmware/obj/helix_dqchan.o
                0x000099a0                pow43
 .data.pow43_14
                0x00009a60      0x100 /Users/jeremy/test_fpga/pocket-tunes/firmware/obj/helix_dqchan.o
                0x00009a60                pow43_14
 .data.pow14    0x00009b60       0x10 /Users/jeremy/test_fpga/pocket-tunes/firmware/obj/helix_dqchan.o
                0x00009b60                pow14
 .data.fastWin36
                0x00009b70       0x48 /Users/jeremy/test_fpga/pocket-tunes/firmware/obj/helix_imdct.o
                0x00009b70                fastWin36
 *(.sdata*)
 .sdata.rng_state
                0x00009bb8        0x4 /Users/jeremy/test_fpga/pocket-tunes/firmware/obj/app_ui.o
 .sdata.play_alb
                0x00009bbc        0x4 /Users/jeremy/test_fpga/pocket-tunes/firmware/obj/app_ui.o
 .sdata.play_gidx
                0x00009bc0        0x4 /Users/jeremy/test_fpga/pocket-tunes/firmware/obj/app_ui.o
                0x00009bc4                        __fast_end = .
                0x50025220                        __fast_lma = LOADADDR (.rodata)

.bss            0x00009bc8    0x12828 load address 0x5002ede4
                0x00009bc8                        __bss_start = .
 *(.bss*)
 .bss.tok       0x00009bc8      0x141 /Users/jeremy/test_fpga/pocket-tunes/firmware/obj/app_lib.o
 *fill*         0x00009d09        0x3 
 .bss.lib_stage
                0x00009d0c     0x3000 /Users/jeremy/test_fpga/pocket-tunes/firmware/obj/app_lib.o
                0x00009d0c                lib_stage
 .bss.pool      0x0000cd0c     0x1800 /Users/jeremy/test_fpga/pocket-tunes/firmware/obj/app_lib.o
 .bss.lib_tracks
                0x0000e50c     0x1340 /Users/jeremy/test_fpga/pocket-tunes/firmware/obj/app_lib.o
                0x0000e50c                lib_tracks
 .bss.lib_albums
                0x0000f84c      0x480 /Users/jeremy/test_fpga/pocket-tunes/firmware/obj/app_lib.o
                0x0000f84c                lib_albums
 .bss.lib_artists
                0x0000fccc      0x1e0 /Users/jeremy/test_fpga/pocket-tunes/firmware/obj/app_lib.o
                0x0000fccc                lib_artists
 .bss.pathbuf   0x0000feac      0x120 /Users/jeremy/test_fpga/pocket-tunes/firmware/obj/app_ui.o
 .bss.pcm       0x0000ffcc     0x1200 /Users/jeremy/test_fpga/pocket-tunes/firmware/obj/app_mp3.o
 *fill*         0x000111cc        0x4 
 .bss.codec_arena
                0x000111d0     0x6c00 /Users/jeremy/test_fpga/pocket-tunes/firmware/obj/app_mp3.o
                0x000111d0                codec_arena
 .bss.im        0x00017dd0      0x200 /Users/jeremy/test_fpga/pocket-tunes/firmware/obj/app_eq.o
 .bss.re        0x00017fd0      0x200 /Users/jeremy/test_fpga/pocket-tunes/firmware/obj/app_eq.o
 .bss.ring      0x000181d0      0x200 /Users/jeremy/test_fpga/pocket-tunes/firmware/obj/app_eq.o
 .bss.eq_bars   0x000183d0       0x12 /Users/jeremy/test_fpga/pocket-tunes/firmware/obj/app_eq.o
                0x000183d0                eq_bars
 *fill*         0x000183e2        0x2 
 .bss.cover_px  0x000183e4      0x900 /Users/jeremy/test_fpga/pocket-tunes/firmware/obj/app_art.o
 .bss.pcm       0x00018ce4     0x2d00 /Users/jeremy/test_fpga/pocket-tunes/firmware/obj/app_opus_play.o
 .bss.ogg       0x0001b9e4      0x92a /Users/jeremy/test_fpga/pocket-tunes/firmware/obj/app_opus_play.o
 *(.sbss*)
 .sbss.keys_now
                0x0001c30e        0x2 /Users/jeremy/test_fpga/pocket-tunes/firmware/obj/app_main.o
 .sbss.tok_len  0x0001c310        0x4 /Users/jeremy/test_fpga/pocket-tunes/firmware/obj/app_lib.o
 .sbss.f_err    0x0001c314        0x4 /Users/jeremy/test_fpga/pocket-tunes/firmware/obj/app_lib.o
 .sbss.win_valid
                0x0001c318        0x4 /Users/jeremy/test_fpga/pocket-tunes/firmware/obj/app_lib.o
 .sbss.win_base
                0x0001c31c        0x4 /Users/jeremy/test_fpga/pocket-tunes/firmware/obj/app_lib.o
 .sbss.f_size   0x0001c320        0x4 /Users/jeremy/test_fpga/pocket-tunes/firmware/obj/app_lib.o
 .sbss.f_pos    0x0001c324        0x4 /Users/jeremy/test_fpga/pocket-tunes/firmware/obj/app_lib.o
 .sbss.pool_used
                0x0001c328        0x4 /Users/jeremy/test_fpga/pocket-tunes/firmware/obj/app_lib.o
 .sbss.lib_n_root_tracks
                0x0001c32c        0x4 /Users/jeremy/test_fpga/pocket-tunes/firmware/obj/app_lib.o
                0x0001c32c                lib_n_root_tracks
 .sbss.lib_root_first_track
                0x0001c330        0x4 /Users/jeremy/test_fpga/pocket-tunes/firmware/obj/app_lib.o
                0x0001c330                lib_root_first_track
 .sbss.lib_n_tracks
                0x0001c334        0x4 /Users/jeremy/test_fpga/pocket-tunes/firmware/obj/app_lib.o
                0x0001c334                lib_n_tracks
 .sbss.lib_n_albums
                0x0001c338        0x4 /Users/jeremy/test_fpga/pocket-tunes/firmware/obj/app_lib.o
                0x0001c338                lib_n_albums
 .sbss.lib_n_artists
                0x0001c33c        0x4 /Users/jeremy/test_fpga/pocket-tunes/firmware/obj/app_lib.o
                0x0001c33c                lib_n_artists
 .sbss.shuffle  0x0001c340        0x4 /Users/jeremy/test_fpga/pocket-tunes/firmware/obj/app_ui.o
 .sbss.repeat_mode
                0x0001c344        0x4 /Users/jeremy/test_fpga/pocket-tunes/firmware/obj/app_ui.o
 .sbss.last_start_err
                0x0001c348        0x4 /Users/jeremy/test_fpga/pocket-tunes/firmware/obj/app_ui.o
 .sbss.anim     0x0001c34c        0x4 /Users/jeremy/test_fpga/pocket-tunes/firmware/obj/app_ui.o
 .sbss.pos_frames
                0x0001c350        0x4 /Users/jeremy/test_fpga/pocket-tunes/firmware/obj/app_ui.o
 .sbss.playing  0x0001c354        0x4 /Users/jeremy/test_fpga/pocket-tunes/firmware/obj/app_ui.o
 .sbss.drawer_open
                0x0001c358        0x4 /Users/jeremy/test_fpga/pocket-tunes/firmware/obj/app_ui.o
 .sbss.track_scroll
                0x0001c35c        0x4 /Users/jeremy/test_fpga/pocket-tunes/firmware/obj/app_ui.o
 .sbss.track_cursor
                0x0001c360        0x4 /Users/jeremy/test_fpga/pocket-tunes/firmware/obj/app_ui.o
 .sbss.album_scroll
                0x0001c364        0x4 /Users/jeremy/test_fpga/pocket-tunes/firmware/obj/app_ui.o
 .sbss.album_cursor
                0x0001c368        0x4 /Users/jeremy/test_fpga/pocket-tunes/firmware/obj/app_ui.o
 .sbss.cur_artist
                0x0001c36c        0x4 /Users/jeremy/test_fpga/pocket-tunes/firmware/obj/app_ui.o
 .sbss.sb_scroll
                0x0001c370        0x4 /Users/jeremy/test_fpga/pocket-tunes/firmware/obj/app_ui.o
 .sbss.sb_cursor
                0x0001c374        0x4 /Users/jeremy/test_fpga/pocket-tunes/firmware/obj/app_ui.o
 .sbss.focus    0x0001c378        0x4 /Users/jeremy/test_fpga/pocket-tunes/firmware/obj/app_ui.o
 .sbss.rs_prev_r
                0x0001c37c        0x2 /Users/jeremy/test_fpga/pocket-tunes/firmware/obj/app_mp3.o
 .sbss.rs_prev_l
                0x0001c37e        0x2 /Users/jeremy/test_fpga/pocket-tunes/firmware/obj/app_mp3.o
 .sbss.rs_step  0x0001c380        0x4 /Users/jeremy/test_fpga/pocket-tunes/firmware/obj/app_mp3.o
 .sbss.rs_phase
                0x0001c384        0x4 /Users/jeremy/test_fpga/pocket-tunes/firmware/obj/app_mp3.o
 .sbss.samples_pushed
                0x0001c388        0x4 /Users/jeremy/test_fpga/pocket-tunes/firmware/obj/app_mp3.o
 .sbss.eof_decode
                0x0001c38c        0x4 /Users/jeremy/test_fpga/pocket-tunes/firmware/obj/app_mp3.o
 .sbss.paused   0x0001c390        0x4 /Users/jeremy/test_fpga/pocket-tunes/firmware/obj/app_mp3.o
 .sbss.playing  0x0001c394        0x4 /Users/jeremy/test_fpga/pocket-tunes/firmware/obj/app_mp3.o
 .sbss.in_ptr   0x0001c398        0x4 /Users/jeremy/test_fpga/pocket-tunes/firmware/obj/app_mp3.o
 .sbss.in_len   0x0001c39c        0x4 /Users/jeremy/test_fpga/pocket-tunes/firmware/obj/app_mp3.o
 .sbss.f_audio_start
                0x0001c3a0        0x4 /Users/jeremy/test_fpga/pocket-tunes/firmware/obj/app_mp3.o
 .sbss.f_off    0x0001c3a4        0x4 /Users/jeremy/test_fpga/pocket-tunes/firmware/obj/app_mp3.o
 .sbss.f_size   0x0001c3a8        0x4 /Users/jeremy/test_fpga/pocket-tunes/firmware/obj/app_mp3.o
 .sbss.inited   0x0001c3ac        0x4 /Users/jeremy/test_fpga/pocket-tunes/firmware/obj/app_mp3.o
 .sbss.hdec     0x0001c3b0        0x4 /Users/jeremy/test_fpga/pocket-tunes/firmware/obj/app_mp3.o
 .sbss.arena_used
                0x0001c3b4        0x4 /Users/jeremy/test_fpga/pocket-tunes/firmware/obj/app_mp3.o
 .sbss.ring_w   0x0001c3b8        0x4 /Users/jeremy/test_fpga/pocket-tunes/firmware/obj/app_eq.o
 .sbss.cover_ok
                0x0001c3bc        0x4 /Users/jeremy/test_fpga/pocket-tunes/firmware/obj/app_art.o
 .sbss.pump_full
                0x0001c3c0        0x4 /Users/jeremy/test_fpga/pocket-tunes/firmware/obj/app_opus_play.o
 .sbss.skip_samples
                0x0001c3c4        0x4 /Users/jeremy/test_fpga/pocket-tunes/firmware/obj/app_opus_play.o
 .sbss.samples_pushed
                0x0001c3c8        0x4 /Users/jeremy/test_fpga/pocket-tunes/firmware/obj/app_opus_play.o
 .sbss.eof_decode
                0x0001c3cc        0x4 /Users/jeremy/test_fpga/pocket-tunes/firmware/obj/app_opus_play.o
 .sbss.paused   0x0001c3d0        0x4 /Users/jeremy/test_fpga/pocket-tunes/firmware/obj/app_opus_play.o