
Merging object attributes


There are no discarded input sections

Memory Configuration

Name             Origin             Length             Attributes
RAM              0x00000000         0x00020000         xrw
*default*        0x00000000         0xffffffff

Linker script and memory map

LOAD /var/folders/nq/tz7k80vx2wd8tb19j2shmy4h0000gn/T//cclhJR33.o
LOAD /var/folders/nq/tz7k80vx2wd8tb19j2shmy4h0000gn/T//cclzTKiB.o
LOAD /var/folders/nq/tz7k80vx2wd8tb19j2shmy4h0000gn/T//ccNq8w2L.o
LOAD /var/folders/nq/tz7k80vx2wd8tb19j2shmy4h0000gn/T//ccvpAMMC.o
LOAD /var/folders/nq/tz7k80vx2wd8tb19j2shmy4h0000gn/T//cczWT8no.o
LOAD /var/folders/nq/tz7k80vx2wd8tb19j2shmy4h0000gn/T//ccmcfyoe.o
LOAD /var/folders/nq/tz7k80vx2wd8tb19j2shmy4h0000gn/T//ccwcz18M.o
LOAD /var/folders/nq/tz7k80vx2wd8tb19j2shmy4h0000gn/T//cc2oPooT.o
LOAD /var/folders/nq/tz7k80vx2wd8tb19j2shmy4h0000gn/T//ccjtPeki.o
LOAD /var/folders/nq/tz7k80vx2wd8tb19j2shmy4h0000gn/T//ccE37slF.o
LOAD /var/folders/nq/tz7k80vx2wd8tb19j2shmy4h0000gn/T//ccQHd8re.o
LOAD /var/folders/nq/tz7k80vx2wd8tb19j2shmy4h0000gn/T//ccrSDgRt.o
LOAD /var/folders/nq/tz7k80vx2wd8tb19j2shmy4h0000gn/T//ccZ5pHlf.o
LOAD /var/folders/nq/tz7k80vx2wd8tb19j2shmy4h0000gn/T//ccf9Ftfe.o
LOAD /var/folders/nq/tz7k80vx2wd8tb19j2shmy4h0000gn/T//ccuGgCKv.o
LOAD /var/folders/nq/tz7k80vx2wd8tb19j2shmy4h0000gn/T//cclB3k2X.o
LOAD /var/folders/nq/tz7k80vx2wd8tb19j2shmy4h0000gn/T//ccMZbPYH.o
LOAD /var/folders/nq/tz7k80vx2wd8tb19j2shmy4h0000gn/T//ccvssRGW.o
LOAD /var/folders/nq/tz7k80vx2wd8tb19j2shmy4h0000gn/T//cc5HzpeH.o
LOAD /var/folders/nq/tz7k80vx2wd8tb19j2shmy4h0000gn/T//ccm60oh6.o
LOAD /var/folders/nq/tz7k80vx2wd8tb19j2shmy4h0000gn/T//ccWLtzfs.o
LOAD /var/folders/nq/tz7k80vx2wd8tb19j2shmy4h0000gn/T//ccBiGpbe.o
LOAD /opt/homebrew/Cellar/riscv64-elf-gcc/16.1.0/lib/gcc/riscv64-elf/16.1.0/rv32im/ilp32/libgcc.a
                0x00000000                        . = 0x0

.text           0x00000000     0xad94
 *(.text.init)
 .text.init     0x00000000       0x30 /var/folders/nq/tz7k80vx2wd8tb19j2shmy4h0000gn/T//cclhJR33.o
                0x00000000                _start
 *(.text*)
 .text          0x00000030        0x0 /var/folders/nq/tz7k80vx2wd8tb19j2shmy4h0000gn/T//cclhJR33.o
 .text          0x00000030        0x0 /var/folders/nq/tz7k80vx2wd8tb19j2shmy4h0000gn/T//cclzTKiB.o
 .text.startup  0x00000030      0x1f4 /var/folders/nq/tz7k80vx2wd8tb19j2shmy4h0000gn/T//cclzTKiB.o
                0x00000030                main
 .text          0x00000224      0x568 /var/folders/nq/tz7k80vx2wd8tb19j2shmy4h0000gn/T//ccNq8w2L.o
                0x000003c4                gfx_clear
                0x000003f0                gfx_fill_rect
                0x000004bc                gfx_hline
                0x000004c8                gfx_vline
                0x000004d8                gfx_rect
                0x0000057c                gfx_text
                0x000005b8                gfx_text_small
                0x000005f4                gfx_textn
                0x00000620                gfx_textn_small
                0x0000064c                u32_to_hex
                0x00000680                u32_to_dec
                0x00000700                memcpy
                0x00000724                memmove
                0x00000770                memset
 .text          0x0000078c     0x13d4 /var/folders/nq/tz7k80vx2wd8tb19j2shmy4h0000gn/T//ccvpAMMC.o
                0x00000ec4                lib_str
                0x00000ee4                lib_format_name
                0x00000f18                lib_fetch_path
                0x00000f9c                lib_parse
 .text          0x00001b60      0xfb8 /var/folders/nq/tz7k80vx2wd8tb19j2shmy4h0000gn/T//cczWT8no.o
                0x00001e88                ui_init
                0x00001edc                ui_input
                0x00002124                ui_tick
                0x000021d0                ui_render_full
                0x00002af8                ui_render_playing
 .text          0x00002b18      0x1f8 /var/folders/nq/tz7k80vx2wd8tb19j2shmy4h0000gn/T//ccmcfyoe.o
                0x00002bf0                file_read
                0x00002c1c                file_open
                0x00002c90                file_slot_size
 .text          0x00002d10      0x70c /var/folders/nq/tz7k80vx2wd8tb19j2shmy4h0000gn/T//ccwcz18M.o
                0x00002e78                malloc
                0x00002eb4                free
                0x00002eb8                mp3_start
                0x00003000                mp3_stop
                0x0000301c                mp3_set_paused
                0x00003028                mp3_is_playing
                0x00003044                mp3_at_eof
                0x00003060                mp3_pos_seconds
                0x0000307c                mp3_pump
 .text          0x0000341c      0x7cc /var/folders/nq/tz7k80vx2wd8tb19j2shmy4h0000gn/T//cc2oPooT.o
                0x0000341c                MP3InitDecoder
                0x00003420                MP3FreeDecoder
                0x0000342c                MP3FindSyncWord
                0x00003478                MP3GetLastFrameInfo
                0x00003514                MP3GetNextFrameInfo
                0x000035d8                MP3Decode
 .text          0x00003be8        0x0 /var/folders/nq/tz7k80vx2wd8tb19j2shmy4h0000gn/T//ccjtPeki.o
 .text          0x00003be8      0x844 /var/folders/nq/tz7k80vx2wd8tb19j2shmy4h0000gn/T//ccE37slF.o
                0x00003be8                xmp3_SetBitstreamPointer
                0x00003bfc                xmp3_GetBits
                0x00003d18                xmp3_CalcBitsUsed
                0x00003d34                xmp3_CheckPadBit
                0x00003d54                xmp3_UnpackFrameHeader
                0x0000403c                xmp3_UnpackSideInfo
 .text          0x0000442c      0x2cc /var/folders/nq/tz7k80vx2wd8tb19j2shmy4h0000gn/T//ccQHd8re.o
                0x0000442c                xmp3_FreeBuffers
                0x000044c8                xmp3_AllocateBuffers
 .text          0x000046f8      0x8d4 /var/folders/nq/tz7k80vx2wd8tb19j2shmy4h0000gn/T//ccrSDgRt.o
                0x000046f8                xmp3_FDCT32
 .text          0x00004fcc      0x3f0 /var/folders/nq/tz7k80vx2wd8tb19j2shmy4h0000gn/T//ccZ5pHlf.o
                0x00004fcc                xmp3_Dequantize
 .text          0x000053bc      0x5f0 /var/folders/nq/tz7k80vx2wd8tb19j2shmy4h0000gn/T//ccf9Ftfe.o
                0x000055ec                xmp3_DequantChannel
 .text          0x000059ac      0xb50 /var/folders/nq/tz7k80vx2wd8tb19j2shmy4h0000gn/T//ccuGgCKv.o
                0x000059ac                xmp3_DecodeHuffman
 .text          0x000064fc        0x0 /var/folders/nq/tz7k80vx2wd8tb19j2shmy4h0000gn/T//cclB3k2X.o
 .text          0x000064fc     0x1610 /var/folders/nq/tz7k80vx2wd8tb19j2shmy4h0000gn/T//ccMZbPYH.o
                0x00006854                xmp3_IMDCT
 .text          0x00007b0c     0x1d1c /var/folders/nq/tz7k80vx2wd8tb19j2shmy4h0000gn/T//ccvssRGW.o
                0x00007b0c                xmp3_PolyphaseMono
                0x000084c4                xmp3_PolyphaseStereo
 .text          0x00009828      0xaf4 /var/folders/nq/tz7k80vx2wd8tb19j2shmy4h0000gn/T//cc5HzpeH.o
                0x00009828                xmp3_UnpackScaleFactors
 .text          0x0000a31c      0x8c4 /var/folders/nq/tz7k80vx2wd8tb19j2shmy4h0000gn/T//ccm60oh6.o
                0x0000a31c                xmp3_MidSideProc
                0x0000a3bc                xmp3_IntensityProcMPEG1
                0x0000a86c                xmp3_IntensityProcMPEG2
 .text          0x0000abe0      0x1b4 /var/folders/nq/tz7k80vx2wd8tb19j2shmy4h0000gn/T//ccWLtzfs.o
                0x0000abe0                xmp3_Subband
 .text          0x0000ad94        0x0 /var/folders/nq/tz7k80vx2wd8tb19j2shmy4h0000gn/T//ccBiGpbe.o

.rodata         0x0000ad94     0x46e0
 *(.rodata*)
 .rodata.str1.4
                0x0000ad94      0x1e8 /var/folders/nq/tz7k80vx2wd8tb19j2shmy4h0000gn/T//cclzTKiB.o
                                 0xea (size before relaxing)
 .rodata        0x0000af7c     0x1260 /var/folders/nq/tz7k80vx2wd8tb19j2shmy4h0000gn/T//ccNq8w2L.o
 .rodata        0x0000c1dc       0x98 /var/folders/nq/tz7k80vx2wd8tb19j2shmy4h0000gn/T//ccvpAMMC.o
 .rodata.str1.4
                0x0000c274        0x0 /var/folders/nq/tz7k80vx2wd8tb19j2shmy4h0000gn/T//ccvpAMMC.o
                                 0x90 (size before relaxing)
 .rodata.str1.4
                0x0000c274        0x0 /var/folders/nq/tz7k80vx2wd8tb19j2shmy4h0000gn/T//cczWT8no.o
                                 0x70 (size before relaxing)
 .rodata        0x0000c274       0x24 /var/folders/nq/tz7k80vx2wd8tb19j2shmy4h0000gn/T//cczWT8no.o
 .rodata        0x0000c298      0x500 /var/folders/nq/tz7k80vx2wd8tb19j2shmy4h0000gn/T//ccjtPeki.o
                0x0000c298                xmp3_sfBandTable
                0x0000c534                xmp3_slotTab
                0x0000c644                xmp3_sideBytesTab
                0x0000c650                xmp3_samplesPerFrameTab
                0x0000c664                xmp3_bitrateTab
                0x0000c774                xmp3_samplerateTab
 .rodata        0x0000c798       0xc0 /var/folders/nq/tz7k80vx2wd8tb19j2shmy4h0000gn/T//ccrSDgRt.o
 .rodata        0x0000c858       0x16 /var/folders/nq/tz7k80vx2wd8tb19j2shmy4h0000gn/T//ccf9Ftfe.o
 *fill*         0x0000c86e        0x2 
 .rodata        0x0000c870     0x22f4 /var/folders/nq/tz7k80vx2wd8tb19j2shmy4h0000gn/T//cclB3k2X.o
                0x0000c870                xmp3_quadTable
                0x0000c8c0                xmp3_huffTabLookup
                0x0000c9c0                xmp3_huffTabOffset
                0x0000ca40                xmp3_huffTable
 .rodata        0x0000eb64       0x24 /var/folders/nq/tz7k80vx2wd8tb19j2shmy4h0000gn/T//ccMZbPYH.o
 .rodata        0x0000eb88       0x68 /var/folders/nq/tz7k80vx2wd8tb19j2shmy4h0000gn/T//cc5HzpeH.o
 .rodata        0x0000ebf0      0x864 /var/folders/nq/tz7k80vx2wd8tb19j2shmy4h0000gn/T//ccBiGpbe.o
                0x0000ebf0                xmp3_polyCoef
                0x0000f010                xmp3_coef32
                0x0000f08c                xmp3_csa
                0x0000f0cc                xmp3_ISFIIP
                0x0000f0dc                xmp3_ISFMpeg2
                0x0000f1dc                xmp3_ISFMpeg1
                0x0000f214                xmp3_imdctWin
 *(.srodata*)
 .srodata       0x0000f454        0x6 /var/folders/nq/tz7k80vx2wd8tb19j2shmy4h0000gn/T//ccjtPeki.o
                0x0000f454                xmp3_bitsPerSlotTab
 *fill*         0x0000f45a        0x2 
 .srodata       0x0000f45c       0x10 /var/folders/nq/tz7k80vx2wd8tb19j2shmy4h0000gn/T//cclB3k2X.o
                0x0000f45c                xmp3_quadTabMaxBits
                0x0000f464                xmp3_quadTabOffset
 .srodata       0x0000f46c        0x8 /var/folders/nq/tz7k80vx2wd8tb19j2shmy4h0000gn/T//ccBiGpbe.o
                0x0000f46c                xmp3_uniqueIDTab

.rela.dyn       0x0000f474        0x0
 .rela.text.init
                0x0000f474        0x0 /var/folders/nq/tz7k80vx2wd8tb19j2shmy4h0000gn/T//cclhJR33.o

.data           0x0000f474      0x280
 *(.data*)
 .data          0x0000f474        0x0 /var/folders/nq/tz7k80vx2wd8tb19j2shmy4h0000gn/T//cclhJR33.o
 .data          0x0000f474        0x0 /var/folders/nq/tz7k80vx2wd8tb19j2shmy4h0000gn/T//cclzTKiB.o
 .data          0x0000f474        0x0 /var/folders/nq/tz7k80vx2wd8tb19j2shmy4h0000gn/T//ccNq8w2L.o
 .data          0x0000f474        0x0 /var/folders/nq/tz7k80vx2wd8tb19j2shmy4h0000gn/T//ccvpAMMC.o
 .data          0x0000f474        0x0 /var/folders/nq/tz7k80vx2wd8tb19j2shmy4h0000gn/T//cczWT8no.o
 .data          0x0000f474        0x0 /var/folders/nq/tz7k80vx2wd8tb19j2shmy4h0000gn/T//ccmcfyoe.o
 .data          0x0000f474        0x0 /var/folders/nq/tz7k80vx2wd8tb19j2shmy4h0000gn/T//ccwcz18M.o
 .data          0x0000f474        0x0 /var/folders/nq/tz7k80vx2wd8tb19j2shmy4h0000gn/T//cc2oPooT.o
 .data          0x0000f474        0x0 /var/folders/nq/tz7k80vx2wd8tb19j2shmy4h0000gn/T//ccjtPeki.o
 .data          0x0000f474        0x0 /var/folders/nq/tz7k80vx2wd8tb19j2shmy4h0000gn/T//ccE37slF.o
 .data          0x0000f474        0x0 /var/folders/nq/tz7k80vx2wd8tb19j2shmy4h0000gn/T//ccQHd8re.o
 .data          0x0000f474        0x0 /var/folders/nq/tz7k80vx2wd8tb19j2shmy4h0000gn/T//ccrSDgRt.o
 .data          0x0000f474        0x0 /var/folders/nq/tz7k80vx2wd8tb19j2shmy4h0000gn/T//ccZ5pHlf.o
 .data          0x0000f474      0x238 /var/folders/nq/tz7k80vx2wd8tb19j2shmy4h0000gn/T//ccf9Ftfe.o
                0x0000f474                poly43lo
                0x0000f488                poly43hi
                0x0000f49c                pow43_14
                0x0000f59c                pow14
                0x0000f5ac                pow43
                0x0000f66c                pow2frac
                0x0000f68c                pow2exp
 .data          0x0000f6ac        0x0 /var/folders/nq/tz7k80vx2wd8tb19j2shmy4h0000gn/T//ccuGgCKv.o
 .data          0x0000f6ac        0x0 /var/folders/nq/tz7k80vx2wd8tb19j2shmy4h0000gn/T//cclB3k2X.o
 .data          0x0000f6ac       0x48 /var/folders/nq/tz7k80vx2wd8tb19j2shmy4h0000gn/T//ccMZbPYH.o
                0x0000f6ac                fastWin36
 .data          0x0000f6f4        0x0 /var/folders/nq/tz7k80vx2wd8tb19j2shmy4h0000gn/T//ccvssRGW.o
 .data          0x0000f6f4        0x0 /var/folders/nq/tz7k80vx2wd8tb19j2shmy4h0000gn/T//cc5HzpeH.o
 .data          0x0000f6f4        0x0 /var/folders/nq/tz7k80vx2wd8tb19j2shmy4h0000gn/T//ccm60oh6.o
 .data          0x0000f6f4        0x0 /var/folders/nq/tz7k80vx2wd8tb19j2shmy4h0000gn/T//ccWLtzfs.o
 .data          0x0000f6f4        0x0 /var/folders/nq/tz7k80vx2wd8tb19j2shmy4h0000gn/T//ccBiGpbe.o
 *(.sdata*)

.bss            0x0000f6f8     0xf278
                0x0000f6f8                        __bss_start = .
 *(.bss*)
 .bss           0x0000f6f8        0x0 /var/folders/nq/tz7k80vx2wd8tb19j2shmy4h0000gn/T//cclhJR33.o
 .bss           0x0000f6f8        0x0 /var/folders/nq/tz7k80vx2wd8tb19j2shmy4h0000gn/T//cclzTKiB.o
 .bss           0x0000f6f8        0x0 /var/folders/nq/tz7k80vx2wd8tb19j2shmy4h0000gn/T//ccNq8w2L.o
 .bss           0x0000f6f8     0x76c4 /var/folders/nq/tz7k80vx2wd8tb19j2shmy4h0000gn/T//ccvpAMMC.o
                0x0000f83c                lib_albums
                0x0000fe3c                lib_artists
                0x0000ffbc                lib_stage
                0x00014fbc                lib_tracks
 .bss           0x00016dbc      0x120 /var/folders/nq/tz7k80vx2wd8tb19j2shmy4h0000gn/T//cczWT8no.o
 .bss           0x00016edc        0x0 /var/folders/nq/tz7k80vx2wd8tb19j2shmy4h0000gn/T//ccmcfyoe.o
 *fill*         0x00016edc        0x4 
 .bss           0x00016ee0     0x7a00 /var/folders/nq/tz7k80vx2wd8tb19j2shmy4h0000gn/T//ccwcz18M.o
 .bss           0x0001e8e0        0x0 /var/folders/nq/tz7k80vx2wd8tb19j2shmy4h0000gn/T//cc2oPooT.o
 .bss           0x0001e8e0        0x0 /var/folders/nq/tz7k80vx2wd8tb19j2shmy4h0000gn/T//ccjtPeki.o
 .bss           0x0001e8e0        0x0 /var/folders/nq/tz7k80vx2wd8tb19j2shmy4h0000gn/T//ccE37slF.o
 .bss           0x0001e8e0        0x0 /var/folders/nq/tz7k80vx2wd8tb19j2shmy4h0000gn/T//ccQHd8re.o
 .bss           0x0001e8e0        0x0 /var/folders/nq/tz7k80vx2wd8tb19j2shmy4h0000gn/T//ccrSDgRt.o
 .bss           0x0001e8e0        0x0 /var/folders/nq/tz7k80vx2wd8tb19j2shmy4h0000gn/T//ccZ5pHlf.o
 .bss           0x0001e8e0        0x0 /var/folders/nq/tz7k80vx2wd8tb19j2shmy4h0000gn/T//ccf9Ftfe.o
 .bss           0x0001e8e0        0x0 /var/folders/nq/tz7k80vx2wd8tb19j2shmy4h0000gn/T//ccuGgCKv.o
 .bss           0x0001e8e0        0x0 /var/folders/nq/tz7k80vx2wd8tb19j2shmy4h0000gn/T//cclB3k2X.o
 .bss           0x0001e8e0        0x0 /var/folders/nq/tz7k80vx2wd8tb19j2shmy4h0000gn/T//ccMZbPYH.o
 .bss           0x0001e8e0        0x0 /var/folders/nq/tz7k80vx2wd8tb19j2shmy4h0000gn/T//ccvssRGW.o
 .bss           0x0001e8e0        0x0 /var/folders/nq/tz7k80vx2wd8tb19j2shmy4h0000gn/T//cc5HzpeH.o
 .bss           0x0001e8e0        0x0 /var/folders/nq/tz7k80vx2wd8tb19j2shmy4h0000gn/T//ccm60oh6.o
 .bss           0x0001e8e0        0x0 /var/folders/nq/tz7k80vx2wd8tb19j2shmy4h0000gn/T//ccWLtzfs.o
 .bss           0x0001e8e0        0x0 /var/folders/nq/tz7k80vx2wd8tb19j2shmy4h0000gn/T//ccBiGpbe.o
 *(.sbss*)
 .sbss          0x0001e8e0        0x2 /var/folders/nq/tz7k80vx2wd8tb19j2shmy4h0000gn/T//cclzTKiB.o
 *fill*         0x0001e8e2        0x2 
 .sbss          0x0001e8e4       0x28 /var/folders/nq/tz7k80vx2wd8tb19j2shmy4h0000gn/T//ccvpAMMC.o
                0x0001e900                lib_n_tracks
                0x0001e904                lib_n_albums
                0x0001e908                lib_n_artists
 .sbss          0x0001e90c       0x2c /var/folders/nq/tz7k80vx2wd8tb19j2shmy4h0000gn/T//cczWT8no.o
 .sbss          0x0001e938       0x38 /var/folders/nq/tz7k80vx2wd8tb19j2shmy4h0000gn/T//ccwcz18M.o
 *(COMMON)
                0x0001e970                        __bss_end = .
                0x00020000                        _stack_top = (ORIGIN (RAM) + LENGTH (RAM))
OUTPUT(/Users/jeremy/test_fpga/pocket-tunes/firmware/firmware.elf elf32-littleriscv)

.riscv.attributes
                0x00000000       0x2a
 .riscv.attributes
                0x00000000       0x28 /var/folders/nq/tz7k80vx2wd8tb19j2shmy4h0000gn/T//cclhJR33.o
 .riscv.attributes
                0x00000028       0x2a /var/folders/nq/tz7k80vx2wd8tb19j2shmy4h0000gn/T//cclzTKiB.o
 .riscv.attributes
                0x00000052       0x2a /var/folders/nq/tz7k80vx2wd8tb19j2shmy4h0000gn/T//ccNq8w2L.o
 .riscv.attributes
                0x0000007c       0x2a /var/folders/nq/tz7k80vx2wd8tb19j2shmy4h0000gn/T//ccvpAMMC.o
 .riscv.attributes
                0x000000a6       0x2a /var/folders/nq/tz7k80vx2wd8tb19j2shmy4h0000gn/T//cczWT8no.o
 .riscv.attributes
                0x000000d0       0x2a /var/folders/nq/tz7k80vx2wd8tb19j2shmy4h0000gn/T//ccmcfyoe.o
 .riscv.attributes
                0x000000fa       0x2a /var/folders/nq/tz7k80vx2wd8tb19j2shmy4h0000gn/T//ccwcz18M.o
 .riscv.attributes
                0x00000124       0x2a /var/folders/nq/tz7k80vx2wd8tb19j2shmy4h0000gn/T//cc2oPooT.o
 .riscv.attributes
                0x0000014e       0x2a /var/folders/nq/tz7k80vx2wd8tb19j2shmy4h0000gn/T//ccjtPeki.o
 .riscv.attributes
                0x00000178       0x2a /var/folders/nq/tz7k80vx2wd8tb19j2shmy4h0000gn/T//ccE37slF.o
 .riscv.attributes
                0x000001a2       0x2a /var/folders/nq/tz7k80vx2wd8tb19j2shmy4h0000gn/T//ccQHd8re.o
 .riscv.attributes
                0x000001cc       0x2a /var/folders/nq/tz7k80vx2wd8tb19j2shmy4h0000gn/T//ccrSDgRt.o
 .riscv.attributes
                0x000001f6       0x2a /var/folders/nq/tz7k80vx2wd8tb19j2shmy4h0000gn/T//ccZ5pHlf.o
 .riscv.attributes
                0x00000220       0x2a /var/folders/nq/tz7k80vx2wd8tb19j2shmy4h0000gn/T//ccf9Ftfe.o
 .riscv.attributes
                0x0000024a       0x2a /var/folders/nq/tz7k80vx2wd8tb19j2shmy4h0000gn/T//ccuGgCKv.o
 .riscv.attributes
                0x00000274       0x2a /var/folders/nq/tz7k80vx2wd8tb19j2shmy4h0000gn/T//cclB3k2X.o
 .riscv.attributes
                0x0000029e       0x2a /var/folders/nq/tz7k80vx2wd8tb19j2shmy4h0000gn/T//ccMZbPYH.o
 .riscv.attributes
                0x000002c8       0x2a /var/folders/nq/tz7k80vx2wd8tb19j2shmy4h0000gn/T//ccvssRGW.o
 .riscv.attributes
                0x000002f2       0x2a /var/folders/nq/tz7k80vx2wd8tb19j2shmy4h0000gn/T//cc5HzpeH.o
 .riscv.attributes
                0x0000031c       0x2a /var/folders/nq/tz7k80vx2wd8tb19j2shmy4h0000gn/T//ccm60oh6.o
 .riscv.attributes
                0x00000346       0x2a /var/folders/nq/tz7k80vx2wd8tb19j2shmy4h0000gn/T//ccWLtzfs.o
 .riscv.attributes
                0x00000370       0x2a /var/folders/nq/tz7k80vx2wd8tb19j2shmy4h0000gn/T//ccBiGpbe.o

.comment        0x00000000       0x12
 .comment       0x00000000       0x12 /var/folders/nq/tz7k80vx2wd8tb19j2shmy4h0000gn/T//cclzTKiB.o
                                 0x13 (size before relaxing)
 .comment       0x00000012        0x0 /var/folders/nq/tz7k80vx2wd8tb19j2shmy4h0000gn/T//ccNq8w2L.o
                                 0x13 (size before relaxing)
 .comment       0x00000012        0x0 /var/folders/nq/tz7k80vx2wd8tb19j2shmy4h0000gn/T//ccvpAMMC.o
                                 0x13 (size before relaxing)
 .comment       0x00000012        0x0 /var/folders/nq/tz7k80vx2wd8tb19j2shmy4h0000gn/T//cczWT8no.o
                                 0x13 (size before relaxing)
 .comment       0x00000012        0x0 /var/folders/nq/tz7k80vx2wd8tb19j2shmy4h0000gn/T//ccmcfyoe.o
                                 0x13 (size before relaxing)
 .comment       0x00000012        0x0 /var/folders/nq/tz7k80vx2wd8tb19j2shmy4h0000gn/T//ccwcz18M.o
                                 0x13 (size before relaxing)
 .comment       0x00000012        0x0 /var/folders/nq/tz7k80vx2wd8tb19j2shmy4h0000gn/T//cc2oPooT.o
                                 0x13 (size before relaxing)
 .comment       0x00000012        0x0 /var/folders/nq/tz7k80vx2wd8tb19j2shmy4h0000gn/T//ccjtPeki.o
                                 0x13 (size before relaxing)
 .comment       0x00000012        0x0 /var/folders/nq/tz7k80vx2wd8tb19j2shmy4h0000gn/T//ccE37slF.o
                                 0x13 (size before relaxing)
 .comment       0x00000012        0x0 /var/folders/nq/tz7k80vx2wd8tb19j2shmy4h0000gn/T//ccQHd8re.o
                                 0x13 (size before relaxing)
 .comment       0x00000012        0x0 /var/folders/nq/tz7k80vx2wd8tb19j2shmy4h0000gn/T//ccrSDgRt.o
                                 0x13 (size before relaxing)
 .comment       0x00000012        0x0 /var/folders/nq/tz7k80vx2wd8tb19j2shmy4h0000gn/T//ccZ5pHlf.o
                                 0x13 (size before relaxing)
 .comment       0x00000012        0x0 /var/folders/nq/tz7k80vx2wd8tb19j2shmy4h0000gn/T//ccf9Ftfe.o
                                 0x13 (size before relaxing)
 .comment       0x00000012        0x0 /var/folders/nq/tz7k80vx2wd8tb19j2shmy4h0000gn/T//ccuGgCKv.o
                                 0x13 (size before relaxing)
 .comment       0x00000012        0x0 /var/folders/nq/tz7k80vx2wd8tb19j2shmy4h0000gn/T//cclB3k2X.o
                                 0x13 (size before relaxing)
 .comment       0x00000012        0x0 /var/folders/nq/tz7k80vx2wd8tb19j2shmy4h0000gn/T//ccMZbPYH.o
                                 0x13 (size before relaxing)
 .comment       0x00000012        0x0 /var/folders/nq/tz7k80vx2wd8tb19j2shmy4h0000gn/T//ccvssRGW.o
                                 0x13 (size before relaxing)
 .comment       0x00000012        0x0 /var/folders/nq/tz7k80vx2wd8tb19j2shmy4h0000gn/T//cc5HzpeH.o
                                 0x13 (size before relaxing)
 .comment       0x00000012        0x0 /var/folders/nq/tz7k80vx2wd8tb19j2shmy4h0000gn/T//ccm60oh6.o
                                 0x13 (size before relaxing)
 .comment       0x00000012        0x0 /var/folders/nq/tz7k80vx2wd8tb19j2shmy4h0000gn/T//ccWLtzfs.o
                                 0x13 (size before relaxing)
 .comment       0x00000012        0x0 /var/folders/nq/tz7k80vx2wd8tb19j2shmy4h0000gn/T//ccBiGpbe.o
                                 0x13 (size before relaxing)

.note.GNU-stack
                0x00000000        0x0
 .note.GNU-stack
                0x00000000        0x0 /var/folders/nq/tz7k80vx2wd8tb19j2shmy4h0000gn/T//cclzTKiB.o
 .note.GNU-stack
                0x00000000        0x0 /var/folders/nq/tz7k80vx2wd8tb19j2shmy4h0000gn/T//ccNq8w2L.o
 .note.GNU-stack
                0x00000000        0x0 /var/folders/nq/tz7k80vx2wd8tb19j2shmy4h0000gn/T//ccvpAMMC.o
 .note.GNU-stack
                0x00000000        0x0 /var/folders/nq/tz7k80vx2wd8tb19j2shmy4h0000gn/T//cczWT8no.o
 .note.GNU-stack
                0x00000000        0x0 /var/folders/nq/tz7k80vx2wd8tb19j2shmy4h0000gn/T//ccmcfyoe.o
 .note.GNU-stack
                0x00000000        0x0 /var/folders/nq/tz7k80vx2wd8tb19j2shmy4h0000gn/T//ccwcz18M.o
 .note.GNU-stack
                0x00000000        0x0 /var/folders/nq/tz7k80vx2wd8tb19j2shmy4h0000gn/T//cc2oPooT.o
 .note.GNU-stack
                0x00000000        0x0 /var/folders/nq/tz7k80vx2wd8tb19j2shmy4h0000gn/T//ccjtPeki.o
 .note.GNU-stack
                0x00000000        0x0 /var/folders/nq/tz7k80vx2wd8tb19j2shmy4h0000gn/T//ccE37slF.o
 .note.GNU-stack
                0x00000000        0x0 /var/folders/nq/tz7k80vx2wd8tb19j2shmy4h0000gn/T//ccQHd8re.o
 .note.GNU-stack
                0x00000000        0x0 /var/folders/nq/tz7k80vx2wd8tb19j2shmy4h0000gn/T//ccrSDgRt.o
 .note.GNU-stack
                0x00000000        0x0 /var/folders/nq/tz7k80vx2wd8tb19j2shmy4h0000gn/T//ccZ5pHlf.o
 .note.GNU-stack
                0x00000000        0x0 /var/folders/nq/tz7k80vx2wd8tb19j2shmy4h0000gn/T//ccf9Ftfe.o
 .note.GNU-stack
                0x00000000        0x0 /var/folders/nq/tz7k80vx2wd8tb19j2shmy4h0000gn/T//ccuGgCKv.o
 .note.GNU-stack
                0x00000000        0x0 /var/folders/nq/tz7k80vx2wd8tb19j2shmy4h0000gn/T//cclB3k2X.o
 .note.GNU-stack
                0x00000000        0x0 /var/folders/nq/tz7k80vx2wd8tb19j2shmy4h0000gn/T//ccMZbPYH.o
 .note.GNU-stack
                0x00000000        0x0 /var/folders/nq/tz7k80vx2wd8tb19j2shmy4h0000gn/T//ccvssRGW.o
 .note.GNU-stack
                0x00000000        0x0 /var/folders/nq/tz7k80vx2wd8tb19j2shmy4h0000gn/T//cc5HzpeH.o
 .note.GNU-stack
                0x00000000        0x0 /var/folders/nq/tz7k80vx2wd8tb19j2shmy4h0000gn/T//ccm60oh6.o
 .note.GNU-stack
                0x00000000        0x0 /var/folders/nq/tz7k80vx2wd8tb19j2shmy4h0000gn/T//ccWLtzfs.o
 .note.GNU-stack
                0x00000000        0x0 /var/folders/nq/tz7k80vx2wd8tb19j2shmy4h0000gn/T//ccBiGpbe.o
