Archive member included to satisfy reference by file (symbol)

/opt/homebrew/Cellar/riscv64-elf-gcc/16.1.0/lib/gcc/riscv64-elf/16.1.0/rv32im/ilp32/libgcc.a(_udivdi3.o)
                              /var/folders/nq/tz7k80vx2wd8tb19j2shmy4h0000gn/T//ccF61npn.o (__udivdi3)
/opt/homebrew/Cellar/riscv64-elf-gcc/16.1.0/lib/gcc/riscv64-elf/16.1.0/rv32im/ilp32/libgcc.a(_clz.o)
                              /opt/homebrew/Cellar/riscv64-elf-gcc/16.1.0/lib/gcc/riscv64-elf/16.1.0/rv32im/ilp32/libgcc.a(_udivdi3.o) (__clz_tab)

Merging object attributes


There are no discarded input sections

Memory Configuration

Name             Origin             Length             Attributes
RAM              0x00000000         0x00020000         xrw
*default*        0x00000000         0xffffffff

Linker script and memory map

LOAD /var/folders/nq/tz7k80vx2wd8tb19j2shmy4h0000gn/T//cc7RwKIC.o
LOAD /var/folders/nq/tz7k80vx2wd8tb19j2shmy4h0000gn/T//ccT72Jto.o
LOAD /var/folders/nq/tz7k80vx2wd8tb19j2shmy4h0000gn/T//ccYVrvnf.o
LOAD /var/folders/nq/tz7k80vx2wd8tb19j2shmy4h0000gn/T//ccZd48So.o
LOAD /var/folders/nq/tz7k80vx2wd8tb19j2shmy4h0000gn/T//ccF61npn.o
LOAD /var/folders/nq/tz7k80vx2wd8tb19j2shmy4h0000gn/T//ccvTaHeM.o
LOAD /var/folders/nq/tz7k80vx2wd8tb19j2shmy4h0000gn/T//cchHfJ5C.o
LOAD /var/folders/nq/tz7k80vx2wd8tb19j2shmy4h0000gn/T//cc8UlGGx.o
LOAD /var/folders/nq/tz7k80vx2wd8tb19j2shmy4h0000gn/T//ccvgqumq.o
LOAD /var/folders/nq/tz7k80vx2wd8tb19j2shmy4h0000gn/T//cc8Cfz8x.o
LOAD /var/folders/nq/tz7k80vx2wd8tb19j2shmy4h0000gn/T//ccfvXFYd.o
LOAD /var/folders/nq/tz7k80vx2wd8tb19j2shmy4h0000gn/T//ccOrbUK4.o
LOAD /var/folders/nq/tz7k80vx2wd8tb19j2shmy4h0000gn/T//ccQOoazY.o
LOAD /var/folders/nq/tz7k80vx2wd8tb19j2shmy4h0000gn/T//ccmJse4o.o
LOAD /var/folders/nq/tz7k80vx2wd8tb19j2shmy4h0000gn/T//ccpeUNep.o
LOAD /var/folders/nq/tz7k80vx2wd8tb19j2shmy4h0000gn/T//ccW4L4hw.o
LOAD /var/folders/nq/tz7k80vx2wd8tb19j2shmy4h0000gn/T//cc6r57yo.o
LOAD /var/folders/nq/tz7k80vx2wd8tb19j2shmy4h0000gn/T//ccfklSMP.o
LOAD /var/folders/nq/tz7k80vx2wd8tb19j2shmy4h0000gn/T//ccZQbfbu.o
LOAD /var/folders/nq/tz7k80vx2wd8tb19j2shmy4h0000gn/T//ccPIMkRW.o
LOAD /var/folders/nq/tz7k80vx2wd8tb19j2shmy4h0000gn/T//ccGD4oZ0.o
LOAD /var/folders/nq/tz7k80vx2wd8tb19j2shmy4h0000gn/T//cciwlaSj.o
LOAD /opt/homebrew/Cellar/riscv64-elf-gcc/16.1.0/lib/gcc/riscv64-elf/16.1.0/rv32im/ilp32/libgcc.a
                0x00000000                        . = 0x0

.text           0x00000000     0xc498
 *(.text.init)
 .text.init     0x00000000       0x30 /var/folders/nq/tz7k80vx2wd8tb19j2shmy4h0000gn/T//cc7RwKIC.o
                0x00000000                _start
 *(.text*)
 .text          0x00000030        0x0 /var/folders/nq/tz7k80vx2wd8tb19j2shmy4h0000gn/T//cc7RwKIC.o
 .text          0x00000030        0x0 /var/folders/nq/tz7k80vx2wd8tb19j2shmy4h0000gn/T//ccT72Jto.o
 .text.startup  0x00000030      0x1f0 /var/folders/nq/tz7k80vx2wd8tb19j2shmy4h0000gn/T//ccT72Jto.o
                0x00000030                main
 .text          0x00000220      0xab8 /var/folders/nq/tz7k80vx2wd8tb19j2shmy4h0000gn/T//ccYVrvnf.o
                0x000002c4                gfx_clear
                0x000002f0                gfx_fill_rect
                0x000003bc                gfx_hline
                0x000003c8                gfx_vline
                0x000003d8                gfx_rect
                0x0000047c                gfx_text
                0x000005c0                gfx_text_small
                0x000006ec                gfx_textn
                0x00000840                gfx_textn_small
                0x0000097c                gfx_text_px_len
                0x00000a1c                gfx_text_scroll
                0x00000b98                u32_to_hex
                0x00000bcc                u32_to_dec
                0x00000c4c                memcpy
                0x00000c70                memmove
                0x00000cbc                memset
 .text          0x00000cd8     0x13d4 /var/folders/nq/tz7k80vx2wd8tb19j2shmy4h0000gn/T//ccZd48So.o
                0x00001410                lib_str
                0x00001430                lib_format_name
                0x00001464                lib_fetch_path
                0x000014e8                lib_parse
 .text          0x000020ac     0x1b2c /var/folders/nq/tz7k80vx2wd8tb19j2shmy4h0000gn/T//ccF61npn.o
                0x000026a8                ui_init
                0x00002718                ui_input
                0x00002b94                ui_tick
                0x00002c94                ui_render_full
                0x00003940                ui_render_playing
 .text          0x00003bd8      0x1f4 /var/folders/nq/tz7k80vx2wd8tb19j2shmy4h0000gn/T//ccvTaHeM.o
                0x00003cb0                file_read
                0x00003cdc                file_open
                0x00003d4c                file_slot_size
 .text          0x00003dcc      0x8a4 /var/folders/nq/tz7k80vx2wd8tb19j2shmy4h0000gn/T//cchHfJ5C.o
                0x00003f34                malloc
                0x00003f70                free
                0x00003f74                mp3_start
                0x000041a4                mp3_stop
                0x000041c0                mp3_set_paused
                0x000041cc                mp3_is_playing
                0x000041e8                mp3_at_eof
                0x00004204                mp3_pos_seconds
                0x00004220                mp3_seek
                0x000042d0                mp3_pump
 .text          0x00004670      0x7cc /var/folders/nq/tz7k80vx2wd8tb19j2shmy4h0000gn/T//cc8UlGGx.o
                0x00004670                MP3InitDecoder
                0x00004674                MP3FreeDecoder
                0x00004680                MP3FindSyncWord
                0x000046cc                MP3GetLastFrameInfo
                0x00004768                MP3GetNextFrameInfo
                0x0000482c                MP3Decode
 .text          0x00004e3c        0x0 /var/folders/nq/tz7k80vx2wd8tb19j2shmy4h0000gn/T//ccvgqumq.o
 .text          0x00004e3c      0x844 /var/folders/nq/tz7k80vx2wd8tb19j2shmy4h0000gn/T//cc8Cfz8x.o
                0x00004e3c                xmp3_SetBitstreamPointer
                0x00004e50                xmp3_GetBits
                0x00004f6c                xmp3_CalcBitsUsed
                0x00004f88                xmp3_CheckPadBit
                0x00004fa8                xmp3_UnpackFrameHeader
                0x00005290                xmp3_UnpackSideInfo
 .text          0x00005680      0x2cc /var/folders/nq/tz7k80vx2wd8tb19j2shmy4h0000gn/T//ccfvXFYd.o
                0x00005680                xmp3_FreeBuffers
                0x0000571c                xmp3_AllocateBuffers
 .text          0x0000594c      0x8d4 /var/folders/nq/tz7k80vx2wd8tb19j2shmy4h0000gn/T//ccOrbUK4.o
                0x0000594c                xmp3_FDCT32
 .text          0x00006220      0x3f0 /var/folders/nq/tz7k80vx2wd8tb19j2shmy4h0000gn/T//ccQOoazY.o
                0x00006220                xmp3_Dequantize
 .text          0x00006610      0x5f0 /var/folders/nq/tz7k80vx2wd8tb19j2shmy4h0000gn/T//ccmJse4o.o
                0x00006840                xmp3_DequantChannel
 .text          0x00006c00      0xb50 /var/folders/nq/tz7k80vx2wd8tb19j2shmy4h0000gn/T//ccpeUNep.o
                0x00006c00                xmp3_DecodeHuffman
 .text          0x00007750        0x0 /var/folders/nq/tz7k80vx2wd8tb19j2shmy4h0000gn/T//ccW4L4hw.o
 .text          0x00007750     0x1610 /var/folders/nq/tz7k80vx2wd8tb19j2shmy4h0000gn/T//cc6r57yo.o
                0x00007aa8                xmp3_IMDCT
 .text          0x00008d60     0x1d1c /var/folders/nq/tz7k80vx2wd8tb19j2shmy4h0000gn/T//ccfklSMP.o
                0x00008d60                xmp3_PolyphaseMono
                0x00009718                xmp3_PolyphaseStereo
 .text          0x0000aa7c      0xaf4 /var/folders/nq/tz7k80vx2wd8tb19j2shmy4h0000gn/T//ccZQbfbu.o
                0x0000aa7c                xmp3_UnpackScaleFactors
 .text          0x0000b570      0x8c4 /var/folders/nq/tz7k80vx2wd8tb19j2shmy4h0000gn/T//ccPIMkRW.o
                0x0000b570                xmp3_MidSideProc
                0x0000b610                xmp3_IntensityProcMPEG1
                0x0000bac0                xmp3_IntensityProcMPEG2
 .text          0x0000be34      0x1b4 /var/folders/nq/tz7k80vx2wd8tb19j2shmy4h0000gn/T//ccGD4oZ0.o
                0x0000be34                xmp3_Subband
 .text          0x0000bfe8        0x0 /var/folders/nq/tz7k80vx2wd8tb19j2shmy4h0000gn/T//cciwlaSj.o
 .text          0x0000bfe8      0x4b0 /opt/homebrew/Cellar/riscv64-elf-gcc/16.1.0/lib/gcc/riscv64-elf/16.1.0/rv32im/ilp32/libgcc.a(_udivdi3.o)
                0x0000bfe8                __udivdi3
 .text          0x0000c498        0x0 /opt/homebrew/Cellar/riscv64-elf-gcc/16.1.0/lib/gcc/riscv64-elf/16.1.0/rv32im/ilp32/libgcc.a(_clz.o)

.rodata         0x0000c498     0x4824
 *(.rodata*)
 .rodata.str1.4
                0x0000c498      0x22c /var/folders/nq/tz7k80vx2wd8tb19j2shmy4h0000gn/T//ccT72Jto.o
                                 0xea (size before relaxing)
 .rodata        0x0000c6c4     0x1260 /var/folders/nq/tz7k80vx2wd8tb19j2shmy4h0000gn/T//ccYVrvnf.o
 .rodata        0x0000d924       0x98 /var/folders/nq/tz7k80vx2wd8tb19j2shmy4h0000gn/T//ccZd48So.o
 .rodata.str1.4
                0x0000d9bc        0x0 /var/folders/nq/tz7k80vx2wd8tb19j2shmy4h0000gn/T//ccZd48So.o
                                 0x90 (size before relaxing)
 .rodata.str1.4
                0x0000d9bc        0x0 /var/folders/nq/tz7k80vx2wd8tb19j2shmy4h0000gn/T//ccF61npn.o
                                 0xbc (size before relaxing)
 .rodata        0x0000d9bc       0x24 /var/folders/nq/tz7k80vx2wd8tb19j2shmy4h0000gn/T//ccF61npn.o
 .rodata        0x0000d9e0      0x500 /var/folders/nq/tz7k80vx2wd8tb19j2shmy4h0000gn/T//ccvgqumq.o
                0x0000d9e0                xmp3_sfBandTable
                0x0000dc7c                xmp3_slotTab
                0x0000dd8c                xmp3_sideBytesTab
                0x0000dd98                xmp3_samplesPerFrameTab
                0x0000ddac                xmp3_bitrateTab
                0x0000debc                xmp3_samplerateTab
 .rodata        0x0000dee0       0xc0 /var/folders/nq/tz7k80vx2wd8tb19j2shmy4h0000gn/T//ccOrbUK4.o
 .rodata        0x0000dfa0       0x16 /var/folders/nq/tz7k80vx2wd8tb19j2shmy4h0000gn/T//ccmJse4o.o
 *fill*         0x0000dfb6        0x2 
 .rodata        0x0000dfb8     0x22f4 /var/folders/nq/tz7k80vx2wd8tb19j2shmy4h0000gn/T//ccW4L4hw.o
                0x0000dfb8                xmp3_quadTable
                0x0000e008                xmp3_huffTabLookup
                0x0000e108                xmp3_huffTabOffset
                0x0000e188                xmp3_huffTable
 .rodata        0x000102ac       0x24 /var/folders/nq/tz7k80vx2wd8tb19j2shmy4h0000gn/T//cc6r57yo.o
 .rodata        0x000102d0       0x68 /var/folders/nq/tz7k80vx2wd8tb19j2shmy4h0000gn/T//ccZQbfbu.o
 .rodata        0x00010338      0x864 /var/folders/nq/tz7k80vx2wd8tb19j2shmy4h0000gn/T//cciwlaSj.o
                0x00010338                xmp3_polyCoef
                0x00010758                xmp3_coef32
                0x000107d4                xmp3_csa
                0x00010814                xmp3_ISFIIP
                0x00010824                xmp3_ISFMpeg2
                0x00010924                xmp3_ISFMpeg1
                0x0001095c                xmp3_imdctWin
 .rodata        0x00010b9c      0x100 /opt/homebrew/Cellar/riscv64-elf-gcc/16.1.0/lib/gcc/riscv64-elf/16.1.0/rv32im/ilp32/libgcc.a(_clz.o)
                0x00010b9c                __clz_tab
 *(.srodata*)
 .srodata       0x00010c9c        0x6 /var/folders/nq/tz7k80vx2wd8tb19j2shmy4h0000gn/T//ccvgqumq.o
                0x00010c9c                xmp3_bitsPerSlotTab
 *fill*         0x00010ca2        0x2 
 .srodata       0x00010ca4       0x10 /var/folders/nq/tz7k80vx2wd8tb19j2shmy4h0000gn/T//ccW4L4hw.o
                0x00010ca4                xmp3_quadTabMaxBits
                0x00010cac                xmp3_quadTabOffset
 .srodata       0x00010cb4        0x8 /var/folders/nq/tz7k80vx2wd8tb19j2shmy4h0000gn/T//cciwlaSj.o
                0x00010cb4                xmp3_uniqueIDTab

.eh_frame       0x00010cbc       0x28
 .eh_frame      0x00010cbc       0x28 /opt/homebrew/Cellar/riscv64-elf-gcc/16.1.0/lib/gcc/riscv64-elf/16.1.0/rv32im/ilp32/libgcc.a(_udivdi3.o)

.rela.dyn       0x00010ce4        0x0
 .rela.text.init
                0x00010ce4        0x0 /var/folders/nq/tz7k80vx2wd8tb19j2shmy4h0000gn/T//cc7RwKIC.o

.data           0x00010ce4      0x28c
 *(.data*)
 .data          0x00010ce4        0x0 /var/folders/nq/tz7k80vx2wd8tb19j2shmy4h0000gn/T//cc7RwKIC.o
 .data          0x00010ce4        0x0 /var/folders/nq/tz7k80vx2wd8tb19j2shmy4h0000gn/T//ccT72Jto.o
 .data          0x00010ce4        0x0 /var/folders/nq/tz7k80vx2wd8tb19j2shmy4h0000gn/T//ccYVrvnf.o
 .data          0x00010ce4        0x0 /var/folders/nq/tz7k80vx2wd8tb19j2shmy4h0000gn/T//ccZd48So.o
 .data          0x00010ce4        0x0 /var/folders/nq/tz7k80vx2wd8tb19j2shmy4h0000gn/T//ccF61npn.o
 .data          0x00010ce4        0x0 /var/folders/nq/tz7k80vx2wd8tb19j2shmy4h0000gn/T//ccvTaHeM.o
 .data          0x00010ce4        0x0 /var/folders/nq/tz7k80vx2wd8tb19j2shmy4h0000gn/T//cchHfJ5C.o
 .data          0x00010ce4        0x0 /var/folders/nq/tz7k80vx2wd8tb19j2shmy4h0000gn/T//cc8UlGGx.o
 .data          0x00010ce4        0x0 /var/folders/nq/tz7k80vx2wd8tb19j2shmy4h0000gn/T//ccvgqumq.o
 .data          0x00010ce4        0x0 /var/folders/nq/tz7k80vx2wd8tb19j2shmy4h0000gn/T//cc8Cfz8x.o
 .data          0x00010ce4        0x0 /var/folders/nq/tz7k80vx2wd8tb19j2shmy4h0000gn/T//ccfvXFYd.o
 .data          0x00010ce4        0x0 /var/folders/nq/tz7k80vx2wd8tb19j2shmy4h0000gn/T//ccOrbUK4.o
 .data          0x00010ce4        0x0 /var/folders/nq/tz7k80vx2wd8tb19j2shmy4h0000gn/T//ccQOoazY.o
 .data          0x00010ce4      0x238 /var/folders/nq/tz7k80vx2wd8tb19j2shmy4h0000gn/T//ccmJse4o.o
                0x00010ce4                poly43lo
                0x00010cf8                poly43hi
                0x00010d0c                pow43_14
                0x00010e0c                pow14
                0x00010e1c                pow43
                0x00010edc                pow2frac
                0x00010efc                pow2exp
 .data          0x00010f1c        0x0 /var/folders/nq/tz7k80vx2wd8tb19j2shmy4h0000gn/T//ccpeUNep.o
 .data          0x00010f1c        0x0 /var/folders/nq/tz7k80vx2wd8tb19j2shmy4h0000gn/T//ccW4L4hw.o
 .data          0x00010f1c       0x48 /var/folders/nq/tz7k80vx2wd8tb19j2shmy4h0000gn/T//cc6r57yo.o
                0x00010f1c                fastWin36
 .data          0x00010f64        0x0 /var/folders/nq/tz7k80vx2wd8tb19j2shmy4h0000gn/T//ccfklSMP.o
 .data          0x00010f64        0x0 /var/folders/nq/tz7k80vx2wd8tb19j2shmy4h0000gn/T//ccZQbfbu.o
 .data          0x00010f64        0x0 /var/folders/nq/tz7k80vx2wd8tb19j2shmy4h0000gn/T//ccPIMkRW.o
 .data          0x00010f64        0x0 /var/folders/nq/tz7k80vx2wd8tb19j2shmy4h0000gn/T//ccGD4oZ0.o
 .data          0x00010f64        0x0 /var/folders/nq/tz7k80vx2wd8tb19j2shmy4h0000gn/T//cciwlaSj.o
 .data          0x00010f64        0x0 /opt/homebrew/Cellar/riscv64-elf-gcc/16.1.0/lib/gcc/riscv64-elf/16.1.0/rv32im/ilp32/libgcc.a(_udivdi3.o)
 .data          0x00010f64        0x0 /opt/homebrew/Cellar/riscv64-elf-gcc/16.1.0/lib/gcc/riscv64-elf/16.1.0/rv32im/ilp32/libgcc.a(_clz.o)
 *(.sdata*)
 .sdata         0x00010f64        0xc /var/folders/nq/tz7k80vx2wd8tb19j2shmy4h0000gn/T//ccF61npn.o

.bss            0x00010f70     0xec88
                0x00010f70                        __bss_start = .
 *(.bss*)
 .bss           0x00010f70        0x0 /var/folders/nq/tz7k80vx2wd8tb19j2shmy4h0000gn/T//cc7RwKIC.o
 .bss           0x00010f70        0x0 /var/folders/nq/tz7k80vx2wd8tb19j2shmy4h0000gn/T//ccT72Jto.o
 .bss           0x00010f70        0x0 /var/folders/nq/tz7k80vx2wd8tb19j2shmy4h0000gn/T//ccYVrvnf.o
 .bss           0x00010f70     0x76c4 /var/folders/nq/tz7k80vx2wd8tb19j2shmy4h0000gn/T//ccZd48So.o
                0x000110b4                lib_albums
                0x000116b4                lib_artists
                0x00011834                lib_stage
                0x00016834                lib_tracks
 .bss           0x00018634      0x120 /var/folders/nq/tz7k80vx2wd8tb19j2shmy4h0000gn/T//ccF61npn.o
 .bss           0x00018754        0x0 /var/folders/nq/tz7k80vx2wd8tb19j2shmy4h0000gn/T//ccvTaHeM.o
 *fill*         0x00018754        0x4 
 .bss           0x00018758     0x7400 /var/folders/nq/tz7k80vx2wd8tb19j2shmy4h0000gn/T//cchHfJ5C.o
 .bss           0x0001fb58        0x0 /var/folders/nq/tz7k80vx2wd8tb19j2shmy4h0000gn/T//cc8UlGGx.o
 .bss           0x0001fb58        0x0 /var/folders/nq/tz7k80vx2wd8tb19j2shmy4h0000gn/T//ccvgqumq.o
 .bss           0x0001fb58        0x0 /var/folders/nq/tz7k80vx2wd8tb19j2shmy4h0000gn/T//cc8Cfz8x.o
 .bss           0x0001fb58        0x0 /var/folders/nq/tz7k80vx2wd8tb19j2shmy4h0000gn/T//ccfvXFYd.o
 .bss           0x0001fb58        0x0 /var/folders/nq/tz7k80vx2wd8tb19j2shmy4h0000gn/T//ccOrbUK4.o
 .bss           0x0001fb58        0x0 /var/folders/nq/tz7k80vx2wd8tb19j2shmy4h0000gn/T//ccQOoazY.o
 .bss           0x0001fb58        0x0 /var/folders/nq/tz7k80vx2wd8tb19j2shmy4h0000gn/T//ccmJse4o.o
 .bss           0x0001fb58        0x0 /var/folders/nq/tz7k80vx2wd8tb19j2shmy4h0000gn/T//ccpeUNep.o
 .bss           0x0001fb58        0x0 /var/folders/nq/tz7k80vx2wd8tb19j2shmy4h0000gn/T//ccW4L4hw.o
 .bss           0x0001fb58        0x0 /var/folders/nq/tz7k80vx2wd8tb19j2shmy4h0000gn/T//cc6r57yo.o
 .bss           0x0001fb58        0x0 /var/folders/nq/tz7k80vx2wd8tb19j2shmy4h0000gn/T//ccfklSMP.o
 .bss           0x0001fb58        0x0 /var/folders/nq/tz7k80vx2wd8tb19j2shmy4h0000gn/T//ccZQbfbu.o
 .bss           0x0001fb58        0x0 /var/folders/nq/tz7k80vx2wd8tb19j2shmy4h0000gn/T//ccPIMkRW.o
 .bss           0x0001fb58        0x0 /var/folders/nq/tz7k80vx2wd8tb19j2shmy4h0000gn/T//ccGD4oZ0.o
 .bss           0x0001fb58        0x0 /var/folders/nq/tz7k80vx2wd8tb19j2shmy4h0000gn/T//cciwlaSj.o
 .bss           0x0001fb58        0x0 /opt/homebrew/Cellar/riscv64-elf-gcc/16.1.0/lib/gcc/riscv64-elf/16.1.0/rv32im/ilp32/libgcc.a(_udivdi3.o)
 .bss           0x0001fb58        0x0 /opt/homebrew/Cellar/riscv64-elf-gcc/16.1.0/lib/gcc/riscv64-elf/16.1.0/rv32im/ilp32/libgcc.a(_clz.o)
 *(.sbss*)
 .sbss          0x0001fb58        0x2 /var/folders/nq/tz7k80vx2wd8tb19j2shmy4h0000gn/T//ccT72Jto.o
 *fill*         0x0001fb5a        0x2 
 .sbss          0x0001fb5c       0x28 /var/folders/nq/tz7k80vx2wd8tb19j2shmy4h0000gn/T//ccZd48So.o
                0x0001fb78                lib_n_tracks
                0x0001fb7c                lib_n_albums
                0x0001fb80                lib_n_artists
 .sbss          0x0001fb84       0x38 /var/folders/nq/tz7k80vx2wd8tb19j2shmy4h0000gn/T//ccF61npn.o
 .sbss          0x0001fbbc       0x3c /var/folders/nq/tz7k80vx2wd8tb19j2shmy4h0000gn/T//cchHfJ5C.o
 *(COMMON)
                0x0001fbf8                        __bss_end = .
                0x00020000                        _stack_top = (ORIGIN (RAM) + LENGTH (RAM))
OUTPUT(/Users/jeremy/test_fpga/pocket-tunes/firmware/firmware.elf elf32-littleriscv)

.riscv.attributes
                0x00000000       0x2a
 .riscv.attributes
                0x00000000       0x28 /var/folders/nq/tz7k80vx2wd8tb19j2shmy4h0000gn/T//cc7RwKIC.o
 .riscv.attributes
                0x00000028       0x2a /var/folders/nq/tz7k80vx2wd8tb19j2shmy4h0000gn/T//ccT72Jto.o
 .riscv.attributes
                0x00000052       0x2a /var/folders/nq/tz7k80vx2wd8tb19j2shmy4h0000gn/T//ccYVrvnf.o
 .riscv.attributes
                0x0000007c       0x2a /var/folders/nq/tz7k80vx2wd8tb19j2shmy4h0000gn/T//ccZd48So.o
 .riscv.attributes
                0x000000a6       0x2a /var/folders/nq/tz7k80vx2wd8tb19j2shmy4h0000gn/T//ccF61npn.o
 .riscv.attributes
                0x000000d0       0x2a /var/folders/nq/tz7k80vx2wd8tb19j2shmy4h0000gn/T//ccvTaHeM.o
 .riscv.attributes
                0x000000fa       0x2a /var/folders/nq/tz7k80vx2wd8tb19j2shmy4h0000gn/T//cchHfJ5C.o
 .riscv.attributes
                0x00000124       0x2a /var/folders/nq/tz7k80vx2wd8tb19j2shmy4h0000gn/T//cc8UlGGx.o
 .riscv.attributes
                0x0000014e       0x2a /var/folders/nq/tz7k80vx2wd8tb19j2shmy4h0000gn/T//ccvgqumq.o
 .riscv.attributes
                0x00000178       0x2a /var/folders/nq/tz7k80vx2wd8tb19j2shmy4h0000gn/T//cc8Cfz8x.o
 .riscv.attributes
                0x000001a2       0x2a /var/folders/nq/tz7k80vx2wd8tb19j2shmy4h0000gn/T//ccfvXFYd.o
 .riscv.attributes
                0x000001cc       0x2a /var/folders/nq/tz7k80vx2wd8tb19j2shmy4h0000gn/T//ccOrbUK4.o
 .riscv.attributes
                0x000001f6       0x2a /var/folders/nq/tz7k80vx2wd8tb19j2shmy4h0000gn/T//ccQOoazY.o
 .riscv.attributes
                0x00000220       0x2a /var/folders/nq/tz7k80vx2wd8tb19j2shmy4h0000gn/T//ccmJse4o.o
 .riscv.attributes
                0x0000024a       0x2a /var/folders/nq/tz7k80vx2wd8tb19j2shmy4h0000gn/T//ccpeUNep.o
 .riscv.attributes
                0x00000274       0x2a /var/folders/nq/tz7k80vx2wd8tb19j2shmy4h0000gn/T//ccW4L4hw.o
 .riscv.attributes
                0x0000029e       0x2a /var/folders/nq/tz7k80vx2wd8tb19j2shmy4h0000gn/T//cc6r57yo.o
 .riscv.attributes
                0x000002c8       0x2a /var/folders/nq/tz7k80vx2wd8tb19j2shmy4h0000gn/T//ccfklSMP.o
 .riscv.attributes
                0x000002f2       0x2a /var/folders/nq/tz7k80vx2wd8tb19j2shmy4h0000gn/T//ccZQbfbu.o
 .riscv.attributes
                0x0000031c       0x2a /var/folders/nq/tz7k80vx2wd8tb19j2shmy4h0000gn/T//ccPIMkRW.o
 .riscv.attributes
                0x00000346       0x2a /var/folders/nq/tz7k80vx2wd8tb19j2shmy4h0000gn/T//ccGD4oZ0.o
 .riscv.attributes
                0x00000370       0x2a /var/folders/nq/tz7k80vx2wd8tb19j2shmy4h0000gn/T//cciwlaSj.o
 .riscv.attributes
                0x0000039a       0x2a /opt/homebrew/Cellar/riscv64-elf-gcc/16.1.0/lib/gcc/riscv64-elf/16.1.0/rv32im/ilp32/libgcc.a(_udivdi3.o)
 .riscv.attributes
                0x000003c4       0x2a /opt/homebrew/Cellar/riscv64-elf-gcc/16.1.0/lib/gcc/riscv64-elf/16.1.0/rv32im/ilp32/libgcc.a(_clz.o)

.comment        0x00000000       0x12
 .comment       0x00000000       0x12 /var/folders/nq/tz7k80vx2wd8tb19j2shmy4h0000gn/T//ccT72Jto.o
                                 0x13 (size before relaxing)
 .comment       0x00000012        0x0 /var/folders/nq/tz7k80vx2wd8tb19j2shmy4h0000gn/T//ccYVrvnf.o
                                 0x13 (size before relaxing)
 .comment       0x00000012        0x0 /var/folders/nq/tz7k80vx2wd8tb19j2shmy4h0000gn/T//ccZd48So.o
                                 0x13 (size before relaxing)
 .comment       0x00000012        0x0 /var/folders/nq/tz7k80vx2wd8tb19j2shmy4h0000gn/T//ccF61npn.o
                                 0x13 (size before relaxing)
 .comment       0x00000012        0x0 /var/folders/nq/tz7k80vx2wd8tb19j2shmy4h0000gn/T//ccvTaHeM.o
                                 0x13 (size before relaxing)
 .comment       0x00000012        0x0 /var/folders/nq/tz7k80vx2wd8tb19j2shmy4h0000gn/T//cchHfJ5C.o
                                 0x13 (size before relaxing)
 .comment       0x00000012        0x0 /var/folders/nq/tz7k80vx2wd8tb19j2shmy4h0000gn/T//cc8UlGGx.o
                                 0x13 (size before relaxing)
 .comment       0x00000012        0x0 /var/folders/nq/tz7k80vx2wd8tb19j2shmy4h0000gn/T//ccvgqumq.o
                                 0x13 (size before relaxing)
 .comment       0x00000012        0x0 /var/folders/nq/tz7k80vx2wd8tb19j2shmy4h0000gn/T//cc8Cfz8x.o
                                 0x13 (size before relaxing)
 .comment       0x00000012        0x0 /var/folders/nq/tz7k80vx2wd8tb19j2shmy4h0000gn/T//ccfvXFYd.o
                                 0x13 (size before relaxing)
 .comment       0x00000012        0x0 /var/folders/nq/tz7k80vx2wd8tb19j2shmy4h0000gn/T//ccOrbUK4.o
                                 0x13 (size before relaxing)
 .comment       0x00000012        0x0 /var/folders/nq/tz7k80vx2wd8tb19j2shmy4h0000gn/T//ccQOoazY.o
                                 0x13 (size before relaxing)
 .comment       0x00000012        0x0 /var/folders/nq/tz7k80vx2wd8tb19j2shmy4h0000gn/T//ccmJse4o.o
                                 0x13 (size before relaxing)
 .comment       0x00000012        0x0 /var/folders/nq/tz7k80vx2wd8tb19j2shmy4h0000gn/T//ccpeUNep.o
                                 0x13 (size before relaxing)
 .comment       0x00000012        0x0 /var/folders/nq/tz7k80vx2wd8tb19j2shmy4h0000gn/T//ccW4L4hw.o
                                 0x13 (size before relaxing)
 .comment       0x00000012        0x0 /var/folders/nq/tz7k80vx2wd8tb19j2shmy4h0000gn/T//cc6r57yo.o
                                 0x13 (size before relaxing)
 .comment       0x00000012        0x0 /var/folders/nq/tz7k80vx2wd8tb19j2shmy4h0000gn/T//ccfklSMP.o
                                 0x13 (size before relaxing)
 .comment       0x00000012        0x0 /var/folders/nq/tz7k80vx2wd8tb19j2shmy4h0000gn/T//ccZQbfbu.o
                                 0x13 (size before relaxing)
 .comment       0x00000012        0x0 /var/folders/nq/tz7k80vx2wd8tb19j2shmy4h0000gn/T//ccPIMkRW.o
                                 0x13 (size before relaxing)
 .comment       0x00000012        0x0 /var/folders/nq/tz7k80vx2wd8tb19j2shmy4h0000gn/T//ccGD4oZ0.o
                                 0x13 (size before relaxing)
 .comment       0x00000012        0x0 /var/folders/nq/tz7k80vx2wd8tb19j2shmy4h0000gn/T//cciwlaSj.o
                                 0x13 (size before relaxing)
 .comment       0x00000012        0x0 /opt/homebrew/Cellar/riscv64-elf-gcc/16.1.0/lib/gcc/riscv64-elf/16.1.0/rv32im/ilp32/libgcc.a(_udivdi3.o)
                                 0x13 (size before relaxing)
 .comment       0x00000012        0x0 /opt/homebrew/Cellar/riscv64-elf-gcc/16.1.0/lib/gcc/riscv64-elf/16.1.0/rv32im/ilp32/libgcc.a(_clz.o)
                                 0x13 (size before relaxing)

.note.GNU-stack
                0x00000000        0x0
 .note.GNU-stack
                0x00000000        0x0 /var/folders/nq/tz7k80vx2wd8tb19j2shmy4h0000gn/T//ccT72Jto.o
 .note.GNU-stack
                0x00000000        0x0 /var/folders/nq/tz7k80vx2wd8tb19j2shmy4h0000gn/T//ccYVrvnf.o
 .note.GNU-stack
                0x00000000        0x0 /var/folders/nq/tz7k80vx2wd8tb19j2shmy4h0000gn/T//ccZd48So.o
 .note.GNU-stack
                0x00000000        0x0 /var/folders/nq/tz7k80vx2wd8tb19j2shmy4h0000gn/T//ccF61npn.o
 .note.GNU-stack
                0x00000000        0x0 /var/folders/nq/tz7k80vx2wd8tb19j2shmy4h0000gn/T//ccvTaHeM.o
 .note.GNU-stack
                0x00000000        0x0 /var/folders/nq/tz7k80vx2wd8tb19j2shmy4h0000gn/T//cchHfJ5C.o
 .note.GNU-stack
                0x00000000        0x0 /var/folders/nq/tz7k80vx2wd8tb19j2shmy4h0000gn/T//cc8UlGGx.o
 .note.GNU-stack
                0x00000000        0x0 /var/folders/nq/tz7k80vx2wd8tb19j2shmy4h0000gn/T//ccvgqumq.o
 .note.GNU-stack
                0x00000000        0x0 /var/folders/nq/tz7k80vx2wd8tb19j2shmy4h0000gn/T//cc8Cfz8x.o
 .note.GNU-stack
                0x00000000        0x0 /var/folders/nq/tz7k80vx2wd8tb19j2shmy4h0000gn/T//ccfvXFYd.o
 .note.GNU-stack
                0x00000000        0x0 /var/folders/nq/tz7k80vx2wd8tb19j2shmy4h0000gn/T//ccOrbUK4.o
 .note.GNU-stack
                0x00000000        0x0 /var/folders/nq/tz7k80vx2wd8tb19j2shmy4h0000gn/T//ccQOoazY.o
 .note.GNU-stack
                0x00000000        0x0 /var/folders/nq/tz7k80vx2wd8tb19j2shmy4h0000gn/T//ccmJse4o.o
 .note.GNU-stack
                0x00000000        0x0 /var/folders/nq/tz7k80vx2wd8tb19j2shmy4h0000gn/T//ccpeUNep.o
 .note.GNU-stack
                0x00000000        0x0 /var/folders/nq/tz7k80vx2wd8tb19j2shmy4h0000gn/T//ccW4L4hw.o
 .note.GNU-stack
                0x00000000        0x0 /var/folders/nq/tz7k80vx2wd8tb19j2shmy4h0000gn/T//cc6r57yo.o
 .note.GNU-stack
                0x00000000        0x0 /var/folders/nq/tz7k80vx2wd8tb19j2shmy4h0000gn/T//ccfklSMP.o
 .note.GNU-stack
                0x00000000        0x0 /var/folders/nq/tz7k80vx2wd8tb19j2shmy4h0000gn/T//ccZQbfbu.o
 .note.GNU-stack
                0x00000000        0x0 /var/folders/nq/tz7k80vx2wd8tb19j2shmy4h0000gn/T//ccPIMkRW.o
 .note.GNU-stack
                0x00000000        0x0 /var/folders/nq/tz7k80vx2wd8tb19j2shmy4h0000gn/T//ccGD4oZ0.o
 .note.GNU-stack
                0x00000000        0x0 /var/folders/nq/tz7k80vx2wd8tb19j2shmy4h0000gn/T//cciwlaSj.o
 .note.GNU-stack
                0x00000000        0x0 /opt/homebrew/Cellar/riscv64-elf-gcc/16.1.0/lib/gcc/riscv64-elf/16.1.0/rv32im/ilp32/libgcc.a(_udivdi3.o)
 .note.GNU-stack
                0x00000000        0x0 /opt/homebrew/Cellar/riscv64-elf-gcc/16.1.0/lib/gcc/riscv64-elf/16.1.0/rv32im/ilp32/libgcc.a(_clz.o)

.debug_info     0x00000000      0x92c
 .debug_info    0x00000000      0x848 /opt/homebrew/Cellar/riscv64-elf-gcc/16.1.0/lib/gcc/riscv64-elf/16.1.0/rv32im/ilp32/libgcc.a(_udivdi3.o)
 .debug_info    0x00000848       0xe4 /opt/homebrew/Cellar/riscv64-elf-gcc/16.1.0/lib/gcc/riscv64-elf/16.1.0/rv32im/ilp32/libgcc.a(_clz.o)

.debug_abbrev   0x00000000      0x21a
 .debug_abbrev  0x00000000      0x1a4 /opt/homebrew/Cellar/riscv64-elf-gcc/16.1.0/lib/gcc/riscv64-elf/16.1.0/rv32im/ilp32/libgcc.a(_udivdi3.o)
 .debug_abbrev  0x000001a4       0x76 /opt/homebrew/Cellar/riscv64-elf-gcc/16.1.0/lib/gcc/riscv64-elf/16.1.0/rv32im/ilp32/libgcc.a(_clz.o)

.debug_loclists
                0x00000000      0xc61
 .debug_loclists
                0x00000000      0xc61 /opt/homebrew/Cellar/riscv64-elf-gcc/16.1.0/lib/gcc/riscv64-elf/16.1.0/rv32im/ilp32/libgcc.a(_udivdi3.o)

.debug_aranges  0x00000000       0x38
 .debug_aranges
                0x00000000       0x20 /opt/homebrew/Cellar/riscv64-elf-gcc/16.1.0/lib/gcc/riscv64-elf/16.1.0/rv32im/ilp32/libgcc.a(_udivdi3.o)
 .debug_aranges
                0x00000020       0x18 /opt/homebrew/Cellar/riscv64-elf-gcc/16.1.0/lib/gcc/riscv64-elf/16.1.0/rv32im/ilp32/libgcc.a(_clz.o)

.debug_rnglists
                0x00000000      0x10d
 .debug_rnglists
                0x00000000      0x10d /opt/homebrew/Cellar/riscv64-elf-gcc/16.1.0/lib/gcc/riscv64-elf/16.1.0/rv32im/ilp32/libgcc.a(_udivdi3.o)

.debug_line     0x00000000      0xad2
 .debug_line    0x00000000      0xa89 /opt/homebrew/Cellar/riscv64-elf-gcc/16.1.0/lib/gcc/riscv64-elf/16.1.0/rv32im/ilp32/libgcc.a(_udivdi3.o)
 .debug_line    0x00000a89       0x49 /opt/homebrew/Cellar/riscv64-elf-gcc/16.1.0/lib/gcc/riscv64-elf/16.1.0/rv32im/ilp32/libgcc.a(_clz.o)

.debug_str      0x00000000      0x275
 .debug_str     0x00000000      0x275 /opt/homebrew/Cellar/riscv64-elf-gcc/16.1.0/lib/gcc/riscv64-elf/16.1.0/rv32im/ilp32/libgcc.a(_udivdi3.o)
                                0x230 (size before relaxing)
 .debug_str     0x00000275        0x0 /opt/homebrew/Cellar/riscv64-elf-gcc/16.1.0/lib/gcc/riscv64-elf/16.1.0/rv32im/ilp32/libgcc.a(_clz.o)
                                0x17d (size before relaxing)

.debug_line_str
                0x00000000       0xb3
 .debug_line_str
                0x00000000       0xb3 /opt/homebrew/Cellar/riscv64-elf-gcc/16.1.0/lib/gcc/riscv64-elf/16.1.0/rv32im/ilp32/libgcc.a(_udivdi3.o)
                                 0xbd (size before relaxing)
 .debug_line_str
                0x000000b3        0x0 /opt/homebrew/Cellar/riscv64-elf-gcc/16.1.0/lib/gcc/riscv64-elf/16.1.0/rv32im/ilp32/libgcc.a(_clz.o)
                                 0xbd (size before relaxing)
