Archive member included to satisfy reference by file (symbol)

/opt/homebrew/Cellar/riscv64-elf-gcc/16.1.0/lib/gcc/riscv64-elf/16.1.0/rv32im/ilp32/libgcc.a(_clzsi2.o)
                              /Users/jeremy/test_fpga/pocket-tunes/firmware/obj/app_eq.o (__clzsi2)
/opt/homebrew/Cellar/riscv64-elf-gcc/16.1.0/lib/gcc/riscv64-elf/16.1.0/rv32im/ilp32/libgcc.a(_udivdi3.o)
                              /Users/jeremy/test_fpga/pocket-tunes/firmware/obj/app_ui.o (__udivdi3)
/opt/homebrew/Cellar/riscv64-elf-gcc/16.1.0/lib/gcc/riscv64-elf/16.1.0/rv32im/ilp32/libgcc.a(_clz.o)
                              /opt/homebrew/Cellar/riscv64-elf-gcc/16.1.0/lib/gcc/riscv64-elf/16.1.0/rv32im/ilp32/libgcc.a(_clzsi2.o) (__clz_tab)

Merging object attributes


There are no discarded input sections

Memory Configuration

Name             Origin             Length             Attributes
RAM              0x00000000         0x00020000         xrw
*default*        0x00000000         0xffffffff

Linker script and memory map

LOAD /Users/jeremy/test_fpga/pocket-tunes/firmware/obj/app_crt0.o
LOAD /Users/jeremy/test_fpga/pocket-tunes/firmware/obj/app_main.o
LOAD /Users/jeremy/test_fpga/pocket-tunes/firmware/obj/app_gfx.o
LOAD /Users/jeremy/test_fpga/pocket-tunes/firmware/obj/app_lib.o
LOAD /Users/jeremy/test_fpga/pocket-tunes/firmware/obj/app_ui.o
LOAD /Users/jeremy/test_fpga/pocket-tunes/firmware/obj/app_file.o
LOAD /Users/jeremy/test_fpga/pocket-tunes/firmware/obj/app_mp3.o
LOAD /Users/jeremy/test_fpga/pocket-tunes/firmware/obj/app_eq.o
LOAD /Users/jeremy/test_fpga/pocket-tunes/firmware/obj/app_art.o
LOAD /Users/jeremy/test_fpga/pocket-tunes/firmware/obj/helix_mp3dec.o
LOAD /Users/jeremy/test_fpga/pocket-tunes/firmware/obj/helix_mp3tabs.o
LOAD /Users/jeremy/test_fpga/pocket-tunes/firmware/obj/helix_bitstream.o
LOAD /Users/jeremy/test_fpga/pocket-tunes/firmware/obj/helix_buffers.o
LOAD /Users/jeremy/test_fpga/pocket-tunes/firmware/obj/helix_dct32.o
LOAD /Users/jeremy/test_fpga/pocket-tunes/firmware/obj/helix_dequant.o
LOAD /Users/jeremy/test_fpga/pocket-tunes/firmware/obj/helix_dqchan.o
LOAD /Users/jeremy/test_fpga/pocket-tunes/firmware/obj/helix_huffman.o
LOAD /Users/jeremy/test_fpga/pocket-tunes/firmware/obj/helix_hufftabs.o
LOAD /Users/jeremy/test_fpga/pocket-tunes/firmware/obj/helix_imdct.o
LOAD /Users/jeremy/test_fpga/pocket-tunes/firmware/obj/helix_polyphase.o
LOAD /Users/jeremy/test_fpga/pocket-tunes/firmware/obj/helix_scalfact.o
LOAD /Users/jeremy/test_fpga/pocket-tunes/firmware/obj/helix_stproc.o
LOAD /Users/jeremy/test_fpga/pocket-tunes/firmware/obj/helix_subband.o
LOAD /Users/jeremy/test_fpga/pocket-tunes/firmware/obj/helix_trigtabs.o
LOAD /opt/homebrew/Cellar/riscv64-elf-gcc/16.1.0/lib/gcc/riscv64-elf/16.1.0/rv32im/ilp32/libgcc.a
                0x00000000                        . = 0x0

.text           0x00000000     0xc534
 *(.text.init)
 .text.init     0x00000000       0x30 /Users/jeremy/test_fpga/pocket-tunes/firmware/obj/app_crt0.o
                0x00000000                _start
 *(.text*)
 .text          0x00000030        0x0 /Users/jeremy/test_fpga/pocket-tunes/firmware/obj/app_crt0.o
 .text          0x00000030        0x0 /Users/jeremy/test_fpga/pocket-tunes/firmware/obj/app_main.o
 .text.startup  0x00000030      0x1c8 /Users/jeremy/test_fpga/pocket-tunes/firmware/obj/app_main.o
                0x00000030                main
 .text          0x000001f8      0x928 /Users/jeremy/test_fpga/pocket-tunes/firmware/obj/app_gfx.o
                0x000003a0                gfx_clear
                0x000003c8                gfx_fill_rect
                0x00000444                gfx_hline
                0x00000450                gfx_vline
                0x00000460                gfx_rect
                0x000004f8                gfx_vgrad
                0x00000580                gfx_fill_round
                0x00000640                gfx_rect_round
                0x0000074c                gfx_text
                0x00000788                gfx_text_small
                0x000007c4                gfx_textn
                0x000007f0                gfx_textn_small
                0x0000081c                gfx_text_px_len
                0x00000890                gfx_text_scroll
                0x000009e4                u32_to_hex
                0x00000a1c                u32_to_dec
                0x00000a8c                memcpy
                0x00000ab0                memmove
                0x00000b04                memset
 .text          0x00000b20      0xdd4 /Users/jeremy/test_fpga/pocket-tunes/firmware/obj/app_lib.o
                0x00001144                lib_str
                0x00001164                lib_format_name
                0x00001198                lib_fetch_path
                0x00001210                lib_parse
 .text          0x000018f4     0x1da8 /Users/jeremy/test_fpga/pocket-tunes/firmware/obj/app_ui.o
                0x000024d8                ui_init
                0x00002548                ui_input
                0x00002990                ui_tick
                0x00002af0                ui_render_full
                0x0000340c                ui_render_playing
 .text          0x0000369c      0x1cc /Users/jeremy/test_fpga/pocket-tunes/firmware/obj/app_file.o
                0x00003768                file_read
                0x00003794                file_open
                0x00003800                file_slot_size
 .text          0x00003868      0x7d0 /Users/jeremy/test_fpga/pocket-tunes/firmware/obj/app_mp3.o
                0x00003980                malloc
                0x000039b8                free
                0x000039bc                mp3_stop
                0x000039d8                mp3_start
                0x00003bc4                mp3_set_paused
                0x00003bd0                mp3_is_playing
                0x00003bec                mp3_at_eof
                0x00003c08                mp3_pos_seconds
                0x00003c20                mp3_seek
                0x00003cbc                mp3_pump
 .text          0x00004038      0x420 /Users/jeremy/test_fpga/pocket-tunes/firmware/obj/app_eq.o
                0x0000409c                eq_feed
                0x000040cc                eq_tick
 .text          0x00004458      0x248 /Users/jeremy/test_fpga/pocket-tunes/firmware/obj/app_art.o
                0x00004458                art_ready
                0x00004464                art_load
                0x00004638                art_draw
 .text          0x000046a0      0x7cc /Users/jeremy/test_fpga/pocket-tunes/firmware/obj/helix_mp3dec.o
                0x000046a0                MP3InitDecoder
                0x000046a4                MP3FreeDecoder
                0x000046b0                MP3FindSyncWord
                0x000046fc                MP3GetLastFrameInfo
                0x00004798                MP3GetNextFrameInfo
                0x0000485c                MP3Decode
 .text          0x00004e6c        0x0 /Users/jeremy/test_fpga/pocket-tunes/firmware/obj/helix_mp3tabs.o
 .text          0x00004e6c      0x844 /Users/jeremy/test_fpga/pocket-tunes/firmware/obj/helix_bitstream.o
                0x00004e6c                xmp3_SetBitstreamPointer
                0x00004e80                xmp3_GetBits
                0x00004f9c                xmp3_CalcBitsUsed
                0x00004fb8                xmp3_CheckPadBit
                0x00004fd8                xmp3_UnpackFrameHeader
                0x000052c0                xmp3_UnpackSideInfo
 .text          0x000056b0      0x2cc /Users/jeremy/test_fpga/pocket-tunes/firmware/obj/helix_buffers.o
                0x000056b0                xmp3_FreeBuffers
                0x0000574c                xmp3_AllocateBuffers
 .text          0x0000597c      0x8d4 /Users/jeremy/test_fpga/pocket-tunes/firmware/obj/helix_dct32.o
                0x0000597c                xmp3_FDCT32
 .text          0x00006250      0x3f0 /Users/jeremy/test_fpga/pocket-tunes/firmware/obj/helix_dequant.o
                0x00006250                xmp3_Dequantize
 .text          0x00006640      0x5f0 /Users/jeremy/test_fpga/pocket-tunes/firmware/obj/helix_dqchan.o
                0x00006870                xmp3_DequantChannel
 .text          0x00006c30      0xb50 /Users/jeremy/test_fpga/pocket-tunes/firmware/obj/helix_huffman.o
                0x00006c30                xmp3_DecodeHuffman
 .text          0x00007780        0x0 /Users/jeremy/test_fpga/pocket-tunes/firmware/obj/helix_hufftabs.o
 .text          0x00007780     0x1610 /Users/jeremy/test_fpga/pocket-tunes/firmware/obj/helix_imdct.o
                0x00007ad8                xmp3_IMDCT
 .text          0x00008d90     0x1d1c /Users/jeremy/test_fpga/pocket-tunes/firmware/obj/helix_polyphase.o
                0x00008d90                xmp3_PolyphaseMono
                0x00009748                xmp3_PolyphaseStereo
 .text          0x0000aaac      0xaf4 /Users/jeremy/test_fpga/pocket-tunes/firmware/obj/helix_scalfact.o
                0x0000aaac                xmp3_UnpackScaleFactors
 .text          0x0000b5a0      0x8c4 /Users/jeremy/test_fpga/pocket-tunes/firmware/obj/helix_stproc.o
                0x0000b5a0                xmp3_MidSideProc
                0x0000b640                xmp3_IntensityProcMPEG1
                0x0000baf0                xmp3_IntensityProcMPEG2
 .text          0x0000be64      0x1b4 /Users/jeremy/test_fpga/pocket-tunes/firmware/obj/helix_subband.o
                0x0000be64                xmp3_Subband
 .text          0x0000c018        0x0 /Users/jeremy/test_fpga/pocket-tunes/firmware/obj/helix_trigtabs.o
 .text          0x0000c018       0x6c /opt/homebrew/Cellar/riscv64-elf-gcc/16.1.0/lib/gcc/riscv64-elf/16.1.0/rv32im/ilp32/libgcc.a(_clzsi2.o)
                0x0000c018                __clzsi2
 .text          0x0000c084      0x4b0 /opt/homebrew/Cellar/riscv64-elf-gcc/16.1.0/lib/gcc/riscv64-elf/16.1.0/rv32im/ilp32/libgcc.a(_udivdi3.o)
                0x0000c084                __udivdi3
 .text          0x0000c534        0x0 /opt/homebrew/Cellar/riscv64-elf-gcc/16.1.0/lib/gcc/riscv64-elf/16.1.0/rv32im/ilp32/libgcc.a(_clz.o)

.rodata         0x0000c534     0x4994
 *(.rodata*)
 .rodata.str1.4
                0x0000c534      0x26c /Users/jeremy/test_fpga/pocket-tunes/firmware/obj/app_main.o
                                 0xea (size before relaxing)
 .rodata        0x0000c7a0     0x1260 /Users/jeremy/test_fpga/pocket-tunes/firmware/obj/app_gfx.o
 .rodata.str1.4
                0x0000da00        0x0 /Users/jeremy/test_fpga/pocket-tunes/firmware/obj/app_lib.o
                                 0x90 (size before relaxing)
 .rodata        0x0000da00       0x14 /Users/jeremy/test_fpga/pocket-tunes/firmware/obj/app_lib.o
 .rodata.str1.4
                0x0000da14        0x0 /Users/jeremy/test_fpga/pocket-tunes/firmware/obj/app_ui.o
                                 0xcd (size before relaxing)
 .rodata        0x0000da14       0x34 /Users/jeremy/test_fpga/pocket-tunes/firmware/obj/app_ui.o
 .rodata        0x0000da48      0x19b /Users/jeremy/test_fpga/pocket-tunes/firmware/obj/app_eq.o
 .rodata.str1.4
                0x0000dbe3        0x0 /Users/jeremy/test_fpga/pocket-tunes/firmware/obj/app_art.o
                                 0x2c (size before relaxing)
 *fill*         0x0000dbe3        0x1 
 .rodata        0x0000dbe4      0x500 /Users/jeremy/test_fpga/pocket-tunes/firmware/obj/helix_mp3tabs.o
                0x0000dbe4                xmp3_sfBandTable
                0x0000de80                xmp3_slotTab
                0x0000df90                xmp3_sideBytesTab
                0x0000df9c                xmp3_samplesPerFrameTab
                0x0000dfb0                xmp3_bitrateTab
                0x0000e0c0                xmp3_samplerateTab
 .rodata        0x0000e0e4       0xc0 /Users/jeremy/test_fpga/pocket-tunes/firmware/obj/helix_dct32.o
 .rodata        0x0000e1a4       0x16 /Users/jeremy/test_fpga/pocket-tunes/firmware/obj/helix_dqchan.o
 *fill*         0x0000e1ba        0x2 
 .rodata        0x0000e1bc     0x22f4 /Users/jeremy/test_fpga/pocket-tunes/firmware/obj/helix_hufftabs.o
                0x0000e1bc                xmp3_quadTable
                0x0000e20c                xmp3_huffTabLookup
                0x0000e30c                xmp3_huffTabOffset
                0x0000e38c                xmp3_huffTable
 .rodata        0x000104b0       0x24 /Users/jeremy/test_fpga/pocket-tunes/firmware/obj/helix_imdct.o
 .rodata        0x000104d4       0x68 /Users/jeremy/test_fpga/pocket-tunes/firmware/obj/helix_scalfact.o
 .rodata        0x0001053c      0x864 /Users/jeremy/test_fpga/pocket-tunes/firmware/obj/helix_trigtabs.o
                0x0001053c                xmp3_polyCoef
                0x0001095c                xmp3_coef32
                0x000109d8                xmp3_csa
                0x00010a18                xmp3_ISFIIP
                0x00010a28                xmp3_ISFMpeg2
                0x00010b28                xmp3_ISFMpeg1
                0x00010b60                xmp3_imdctWin
 .rodata        0x00010da0      0x100 /opt/homebrew/Cellar/riscv64-elf-gcc/16.1.0/lib/gcc/riscv64-elf/16.1.0/rv32im/ilp32/libgcc.a(_clz.o)
                0x00010da0                __clz_tab
 *(.srodata*)
 .srodata       0x00010ea0        0x8 /Users/jeremy/test_fpga/pocket-tunes/firmware/obj/app_ui.o
 .srodata       0x00010ea8        0x6 /Users/jeremy/test_fpga/pocket-tunes/firmware/obj/helix_mp3tabs.o
                0x00010ea8                xmp3_bitsPerSlotTab
 *fill*         0x00010eae        0x2 
 .srodata       0x00010eb0       0x10 /Users/jeremy/test_fpga/pocket-tunes/firmware/obj/helix_hufftabs.o
                0x00010eb0                xmp3_quadTabMaxBits
                0x00010eb8                xmp3_quadTabOffset
 .srodata       0x00010ec0        0x8 /Users/jeremy/test_fpga/pocket-tunes/firmware/obj/helix_trigtabs.o
                0x00010ec0                xmp3_uniqueIDTab

.eh_frame       0x00010ec8       0x28
 .eh_frame      0x00010ec8       0x28 /opt/homebrew/Cellar/riscv64-elf-gcc/16.1.0/lib/gcc/riscv64-elf/16.1.0/rv32im/ilp32/libgcc.a(_udivdi3.o)

.rela.dyn       0x00010ef0        0x0
 .rela.text.init
                0x00010ef0        0x0 /Users/jeremy/test_fpga/pocket-tunes/firmware/obj/app_crt0.o

.data           0x00010ef0      0x28c
 *(.data*)
 .data          0x00010ef0        0x0 /Users/jeremy/test_fpga/pocket-tunes/firmware/obj/app_crt0.o
 .data          0x00010ef0        0x0 /Users/jeremy/test_fpga/pocket-tunes/firmware/obj/app_main.o
 .data          0x00010ef0        0x0 /Users/jeremy/test_fpga/pocket-tunes/firmware/obj/app_gfx.o
 .data          0x00010ef0        0x0 /Users/jeremy/test_fpga/pocket-tunes/firmware/obj/app_lib.o
 .data          0x00010ef0        0x0 /Users/jeremy/test_fpga/pocket-tunes/firmware/obj/app_ui.o
 .data          0x00010ef0        0x0 /Users/jeremy/test_fpga/pocket-tunes/firmware/obj/app_file.o
 .data          0x00010ef0        0x0 /Users/jeremy/test_fpga/pocket-tunes/firmware/obj/app_mp3.o
 .data          0x00010ef0        0x0 /Users/jeremy/test_fpga/pocket-tunes/firmware/obj/app_eq.o
 .data          0x00010ef0        0x0 /Users/jeremy/test_fpga/pocket-tunes/firmware/obj/app_art.o
 .data          0x00010ef0        0x0 /Users/jeremy/test_fpga/pocket-tunes/firmware/obj/helix_mp3dec.o
 .data          0x00010ef0        0x0 /Users/jeremy/test_fpga/pocket-tunes/firmware/obj/helix_mp3tabs.o
 .data          0x00010ef0        0x0 /Users/jeremy/test_fpga/pocket-tunes/firmware/obj/helix_bitstream.o
 .data          0x00010ef0        0x0 /Users/jeremy/test_fpga/pocket-tunes/firmware/obj/helix_buffers.o
 .data          0x00010ef0        0x0 /Users/jeremy/test_fpga/pocket-tunes/firmware/obj/helix_dct32.o
 .data          0x00010ef0        0x0 /Users/jeremy/test_fpga/pocket-tunes/firmware/obj/helix_dequant.o
 .data          0x00010ef0      0x238 /Users/jeremy/test_fpga/pocket-tunes/firmware/obj/helix_dqchan.o
                0x00010ef0                poly43lo
                0x00010f04                poly43hi
                0x00010f18                pow43_14
                0x00011018                pow14
                0x00011028                pow43
                0x000110e8                pow2frac
                0x00011108                pow2exp
 .data          0x00011128        0x0 /Users/jeremy/test_fpga/pocket-tunes/firmware/obj/helix_huffman.o
 .data          0x00011128        0x0 /Users/jeremy/test_fpga/pocket-tunes/firmware/obj/helix_hufftabs.o
 .data          0x00011128       0x48 /Users/jeremy/test_fpga/pocket-tunes/firmware/obj/helix_imdct.o
                0x00011128                fastWin36
 .data          0x00011170        0x0 /Users/jeremy/test_fpga/pocket-tunes/firmware/obj/helix_polyphase.o
 .data          0x00011170        0x0 /Users/jeremy/test_fpga/pocket-tunes/firmware/obj/helix_scalfact.o
 .data          0x00011170        0x0 /Users/jeremy/test_fpga/pocket-tunes/firmware/obj/helix_stproc.o
 .data          0x00011170        0x0 /Users/jeremy/test_fpga/pocket-tunes/firmware/obj/helix_subband.o
 .data          0x00011170        0x0 /Users/jeremy/test_fpga/pocket-tunes/firmware/obj/helix_trigtabs.o
 .data          0x00011170        0x0 /opt/homebrew/Cellar/riscv64-elf-gcc/16.1.0/lib/gcc/riscv64-elf/16.1.0/rv32im/ilp32/libgcc.a(_clzsi2.o)
 .data          0x00011170        0x0 /opt/homebrew/Cellar/riscv64-elf-gcc/16.1.0/lib/gcc/riscv64-elf/16.1.0/rv32im/ilp32/libgcc.a(_udivdi3.o)
 .data          0x00011170        0x0 /opt/homebrew/Cellar/riscv64-elf-gcc/16.1.0/lib/gcc/riscv64-elf/16.1.0/rv32im/ilp32/libgcc.a(_clz.o)
 *(.sdata*)
 .sdata         0x00011170        0xc /Users/jeremy/test_fpga/pocket-tunes/firmware/obj/app_ui.o

.bss            0x00011180     0xe0e8
                0x00011180                        __bss_start = .
 *(.bss*)
 .bss           0x00011180        0x0 /Users/jeremy/test_fpga/pocket-tunes/firmware/obj/app_crt0.o
 .bss           0x00011180        0x0 /Users/jeremy/test_fpga/pocket-tunes/firmware/obj/app_main.o
 .bss           0x00011180        0x0 /Users/jeremy/test_fpga/pocket-tunes/firmware/obj/app_gfx.o
 .bss           0x00011180     0x5e04 /Users/jeremy/test_fpga/pocket-tunes/firmware/obj/app_lib.o
                0x000112c4                lib_albums
                0x00011744                lib_artists
                0x00011884                lib_stage
                0x00016084                lib_tracks
 .bss           0x00016f84      0x120 /Users/jeremy/test_fpga/pocket-tunes/firmware/obj/app_ui.o
 .bss           0x000170a4        0x0 /Users/jeremy/test_fpga/pocket-tunes/firmware/obj/app_file.o
 *fill*         0x000170a4        0x4 
 .bss           0x000170a8     0x7200 /Users/jeremy/test_fpga/pocket-tunes/firmware/obj/app_mp3.o
 .bss           0x0001e2a8      0x612 /Users/jeremy/test_fpga/pocket-tunes/firmware/obj/app_eq.o
                0x0001e8a8                eq_bars
 *fill*         0x0001e8ba        0x2 
 .bss           0x0001e8bc      0x900 /Users/jeremy/test_fpga/pocket-tunes/firmware/obj/app_art.o
 .bss           0x0001f1bc        0x0 /Users/jeremy/test_fpga/pocket-tunes/firmware/obj/helix_mp3dec.o
 .bss           0x0001f1bc        0x0 /Users/jeremy/test_fpga/pocket-tunes/firmware/obj/helix_mp3tabs.o
 .bss           0x0001f1bc        0x0 /Users/jeremy/test_fpga/pocket-tunes/firmware/obj/helix_bitstream.o
 .bss           0x0001f1bc        0x0 /Users/jeremy/test_fpga/pocket-tunes/firmware/obj/helix_buffers.o
 .bss           0x0001f1bc        0x0 /Users/jeremy/test_fpga/pocket-tunes/firmware/obj/helix_dct32.o
 .bss           0x0001f1bc        0x0 /Users/jeremy/test_fpga/pocket-tunes/firmware/obj/helix_dequant.o
 .bss           0x0001f1bc        0x0 /Users/jeremy/test_fpga/pocket-tunes/firmware/obj/helix_dqchan.o
 .bss           0x0001f1bc        0x0 /Users/jeremy/test_fpga/pocket-tunes/firmware/obj/helix_huffman.o
 .bss           0x0001f1bc        0x0 /Users/jeremy/test_fpga/pocket-tunes/firmware/obj/helix_hufftabs.o
 .bss           0x0001f1bc        0x0 /Users/jeremy/test_fpga/pocket-tunes/firmware/obj/helix_imdct.o
 .bss           0x0001f1bc        0x0 /Users/jeremy/test_fpga/pocket-tunes/firmware/obj/helix_polyphase.o
 .bss           0x0001f1bc        0x0 /Users/jeremy/test_fpga/pocket-tunes/firmware/obj/helix_scalfact.o
 .bss           0x0001f1bc        0x0 /Users/jeremy/test_fpga/pocket-tunes/firmware/obj/helix_stproc.o
 .bss           0x0001f1bc        0x0 /Users/jeremy/test_fpga/pocket-tunes/firmware/obj/helix_subband.o
 .bss           0x0001f1bc        0x0 /Users/jeremy/test_fpga/pocket-tunes/firmware/obj/helix_trigtabs.o
 .bss           0x0001f1bc        0x0 /opt/homebrew/Cellar/riscv64-elf-gcc/16.1.0/lib/gcc/riscv64-elf/16.1.0/rv32im/ilp32/libgcc.a(_clzsi2.o)
 .bss           0x0001f1bc        0x0 /opt/homebrew/Cellar/riscv64-elf-gcc/16.1.0/lib/gcc/riscv64-elf/16.1.0/rv32im/ilp32/libgcc.a(_udivdi3.o)
 .bss           0x0001f1bc        0x0 /opt/homebrew/Cellar/riscv64-elf-gcc/16.1.0/lib/gcc/riscv64-elf/16.1.0/rv32im/ilp32/libgcc.a(_clz.o)
 *(.sbss*)
 .sbss          0x0001f1bc        0x2 /Users/jeremy/test_fpga/pocket-tunes/firmware/obj/app_main.o
 *fill*         0x0001f1be        0x2 
 .sbss          0x0001f1c0       0x28 /Users/jeremy/test_fpga/pocket-tunes/firmware/obj/app_lib.o
                0x0001f1dc                lib_n_tracks
                0x0001f1e0                lib_n_albums
                0x0001f1e4                lib_n_artists
 .sbss          0x0001f1e8       0x3c /Users/jeremy/test_fpga/pocket-tunes/firmware/obj/app_ui.o
 .sbss          0x0001f224       0x3c /Users/jeremy/test_fpga/pocket-tunes/firmware/obj/app_mp3.o
 .sbss          0x0001f260        0x4 /Users/jeremy/test_fpga/pocket-tunes/firmware/obj/app_eq.o
 .sbss          0x0001f264        0x4 /Users/jeremy/test_fpga/pocket-tunes/firmware/obj/app_art.o
 *(COMMON)
                0x0001f268                        __bss_end = .
                0x00020000                        _stack_top = (ORIGIN (RAM) + LENGTH (RAM))
OUTPUT(/Users/jeremy/test_fpga/pocket-tunes/firmware/firmware.elf elf32-littleriscv)

.riscv.attributes
                0x00000000       0x2a
 .riscv.attributes
                0x00000000       0x28 /Users/jeremy/test_fpga/pocket-tunes/firmware/obj/app_crt0.o
 .riscv.attributes
                0x00000028       0x2a /Users/jeremy/test_fpga/pocket-tunes/firmware/obj/app_main.o
 .riscv.attributes
                0x00000052       0x2a /Users/jeremy/test_fpga/pocket-tunes/firmware/obj/app_gfx.o
 .riscv.attributes
                0x0000007c       0x2a /Users/jeremy/test_fpga/pocket-tunes/firmware/obj/app_lib.o
 .riscv.attributes
                0x000000a6       0x2a /Users/jeremy/test_fpga/pocket-tunes/firmware/obj/app_ui.o
 .riscv.attributes
                0x000000d0       0x2a /Users/jeremy/test_fpga/pocket-tunes/firmware/obj/app_file.o
 .riscv.attributes
                0x000000fa       0x2a /Users/jeremy/test_fpga/pocket-tunes/firmware/obj/app_mp3.o
 .riscv.attributes
                0x00000124       0x2a /Users/jeremy/test_fpga/pocket-tunes/firmware/obj/app_eq.o
 .riscv.attributes
                0x0000014e       0x2a /Users/jeremy/test_fpga/pocket-tunes/firmware/obj/app_art.o
 .riscv.attributes
                0x00000178       0x2a /Users/jeremy/test_fpga/pocket-tunes/firmware/obj/helix_mp3dec.o
 .riscv.attributes
                0x000001a2       0x2a /Users/jeremy/test_fpga/pocket-tunes/firmware/obj/helix_mp3tabs.o
 .riscv.attributes
                0x000001cc       0x2a /Users/jeremy/test_fpga/pocket-tunes/firmware/obj/helix_bitstream.o
 .riscv.attributes
                0x000001f6       0x2a /Users/jeremy/test_fpga/pocket-tunes/firmware/obj/helix_buffers.o
 .riscv.attributes
                0x00000220       0x2a /Users/jeremy/test_fpga/pocket-tunes/firmware/obj/helix_dct32.o
 .riscv.attributes
                0x0000024a       0x2a /Users/jeremy/test_fpga/pocket-tunes/firmware/obj/helix_dequant.o
 .riscv.attributes
                0x00000274       0x2a /Users/jeremy/test_fpga/pocket-tunes/firmware/obj/helix_dqchan.o
 .riscv.attributes
                0x0000029e       0x2a /Users/jeremy/test_fpga/pocket-tunes/firmware/obj/helix_huffman.o
 .riscv.attributes
                0x000002c8       0x2a /Users/jeremy/test_fpga/pocket-tunes/firmware/obj/helix_hufftabs.o
 .riscv.attributes
                0x000002f2       0x2a /Users/jeremy/test_fpga/pocket-tunes/firmware/obj/helix_imdct.o
 .riscv.attributes
                0x0000031c       0x2a /Users/jeremy/test_fpga/pocket-tunes/firmware/obj/helix_polyphase.o
 .riscv.attributes
                0x00000346       0x2a /Users/jeremy/test_fpga/pocket-tunes/firmware/obj/helix_scalfact.o
 .riscv.attributes
                0x00000370       0x2a /Users/jeremy/test_fpga/pocket-tunes/firmware/obj/helix_stproc.o
 .riscv.attributes
                0x0000039a       0x2a /Users/jeremy/test_fpga/pocket-tunes/firmware/obj/helix_subband.o
 .riscv.attributes
                0x000003c4       0x2a /Users/jeremy/test_fpga/pocket-tunes/firmware/obj/helix_trigtabs.o
 .riscv.attributes
                0x000003ee       0x2a /opt/homebrew/Cellar/riscv64-elf-gcc/16.1.0/lib/gcc/riscv64-elf/16.1.0/rv32im/ilp32/libgcc.a(_clzsi2.o)
 .riscv.attributes
                0x00000418       0x2a /opt/homebrew/Cellar/riscv64-elf-gcc/16.1.0/lib/gcc/riscv64-elf/16.1.0/rv32im/ilp32/libgcc.a(_udivdi3.o)
 .riscv.attributes
                0x00000442       0x2a /opt/homebrew/Cellar/riscv64-elf-gcc/16.1.0/lib/gcc/riscv64-elf/16.1.0/rv32im/ilp32/libgcc.a(_clz.o)

.comment        0x00000000       0x12
 .comment       0x00000000       0x12 /Users/jeremy/test_fpga/pocket-tunes/firmware/obj/app_main.o
                                 0x13 (size before relaxing)
 .comment       0x00000012        0x0 /Users/jeremy/test_fpga/pocket-tunes/firmware/obj/app_gfx.o
                                 0x13 (size before relaxing)
 .comment       0x00000012        0x0 /Users/jeremy/test_fpga/pocket-tunes/firmware/obj/app_lib.o
                                 0x13 (size before relaxing)
 .comment       0x00000012        0x0 /Users/jeremy/test_fpga/pocket-tunes/firmware/obj/app_ui.o
                                 0x13 (size before relaxing)
 .comment       0x00000012        0x0 /Users/jeremy/test_fpga/pocket-tunes/firmware/obj/app_file.o
                                 0x13 (size before relaxing)
 .comment       0x00000012        0x0 /Users/jeremy/test_fpga/pocket-tunes/firmware/obj/app_mp3.o
                                 0x13 (size before relaxing)
 .comment       0x00000012        0x0 /Users/jeremy/test_fpga/pocket-tunes/firmware/obj/app_eq.o
                                 0x13 (size before relaxing)
 .comment       0x00000012        0x0 /Users/jeremy/test_fpga/pocket-tunes/firmware/obj/app_art.o
                                 0x13 (size before relaxing)
 .comment       0x00000012        0x0 /Users/jeremy/test_fpga/pocket-tunes/firmware/obj/helix_mp3dec.o
                                 0x13 (size before relaxing)
 .comment       0x00000012        0x0 /Users/jeremy/test_fpga/pocket-tunes/firmware/obj/helix_mp3tabs.o
                                 0x13 (size before relaxing)
 .comment       0x00000012        0x0 /Users/jeremy/test_fpga/pocket-tunes/firmware/obj/helix_bitstream.o
                                 0x13 (size before relaxing)
 .comment       0x00000012        0x0 /Users/jeremy/test_fpga/pocket-tunes/firmware/obj/helix_buffers.o
                                 0x13 (size before relaxing)
 .comment       0x00000012        0x0 /Users/jeremy/test_fpga/pocket-tunes/firmware/obj/helix_dct32.o
                                 0x13 (size before relaxing)
 .comment       0x00000012        0x0 /Users/jeremy/test_fpga/pocket-tunes/firmware/obj/helix_dequant.o
                                 0x13 (size before relaxing)
 .comment       0x00000012        0x0 /Users/jeremy/test_fpga/pocket-tunes/firmware/obj/helix_dqchan.o
                                 0x13 (size before relaxing)
 .comment       0x00000012        0x0 /Users/jeremy/test_fpga/pocket-tunes/firmware/obj/helix_huffman.o
                                 0x13 (size before relaxing)
 .comment       0x00000012        0x0 /Users/jeremy/test_fpga/pocket-tunes/firmware/obj/helix_hufftabs.o
                                 0x13 (size before relaxing)
 .comment       0x00000012        0x0 /Users/jeremy/test_fpga/pocket-tunes/firmware/obj/helix_imdct.o
                                 0x13 (size before relaxing)
 .comment       0x00000012        0x0 /Users/jeremy/test_fpga/pocket-tunes/firmware/obj/helix_polyphase.o
                                 0x13 (size before relaxing)
 .comment       0x00000012        0x0 /Users/jeremy/test_fpga/pocket-tunes/firmware/obj/helix_scalfact.o
                                 0x13 (size before relaxing)
 .comment       0x00000012        0x0 /Users/jeremy/test_fpga/pocket-tunes/firmware/obj/helix_stproc.o
                                 0x13 (size before relaxing)
 .comment       0x00000012        0x0 /Users/jeremy/test_fpga/pocket-tunes/firmware/obj/helix_subband.o
                                 0x13 (size before relaxing)
 .comment       0x00000012        0x0 /Users/jeremy/test_fpga/pocket-tunes/firmware/obj/helix_trigtabs.o
                                 0x13 (size before relaxing)
 .comment       0x00000012        0x0 /opt/homebrew/Cellar/riscv64-elf-gcc/16.1.0/lib/gcc/riscv64-elf/16.1.0/rv32im/ilp32/libgcc.a(_clzsi2.o)
                                 0x13 (size before relaxing)
 .comment       0x00000012        0x0 /opt/homebrew/Cellar/riscv64-elf-gcc/16.1.0/lib/gcc/riscv64-elf/16.1.0/rv32im/ilp32/libgcc.a(_udivdi3.o)
                                 0x13 (size before relaxing)
 .comment       0x00000012        0x0 /opt/homebrew/Cellar/riscv64-elf-gcc/16.1.0/lib/gcc/riscv64-elf/16.1.0/rv32im/ilp32/libgcc.a(_clz.o)
                                 0x13 (size before relaxing)

.note.GNU-stack
                0x00000000        0x0
 .note.GNU-stack
                0x00000000        0x0 /Users/jeremy/test_fpga/pocket-tunes/firmware/obj/app_main.o
 .note.GNU-stack
                0x00000000        0x0 /Users/jeremy/test_fpga/pocket-tunes/firmware/obj/app_gfx.o
 .note.GNU-stack
                0x00000000        0x0 /Users/jeremy/test_fpga/pocket-tunes/firmware/obj/app_lib.o
 .note.GNU-stack
                0x00000000        0x0 /Users/jeremy/test_fpga/pocket-tunes/firmware/obj/app_ui.o
 .note.GNU-stack
                0x00000000        0x0 /Users/jeremy/test_fpga/pocket-tunes/firmware/obj/app_file.o
 .note.GNU-stack
                0x00000000        0x0 /Users/jeremy/test_fpga/pocket-tunes/firmware/obj/app_mp3.o
 .note.GNU-stack
                0x00000000        0x0 /Users/jeremy/test_fpga/pocket-tunes/firmware/obj/app_eq.o
 .note.GNU-stack
                0x00000000        0x0 /Users/jeremy/test_fpga/pocket-tunes/firmware/obj/app_art.o
 .note.GNU-stack
                0x00000000        0x0 /Users/jeremy/test_fpga/pocket-tunes/firmware/obj/helix_mp3dec.o
 .note.GNU-stack
                0x00000000        0x0 /Users/jeremy/test_fpga/pocket-tunes/firmware/obj/helix_mp3tabs.o
 .note.GNU-stack
                0x00000000        0x0 /Users/jeremy/test_fpga/pocket-tunes/firmware/obj/helix_bitstream.o
 .note.GNU-stack
                0x00000000        0x0 /Users/jeremy/test_fpga/pocket-tunes/firmware/obj/helix_buffers.o
 .note.GNU-stack
                0x00000000        0x0 /Users/jeremy/test_fpga/pocket-tunes/firmware/obj/helix_dct32.o
 .note.GNU-stack
                0x00000000        0x0 /Users/jeremy/test_fpga/pocket-tunes/firmware/obj/helix_dequant.o
 .note.GNU-stack
                0x00000000        0x0 /Users/jeremy/test_fpga/pocket-tunes/firmware/obj/helix_dqchan.o
 .note.GNU-stack
                0x00000000        0x0 /Users/jeremy/test_fpga/pocket-tunes/firmware/obj/helix_huffman.o
 .note.GNU-stack
                0x00000000        0x0 /Users/jeremy/test_fpga/pocket-tunes/firmware/obj/helix_hufftabs.o
 .note.GNU-stack
                0x00000000        0x0 /Users/jeremy/test_fpga/pocket-tunes/firmware/obj/helix_imdct.o
 .note.GNU-stack
                0x00000000        0x0 /Users/jeremy/test_fpga/pocket-tunes/firmware/obj/helix_polyphase.o
 .note.GNU-stack
                0x00000000        0x0 /Users/jeremy/test_fpga/pocket-tunes/firmware/obj/helix_scalfact.o
 .note.GNU-stack
                0x00000000        0x0 /Users/jeremy/test_fpga/pocket-tunes/firmware/obj/helix_stproc.o
 .note.GNU-stack
                0x00000000        0x0 /Users/jeremy/test_fpga/pocket-tunes/firmware/obj/helix_subband.o
 .note.GNU-stack
                0x00000000        0x0 /Users/jeremy/test_fpga/pocket-tunes/firmware/obj/helix_trigtabs.o
 .note.GNU-stack
                0x00000000        0x0 /opt/homebrew/Cellar/riscv64-elf-gcc/16.1.0/lib/gcc/riscv64-elf/16.1.0/rv32im/ilp32/libgcc.a(_clzsi2.o)
 .note.GNU-stack
                0x00000000        0x0 /opt/homebrew/Cellar/riscv64-elf-gcc/16.1.0/lib/gcc/riscv64-elf/16.1.0/rv32im/ilp32/libgcc.a(_udivdi3.o)
 .note.GNU-stack
                0x00000000        0x0 /opt/homebrew/Cellar/riscv64-elf-gcc/16.1.0/lib/gcc/riscv64-elf/16.1.0/rv32im/ilp32/libgcc.a(_clz.o)

.debug_info     0x00000000      0xa86
 .debug_info    0x00000000      0x15a /opt/homebrew/Cellar/riscv64-elf-gcc/16.1.0/lib/gcc/riscv64-elf/16.1.0/rv32im/ilp32/libgcc.a(_clzsi2.o)
 .debug_info    0x0000015a      0x848 /opt/homebrew/Cellar/riscv64-elf-gcc/16.1.0/lib/gcc/riscv64-elf/16.1.0/rv32im/ilp32/libgcc.a(_udivdi3.o)
 .debug_info    0x000009a2       0xe4 /opt/homebrew/Cellar/riscv64-elf-gcc/16.1.0/lib/gcc/riscv64-elf/16.1.0/rv32im/ilp32/libgcc.a(_clz.o)

.debug_abbrev   0x00000000      0x2f3
 .debug_abbrev  0x00000000       0xd9 /opt/homebrew/Cellar/riscv64-elf-gcc/16.1.0/lib/gcc/riscv64-elf/16.1.0/rv32im/ilp32/libgcc.a(_clzsi2.o)
 .debug_abbrev  0x000000d9      0x1a4 /opt/homebrew/Cellar/riscv64-elf-gcc/16.1.0/lib/gcc/riscv64-elf/16.1.0/rv32im/ilp32/libgcc.a(_udivdi3.o)
 .debug_abbrev  0x0000027d       0x76 /opt/homebrew/Cellar/riscv64-elf-gcc/16.1.0/lib/gcc/riscv64-elf/16.1.0/rv32im/ilp32/libgcc.a(_clz.o)

.debug_loclists
                0x00000000      0xcda
 .debug_loclists
                0x00000000       0x79 /opt/homebrew/Cellar/riscv64-elf-gcc/16.1.0/lib/gcc/riscv64-elf/16.1.0/rv32im/ilp32/libgcc.a(_clzsi2.o)
 .debug_loclists
                0x00000079      0xc61 /opt/homebrew/Cellar/riscv64-elf-gcc/16.1.0/lib/gcc/riscv64-elf/16.1.0/rv32im/ilp32/libgcc.a(_udivdi3.o)

.debug_aranges  0x00000000       0x58
 .debug_aranges
                0x00000000       0x20 /opt/homebrew/Cellar/riscv64-elf-gcc/16.1.0/lib/gcc/riscv64-elf/16.1.0/rv32im/ilp32/libgcc.a(_clzsi2.o)
 .debug_aranges
                0x00000020       0x20 /opt/homebrew/Cellar/riscv64-elf-gcc/16.1.0/lib/gcc/riscv64-elf/16.1.0/rv32im/ilp32/libgcc.a(_udivdi3.o)
 .debug_aranges
                0x00000040       0x18 /opt/homebrew/Cellar/riscv64-elf-gcc/16.1.0/lib/gcc/riscv64-elf/16.1.0/rv32im/ilp32/libgcc.a(_clz.o)

.debug_rnglists
                0x00000000      0x126
 .debug_rnglists
                0x00000000       0x19 /opt/homebrew/Cellar/riscv64-elf-gcc/16.1.0/lib/gcc/riscv64-elf/16.1.0/rv32im/ilp32/libgcc.a(_clzsi2.o)
 .debug_rnglists
                0x00000019      0x10d /opt/homebrew/Cellar/riscv64-elf-gcc/16.1.0/lib/gcc/riscv64-elf/16.1.0/rv32im/ilp32/libgcc.a(_udivdi3.o)

.debug_line     0x00000000      0xbe6
 .debug_line    0x00000000      0x114 /opt/homebrew/Cellar/riscv64-elf-gcc/16.1.0/lib/gcc/riscv64-elf/16.1.0/rv32im/ilp32/libgcc.a(_clzsi2.o)
 .debug_line    0x00000114      0xa89 /opt/homebrew/Cellar/riscv64-elf-gcc/16.1.0/lib/gcc/riscv64-elf/16.1.0/rv32im/ilp32/libgcc.a(_udivdi3.o)
 .debug_line    0x00000b9d       0x49 /opt/homebrew/Cellar/riscv64-elf-gcc/16.1.0/lib/gcc/riscv64-elf/16.1.0/rv32im/ilp32/libgcc.a(_clz.o)

.debug_str      0x00000000      0x27e
 .debug_str     0x00000000      0x27e /opt/homebrew/Cellar/riscv64-elf-gcc/16.1.0/lib/gcc/riscv64-elf/16.1.0/rv32im/ilp32/libgcc.a(_clzsi2.o)
                                0x19a (size before relaxing)
 .debug_str     0x0000027e        0x0 /opt/homebrew/Cellar/riscv64-elf-gcc/16.1.0/lib/gcc/riscv64-elf/16.1.0/rv32im/ilp32/libgcc.a(_udivdi3.o)
                                0x230 (size before relaxing)
 .debug_str     0x0000027e        0x0 /opt/homebrew/Cellar/riscv64-elf-gcc/16.1.0/lib/gcc/riscv64-elf/16.1.0/rv32im/ilp32/libgcc.a(_clz.o)
                                0x17d (size before relaxing)

.debug_line_str
                0x00000000       0xb3
 .debug_line_str
                0x00000000       0xb3 /opt/homebrew/Cellar/riscv64-elf-gcc/16.1.0/lib/gcc/riscv64-elf/16.1.0/rv32im/ilp32/libgcc.a(_clzsi2.o)
                                 0xbd (size before relaxing)
 .debug_line_str
                0x000000b3        0x0 /opt/homebrew/Cellar/riscv64-elf-gcc/16.1.0/lib/gcc/riscv64-elf/16.1.0/rv32im/ilp32/libgcc.a(_udivdi3.o)
                                 0xbd (size before relaxing)
 .debug_line_str
                0x000000b3        0x0 /opt/homebrew/Cellar/riscv64-elf-gcc/16.1.0/lib/gcc/riscv64-elf/16.1.0/rv32im/ilp32/libgcc.a(_clz.o)
                                 0xbd (size before relaxing)

.debug_frame    0x00000000       0x20
 .debug_frame   0x00000000       0x20 /opt/homebrew/Cellar/riscv64-elf-gcc/16.1.0/lib/gcc/riscv64-elf/16.1.0/rv32im/ilp32/libgcc.a(_clzsi2.o)
