Archive member included to satisfy reference by file (symbol)

/opt/homebrew/Cellar/riscv64-elf-gcc/16.1.0/lib/gcc/riscv64-elf/16.1.0/rv32im/ilp32/libgcc.a(_clzsi2.o)
                              /Users/jeremy/test_fpga/pocket-tunes/firmware/obj/app_eq.o (__clzsi2)
/opt/homebrew/Cellar/riscv64-elf-gcc/16.1.0/lib/gcc/riscv64-elf/16.1.0/rv32im/ilp32/libgcc.a(_divdi3.o)
                              /Users/jeremy/test_fpga/pocket-tunes/firmware/obj/opus_opus_multistream_encoder.o (__divdi3)
/opt/homebrew/Cellar/riscv64-elf-gcc/16.1.0/lib/gcc/riscv64-elf/16.1.0/rv32im/ilp32/libgcc.a(_udivdi3.o)
                              /Users/jeremy/test_fpga/pocket-tunes/firmware/obj/app_ui.o (__udivdi3)
/opt/homebrew/Cellar/riscv64-elf-gcc/16.1.0/lib/gcc/riscv64-elf/16.1.0/rv32im/ilp32/libgcc.a(_clz.o)
                              /opt/homebrew/Cellar/riscv64-elf-gcc/16.1.0/lib/gcc/riscv64-elf/16.1.0/rv32im/ilp32/libgcc.a(_clzsi2.o) (__clz_tab)

Merging object attributes


Discarded input sections

 .text          0x00000000        0x0 /Users/jeremy/test_fpga/pocket-tunes/firmware/obj/app_crt0.o
 .data          0x00000000        0x0 /Users/jeremy/test_fpga/pocket-tunes/firmware/obj/app_crt0.o
 .bss           0x00000000        0x0 /Users/jeremy/test_fpga/pocket-tunes/firmware/obj/app_crt0.o
 .text          0x00000000        0x0 /Users/jeremy/test_fpga/pocket-tunes/firmware/obj/app_main.o
 .data          0x00000000        0x0 /Users/jeremy/test_fpga/pocket-tunes/firmware/obj/app_main.o
 .bss           0x00000000        0x0 /Users/jeremy/test_fpga/pocket-tunes/firmware/obj/app_main.o
 .text          0x00000000        0x0 /Users/jeremy/test_fpga/pocket-tunes/firmware/obj/app_gfx.o
 .data          0x00000000        0x0 /Users/jeremy/test_fpga/pocket-tunes/firmware/obj/app_gfx.o
 .bss           0x00000000        0x0 /Users/jeremy/test_fpga/pocket-tunes/firmware/obj/app_gfx.o
 .text.gfx_rect
                0x00000000       0xa8 /Users/jeremy/test_fpga/pocket-tunes/firmware/obj/app_gfx.o
 .text.u32_to_hex
                0x00000000       0x38 /Users/jeremy/test_fpga/pocket-tunes/firmware/obj/app_gfx.o
 .text.labs     0x00000000       0x10 /Users/jeremy/test_fpga/pocket-tunes/firmware/obj/app_gfx.o
 .text.abort    0x00000000        0x4 /Users/jeremy/test_fpga/pocket-tunes/firmware/obj/app_gfx.o
 .text          0x00000000        0x0 /Users/jeremy/test_fpga/pocket-tunes/firmware/obj/app_lib.o
 .data          0x00000000        0x0 /Users/jeremy/test_fpga/pocket-tunes/firmware/obj/app_lib.o
 .bss           0x00000000        0x0 /Users/jeremy/test_fpga/pocket-tunes/firmware/obj/app_lib.o
 .text          0x00000000        0x0 /Users/jeremy/test_fpga/pocket-tunes/firmware/obj/app_chap.o
 .data          0x00000000        0x0 /Users/jeremy/test_fpga/pocket-tunes/firmware/obj/app_chap.o
 .bss           0x00000000        0x0 /Users/jeremy/test_fpga/pocket-tunes/firmware/obj/app_chap.o
 .text          0x00000000        0x0 /Users/jeremy/test_fpga/pocket-tunes/firmware/obj/app_ui.o
 .data          0x00000000        0x0 /Users/jeremy/test_fpga/pocket-tunes/firmware/obj/app_ui.o
 .bss           0x00000000        0x0 /Users/jeremy/test_fpga/pocket-tunes/firmware/obj/app_ui.o
 .text          0x00000000        0x0 /Users/jeremy/test_fpga/pocket-tunes/firmware/obj/app_file.o
 .data          0x00000000        0x0 /Users/jeremy/test_fpga/pocket-tunes/firmware/obj/app_file.o
 .bss           0x00000000        0x0 /Users/jeremy/test_fpga/pocket-tunes/firmware/obj/app_file.o
 .text          0x00000000        0x0 /Users/jeremy/test_fpga/pocket-tunes/firmware/obj/app_mp3.o
 .data          0x00000000        0x0 /Users/jeremy/test_fpga/pocket-tunes/firmware/obj/app_mp3.o
 .bss           0x00000000        0x0 /Users/jeremy/test_fpga/pocket-tunes/firmware/obj/app_mp3.o
 .text.mp3_is_playing
                0x00000000       0x1c /Users/jeremy/test_fpga/pocket-tunes/firmware/obj/app_mp3.o
 .text          0x00000000        0x0 /Users/jeremy/test_fpga/pocket-tunes/firmware/obj/app_eq.o
 .data          0x00000000        0x0 /Users/jeremy/test_fpga/pocket-tunes/firmware/obj/app_eq.o
 .bss           0x00000000        0x0 /Users/jeremy/test_fpga/pocket-tunes/firmware/obj/app_eq.o
 .text          0x00000000        0x0 /Users/jeremy/test_fpga/pocket-tunes/firmware/obj/app_art.o
 .data          0x00000000        0x0 /Users/jeremy/test_fpga/pocket-tunes/firmware/obj/app_art.o
 .bss           0x00000000        0x0 /Users/jeremy/test_fpga/pocket-tunes/firmware/obj/app_art.o
 .text          0x00000000        0x0 /Users/jeremy/test_fpga/pocket-tunes/firmware/obj/app_ogg.o
 .data          0x00000000        0x0 /Users/jeremy/test_fpga/pocket-tunes/firmware/obj/app_ogg.o
 .bss           0x00000000        0x0 /Users/jeremy/test_fpga/pocket-tunes/firmware/obj/app_ogg.o
 .text          0x00000000        0x0 /Users/jeremy/test_fpga/pocket-tunes/firmware/obj/app_opus_play.o
 .data          0x00000000        0x0 /Users/jeremy/test_fpga/pocket-tunes/firmware/obj/app_opus_play.o
[...]
Memory Configuration

Name             Origin             Length             Attributes
SRAM             0x50000000         0x00040000         xr
ITCM             0x60000000         0x00004000         xrw
RAM              0x00000000         0x00020000         xrw
*default*        0x00000000         0xffffffff

Linker script and memory map

LOAD /Users/jeremy/test_fpga/pocket-tunes/firmware/obj/app_crt0.o
LOAD /Users/jeremy/test_fpga/pocket-tunes/firmware/obj/app_main.o
LOAD /Users/jeremy/test_fpga/pocket-tunes/firmware/obj/app_gfx.o
LOAD /Users/jeremy/test_fpga/pocket-tunes/firmware/obj/app_lib.o
LOAD /Users/jeremy/test_fpga/pocket-tunes/firmware/obj/app_chap.o
LOAD /Users/jeremy/test_fpga/pocket-tunes/firmware/obj/app_ui.o
LOAD /Users/jeremy/test_fpga/pocket-tunes/firmware/obj/app_file.o
LOAD /Users/jeremy/test_fpga/pocket-tunes/firmware/obj/app_mp3.o
LOAD /Users/jeremy/test_fpga/pocket-tunes/firmware/obj/app_eq.o
LOAD /Users/jeremy/test_fpga/pocket-tunes/firmware/obj/app_art.o
LOAD /Users/jeremy/test_fpga/pocket-tunes/firmware/obj/app_ogg.o
LOAD /Users/jeremy/test_fpga/pocket-tunes/firmware/obj/app_opus_play.o
LOAD /Users/jeremy/test_fpga/pocket-tunes/firmware/obj/app_codec.o
LOAD /Users/jeremy/test_fpga/pocket-tunes/firmware/obj/opus_extensions.o
LOAD /Users/jeremy/test_fpga/pocket-tunes/firmware/obj/opus_mapping_matrix.o
LOAD /Users/jeremy/test_fpga/pocket-tunes/firmware/obj/opus_opus.o
LOAD /Users/jeremy/test_fpga/pocket-tunes/firmware/obj/opus_opus_decoder.o
LOAD /Users/jeremy/test_fpga/pocket-tunes/firmware/obj/opus_opus_encoder.o
LOAD /Users/jeremy/test_fpga/pocket-tunes/firmware/obj/opus_opus_multistream.o
LOAD /Users/jeremy/test_fpga/pocket-tunes/firmware/obj/opus_opus_multistream_decoder.o
LOAD /Users/jeremy/test_fpga/pocket-tunes/firmware/obj/opus_opus_multistream_encoder.o
LOAD /Users/jeremy/test_fpga/pocket-tunes/firmware/obj/opus_opus_projection_decoder.o
LOAD /Users/jeremy/test_fpga/pocket-tunes/firmware/obj/opus_opus_projection_encoder.o
LOAD /Users/jeremy/test_fpga/pocket-tunes/firmware/obj/opus_repacketizer.o
LOAD /Users/jeremy/test_fpga/pocket-tunes/firmware/obj/opus_bands.o
LOAD /Users/jeremy/test_fpga/pocket-tunes/firmware/obj/opus_celt.o
LOAD /Users/jeremy/test_fpga/pocket-tunes/firmware/obj/opus_celt_decoder.o
LOAD /Users/jeremy/test_fpga/pocket-tunes/firmware/obj/opus_celt_encoder.o
LOAD /Users/jeremy/test_fpga/pocket-tunes/firmware/obj/opus_celt_lpc.o
LOAD /Users/jeremy/test_fpga/pocket-tunes/firmware/obj/opus_cwrs.o
LOAD /Users/jeremy/test_fpga/pocket-tunes/firmware/obj/opus_entcode.o
LOAD /Users/jeremy/test_fpga/pocket-tunes/firmware/obj/opus_entdec.o
LOAD /Users/jeremy/test_fpga/pocket-tunes/firmware/obj/opus_entenc.o
LOAD /Users/jeremy/test_fpga/pocket-tunes/firmware/obj/opus_kiss_fft.o
LOAD /Users/jeremy/test_fpga/pocket-tunes/firmware/obj/opus_laplace.o
LOAD /Users/jeremy/test_fpga/pocket-tunes/firmware/obj/opus_mathops.o
LOAD /Users/jeremy/test_fpga/pocket-tunes/firmware/obj/opus_mdct.o
LOAD /Users/jeremy/test_fpga/pocket-tunes/firmware/obj/opus_modes.o
LOAD /Users/jeremy/test_fpga/pocket-tunes/firmware/obj/opus_pitch.o
LOAD /Users/jeremy/test_fpga/pocket-tunes/firmware/obj/opus_quant_bands.o
LOAD /Users/jeremy/test_fpga/pocket-tunes/firmware/obj/opus_rate.o
LOAD /Users/jeremy/test_fpga/pocket-tunes/firmware/obj/opus_vq.o
LOAD /Users/jeremy/test_fpga/pocket-tunes/firmware/obj/opus_A2NLSF.o
LOAD /Users/jeremy/test_fpga/pocket-tunes/firmware/obj/opus_CNG.o
LOAD /Users/jeremy/test_fpga/pocket-tunes/firmware/obj/opus_HP_variable_cutoff.o
LOAD /Users/jeremy/test_fpga/pocket-tunes/firmware/obj/opus_LPC_analysis_filter.o
LOAD /Users/jeremy/test_fpga/pocket-tunes/firmware/obj/opus_LPC_fit.o
LOAD /Users/jeremy/test_fpga/pocket-tunes/firmware/obj/opus_LPC_inv_pred_gain.o
LOAD /Users/jeremy/test_fpga/pocket-tunes/firmware/obj/opus_LP_variable_cutoff.o
LOAD /Users/jeremy/test_fpga/pocket-tunes/firmware/obj/opus_NLSF2A.o
LOAD /Users/jeremy/test_fpga/pocket-tunes/firmware/obj/opus_NLSF_VQ.o
LOAD /Users/jeremy/test_fpga/pocket-tunes/firmware/obj/opus_NLSF_VQ_weights_laroia.o
LOAD /Users/jeremy/test_fpga/pocket-tunes/firmware/obj/opus_NLSF_decode.o
LOAD /Users/jeremy/test_fpga/pocket-tunes/firmware/obj/opus_NLSF_del_dec_quant.o
LOAD /Users/jeremy/test_fpga/pocket-tunes/firmware/obj/opus_NLSF_encode.o
LOAD /Users/jeremy/test_fpga/pocket-tunes/firmware/obj/opus_NLSF_stabilize.o
LOAD /Users/jeremy/test_fpga/pocket-tunes/firmware/obj/opus_NLSF_unpack.o
LOAD /Users/jeremy/test_fpga/pocket-tunes/firmware/obj/opus_NSQ.o
LOAD /Users/jeremy/test_fpga/pocket-tunes/firmware/obj/opus_NSQ_del_dec.o
LOAD /Users/jeremy/test_fpga/pocket-tunes/firmware/obj/opus_PLC.o
LOAD /Users/jeremy/test_fpga/pocket-tunes/firmware/obj/opus_VAD.o
LOAD /Users/jeremy/test_fpga/pocket-tunes/firmware/obj/opus_VQ_WMat_EC.o
LOAD /Users/jeremy/test_fpga/pocket-tunes/firmware/obj/opus_ana_filt_bank_1.o
LOAD /Users/jeremy/test_fpga/pocket-tunes/firmware/obj/opus_biquad_alt.o
LOAD /Users/jeremy/test_fpga/pocket-tunes/firmware/obj/opus_bwexpander.o
LOAD /Users/jeremy/test_fpga/pocket-tunes/firmware/obj/opus_bwexpander_32.o
LOAD /Users/jeremy/test_fpga/pocket-tunes/firmware/obj/opus_check_control_input.o
LOAD /Users/jeremy/test_fpga/pocket-tunes/firmware/obj/opus_code_signs.o
LOAD /Users/jeremy/test_fpga/pocket-tunes/firmware/obj/opus_control_SNR.o
LOAD /Users/jeremy/test_fpga/pocket-tunes/firmware/obj/opus_control_audio_bandwidth.o
LOAD /Users/jeremy/test_fpga/pocket-tunes/firmware/obj/opus_control_codec.o
LOAD /Users/jeremy/test_fpga/pocket-tunes/firmware/obj/opus_debug.o
LOAD /Users/jeremy/test_fpga/pocket-tunes/firmware/obj/opus_dec_API.o
LOAD /Users/jeremy/test_fpga/pocket-tunes/firmware/obj/opus_decode_core.o
LOAD /Users/jeremy/test_fpga/pocket-tunes/firmware/obj/opus_decode_frame.o
LOAD /Users/jeremy/test_fpga/pocket-tunes/firmware/obj/opus_decode_indices.o
LOAD /Users/jeremy/test_fpga/pocket-tunes/firmware/obj/opus_decode_parameters.o
LOAD /Users/jeremy/test_fpga/pocket-tunes/firmware/obj/opus_decode_pitch.o
LOAD /Users/jeremy/test_fpga/pocket-tunes/firmware/obj/opus_decode_pulses.o
LOAD /Users/jeremy/test_fpga/pocket-tunes/firmware/obj/opus_decoder_set_fs.o
LOAD /Users/jeremy/test_fpga/pocket-tunes/firmware/obj/opus_enc_API.o
LOAD /Users/jeremy/test_fpga/pocket-tunes/firmware/obj/opus_encode_indices.o
LOAD /Users/jeremy/test_fpga/pocket-tunes/firmware/obj/opus_encode_pulses.o
LOAD /Users/jeremy/test_fpga/pocket-tunes/firmware/obj/opus_gain_quant.o
LOAD /Users/jeremy/test_fpga/pocket-tunes/firmware/obj/opus_init_decoder.o
LOAD /Users/jeremy/test_fpga/pocket-tunes/firmware/obj/opus_init_encoder.o
LOAD /Users/jeremy/test_fpga/pocket-tunes/firmware/obj/opus_inner_prod_aligned.o
LOAD /Users/jeremy/test_fpga/pocket-tunes/firmware/obj/opus_interpolate.o
LOAD /Users/jeremy/test_fpga/pocket-tunes/firmware/obj/opus_lin2log.o
LOAD /Users/jeremy/test_fpga/pocket-tunes/firmware/obj/opus_log2lin.o
LOAD /Users/jeremy/test_fpga/pocket-tunes/firmware/obj/opus_pitch_est_tables.o
LOAD /Users/jeremy/test_fpga/pocket-tunes/firmware/obj/opus_process_NLSFs.o
LOAD /Users/jeremy/test_fpga/pocket-tunes/firmware/obj/opus_quant_LTP_gains.o
LOAD /Users/jeremy/test_fpga/pocket-tunes/firmware/obj/opus_resampler.o
LOAD /Users/jeremy/test_fpga/pocket-tunes/firmware/obj/opus_resampler_down2.o
LOAD /Users/jeremy/test_fpga/pocket-tunes/firmware/obj/opus_resampler_down2_3.o
LOAD /Users/jeremy/test_fpga/pocket-tunes/firmware/obj/opus_resampler_private_AR2.o
LOAD /Users/jeremy/test_fpga/pocket-tunes/firmware/obj/opus_resampler_private_IIR_FIR.o
LOAD /Users/jeremy/test_fpga/pocket-tunes/firmware/obj/opus_resampler_private_down_FIR.o
LOAD /Users/jeremy/test_fpga/pocket-tunes/firmware/obj/opus_resampler_private_up2_HQ.o
LOAD /Users/jeremy/test_fpga/pocket-tunes/firmware/obj/opus_resampler_rom.o
LOAD /Users/jeremy/test_fpga/pocket-tunes/firmware/obj/opus_shell_coder.o
LOAD /Users/jeremy/test_fpga/pocket-tunes/firmware/obj/opus_sigm_Q15.o
LOAD /Users/jeremy/test_fpga/pocket-tunes/firmware/obj/opus_sort.o
LOAD /Users/jeremy/test_fpga/pocket-tunes/firmware/obj/opus_stereo_LR_to_MS.o
LOAD /Users/jeremy/test_fpga/pocket-tunes/firmware/obj/opus_stereo_MS_to_LR.o
LOAD /Users/jeremy/test_fpga/pocket-tunes/firmware/obj/opus_stereo_decode_pred.o
LOAD /Users/jeremy/test_fpga/pocket-tunes/firmware/obj/opus_stereo_encode_pred.o
LOAD /Users/jeremy/test_fpga/pocket-tunes/firmware/obj/opus_stereo_find_predictor.o
LOAD /Users/jeremy/test_fpga/pocket-tunes/firmware/obj/opus_stereo_quant_pred.o
LOAD /Users/jeremy/test_fpga/pocket-tunes/firmware/obj/opus_sum_sqr_shift.o
LOAD /Users/jeremy/test_fpga/pocket-tunes/firmware/obj/opus_table_LSF_cos.o
LOAD /Users/jeremy/test_fpga/pocket-tunes/firmware/obj/opus_tables_LTP.o
LOAD /Users/jeremy/test_fpga/pocket-tunes/firmware/obj/opus_tables_NLSF_CB_NB_MB.o
LOAD /Users/jeremy/test_fpga/pocket-tunes/firmware/obj/opus_tables_NLSF_CB_WB.o
LOAD /Users/jeremy/test_fpga/pocket-tunes/firmware/obj/opus_tables_gain.o
LOAD /Users/jeremy/test_fpga/pocket-tunes/firmware/obj/opus_tables_other.o
LOAD /Users/jeremy/test_fpga/pocket-tunes/firmware/obj/opus_tables_pitch_lag.o
LOAD /Users/jeremy/test_fpga/pocket-tunes/firmware/obj/opus_tables_pulses_per_block.o
LOAD /Users/jeremy/test_fpga/pocket-tunes/firmware/obj/opus_LTP_analysis_filter_FIX.o
LOAD /Users/jeremy/test_fpga/pocket-tunes/firmware/obj/opus_LTP_scale_ctrl_FIX.o
LOAD /Users/jeremy/test_fpga/pocket-tunes/firmware/obj/opus_apply_sine_window_FIX.o
LOAD /Users/jeremy/test_fpga/pocket-tunes/firmware/obj/opus_autocorr_FIX.o
LOAD /Users/jeremy/test_fpga/pocket-tunes/firmware/obj/opus_burg_modified_FIX.o
LOAD /Users/jeremy/test_fpga/pocket-tunes/firmware/obj/opus_corrMatrix_FIX.o
LOAD /Users/jeremy/test_fpga/pocket-tunes/firmware/obj/opus_encode_frame_FIX.o
LOAD /Users/jeremy/test_fpga/pocket-tunes/firmware/obj/opus_find_LPC_FIX.o
LOAD /Users/jeremy/test_fpga/pocket-tunes/firmware/obj/opus_find_LTP_FIX.o
LOAD /Users/jeremy/test_fpga/pocket-tunes/firmware/obj/opus_find_pitch_lags_FIX.o
LOAD /Users/jeremy/test_fpga/pocket-tunes/firmware/obj/opus_find_pred_coefs_FIX.o
LOAD /Users/jeremy/test_fpga/pocket-tunes/firmware/obj/opus_k2a_FIX.o
LOAD /Users/jeremy/test_fpga/pocket-tunes/firmware/obj/opus_k2a_Q16_FIX.o
LOAD /Users/jeremy/test_fpga/pocket-tunes/firmware/obj/opus_noise_shape_analysis_FIX.o
LOAD /Users/jeremy/test_fpga/pocket-tunes/firmware/obj/opus_pitch_analysis_core_FIX.o
LOAD /Users/jeremy/test_fpga/pocket-tunes/firmware/obj/opus_process_gains_FIX.o
LOAD /Users/jeremy/test_fpga/pocket-tunes/firmware/obj/opus_regularize_correlations_FIX.o
LOAD /Users/jeremy/test_fpga/pocket-tunes/firmware/obj/opus_residual_energy16_FIX.o
LOAD /Users/jeremy/test_fpga/pocket-tunes/firmware/obj/opus_residual_energy_FIX.o
LOAD /Users/jeremy/test_fpga/pocket-tunes/firmware/obj/opus_schur64_FIX.o
LOAD /Users/jeremy/test_fpga/pocket-tunes/firmware/obj/opus_schur_FIX.o
LOAD /Users/jeremy/test_fpga/pocket-tunes/firmware/obj/opus_vector_ops_FIX.o
LOAD /Users/jeremy/test_fpga/pocket-tunes/firmware/obj/opus_warped_autocorrelation_FIX.o
LOAD /Users/jeremy/test_fpga/pocket-tunes/firmware/obj/helix_mp3dec.o
LOAD /Users/jeremy/test_fpga/pocket-tunes/firmware/obj/helix_mp3tabs.o
LOAD /Users/jeremy/test_fpga/pocket-tunes/firmware/obj/helix_bitstream.o
LOAD /Users/jeremy/test_fpga/pocket-tunes/firmware/obj/helix_buffers.o
LOAD /Users/jeremy/test_fpga/pocket-tunes/firmware/obj/helix_dct32.o
LOAD /Users/jeremy/test_fpga/pocket-tunes/firmware/obj/helix_dequant.o
LOAD /Users/jeremy/test_fpga/pocket-tunes/firmware/obj/helix_dqchan.o
LOAD /Users/jeremy/test_fpga/pocket-tunes/firmware/obj/helix_huffman.o
LOAD /Users/jeremy/test_fpga/pocket-tunes/firmware/obj/helix_hufftabs.o
LOAD /Users/jeremy/test_fpga/pocket-tunes/firmware/obj/helix_imdct.o
LOAD /Users/jeremy/test_fpga/pocket-tunes/firmware/obj/helix_polyphase.o
LOAD /Users/jeremy/test_fpga/pocket-tunes/firmware/obj/helix_scalfact.o
LOAD /Users/jeremy/test_fpga/pocket-tunes/firmware/obj/helix_stproc.o
LOAD /Users/jeremy/test_fpga/pocket-tunes/firmware/obj/helix_subband.o
LOAD /Users/jeremy/test_fpga/pocket-tunes/firmware/obj/helix_trigtabs.o
LOAD /opt/homebrew/Cellar/riscv64-elf-gcc/16.1.0/lib/gcc/riscv64-elf/16.1.0/rv32im/ilp32/libgcc.a

.text           0x50000000    0x1938c
 *(.text.init)
 .text.init     0x50000000       0x5c /Users/jeremy/test_fpga/pocket-tunes/firmware/obj/app_crt0.o
                0x50000000                _start
 EXCLUDE_FILE(*helix_subband.o *helix_dct32.o *helix_imdct.o *helix_polyphase.o *opus_celt_decoder.o *opus_entdec.o *opus_cwrs.o *opus_vq.o *opus_bands.o *opus_mdct.o *opus_kiss_fft.o) *(.text*)
 .text.startup.main
                0x5000005c      0x280 /Users/jeremy/test_fpga/pocket-tunes/firmware/obj/app_main.o
                0x5000005c                main
 .text.utf8_next
                0x500002dc       0x98 /Users/jeremy/test_fpga/pocket-tunes/firmware/obj/app_gfx.o
 .text.draw_glyphs
                0x50000374      0x134 /Users/jeremy/test_fpga/pocket-tunes/firmware/obj/app_gfx.o
 .text.gfx_clear
                0x500004a8       0x28 /Users/jeremy/test_fpga/pocket-tunes/firmware/obj/app_gfx.o
                0x500004a8                gfx_clear
 .text.gfx_fill_rect
                0x500004d0       0x7c /Users/jeremy/test_fpga/pocket-tunes/firmware/obj/app_gfx.o
                0x500004d0                gfx_fill_rect
 .text.gfx_hline
                0x5000054c        0xc /Users/jeremy/test_fpga/pocket-tunes/firmware/obj/app_gfx.o
                0x5000054c                gfx_hline
 .text.gfx_vline
                0x50000558       0x10 /Users/jeremy/test_fpga/pocket-tunes/firmware/obj/app_gfx.o
                0x50000558                gfx_vline
 .text.gfx_vgrad
                0x50000568       0x88 /Users/jeremy/test_fpga/pocket-tunes/firmware/obj/app_gfx.o
                0x50000568                gfx_vgrad
 .text.gfx_fill_round
                0x500005f0       0xc0 /Users/jeremy/test_fpga/pocket-tunes/firmware/obj/app_gfx.o
                0x500005f0                gfx_fill_round
 .text.gfx_rect_round
                0x500006b0      0x10c /Users/jeremy/test_fpga/pocket-tunes/firmware/obj/app_gfx.o
                0x500006b0                gfx_rect_round
 .text.gfx_text
                0x500007bc       0x3c /Users/jeremy/test_fpga/pocket-tunes/firmware/obj/app_gfx.o
                0x500007bc                gfx_text
 .text.gfx_text_small
                0x500007f8       0x38 /Users/jeremy/test_fpga/pocket-tunes/firmware/obj/app_gfx.o
                0x500007f8                gfx_text_small
 .text.gfx_textn
                0x50000830       0x2c /Users/jeremy/test_fpga/pocket-tunes/firmware/obj/app_gfx.o
                0x50000830                gfx_textn
 .text.gfx_textn_small
                0x5000085c       0x28 /Users/jeremy/test_fpga/pocket-tunes/firmware/obj/app_gfx.o
                0x5000085c                gfx_textn_small
 .text.gfx_text_px_len
                0x50000884       0x74 /Users/jeremy/test_fpga/pocket-tunes/firmware/obj/app_gfx.o
                0x50000884                gfx_text_px_len
 .text.gfx_text_scroll
                0x500008f8      0x16c /Users/jeremy/test_fpga/pocket-tunes/firmware/obj/app_gfx.o
                0x500008f8                gfx_text_scroll
 .text.u32_to_dec
                0x50000a64       0x70 /Users/jeremy/test_fpga/pocket-tunes/firmware/obj/app_gfx.o
                0x50000a64                u32_to_dec
 .text.memcpy   0x50000ad4       0x24 /Users/jeremy/test_fpga/pocket-tunes/firmware/obj/app_gfx.o
                0x50000ad4                memcpy
 .text.memmove  0x50000af8       0x54 /Users/jeremy/test_fpga/pocket-tunes/firmware/obj/app_gfx.o
                0x50000af8                memmove
 .text.memset   0x50000b4c       0x1c /Users/jeremy/test_fpga/pocket-tunes/firmware/obj/app_gfx.o
                0x50000b4c                memset
 .text.abs      0x50000b68       0x10 /Users/jeremy/test_fpga/pocket-tunes/firmware/obj/app_gfx.o
                0x50000b68                abs
 .text.at_end   0x50000b78       0x28 /Users/jeremy/test_fpga/pocket-tunes/firmware/obj/app_lib.o
 .text.adv      0x50000ba0       0x14 /Users/jeremy/test_fpga/pocket-tunes/firmware/obj/app_lib.o
 .text.key_is   0x50000bb4       0x4c /Users/jeremy/test_fpga/pocket-tunes/firmware/obj/app_lib.o
 .text.pool_tok
                0x50000c00       0xa0 /Users/jeremy/test_fpga/pocket-tunes/firmware/obj/app_lib.o
 .text.cur      0x50000ca0      0x100 /Users/jeremy/test_fpga/pocket-tunes/firmware/obj/app_lib.o
 .text.skip_ws  0x50000da0       0x54 /Users/jeremy/test_fpga/pocket-tunes/firmware/obj/app_lib.o
 .text.expect   0x50000df4       0x3c /Users/jeremy/test_fpga/pocket-tunes/firmware/obj/app_lib.o
 .text.parse_uint
                0x50000e30      0x108 /Users/jeremy/test_fpga/pocket-tunes/firmware/obj/app_lib.o
 .text.peek     0x50000f38       0x2c /Users/jeremy/test_fpga/pocket-tunes/firmware/obj/app_lib.o
 .text.parse_string
                0x50000f64      0x100 /Users/jeremy/test_fpga/pocket-tunes/firmware/obj/app_lib.o
 .text.skip_container
                0x50001064       0xa8 /Users/jeremy/test_fpga/pocket-tunes/firmware/obj/app_lib.o
 .text.skip_value
                0x5000110c       0x90 /Users/jeremy/test_fpga/pocket-tunes/firmware/obj/app_lib.o
 .text.parse_track
                0x5000119c      0x308 /Users/jeremy/test_fpga/pocket-tunes/firmware/obj/app_lib.o
 .text.parse_track_array
                0x500014a4       0x78 /Users/jeremy/test_fpga/pocket-tunes/firmware/obj/app_lib.o
 .text.lib_str  0x5000151c       0x20 /Users/jeremy/test_fpga/pocket-tunes/firmware/obj/app_lib.o
                0x5000151c                lib_str
 .text.lib_format_name
                0x5000153c       0x30 /Users/jeremy/test_fpga/pocket-tunes/firmware/obj/app_lib.o
                0x5000153c                lib_format_name
 .text.lib_fetch_path
                0x5000156c       0x78 /Users/jeremy/test_fpga/pocket-tunes/firmware/obj/app_lib.o
                0x5000156c                lib_fetch_path
 .text.lib_parse
                0x500015e4      0x4e8 /Users/jeremy/test_fpga/pocket-tunes/firmware/obj/app_lib.o
                0x500015e4                lib_parse
 .text.adv      0x50001acc       0x14 /Users/jeremy/test_fpga/pocket-tunes/firmware/obj/app_chap.o
 .text.cget     0x50001ae0       0xc8 /Users/jeremy/test_fpga/pocket-tunes/firmware/obj/app_chap.o
 .text.skip_ws  0x50001ba8       0x54 /Users/jeremy/test_fpga/pocket-tunes/firmware/obj/app_chap.o
 .text.walk     0x50001bfc      0x514 /Users/jeremy/test_fpga/pocket-tunes/firmware/obj/app_chap.o
 .text.chap_load
                0x50002110       0x2c /Users/jeremy/test_fpga/pocket-tunes/firmware/obj/app_chap.o
                0x50002110                chap_load
 .text.chap_title
                0x5000213c       0x18 /Users/jeremy/test_fpga/pocket-tunes/firmware/obj/app_chap.o
                0x5000213c                chap_title
 .text.chap_index_for
                0x50002154       0x44 /Users/jeremy/test_fpga/pocket-tunes/firmware/obj/app_chap.o
                0x50002154                chap_index_for
 .text.s_append
                0x50002198       0x20 /Users/jeremy/test_fpga/pocket-tunes/firmware/obj/app_ui.o
 .text.s_len    0x500021b8       0x20 /Users/jeremy/test_fpga/pocket-tunes/firmware/obj/app_ui.o
 .text.clamp_scroll
                0x500021d8       0x20 /Users/jeremy/test_fpga/pocket-tunes/firmware/obj/app_ui.o
 .text.n_alb_rows
                0x500021f8       0x2c /Users/jeremy/test_fpga/pocket-tunes/firmware/obj/app_ui.o
 .text.minibar_on
                0x50002224       0x24 /Users/jeremy/test_fpga/pocket-tunes/firmware/obj/app_ui.o
 .text.alb_rows
                0x50002248       0x30 /Users/jeremy/test_fpga/pocket-tunes/firmware/obj/app_ui.o
 .text.derive_trk_ctx
                0x50002278       0x64 /Users/jeremy/test_fpga/pocket-tunes/firmware/obj/app_ui.o
 .text.next_rel
                0x500022dc       0x7c /Users/jeremy/test_fpga/pocket-tunes/firmware/obj/app_ui.o
 .text.enter_now
                0x50002358       0x28 /Users/jeremy/test_fpga/pocket-tunes/firmware/obj/app_ui.o
 .text.start_play
                0x50002380      0x178 /Users/jeremy/test_fpga/pocket-tunes/firmware/obj/app_ui.o
 .text.row_divider
                0x500024f8       0x18 /Users/jeremy/test_fpga/pocket-tunes/firmware/obj/app_ui.o
 .text.draw_cover_ph
                0x50002510       0xec /Users/jeremy/test_fpga/pocket-tunes/firmware/obj/app_ui.o
 .text.render_now_eq
                0x500025fc       0xe8 /Users/jeremy/test_fpga/pocket-tunes/firmware/obj/app_ui.o
 .text.row_highlight
                0x500026e4       0x18 /Users/jeremy/test_fpga/pocket-tunes/firmware/obj/app_ui.o
 .text.s_udec   0x500026fc       0x38 /Users/jeremy/test_fpga/pocket-tunes/firmware/obj/app_ui.o
 .text.s_time   0x50002734       0xc0 /Users/jeremy/test_fpga/pocket-tunes/firmware/obj/app_ui.o
 .text.draw_marquee
                0x500027f4      0x134 /Users/jeremy/test_fpga/pocket-tunes/firmware/obj/app_ui.o
 .text.draw_centered
                0x50002928       0xe0 /Users/jeremy/test_fpga/pocket-tunes/firmware/obj/app_ui.o
 .text.render_now_title
                0x50002a08       0x74 /Users/jeremy/test_fpga/pocket-tunes/firmware/obj/app_ui.o
 .text.render_now_progress
                0x50002a7c      0x23c /Users/jeremy/test_fpga/pocket-tunes/firmware/obj/app_ui.o
 .text.play_hue
                0x50002cb8       0x9c /Users/jeremy/test_fpga/pocket-tunes/firmware/obj/app_ui.o
 .text.render_minibar
                0x50002d54      0x16c /Users/jeremy/test_fpga/pocket-tunes/firmware/obj/app_ui.o
 .text.render_now_chapter.part.0
                0x50002ec0       0xbc /Users/jeremy/test_fpga/pocket-tunes/firmware/obj/app_ui.o
 .text.render_status
                0x50002f7c      0x150 /Users/jeremy/test_fpga/pocket-tunes/firmware/obj/app_ui.o
 .text.seek_byte_off
                0x500030cc       0x54 /Users/jeremy/test_fpga/pocket-tunes/firmware/obj/app_ui.o
 .text.dur_reserve.isra.0
                0x50003120       0x44 /Users/jeremy/test_fpga/pocket-tunes/firmware/obj/app_ui.o
 .text.render_track_row.constprop.0
                0x50003164      0x138 /Users/jeremy/test_fpga/pocket-tunes/firmware/obj/app_ui.o
 .text.lib_rows
                0x5000329c       0x30 /Users/jeremy/test_fpga/pocket-tunes/firmware/obj/app_ui.o
 .text.ui_init  0x500032cc       0x78 /Users/jeremy/test_fpga/pocket-tunes/firmware/obj/app_ui.o
                0x500032cc                ui_init
 .text.ui_input
                0x50003344      0x5a0 /Users/jeremy/test_fpga/pocket-tunes/firmware/obj/app_ui.o
                0x50003344                ui_input
 .text.ui_tick  0x500038e4      0x14c /Users/jeremy/test_fpga/pocket-tunes/firmware/obj/app_ui.o
                0x500038e4                ui_tick
 .text.ui_render_full
                0x50003a30      0x930 /Users/jeremy/test_fpga/pocket-tunes/firmware/obj/app_ui.o
                0x50003a30                ui_render_full
 .text.ui_render_playing
                0x50004360      0x3f0 /Users/jeremy/test_fpga/pocket-tunes/firmware/obj/app_ui.o
                0x50004360                ui_render_playing
 .text.ui_get_state
                0x50004750      0x148 /Users/jeremy/test_fpga/pocket-tunes/firmware/obj/app_ui.o
                0x50004750                ui_get_state
 .text.ui_apply_state
                0x50004898      0x34c /Users/jeremy/test_fpga/pocket-tunes/firmware/obj/app_ui.o
                0x50004898                ui_apply_state
 .text.io_record
                0x50004be4       0x38 /Users/jeremy/test_fpga/pocket-tunes/firmware/obj/app_file.o
 .text.tgt_run  0x50004c1c       0x6c /Users/jeremy/test_fpga/pocket-tunes/firmware/obj/app_file.o
 .text.dt_word  0x50004c88       0x60 /Users/jeremy/test_fpga/pocket-tunes/firmware/obj/app_file.o
 .text.as_steal.part.0
                0x50004ce8       0x5c /Users/jeremy/test_fpga/pocket-tunes/firmware/obj/app_file.o
 .text.file_io_stats
                0x50004d44       0x34 /Users/jeremy/test_fpga/pocket-tunes/firmware/obj/app_file.o
                0x50004d44                file_io_stats
 .text.file_read_busy
                0x50004d78        0xc /Users/jeremy/test_fpga/pocket-tunes/firmware/obj/app_file.o
                0x50004d78                file_read_busy
 .text.file_read_start
                0x50004d84       0x78 /Users/jeremy/test_fpga/pocket-tunes/firmware/obj/app_file.o
                0x50004d84                file_read_start
 .text.file_read_poll
                0x50004dfc       0xa4 /Users/jeremy/test_fpga/pocket-tunes/firmware/obj/app_file.o
                0x50004dfc                file_read_poll
 .text.file_read
                0x50004ea0       0x90 /Users/jeremy/test_fpga/pocket-tunes/firmware/obj/app_file.o
                0x50004ea0                file_read
 .text.file_open
                0x50004f30      0x110 /Users/jeremy/test_fpga/pocket-tunes/firmware/obj/app_file.o
                0x50004f30                file_open
 .text.file_slot_size
                0x50005040       0x68 /Users/jeremy/test_fpga/pocket-tunes/firmware/obj/app_file.o
                0x50005040                file_slot_size
 .text.in_compact
                0x500050a8       0x4c /Users/jeremy/test_fpga/pocket-tunes/firmware/obj/app_mp3.o
 .text.in_compact_and_fill
                0x500050f4       0xd8 /Users/jeremy/test_fpga/pocket-tunes/firmware/obj/app_mp3.o
 .text.malloc   0x500051cc       0x3c /Users/jeremy/test_fpga/pocket-tunes/firmware/obj/app_mp3.o
                0x500051cc                malloc
 .text.free     0x50005208        0x4 /Users/jeremy/test_fpga/pocket-tunes/firmware/obj/app_mp3.o
                0x50005208                free
 .text.codec_arena_size
                0x5000520c        0xc /Users/jeremy/test_fpga/pocket-tunes/firmware/obj/app_mp3.o
                0x5000520c                codec_arena_size
 .text.mp3_stop
                0x50005218       0x1c /Users/jeremy/test_fpga/pocket-tunes/firmware/obj/app_mp3.o
                0x50005218                mp3_stop
 .text.mp3_start
                0x50005234      0x210 /Users/jeremy/test_fpga/pocket-tunes/firmware/obj/app_mp3.o
                0x50005234                mp3_start
 .text.mp3_set_paused
                0x50005444        0xc /Users/jeremy/test_fpga/pocket-tunes/firmware/obj/app_mp3.o
                0x50005444                mp3_set_paused
 .text.mp3_at_eof
                0x50005450       0x1c /Users/jeremy/test_fpga/pocket-tunes/firmware/obj/app_mp3.o
                0x50005450                mp3_at_eof
 .text.mp3_pos_seconds
                0x5000546c       0x18 /Users/jeremy/test_fpga/pocket-tunes/firmware/obj/app_mp3.o
                0x5000546c                mp3_pos_seconds
 .text.mp3_seek
                0x50005484       0x9c /Users/jeremy/test_fpga/pocket-tunes/firmware/obj/app_mp3.o
                0x50005484                mp3_seek
 .text.mp3_pump
                0x50005520      0x48c /Users/jeremy/test_fpga/pocket-tunes/firmware/obj/app_mp3.o
                0x50005520                mp3_pump
 .text.isin     0x500059ac       0x64 /Users/jeremy/test_fpga/pocket-tunes/firmware/obj/app_eq.o
 .text.eq_feed  0x50005a10       0x30 /Users/jeremy/test_fpga/pocket-tunes/firmware/obj/app_eq.o
                0x50005a10                eq_feed
 .text.eq_tick  0x50005a40      0x390 /Users/jeremy/test_fpga/pocket-tunes/firmware/obj/app_eq.o
                0x50005a40                eq_tick
 .text.quant    0x50005dd0       0x58 /Users/jeremy/test_fpga/pocket-tunes/firmware/obj/app_art.o
 .text.art_ready
                0x50005e28        0xc /Users/jeremy/test_fpga/pocket-tunes/firmware/obj/app_art.o
                0x50005e28                art_ready
 .text.art_load
                0x50005e34      0x234 /Users/jeremy/test_fpga/pocket-tunes/firmware/obj/app_art.o
                0x50005e34                art_load
 .text.art_draw_big
                0x50006068      0x1b4 /Users/jeremy/test_fpga/pocket-tunes/firmware/obj/app_art.o
                0x50006068                art_draw_big
 .text.art_draw_mini
                0x5000621c       0x60 /Users/jeremy/test_fpga/pocket-tunes/firmware/obj/app_art.o
                0x5000621c                art_draw_mini
 .text.seg_advance
                0x5000627c      0x138 /Users/jeremy/test_fpga/pocket-tunes/firmware/obj/app_ogg.o
 .text.ogg_init
                0x500063b4       0x38 /Users/jeremy/test_fpga/pocket-tunes/firmware/obj/app_ogg.o
                0x500063b4                ogg_init
 .text.ogg_push
                0x500063ec      0x2a8 /Users/jeremy/test_fpga/pocket-tunes/firmware/obj/app_ogg.o
                0x500063ec                ogg_push
 .text.io_reset
                0x50006694       0x64 /Users/jeremy/test_fpga/pocket-tunes/firmware/obj/app_opus_play.o
 .text.flush_pending
                0x500066f8      0x13c /Users/jeremy/test_fpga/pocket-tunes/firmware/obj/app_opus_play.o
 .text.emit_packet
                0x50006834       0xac /Users/jeremy/test_fpga/pocket-tunes/firmware/obj/app_opus_play.o
 .text.opus_arena_alloc
                0x500068e0       0x68 /Users/jeremy/test_fpga/pocket-tunes/firmware/obj/app_opus_play.o
                0x500068e0                opus_arena_alloc
 .text.opus_stop
                0x50006948       0x1c /Users/jeremy/test_fpga/pocket-tunes/firmware/obj/app_opus_play.o
                0x50006948                opus_stop
 .text.opus_start
                0x50006964      0x12c /Users/jeremy/test_fpga/pocket-tunes/firmware/obj/app_opus_play.o
                0x50006964                opus_start
 .text.opus_set_paused
                0x50006a90        0xc /Users/jeremy/test_fpga/pocket-tunes/firmware/obj/app_opus_play.o
                0x50006a90                opus_set_paused
 .text.opus_at_eof
                0x50006a9c       0x1c /Users/jeremy/test_fpga/pocket-tunes/firmware/obj/app_opus_play.o
                0x50006a9c                opus_at_eof
 .text.opus_pos_seconds
                0x50006ab8       0x18 /Users/jeremy/test_fpga/pocket-tunes/firmware/obj/app_opus_play.o
                0x50006ab8                opus_pos_seconds
 .text.opus_pump
                0x50006ad0      0x2c0 /Users/jeremy/test_fpga/pocket-tunes/firmware/obj/app_opus_play.o
                0x50006ad0                opus_pump
 .text.opus_seek
                0x50006d90       0xf4 /Users/jeremy/test_fpga/pocket-tunes/firmware/obj/app_opus_play.o
                0x50006d90                opus_seek
 .text.itcm_load
                0x50006e84       0x30 /Users/jeremy/test_fpga/pocket-tunes/firmware/obj/app_codec.o
 .text.codec_stop
                0x50006eb4       0x44 /Users/jeremy/test_fpga/pocket-tunes/firmware/obj/app_codec.o
                0x50006eb4                codec_stop
 .text.codec_start
                0x50006ef8      0x134 /Users/jeremy/test_fpga/pocket-tunes/firmware/obj/app_codec.o
                0x50006ef8                codec_start
 .text.codec_set_paused
                0x5000702c       0x24 /Users/jeremy/test_fpga/pocket-tunes/firmware/obj/app_codec.o
                0x5000702c                codec_set_paused
 .text.codec_at_eof
                0x50007050       0x28 /Users/jeremy/test_fpga/pocket-tunes/firmware/obj/app_codec.o
                0x50007050                codec_at_eof
 .text.codec_pump
                0x50007078       0x28 /Users/jeremy/test_fpga/pocket-tunes/firmware/obj/app_codec.o
                0x50007078                codec_pump
 .text.codec_pos_seconds
                0x500070a0       0x28 /Users/jeremy/test_fpga/pocket-tunes/firmware/obj/app_codec.o
                0x500070a0                codec_pos_seconds
 .text.codec_seek
                0x500070c8       0x24 /Users/jeremy/test_fpga/pocket-tunes/firmware/obj/app_codec.o
                0x500070c8                codec_seek
 .text.opus_packet_get_samples_per_frame
                0x500070ec       0xc0 /Users/jeremy/test_fpga/pocket-tunes/firmware/obj/opus_opus.o
                0x500070ec                opus_packet_get_samples_per_frame
 .text.opus_packet_parse_impl
                0x500071ac      0x4c0 /Users/jeremy/test_fpga/pocket-tunes/firmware/obj/opus_opus.o
                0x500071ac                opus_packet_parse_impl
 .text.smooth_fade
                0x5000766c       0xe0 /Users/jeremy/test_fpga/pocket-tunes/firmware/obj/opus_opus_decoder.o
 .text.opus_decode_frame
                0x5000774c      0xf84 /Users/jeremy/test_fpga/pocket-tunes/firmware/obj/opus_opus_decoder.o
 .text.opus_decoder_get_size
                0x500086d0       0x6c /Users/jeremy/test_fpga/pocket-tunes/firmware/obj/opus_opus_decoder.o
                0x500086d0                opus_decoder_get_size
 .text.opus_decoder_init
                0x5000873c      0x1ac /Users/jeremy/test_fpga/pocket-tunes/firmware/obj/opus_opus_decoder.o
                0x5000873c                opus_decoder_init
 .text.opus_decode_native
                0x500088e8      0x3a8 /Users/jeremy/test_fpga/pocket-tunes/firmware/obj/opus_opus_decoder.o
                0x500088e8                opus_decode_native
 .text.opus_decode
                0x50008c90       0x38 /Users/jeremy/test_fpga/pocket-tunes/firmware/obj/opus_opus_decoder.o
                0x50008c90                opus_decode
 .text.opus_decoder_ctl
                0x50008cc8      0x268 /Users/jeremy/test_fpga/pocket-tunes/firmware/obj/opus_opus_decoder.o
                0x50008cc8                opus_decoder_ctl
 .text.resampling_factor
                0x50008f30       0x68 /Users/jeremy/test_fpga/pocket-tunes/firmware/obj/opus_celt.o
                0x50008f30                resampling_factor
 .text.comb_filter
                0x50008f98      0x54c /Users/jeremy/test_fpga/pocket-tunes/firmware/obj/opus_celt.o
                0x50008f98                comb_filter
 .text.init_caps
                0x500094e4       0x6c /Users/jeremy/test_fpga/pocket-tunes/firmware/obj/opus_celt.o
                0x500094e4                init_caps
 .text.xcorr_kernel_c
                0x50009550      0x288 /Users/jeremy/test_fpga/pocket-tunes/firmware/obj/opus_celt_lpc.o
 .text._celt_lpc
                0x500097d8      0x468 /Users/jeremy/test_fpga/pocket-tunes/firmware/obj/opus_celt_lpc.o
                0x500097d8                _celt_lpc
 .text.celt_fir_c
                0x50009c40      0x2b0 /Users/jeremy/test_fpga/pocket-tunes/firmware/obj/opus_celt_lpc.o
                0x50009c40                celt_fir_c
 .text.celt_iir
                0x50009ef0      0x400 /Users/jeremy/test_fpga/pocket-tunes/firmware/obj/opus_celt_lpc.o
                0x50009ef0                celt_iir
 .text._celt_autocorr
                0x5000a2f0      0x41c /Users/jeremy/test_fpga/pocket-tunes/firmware/obj/opus_celt_lpc.o
                0x5000a2f0                _celt_autocorr
 .text.ec_tell_frac
                0x5000a70c       0x7c /Users/jeremy/test_fpga/pocket-tunes/firmware/obj/opus_entcode.o
                0x5000a70c                ec_tell_frac
 .text.ec_enc_carry_out.part.0
                0x5000a788       0xa8 /Users/jeremy/test_fpga/pocket-tunes/firmware/obj/opus_entenc.o
 .text.ec_encode
                0x5000a830       0xd0 /Users/jeremy/test_fpga/pocket-tunes/firmware/obj/opus_entenc.o
                0x5000a830                ec_encode
 .text.ec_enc_bit_logp
                0x5000a900       0xb4 /Users/jeremy/test_fpga/pocket-tunes/firmware/obj/opus_entenc.o
                0x5000a900                ec_enc_bit_logp
 .text.ec_enc_bits
                0x5000a9b4       0xa8 /Users/jeremy/test_fpga/pocket-tunes/firmware/obj/opus_entenc.o
                0x5000a9b4                ec_enc_bits
 .text.ec_enc_uint
                0x5000aa5c       0xb4 /Users/jeremy/test_fpga/pocket-tunes/firmware/obj/opus_entenc.o
                0x5000aa5c                ec_enc_uint
 .text.ec_laplace_decode
                0x5000ab10      0x108 /Users/jeremy/test_fpga/pocket-tunes/firmware/obj/opus_laplace.o
                0x5000ab10                ec_laplace_decode
 .text.isqrt32  0x5000ac18       0x64 /Users/jeremy/test_fpga/pocket-tunes/firmware/obj/opus_mathops.o
                0x5000ac18                isqrt32
 .text.celt_rsqrt_norm
                0x5000ac7c       0xa8 /Users/jeremy/test_fpga/pocket-tunes/firmware/obj/opus_mathops.o
                0x5000ac7c                celt_rsqrt_norm
 .text.celt_sqrt
                0x5000ad24      0x110 /Users/jeremy/test_fpga/pocket-tunes/firmware/obj/opus_mathops.o
                0x5000ad24                celt_sqrt
 .text.celt_cos_norm
                0x5000ae34      0x194 /Users/jeremy/test_fpga/pocket-tunes/firmware/obj/opus_mathops.o
                0x5000ae34                celt_cos_norm
 .text.celt_rcp
                0x5000afc8      0x11c /Users/jeremy/test_fpga/pocket-tunes/firmware/obj/opus_mathops.o
                0x5000afc8                celt_rcp
 .text.frac_div32
                0x5000b0e4      0x144 /Users/jeremy/test_fpga/pocket-tunes/firmware/obj/opus_mathops.o
                0x5000b0e4                frac_div32
 .text.opus_custom_mode_create
                0x5000b228       0x60 /Users/jeremy/test_fpga/pocket-tunes/firmware/obj/opus_modes.o
                0x5000b228                opus_custom_mode_create
 .text.find_best_pitch
                0x5000b288      0x204 /Users/jeremy/test_fpga/pocket-tunes/firmware/obj/opus_pitch.o
 .text.pitch_downsample
                0x5000b48c      0x484 /Users/jeremy/test_fpga/pocket-tunes/firmware/obj/opus_pitch.o
                0x5000b48c                pitch_downsample
 .text.celt_pitch_xcorr_c
                0x5000b910      0x384 /Users/jeremy/test_fpga/pocket-tunes/firmware/obj/opus_pitch.o
                0x5000b910                celt_pitch_xcorr_c
 .text.pitch_search
                0x5000bc94      0x4ac /Users/jeremy/test_fpga/pocket-tunes/firmware/obj/opus_pitch.o
                0x5000bc94                pitch_search
 .text.unquant_coarse_energy
                0x5000c140      0x280 /Users/jeremy/test_fpga/pocket-tunes/firmware/obj/opus_quant_bands.o
                0x5000c140                unquant_coarse_energy
 .text.unquant_fine_energy
                0x5000c3c0       0xdc /Users/jeremy/test_fpga/pocket-tunes/firmware/obj/opus_quant_bands.o
                0x5000c3c0                unquant_fine_energy
 .text.unquant_energy_finalise
                0x5000c49c      0x1c8 /Users/jeremy/test_fpga/pocket-tunes/firmware/obj/opus_quant_bands.o
                0x5000c49c                unquant_energy_finalise
 .text.clt_compute_allocation
                0x5000c664      0xe28 /Users/jeremy/test_fpga/pocket-tunes/firmware/obj/opus_rate.o
                0x5000c664                clt_compute_allocation
 .text.silk_CNG_Reset
                0x5000d48c       0x60 /Users/jeremy/test_fpga/pocket-tunes/firmware/obj/opus_CNG.o
                0x5000d48c                silk_CNG_Reset
 .text.silk_CNG
                0x5000d4ec      0xa3c /Users/jeremy/test_fpga/pocket-tunes/firmware/obj/opus_CNG.o
                0x5000d4ec                silk_CNG
 .text.silk_LPC_analysis_filter
                0x5000df28      0x168 /Users/jeremy/test_fpga/pocket-tunes/firmware/obj/opus_LPC_analysis_filter.o
                0x5000df28                silk_LPC_analysis_filter
 .text.silk_LPC_fit
                0x5000e090      0x25c /Users/jeremy/test_fpga/pocket-tunes/firmware/obj/opus_LPC_fit.o
                0x5000e090                silk_LPC_fit
 .text.silk_LPC_inverse_pred_gain_c
                0x5000e2ec      0x474 /Users/jeremy/test_fpga/pocket-tunes/firmware/obj/opus_LPC_inv_pred_gain.o
                0x5000e2ec                silk_LPC_inverse_pred_gain_c
 .text.silk_NLSF2A
                0x5000e760      0x3e8 /Users/jeremy/test_fpga/pocket-tunes/firmware/obj/opus_NLSF2A.o
                0x5000e760                silk_NLSF2A
 .text.silk_NLSF_decode
                0x5000eb48      0x190 /Users/jeremy/test_fpga/pocket-tunes/firmware/obj/opus_NLSF_decode.o
                0x5000eb48                silk_NLSF_decode
 .text.silk_NLSF_stabilize
                0x5000ecd8      0x350 /Users/jeremy/test_fpga/pocket-tunes/firmware/obj/opus_NLSF_stabilize.o
                0x5000ecd8                silk_NLSF_stabilize
 .text.silk_NLSF_unpack
                0x5000f028       0xb8 /Users/jeremy/test_fpga/pocket-tunes/firmware/obj/opus_NLSF_unpack.o
                0x5000f028                silk_NLSF_unpack
 .text.silk_PLC_Reset
                0x5000f0e0       0x34 /Users/jeremy/test_fpga/pocket-tunes/firmware/obj/opus_PLC.o
                0x5000f0e0                silk_PLC_Reset
 .text.silk_PLC
                0x5000f114      0xf00 /Users/jeremy/test_fpga/pocket-tunes/firmware/obj/opus_PLC.o
                0x5000f114                silk_PLC
 .text.silk_PLC_glue_frames
                0x50010014      0x298 /Users/jeremy/test_fpga/pocket-tunes/firmware/obj/opus_PLC.o
                0x50010014                silk_PLC_glue_frames
 .text.silk_bwexpander
                0x500102ac       0x78 /Users/jeremy/test_fpga/pocket-tunes/firmware/obj/opus_bwexpander.o
                0x500102ac                silk_bwexpander
 .text.silk_bwexpander_32
                0x50010324       0xcc /Users/jeremy/test_fpga/pocket-tunes/firmware/obj/opus_bwexpander_32.o
                0x50010324                silk_bwexpander_32
 .text.silk_decode_signs
                0x500103f0      0x130 /Users/jeremy/test_fpga/pocket-tunes/firmware/obj/opus_code_signs.o
                0x500103f0                silk_decode_signs
 .text.silk_Get_Decoder_Size
                0x50010520       0x14 /Users/jeremy/test_fpga/pocket-tunes/firmware/obj/opus_dec_API.o
                0x50010520                silk_Get_Decoder_Size
 .text.silk_ResetDecoder
                0x50010534       0x70 /Users/jeremy/test_fpga/pocket-tunes/firmware/obj/opus_dec_API.o
                0x50010534                silk_ResetDecoder
 .text.silk_InitDecoder
                0x500105a4       0x70 /Users/jeremy/test_fpga/pocket-tunes/firmware/obj/opus_dec_API.o
                0x500105a4                silk_InitDecoder
 .text.silk_Decode
                0x50010614      0xcec /Users/jeremy/test_fpga/pocket-tunes/firmware/obj/opus_dec_API.o
                0x50010614                silk_Decode
 .text.silk_decode_core
                0x50011300      0xce0 /Users/jeremy/test_fpga/pocket-tunes/firmware/obj/opus_decode_core.o
                0x50011300                silk_decode_core
 .text.silk_decode_frame
                0x50011fe0      0x250 /Users/jeremy/test_fpga/pocket-tunes/firmware/obj/opus_decode_frame.o
                0x50011fe0                silk_decode_frame
 .text.silk_decode_indices
                0x50012230      0x45c /Users/jeremy/test_fpga/pocket-tunes/firmware/obj/opus_decode_indices.o
                0x50012230                silk_decode_indices
 .text.silk_decode_parameters
                0x5001268c      0x298 /Users/jeremy/test_fpga/pocket-tunes/firmware/obj/opus_decode_parameters.o
                0x5001268c                silk_decode_parameters
 .text.silk_decode_pitch
                0x50012924      0x108 /Users/jeremy/test_fpga/pocket-tunes/firmware/obj/opus_decode_pitch.o
                0x50012924                silk_decode_pitch
 .text.silk_decode_pulses
                0x50012a2c      0x278 /Users/jeremy/test_fpga/pocket-tunes/firmware/obj/opus_decode_pulses.o
                0x50012a2c                silk_decode_pulses
 .text.silk_decoder_set_fs
                0x50012ca4      0x278 /Users/jeremy/test_fpga/pocket-tunes/firmware/obj/opus_decoder_set_fs.o
                0x50012ca4                silk_decoder_set_fs
 .text.silk_gains_dequant
                0x50012f1c      0x128 /Users/jeremy/test_fpga/pocket-tunes/firmware/obj/opus_gain_quant.o
                0x50012f1c                silk_gains_dequant
 .text.silk_reset_decoder
                0x50013044       0x68 /Users/jeremy/test_fpga/pocket-tunes/firmware/obj/opus_init_decoder.o
                0x50013044                silk_reset_decoder
 .text.silk_init_decoder
                0x500130ac       0x78 /Users/jeremy/test_fpga/pocket-tunes/firmware/obj/opus_init_decoder.o
                0x500130ac                silk_init_decoder
 .text.silk_log2lin
                0x50013124       0x80 /Users/jeremy/test_fpga/pocket-tunes/firmware/obj/opus_log2lin.o
                0x50013124                silk_log2lin
 .text.silk_resampler_init
                0x500131a4      0x3c4 /Users/jeremy/test_fpga/pocket-tunes/firmware/obj/opus_resampler.o
                0x500131a4                silk_resampler_init
 .text.silk_resampler
                0x50013568      0x190 /Users/jeremy/test_fpga/pocket-tunes/firmware/obj/opus_resampler.o
                0x50013568                silk_resampler
 .text.silk_resampler_private_AR2
                0x500136f8       0x78 /Users/jeremy/test_fpga/pocket-tunes/firmware/obj/opus_resampler_private_AR2.o
                0x500136f8                silk_resampler_private_AR2
 .text.silk_resampler_private_IIR_FIR
                0x50013770      0x21c /Users/jeremy/test_fpga/pocket-tunes/firmware/obj/opus_resampler_private_IIR_FIR.o
                0x50013770                silk_resampler_private_IIR_FIR
 .text.silk_resampler_private_down_FIR
                0x5001398c      0xaf4 /Users/jeremy/test_fpga/pocket-tunes/firmware/obj/opus_resampler_private_down_FIR.o
                0x5001398c                silk_resampler_private_down_FIR
 .text.silk_resampler_private_up2_HQ
                0x50014480      0x260 /Users/jeremy/test_fpga/pocket-tunes/firmware/obj/opus_resampler_private_up2_HQ.o
                0x50014480                silk_resampler_private_up2_HQ
 .text.silk_resampler_private_up2_HQ_wrapper
                0x500146e0        0x4 /Users/jeremy/test_fpga/pocket-tunes/firmware/obj/opus_resampler_private_up2_HQ.o
                0x500146e0                silk_resampler_private_up2_HQ_wrapper
 .text.silk_shell_decoder
                0x500146e4      0x54c /Users/jeremy/test_fpga/pocket-tunes/firmware/obj/opus_shell_coder.o
                0x500146e4                silk_shell_decoder
 .text.silk_insertion_sort_increasing_all_values_int16
                0x50014c30       0x48 /Users/jeremy/test_fpga/pocket-tunes/firmware/obj/opus_sort.o
                0x50014c30                silk_insertion_sort_increasing_all_values_int16
 .text.silk_stereo_MS_to_LR
                0x50014c78      0x310 /Users/jeremy/test_fpga/pocket-tunes/firmware/obj/opus_stereo_MS_to_LR.o
                0x50014c78                silk_stereo_MS_to_LR
 .text.silk_stereo_decode_pred
                0x50014f88      0x188 /Users/jeremy/test_fpga/pocket-tunes/firmware/obj/opus_stereo_decode_pred.o
                0x50014f88                silk_stereo_decode_pred
 .text.silk_stereo_decode_mid_only
                0x50015110       0x38 /Users/jeremy/test_fpga/pocket-tunes/firmware/obj/opus_stereo_decode_pred.o
                0x50015110                silk_stereo_decode_mid_only
 .text.silk_sum_sqr_shift
                0x50015148      0x1f8 /Users/jeremy/test_fpga/pocket-tunes/firmware/obj/opus_sum_sqr_shift.o
                0x50015148                silk_sum_sqr_shift
 .text.MP3InitDecoder
                0x50015340        0x4 /Users/jeremy/test_fpga/pocket-tunes/firmware/obj/helix_mp3dec.o
                0x50015340                MP3InitDecoder
 .text.MP3FindSyncWord
                0x50015344       0x4c /Users/jeremy/test_fpga/pocket-tunes/firmware/obj/helix_mp3dec.o
                0x50015344                MP3FindSyncWord
 .text.MP3GetLastFrameInfo
                0x50015390       0x9c /Users/jeremy/test_fpga/pocket-tunes/firmware/obj/helix_mp3dec.o
                0x50015390                MP3GetLastFrameInfo
 .text.MP3Decode
                0x5001542c      0x618 /Users/jeremy/test_fpga/pocket-tunes/firmware/obj/helix_mp3dec.o
                0x5001542c                MP3Decode
 .text.xmp3_SetBitstreamPointer
                0x50015a44       0x14 /Users/jeremy/test_fpga/pocket-tunes/firmware/obj/helix_bitstream.o
                0x50015a44                xmp3_SetBitstreamPointer
 .text.xmp3_GetBits
                0x50015a58      0x11c /Users/jeremy/test_fpga/pocket-tunes/firmware/obj/helix_bitstream.o
                0x50015a58                xmp3_GetBits
 .text.xmp3_CalcBitsUsed
                0x50015b74       0x1c /Users/jeremy/test_fpga/pocket-tunes/firmware/obj/helix_bitstream.o
                0x50015b74                xmp3_CalcBitsUsed
 .text.xmp3_CheckPadBit
                0x50015b90       0x20 /Users/jeremy/test_fpga/pocket-tunes/firmware/obj/helix_bitstream.o
                0x50015b90                xmp3_CheckPadBit
 .text.xmp3_UnpackFrameHeader
                0x50015bb0      0x2e8 /Users/jeremy/test_fpga/pocket-tunes/firmware/obj/helix_bitstream.o
                0x50015bb0                xmp3_UnpackFrameHeader
 .text.xmp3_UnpackSideInfo
                0x50015e98      0x3f0 /Users/jeremy/test_fpga/pocket-tunes/firmware/obj/helix_bitstream.o
                0x50015e98                xmp3_UnpackSideInfo
 .text.xmp3_FreeBuffers
                0x50016288       0x9c /Users/jeremy/test_fpga/pocket-tunes/firmware/obj/helix_buffers.o
                0x50016288                xmp3_FreeBuffers
 .text.xmp3_AllocateBuffers
                0x50016324      0x230 /Users/jeremy/test_fpga/pocket-tunes/firmware/obj/helix_buffers.o
                0x50016324                xmp3_AllocateBuffers
 .text.xmp3_Dequantize
                0x50016554      0x3f0 /Users/jeremy/test_fpga/pocket-tunes/firmware/obj/helix_dequant.o
                0x50016554                xmp3_Dequantize
 .text.DequantBlock
                0x50016944      0x264 /Users/jeremy/test_fpga/pocket-tunes/firmware/obj/helix_dqchan.o
 .text.xmp3_DequantChannel
                0x50016ba8      0x3c0 /Users/jeremy/test_fpga/pocket-tunes/firmware/obj/helix_dqchan.o
                0x50016ba8                xmp3_DequantChannel
 .text.xmp3_DecodeHuffman
                0x50016f68      0xb50 /Users/jeremy/test_fpga/pocket-tunes/firmware/obj/helix_huffman.o
                0x50016f68                xmp3_DecodeHuffman
 .text.xmp3_UnpackScaleFactors
                0x50017ab8      0xaf4 /Users/jeremy/test_fpga/pocket-tunes/firmware/obj/helix_scalfact.o
                0x50017ab8                xmp3_UnpackScaleFactors
 .text.xmp3_MidSideProc
                0x500185ac       0xa0 /Users/jeremy/test_fpga/pocket-tunes/firmware/obj/helix_stproc.o
                0x500185ac                xmp3_MidSideProc
 .text.xmp3_IntensityProcMPEG1
                0x5001864c      0x4b0 /Users/jeremy/test_fpga/pocket-tunes/firmware/obj/helix_stproc.o
                0x5001864c                xmp3_IntensityProcMPEG1
 .text.xmp3_IntensityProcMPEG2
                0x50018afc      0x374 /Users/jeremy/test_fpga/pocket-tunes/firmware/obj/helix_stproc.o
                0x50018afc                xmp3_IntensityProcMPEG2
 .text          0x50018e70       0x6c /opt/homebrew/Cellar/riscv64-elf-gcc/16.1.0/lib/gcc/riscv64-elf/16.1.0/rv32im/ilp32/libgcc.a(_clzsi2.o)
                0x50018e70                __clzsi2
 .text          0x50018edc      0x4b0 /opt/homebrew/Cellar/riscv64-elf-gcc/16.1.0/lib/gcc/riscv64-elf/16.1.0/rv32im/ilp32/libgcc.a(_udivdi3.o)
                0x50018edc                __udivdi3

.sramdata
 *(.sram.rodata*)

.rodata         0x00000000     0x98f0 load address 0x5001938c
                0x00000000                        __fast_start = .
 *(.rodata*)
 .rodata.main.str1.4
                0x00000000      0x24c /Users/jeremy/test_fpga/pocket-tunes/firmware/obj/app_main.o
                                 0xea (size before relaxing)
 .rodata.fontsmall
                0x0000024c      0x5f8 /Users/jeremy/test_fpga/pocket-tunes/firmware/obj/app_gfx.o
 .rodata.fontmain
                0x00000844      0x9b3 /Users/jeremy/test_fpga/pocket-tunes/firmware/obj/app_gfx.o
 .rodata.parse_track.str1.4
                0x000011f7        0x0 /Users/jeremy/test_fpga/pocket-tunes/firmware/obj/app_lib.o
                                 0x61 (size before relaxing)
 .rodata.lib_format_name.str1.4
                0x000011f7        0x0 /Users/jeremy/test_fpga/pocket-tunes/firmware/obj/app_lib.o
                                  0x2 (size before relaxing)
 .rodata.lib_parse.str1.4
                0x000011f7        0x0 /Users/jeremy/test_fpga/pocket-tunes/firmware/obj/app_lib.o
                                 0x3f (size before relaxing)
 *fill*         0x000011f7        0x1 
 .rodata.CSWTCH.113
                0x000011f8       0x14 /Users/jeremy/test_fpga/pocket-tunes/firmware/obj/app_lib.o
 .rodata.render_now_progress.str1.4
                0x0000120c        0x0 /Users/jeremy/test_fpga/pocket-tunes/firmware/obj/app_ui.o
                                 0x13 (size before relaxing)
 .rodata.render_minibar.str1.4
                0x0000120c        0x0 /Users/jeremy/test_fpga/pocket-tunes/firmware/obj/app_ui.o
                                  0x7 (size before relaxing)
 .rodata.render_now_chapter.part.0.str1.4
                0x0000120c        0x0 /Users/jeremy/test_fpga/pocket-tunes/firmware/obj/app_ui.o
                                  0xd (size before relaxing)
 .rodata.render_status.str1.4
                0x0000120c        0x0 /Users/jeremy/test_fpga/pocket-tunes/firmware/obj/app_ui.o
                                  0x7 (size before relaxing)
 .rodata.ui_render_full.str1.4
                0x0000120c        0x0 /Users/jeremy/test_fpga/pocket-tunes/firmware/obj/app_ui.o
                                 0x57 (size before relaxing)
 .rodata.hb.0   0x0000120c       0x24 /Users/jeremy/test_fpga/pocket-tunes/firmware/obj/app_ui.o
 .rodata.band_edge
                0x00001230       0x13 /Users/jeremy/test_fpga/pocket-tunes/firmware/obj/app_eq.o
 *fill*         0x00001243        0x1 
 .rodata.hann_q15
                0x00001244      0x102 /Users/jeremy/test_fpga/pocket-tunes/firmware/obj/app_eq.o
 *fill*         0x00001346        0x2 
 .rodata.sin_q14
                0x00001348       0x82 /Users/jeremy/test_fpga/pocket-tunes/firmware/obj/app_eq.o
 .rodata.art_load.str1.4
                0x000013ca        0x0 /Users/jeremy/test_fpga/pocket-tunes/firmware/obj/app_art.o
                                 0x2c (size before relaxing)
 *fill*         0x000013ca        0x2 
 .rodata.opus_decoder_ctl
                0x000013cc       0x9c /Users/jeremy/test_fpga/pocket-tunes/firmware/obj/opus_opus_decoder.o
 .rodata.CSWTCH.76
                0x00001468       0x10 /Users/jeremy/test_fpga/pocket-tunes/firmware/obj/opus_opus_decoder.o
 .rodata.bit_deinterleave_table.0
                0x00001478       0x10 /Users/jeremy/test_fpga/pocket-tunes/firmware/obj/opus_bands.o
 .rodata.bit_interleave_table.1
                0x00001488       0x10 /Users/jeremy/test_fpga/pocket-tunes/firmware/obj/opus_bands.o
 .rodata.exp2_table8.2
                0x00001498       0x10 /Users/jeremy/test_fpga/pocket-tunes/firmware/obj/opus_bands.o
 .rodata.ordery_table
                0x000014a8       0x78 /Users/jeremy/test_fpga/pocket-tunes/firmware/obj/opus_bands.o
 .rodata.gains.1
                0x00001520       0x12 /Users/jeremy/test_fpga/pocket-tunes/firmware/obj/opus_celt.o
 *fill*         0x00001532        0x2 
 .rodata.tf_select_table
                0x00001534       0x20 /Users/jeremy/test_fpga/pocket-tunes/firmware/obj/opus_celt.o
                0x00001534                tf_select_table
 .rodata.opus_custom_decoder_ctl
                0x00001554       0xc0 /Users/jeremy/test_fpga/pocket-tunes/firmware/obj/opus_celt_decoder.o
 .rodata.trim_icdf
                0x00001614        0xb /Users/jeremy/test_fpga/pocket-tunes/firmware/obj/opus_celt_decoder.o
 *fill*         0x0000161f        0x1 
 .rodata.CELT_PVQ_U_ROW
                0x00001620       0x3c /Users/jeremy/test_fpga/pocket-tunes/firmware/obj/opus_cwrs.o
 .rodata.CELT_PVQ_U_DATA
                0x0000165c     0x13e0 /Users/jeremy/test_fpga/pocket-tunes/firmware/obj/opus_cwrs.o
 .rodata.correction.0
                0x00002a3c       0x20 /Users/jeremy/test_fpga/pocket-tunes/firmware/obj/opus_entcode.o
 .rodata.mode48000_960_120
                0x00002a5c       0x64 /Users/jeremy/test_fpga/pocket-tunes/firmware/obj/opus_modes.o
 .rodata.mdct_twiddles960
                0x00002ac0      0xe10 /Users/jeremy/test_fpga/pocket-tunes/firmware/obj/opus_modes.o
 .rodata.fft_state48000_960_3
                0x000038d0       0x3c /Users/jeremy/test_fpga/pocket-tunes/firmware/obj/opus_modes.o
 .rodata.fft_state48000_960_2
                0x0000390c       0x3c /Users/jeremy/test_fpga/pocket-tunes/firmware/obj/opus_modes.o
 .rodata.fft_state48000_960_1
                0x00003948       0x3c /Users/jeremy/test_fpga/pocket-tunes/firmware/obj/opus_modes.o
 .rodata.fft_state48000_960_0
                0x00003984       0x3c /Users/jeremy/test_fpga/pocket-tunes/firmware/obj/opus_modes.o
 .rodata.fft_bitrev60
                0x000039c0       0x78 /Users/jeremy/test_fpga/pocket-tunes/firmware/obj/opus_modes.o
 .rodata.fft_bitrev120
                0x00003a38       0xf0 /Users/jeremy/test_fpga/pocket-tunes/firmware/obj/opus_modes.o
 .rodata.fft_bitrev240
                0x00003b28      0x1e0 /Users/jeremy/test_fpga/pocket-tunes/firmware/obj/opus_modes.o
 .rodata.fft_bitrev480
                0x00003d08      0x3c0 /Users/jeremy/test_fpga/pocket-tunes/firmware/obj/opus_modes.o
 .rodata.fft_twiddles48000_960
                0x000040c8      0x780 /Users/jeremy/test_fpga/pocket-tunes/firmware/obj/opus_modes.o
 .rodata.cache_caps50
                0x00004848       0xa8 /Users/jeremy/test_fpga/pocket-tunes/firmware/obj/opus_modes.o
 .rodata.cache_bits50
                0x000048f0      0x188 /Users/jeremy/test_fpga/pocket-tunes/firmware/obj/opus_modes.o
 .rodata.cache_index50
                0x00004a78       0xd2 /Users/jeremy/test_fpga/pocket-tunes/firmware/obj/opus_modes.o
 *fill*         0x00004b4a        0x2 
 .rodata.logN400
                0x00004b4c       0x2a /Users/jeremy/test_fpga/pocket-tunes/firmware/obj/opus_modes.o
 *fill*         0x00004b76        0x2 
 .rodata.window120
                0x00004b78       0xf0 /Users/jeremy/test_fpga/pocket-tunes/firmware/obj/opus_modes.o
 .rodata.band_allocation
                0x00004c68       0xe7 /Users/jeremy/test_fpga/pocket-tunes/firmware/obj/opus_modes.o
 *fill*         0x00004d4f        0x1 
 .rodata.eband5ms
                0x00004d50       0x2c /Users/jeremy/test_fpga/pocket-tunes/firmware/obj/opus_modes.o
 .rodata.e_prob_model
                0x00004d7c      0x150 /Users/jeremy/test_fpga/pocket-tunes/firmware/obj/opus_quant_bands.o
 .rodata.eMeans
                0x00004ecc       0x19 /Users/jeremy/test_fpga/pocket-tunes/firmware/obj/opus_quant_bands.o
                0x00004ecc                eMeans
 *fill*         0x00004ee5        0x3 
 .rodata.LOG2_FRAC_TABLE
                0x00004ee8       0x18 /Users/jeremy/test_fpga/pocket-tunes/firmware/obj/opus_rate.o
 .rodata.SPREAD_FACTOR.0
                0x00004f00        0xc /Users/jeremy/test_fpga/pocket-tunes/firmware/obj/opus_vq.o
 .rodata.ordering10.0
                0x00004f0c        0xa /Users/jeremy/test_fpga/pocket-tunes/firmware/obj/opus_NLSF2A.o
 *fill*         0x00004f16        0x2 
 .rodata.ordering16.1
                0x00004f18       0x10 /Users/jeremy/test_fpga/pocket-tunes/firmware/obj/opus_NLSF2A.o
 .rodata.silk_CB_lags_stage3
                0x00004f28       0x88 /Users/jeremy/test_fpga/pocket-tunes/firmware/obj/opus_pitch_est_tables.o
                0x00004f28                silk_CB_lags_stage3
 .rodata.silk_CB_lags_stage2
                0x00004fb0       0x2c /Users/jeremy/test_fpga/pocket-tunes/firmware/obj/opus_pitch_est_tables.o
                0x00004fb0                silk_CB_lags_stage2
 .rodata.silk_CB_lags_stage3_10_ms
                0x00004fdc       0x18 /Users/jeremy/test_fpga/pocket-tunes/firmware/obj/opus_pitch_est_tables.o
                0x00004fdc                silk_CB_lags_stage3_10_ms
 .rodata.delay_matrix_dec
                0x00004ff4        0xf /Users/jeremy/test_fpga/pocket-tunes/firmware/obj/opus_resampler.o
 *fill*         0x00005003        0x1 
 .rodata.delay_matrix_enc
                0x00005004        0xf /Users/jeremy/test_fpga/pocket-tunes/firmware/obj/opus_resampler.o
 *fill*         0x00005013        0x1 
 .rodata.silk_resampler_frac_FIR_12
                0x00005014       0x60 /Users/jeremy/test_fpga/pocket-tunes/firmware/obj/opus_resampler_rom.o
                0x00005014                silk_resampler_frac_FIR_12
 .rodata.silk_Resampler_1_6_COEFS
                0x00005074       0x28 /Users/jeremy/test_fpga/pocket-tunes/firmware/obj/opus_resampler_rom.o
                0x00005074                silk_Resampler_1_6_COEFS
 .rodata.silk_Resampler_1_4_COEFS
                0x0000509c       0x28 /Users/jeremy/test_fpga/pocket-tunes/firmware/obj/opus_resampler_rom.o
                0x0000509c                silk_Resampler_1_4_COEFS
 .rodata.silk_Resampler_1_3_COEFS
                0x000050c4       0x28 /Users/jeremy/test_fpga/pocket-tunes/firmware/obj/opus_resampler_rom.o
                0x000050c4                silk_Resampler_1_3_COEFS
 .rodata.silk_Resampler_1_2_COEFS
                0x000050ec       0x1c /Users/jeremy/test_fpga/pocket-tunes/firmware/obj/opus_resampler_rom.o
                0x000050ec                silk_Resampler_1_2_COEFS
 .rodata.silk_Resampler_2_3_COEFS
                0x00005108       0x28 /Users/jeremy/test_fpga/pocket-tunes/firmware/obj/opus_resampler_rom.o
                0x00005108                silk_Resampler_2_3_COEFS
 .rodata.silk_Resampler_3_4_COEFS
                0x00005130       0x3a /Users/jeremy/test_fpga/pocket-tunes/firmware/obj/opus_resampler_rom.o
                0x00005130                silk_Resampler_3_4_COEFS
 *fill*         0x0000516a        0x2 
 .rodata.silk_LSFCosTab_FIX_Q12
                0x0000516c      0x102 /Users/jeremy/test_fpga/pocket-tunes/firmware/obj/opus_table_LSF_cos.o
                0x0000516c                silk_LSFCosTab_FIX_Q12
 *fill*         0x0000526e        0x2 
 .rodata.silk_LTP_vq_ptrs_Q7
                0x00005270        0xc /Users/jeremy/test_fpga/pocket-tunes/firmware/obj/opus_tables_LTP.o
                0x00005270                silk_LTP_vq_ptrs_Q7
 .rodata.silk_LTP_gain_vq_2
                0x0000527c       0xa0 /Users/jeremy/test_fpga/pocket-tunes/firmware/obj/opus_tables_LTP.o
 .rodata.silk_LTP_gain_vq_1
                0x0000531c       0x50 /Users/jeremy/test_fpga/pocket-tunes/firmware/obj/opus_tables_LTP.o
 .rodata.silk_LTP_gain_vq_0
                0x0000536c       0x28 /Users/jeremy/test_fpga/pocket-tunes/firmware/obj/opus_tables_LTP.o
 .rodata.silk_LTP_gain_iCDF_ptrs
                0x00005394        0xc /Users/jeremy/test_fpga/pocket-tunes/firmware/obj/opus_tables_LTP.o
                0x00005394                silk_LTP_gain_iCDF_ptrs
 .rodata.silk_LTP_gain_iCDF_2
                0x000053a0       0x20 /Users/jeremy/test_fpga/pocket-tunes/firmware/obj/opus_tables_LTP.o
 .rodata.silk_LTP_gain_iCDF_1
                0x000053c0       0x10 /Users/jeremy/test_fpga/pocket-tunes/firmware/obj/opus_tables_LTP.o
 .rodata.silk_NLSF_CB_NB_MB
                0x000053d0       0x28 /Users/jeremy/test_fpga/pocket-tunes/firmware/obj/opus_tables_NLSF_CB_NB_MB.o
                0x000053d0                silk_NLSF_CB_NB_MB
 .rodata.silk_NLSF_DELTA_MIN_NB_MB_Q15
                0x000053f8       0x16 /Users/jeremy/test_fpga/pocket-tunes/firmware/obj/opus_tables_NLSF_CB_NB_MB.o
 *fill*         0x0000540e        0x2 
 .rodata.silk_NLSF_PRED_NB_MB_Q8
                0x00005410       0x12 /Users/jeremy/test_fpga/pocket-tunes/firmware/obj/opus_tables_NLSF_CB_NB_MB.o
 *fill*         0x00005422        0x2 
 .rodata.silk_NLSF_CB2_BITS_NB_MB_Q5
                0x00005424       0x48 /Users/jeremy/test_fpga/pocket-tunes/firmware/obj/opus_tables_NLSF_CB_NB_MB.o
 .rodata.silk_NLSF_CB2_iCDF_NB_MB
                0x0000546c       0x48 /Users/jeremy/test_fpga/pocket-tunes/firmware/obj/opus_tables_NLSF_CB_NB_MB.o
 .rodata.silk_NLSF_CB2_SELECT_NB_MB
                0x000054b4       0xa0 /Users/jeremy/test_fpga/pocket-tunes/firmware/obj/opus_tables_NLSF_CB_NB_MB.o
 .rodata.silk_NLSF_CB1_iCDF_NB_MB
                0x00005554       0x40 /Users/jeremy/test_fpga/pocket-tunes/firmware/obj/opus_tables_NLSF_CB_NB_MB.o
 .rodata.silk_NLSF_CB1_Wght_Q9
                0x00005594      0x280 /Users/jeremy/test_fpga/pocket-tunes/firmware/obj/opus_tables_NLSF_CB_NB_MB.o
 .rodata.silk_NLSF_CB1_NB_MB_Q8
                0x00005814      0x140 /Users/jeremy/test_fpga/pocket-tunes/firmware/obj/opus_tables_NLSF_CB_NB_MB.o
 .rodata.silk_NLSF_CB_WB
                0x00005954       0x28 /Users/jeremy/test_fpga/pocket-tunes/firmware/obj/opus_tables_NLSF_CB_WB.o
                0x00005954                silk_NLSF_CB_WB
 .rodata.silk_NLSF_DELTA_MIN_WB_Q15
                0x0000597c       0x22 /Users/jeremy/test_fpga/pocket-tunes/firmware/obj/opus_tables_NLSF_CB_WB.o
 *fill*         0x0000599e        0x2 
 .rodata.silk_NLSF_PRED_WB_Q8
                0x000059a0       0x1e /Users/jeremy/test_fpga/pocket-tunes/firmware/obj/opus_tables_NLSF_CB_WB.o
 *fill*         0x000059be        0x2 
 .rodata.silk_NLSF_CB2_BITS_WB_Q5
                0x000059c0       0x48 /Users/jeremy/test_fpga/pocket-tunes/firmware/obj/opus_tables_NLSF_CB_WB.o
 .rodata.silk_NLSF_CB2_iCDF_WB
                0x00005a08       0x48 /Users/jeremy/test_fpga/pocket-tunes/firmware/obj/opus_tables_NLSF_CB_WB.o
 .rodata.silk_NLSF_CB2_SELECT_WB
                0x00005a50      0x100 /Users/jeremy/test_fpga/pocket-tunes/firmware/obj/opus_tables_NLSF_CB_WB.o
 .rodata.silk_NLSF_CB1_iCDF_WB
                0x00005b50       0x40 /Users/jeremy/test_fpga/pocket-tunes/firmware/obj/opus_tables_NLSF_CB_WB.o
 .rodata.silk_NLSF_CB1_WB_Wght_Q9
                0x00005b90      0x400 /Users/jeremy/test_fpga/pocket-tunes/firmware/obj/opus_tables_NLSF_CB_WB.o
 .rodata.silk_NLSF_CB1_WB_Q8
                0x00005f90      0x200 /Users/jeremy/test_fpga/pocket-tunes/firmware/obj/opus_tables_NLSF_CB_WB.o
 .rodata.silk_delta_gain_iCDF
                0x00006190       0x29 /Users/jeremy/test_fpga/pocket-tunes/firmware/obj/opus_tables_gain.o
                0x00006190                silk_delta_gain_iCDF
 *fill*         0x000061b9        0x3 
 .rodata.silk_gain_iCDF
                0x000061bc       0x18 /Users/jeremy/test_fpga/pocket-tunes/firmware/obj/opus_tables_gain.o
                0x000061bc                silk_gain_iCDF
 .rodata.silk_stereo_pred_joint_iCDF
                0x000061d4       0x19 /Users/jeremy/test_fpga/pocket-tunes/firmware/obj/opus_tables_other.o
                0x000061d4                silk_stereo_pred_joint_iCDF
 *fill*         0x000061ed        0x3 
 .rodata.silk_stereo_pred_quant_Q13
                0x000061f0       0x20 /Users/jeremy/test_fpga/pocket-tunes/firmware/obj/opus_tables_other.o
                0x000061f0                silk_stereo_pred_quant_Q13
 .rodata.silk_pitch_contour_10_ms_iCDF
                0x00006210        0xc /Users/jeremy/test_fpga/pocket-tunes/firmware/obj/opus_tables_pitch_lag.o
                0x00006210                silk_pitch_contour_10_ms_iCDF
 .rodata.silk_pitch_contour_NB_iCDF
                0x0000621c        0xb /Users/jeremy/test_fpga/pocket-tunes/firmware/obj/opus_tables_pitch_lag.o
                0x0000621c                silk_pitch_contour_NB_iCDF
 *fill*         0x00006227        0x1 
 .rodata.silk_pitch_contour_iCDF
                0x00006228       0x22 /Users/jeremy/test_fpga/pocket-tunes/firmware/obj/opus_tables_pitch_lag.o
                0x00006228                silk_pitch_contour_iCDF
 *fill*         0x0000624a        0x2 
 .rodata.silk_pitch_delta_iCDF
                0x0000624c       0x15 /Users/jeremy/test_fpga/pocket-tunes/firmware/obj/opus_tables_pitch_lag.o
                0x0000624c                silk_pitch_delta_iCDF
 *fill*         0x00006261        0x3 
 .rodata.silk_pitch_lag_iCDF
                0x00006264       0x20 /Users/jeremy/test_fpga/pocket-tunes/firmware/obj/opus_tables_pitch_lag.o
                0x00006264                silk_pitch_lag_iCDF
 .rodata.silk_sign_iCDF
                0x00006284       0x2a /Users/jeremy/test_fpga/pocket-tunes/firmware/obj/opus_tables_pulses_per_block.o
                0x00006284                silk_sign_iCDF
 *fill*         0x000062ae        0x2 
 .rodata.silk_shell_code_table_offsets
                0x000062b0       0x11 /Users/jeremy/test_fpga/pocket-tunes/firmware/obj/opus_tables_pulses_per_block.o
                0x000062b0                silk_shell_code_table_offsets
 *fill*         0x000062c1        0x3 
 .rodata.silk_shell_code_table3
                0x000062c4       0x98 /Users/jeremy/test_fpga/pocket-tunes/firmware/obj/opus_tables_pulses_per_block.o
                0x000062c4                silk_shell_code_table3
 .rodata.silk_shell_code_table2
                0x0000635c       0x98 /Users/jeremy/test_fpga/pocket-tunes/firmware/obj/opus_tables_pulses_per_block.o
                0x0000635c                silk_shell_code_table2
 .rodata.silk_shell_code_table1
                0x000063f4       0x98 /Users/jeremy/test_fpga/pocket-tunes/firmware/obj/opus_tables_pulses_per_block.o
                0x000063f4                silk_shell_code_table1
 .rodata.silk_shell_code_table0
                0x0000648c       0x98 /Users/jeremy/test_fpga/pocket-tunes/firmware/obj/opus_tables_pulses_per_block.o
                0x0000648c                silk_shell_code_table0
 .rodata.silk_rate_levels_iCDF
                0x00006524       0x12 /Users/jeremy/test_fpga/pocket-tunes/firmware/obj/opus_tables_pulses_per_block.o
                0x00006524                silk_rate_levels_iCDF
 *fill*         0x00006536        0x2 
 .rodata.silk_pulses_per_block_iCDF
                0x00006538       0xb4 /Users/jeremy/test_fpga/pocket-tunes/firmware/obj/opus_tables_pulses_per_block.o
                0x00006538                silk_pulses_per_block_iCDF
 .rodata.xmp3_sfBandTable
                0x000065ec      0x29a /Users/jeremy/test_fpga/pocket-tunes/firmware/obj/helix_mp3tabs.o
                0x000065ec                xmp3_sfBandTable
 *fill*         0x00006886        0x2 
 .rodata.xmp3_slotTab
                0x00006888      0x10e /Users/jeremy/test_fpga/pocket-tunes/firmware/obj/helix_mp3tabs.o
                0x00006888                xmp3_slotTab
 *fill*         0x00006996        0x2 
 .rodata.xmp3_sideBytesTab
                0x00006998        0xc /Users/jeremy/test_fpga/pocket-tunes/firmware/obj/helix_mp3tabs.o
                0x00006998                xmp3_sideBytesTab
 .rodata.xmp3_samplesPerFrameTab
                0x000069a4       0x12 /Users/jeremy/test_fpga/pocket-tunes/firmware/obj/helix_mp3tabs.o
                0x000069a4                xmp3_samplesPerFrameTab
 *fill*         0x000069b6        0x2 
 .rodata.xmp3_bitrateTab
                0x000069b8      0x10e /Users/jeremy/test_fpga/pocket-tunes/firmware/obj/helix_mp3tabs.o
                0x000069b8                xmp3_bitrateTab
 *fill*         0x00006ac6        0x2 
 .rodata.xmp3_samplerateTab
                0x00006ac8       0x24 /Users/jeremy/test_fpga/pocket-tunes/firmware/obj/helix_mp3tabs.o
                0x00006ac8                xmp3_samplerateTab
 .rodata.dcttab
                0x00006aec       0xc0 /Users/jeremy/test_fpga/pocket-tunes/firmware/obj/helix_dct32.o
 .rodata.preTab
                0x00006bac       0x16 /Users/jeremy/test_fpga/pocket-tunes/firmware/obj/helix_dqchan.o
 *fill*         0x00006bc2        0x2 
 .rodata.xmp3_quadTable
                0x00006bc4       0x50 /Users/jeremy/test_fpga/pocket-tunes/firmware/obj/helix_hufftabs.o
                0x00006bc4                xmp3_quadTable
 .rodata.xmp3_huffTabLookup
                0x00006c14      0x100 /Users/jeremy/test_fpga/pocket-tunes/firmware/obj/helix_hufftabs.o
                0x00006c14                xmp3_huffTabLookup
 .rodata.xmp3_huffTabOffset
                0x00006d14       0x80 /Users/jeremy/test_fpga/pocket-tunes/firmware/obj/helix_hufftabs.o
                0x00006d14                xmp3_huffTabOffset
 .rodata.xmp3_huffTable
                0x00006d94     0x2124 /Users/jeremy/test_fpga/pocket-tunes/firmware/obj/helix_hufftabs.o
                0x00006d94                xmp3_huffTable
 .rodata.c18    0x00008eb8       0x24 /Users/jeremy/test_fpga/pocket-tunes/firmware/obj/helix_imdct.o
 .rodata.NRTab  0x00008edc       0x48 /Users/jeremy/test_fpga/pocket-tunes/firmware/obj/helix_scalfact.o
 .rodata.SFLenTab
                0x00008f24       0x20 /Users/jeremy/test_fpga/pocket-tunes/firmware/obj/helix_scalfact.o
 .rodata.xmp3_polyCoef
                0x00008f44      0x420 /Users/jeremy/test_fpga/pocket-tunes/firmware/obj/helix_trigtabs.o
                0x00008f44                xmp3_polyCoef
 .rodata.xmp3_csa
                0x00009364       0x40 /Users/jeremy/test_fpga/pocket-tunes/firmware/obj/helix_trigtabs.o
                0x00009364                xmp3_csa
 .rodata.xmp3_ISFIIP
                0x000093a4       0x10 /Users/jeremy/test_fpga/pocket-tunes/firmware/obj/helix_trigtabs.o
                0x000093a4                xmp3_ISFIIP
 .rodata.xmp3_ISFMpeg2
                0x000093b4      0x100 /Users/jeremy/test_fpga/pocket-tunes/firmware/obj/helix_trigtabs.o
                0x000093b4                xmp3_ISFMpeg2
 .rodata.xmp3_ISFMpeg1
                0x000094b4       0x38 /Users/jeremy/test_fpga/pocket-tunes/firmware/obj/helix_trigtabs.o
                0x000094b4                xmp3_ISFMpeg1
 .rodata.xmp3_imdctWin
                0x000094ec      0x240 /Users/jeremy/test_fpga/pocket-tunes/firmware/obj/helix_trigtabs.o
                0x000094ec                xmp3_imdctWin
 .rodata        0x0000972c      0x100 /opt/homebrew/Cellar/riscv64-elf-gcc/16.1.0/lib/gcc/riscv64-elf/16.1.0/rv32im/ilp32/libgcc.a(_clz.o)
                0x0000972c                __clz_tab
 *(.srodata*)
 .srodata.GRAD_MINIBAR
                0x0000982c        0x8 /Users/jeremy/test_fpga/pocket-tunes/firmware/obj/app_ui.o
 .srodata.magic.0
                0x00009834        0x4 /Users/jeremy/test_fpga/pocket-tunes/firmware/obj/app_ogg.o
 .srodata.tapset_icdf
                0x00009838        0x3 /Users/jeremy/test_fpga/pocket-tunes/firmware/obj/opus_celt_decoder.o
 *fill*         0x0000983b        0x1 
 .srodata.spread_icdf
                0x0000983c        0x4 /Users/jeremy/test_fpga/pocket-tunes/firmware/obj/opus_celt_decoder.o
 .srodata.small_energy_icdf
                0x00009840        0x3 /Users/jeremy/test_fpga/pocket-tunes/firmware/obj/opus_quant_bands.o
 *fill*         0x00009843        0x1 
 .srodata.beta_coef
                0x00009844        0x8 /Users/jeremy/test_fpga/pocket-tunes/firmware/obj/opus_quant_bands.o
 .srodata.pred_coef
                0x0000984c        0x8 /Users/jeremy/test_fpga/pocket-tunes/firmware/obj/opus_quant_bands.o
 .srodata.PLC_RAND_ATTENUATE_UV_Q15
                0x00009854        0x4 /Users/jeremy/test_fpga/pocket-tunes/firmware/obj/opus_PLC.o
 .srodata.PLC_RAND_ATTENUATE_V_Q15
                0x00009858        0x4 /Users/jeremy/test_fpga/pocket-tunes/firmware/obj/opus_PLC.o
 .srodata.HARM_ATT_Q15
                0x0000985c        0x4 /Users/jeremy/test_fpga/pocket-tunes/firmware/obj/opus_PLC.o
 .srodata.silk_CB_lags_stage2_10_ms
                0x00009860        0x6 /Users/jeremy/test_fpga/pocket-tunes/firmware/obj/opus_pitch_est_tables.o
                0x00009860                silk_CB_lags_stage2_10_ms
 *fill*         0x00009866        0x2 
 .srodata.silk_LTP_gain_iCDF_0
                0x00009868        0x8 /Users/jeremy/test_fpga/pocket-tunes/firmware/obj/opus_tables_LTP.o
 .srodata.silk_LTP_per_index_iCDF
                0x00009870        0x3 /Users/jeremy/test_fpga/pocket-tunes/firmware/obj/opus_tables_LTP.o
                0x00009870                silk_LTP_per_index_iCDF
 *fill*         0x00009873        0x1 
 .srodata.silk_NLSF_EXT_iCDF
                0x00009874        0x7 /Users/jeremy/test_fpga/pocket-tunes/firmware/obj/opus_tables_other.o
                0x00009874                silk_NLSF_EXT_iCDF
 *fill*         0x0000987b        0x1 
 .srodata.silk_uniform8_iCDF
                0x0000987c        0x8 /Users/jeremy/test_fpga/pocket-tunes/firmware/obj/opus_tables_other.o
                0x0000987c                silk_uniform8_iCDF
 .srodata.silk_uniform6_iCDF
                0x00009884        0x6 /Users/jeremy/test_fpga/pocket-tunes/firmware/obj/opus_tables_other.o
                0x00009884                silk_uniform6_iCDF
 *fill*         0x0000988a        0x2 
 .srodata.silk_uniform5_iCDF
                0x0000988c        0x5 /Users/jeremy/test_fpga/pocket-tunes/firmware/obj/opus_tables_other.o
                0x0000988c                silk_uniform5_iCDF
 *fill*         0x00009891        0x3 
 .srodata.silk_uniform4_iCDF
                0x00009894        0x4 /Users/jeremy/test_fpga/pocket-tunes/firmware/obj/opus_tables_other.o
                0x00009894                silk_uniform4_iCDF
 .srodata.silk_uniform3_iCDF
                0x00009898        0x3 /Users/jeremy/test_fpga/pocket-tunes/firmware/obj/opus_tables_other.o
                0x00009898                silk_uniform3_iCDF
 *fill*         0x0000989b        0x1 
 .srodata.silk_LTPScales_table_Q14
                0x0000989c        0x6 /Users/jeremy/test_fpga/pocket-tunes/firmware/obj/opus_tables_other.o
                0x0000989c                silk_LTPScales_table_Q14
 *fill*         0x000098a2        0x2 
 .srodata.silk_Quantization_Offsets_Q10
                0x000098a4        0x8 /Users/jeremy/test_fpga/pocket-tunes/firmware/obj/opus_tables_other.o
                0x000098a4                silk_Quantization_Offsets_Q10
 .srodata.silk_NLSF_interpolation_factor_iCDF
                0x000098ac        0x5 /Users/jeremy/test_fpga/pocket-tunes/firmware/obj/opus_tables_other.o
                0x000098ac                silk_NLSF_interpolation_factor_iCDF
 *fill*         0x000098b1        0x3 
 .srodata.silk_type_offset_no_VAD_iCDF
                0x000098b4        0x2 /Users/jeremy/test_fpga/pocket-tunes/firmware/obj/opus_tables_other.o
                0x000098b4                silk_type_offset_no_VAD_iCDF
 *fill*         0x000098b6        0x2 
 .srodata.silk_type_offset_VAD_iCDF
                0x000098b8        0x4 /Users/jeremy/test_fpga/pocket-tunes/firmware/obj/opus_tables_other.o
                0x000098b8                silk_type_offset_VAD_iCDF
 .srodata.silk_LTPscale_iCDF
                0x000098bc        0x3 /Users/jeremy/test_fpga/pocket-tunes/firmware/obj/opus_tables_other.o
                0x000098bc                silk_LTPscale_iCDF
 *fill*         0x000098bf        0x1 
 .srodata.silk_lsb_iCDF
                0x000098c0        0x2 /Users/jeremy/test_fpga/pocket-tunes/firmware/obj/opus_tables_other.o
                0x000098c0                silk_lsb_iCDF
 *fill*         0x000098c2        0x2 
 .srodata.silk_LBRR_flags_iCDF_ptr
                0x000098c4        0x8 /Users/jeremy/test_fpga/pocket-tunes/firmware/obj/opus_tables_other.o
                0x000098c4                silk_LBRR_flags_iCDF_ptr
 .srodata.silk_LBRR_flags_3_iCDF
                0x000098cc        0x7 /Users/jeremy/test_fpga/pocket-tunes/firmware/obj/opus_tables_other.o
 *fill*         0x000098d3        0x1 
 .srodata.silk_LBRR_flags_2_iCDF
                0x000098d4        0x3 /Users/jeremy/test_fpga/pocket-tunes/firmware/obj/opus_tables_other.o
 *fill*         0x000098d7        0x1 
 .srodata.silk_stereo_only_code_mid_iCDF
                0x000098d8        0x2 /Users/jeremy/test_fpga/pocket-tunes/firmware/obj/opus_tables_other.o
                0x000098d8                silk_stereo_only_code_mid_iCDF
 *fill*         0x000098da        0x2 
 .srodata.silk_pitch_contour_10_ms_NB_iCDF
                0x000098dc        0x3 /Users/jeremy/test_fpga/pocket-tunes/firmware/obj/opus_tables_pitch_lag.o
                0x000098dc                silk_pitch_contour_10_ms_NB_iCDF
 *fill*         0x000098df        0x1 
 .srodata.xmp3_quadTabMaxBits
                0x000098e0        0x8 /Users/jeremy/test_fpga/pocket-tunes/firmware/obj/helix_hufftabs.o
                0x000098e0                xmp3_quadTabMaxBits
 .srodata.xmp3_quadTabOffset
                0x000098e8        0x8 /Users/jeremy/test_fpga/pocket-tunes/firmware/obj/helix_hufftabs.o
                0x000098e8                xmp3_quadTabOffset

.data           0x000098f0      0x298 load address 0x50022c7c
 *(.data*)
 .data.pow2frac
                0x000098f0       0x20 /Users/jeremy/test_fpga/pocket-tunes/firmware/obj/helix_dqchan.o
                0x000098f0                pow2frac
 .data.pow2exp  0x00009910       0x20 /Users/jeremy/test_fpga/pocket-tunes/firmware/obj/helix_dqchan.o
                0x00009910                pow2exp
 .data.poly43hi
                0x00009930       0x14 /Users/jeremy/test_fpga/pocket-tunes/firmware/obj/helix_dqchan.o
                0x00009930                poly43hi
 .data.poly43lo
                0x00009944       0x14 /Users/jeremy/test_fpga/pocket-tunes/firmware/obj/helix_dqchan.o
                0x00009944                poly43lo
 .data.pow43    0x00009958       0xc0 /Users/jeremy/test_fpga/pocket-tunes/firmware/obj/helix_dqchan.o
                0x00009958                pow43
 .data.pow43_14
                0x00009a18      0x100 /Users/jeremy/test_fpga/pocket-tunes/firmware/obj/helix_dqchan.o
                0x00009a18                pow43_14
 .data.pow14    0x00009b18       0x10 /Users/jeremy/test_fpga/pocket-tunes/firmware/obj/helix_dqchan.o
                0x00009b18                pow14
 .data.fastWin36
                0x00009b28       0x48 /Users/jeremy/test_fpga/pocket-tunes/firmware/obj/helix_imdct.o
                0x00009b28                fastWin36
 *(.sdata*)
 .sdata.rng_state
                0x00009b70        0x4 /Users/jeremy/test_fpga/pocket-tunes/firmware/obj/app_ui.o
 .sdata.chap_shown
                0x00009b74        0x4 /Users/jeremy/test_fpga/pocket-tunes/firmware/obj/app_ui.o
 .sdata.play_artist
                0x00009b78        0x4 /Users/jeremy/test_fpga/pocket-tunes/firmware/obj/app_ui.o
 .sdata.play_alb
                0x00009b7c        0x4 /Users/jeremy/test_fpga/pocket-tunes/firmware/obj/app_ui.o
 .sdata.play_gidx
                0x00009b80        0x4 /Users/jeremy/test_fpga/pocket-tunes/firmware/obj/app_ui.o
 .sdata.trk_album
                0x00009b84        0x4 /Users/jeremy/test_fpga/pocket-tunes/firmware/obj/app_ui.o
                0x00009b88                        __fast_end = .
                0x5001938c                        __fast_lma = LOADADDR (.rodata)
                0x50022f14                        __image_end_lma = (__fast_lma + (__fast_end - __fast_start))

.itcm_opus      0x60000000     0x3b60 load address 0x50022f14
 *opus_kiss_fft.o(.text .text.*)
 .text.opus_fft_impl
                0x60000000     0x1034 /Users/jeremy/test_fpga/pocket-tunes/firmware/obj/opus_kiss_fft.o
                0x60000000                opus_fft_impl
 *opus_mdct.o(.text.clt_mdct_backward_c)
 .text.clt_mdct_backward_c
                0x60001034      0x3f0 /Users/jeremy/test_fpga/pocket-tunes/firmware/obj/opus_mdct.o
                0x60001034                clt_mdct_backward_c
 *opus_bands.o(.text.quant_band_stereo)
 .text.quant_band_stereo
                0x60001424      0x714 /Users/jeremy/test_fpga/pocket-tunes/firmware/obj/opus_bands.o
 *opus_bands.o(.text.quant_partition)
 .text.quant_partition
                0x60001b38      0x6bc /Users/jeremy/test_fpga/pocket-tunes/firmware/obj/opus_bands.o
 *opus_bands.o(.text.quant_band)
 .text.quant_band
                0x600021f4      0x4f0 /Users/jeremy/test_fpga/pocket-tunes/firmware/obj/opus_bands.o
 *opus_bands.o(.text.denormalise_bands)
 .text.denormalise_bands
                0x600026e4      0x2b4 /Users/jeremy/test_fpga/pocket-tunes/firmware/obj/opus_bands.o
                0x600026e4                denormalise_bands
 *opus_vq.o(.text.alg_unquant .text.exp_rotation .text.exp_rotation.* .text.exp_rotation1 .text.normalise_residual .text.renormalise_vector)
 .text.exp_rotation1
                0x60002998       0xdc /Users/jeremy/test_fpga/pocket-tunes/firmware/obj/opus_vq.o
 .text.normalise_residual
                0x60002a74       0xf0 /Users/jeremy/test_fpga/pocket-tunes/firmware/obj/opus_vq.o
 .text.exp_rotation.part.0
                0x60002b64      0x280 /Users/jeremy/test_fpga/pocket-tunes/firmware/obj/opus_vq.o
 .text.alg_unquant
                0x60002de4      0x130 /Users/jeremy/test_fpga/pocket-tunes/firmware/obj/opus_vq.o
                0x60002de4                alg_unquant
 .text.renormalise_vector
                0x60002f14      0x110 /Users/jeremy/test_fpga/pocket-tunes/firmware/obj/opus_vq.o
                0x60002f14                renormalise_vector
 *opus_cwrs.o(.text.decode_pulses)
 .text.decode_pulses
                0x60003024      0x2d0 /Users/jeremy/test_fpga/pocket-tunes/firmware/obj/opus_cwrs.o
                0x60003024                decode_pulses
 *opus_entdec.o(.text .text.*)
 .text.ec_dec_normalize
                0x600032f4       0x84 /Users/jeremy/test_fpga/pocket-tunes/firmware/obj/opus_entdec.o
 .text.ec_dec_init
                0x60003378       0x58 /Users/jeremy/test_fpga/pocket-tunes/firmware/obj/opus_entdec.o
                0x60003378                ec_dec_init
 .text.ec_decode
                0x600033d0       0x30 /Users/jeremy/test_fpga/pocket-tunes/firmware/obj/opus_entdec.o
                0x600033d0                ec_decode
 .text.ec_decode_bin
                0x60003400       0x38 /Users/jeremy/test_fpga/pocket-tunes/firmware/obj/opus_entdec.o
                0x60003400                ec_decode_bin
 .text.ec_dec_update
                0x60003438       0x3c /Users/jeremy/test_fpga/pocket-tunes/firmware/obj/opus_entdec.o
                0x60003438                ec_dec_update
 .text.ec_dec_bit_logp
                0x60003474       0x48 /Users/jeremy/test_fpga/pocket-tunes/firmware/obj/opus_entdec.o
                0x60003474                ec_dec_bit_logp
 .text.ec_dec_icdf
                0x600034bc       0x5c /Users/jeremy/test_fpga/pocket-tunes/firmware/obj/opus_entdec.o
                0x600034bc                ec_dec_icdf
 .text.ec_dec_bits
                0x60003518       0x9c /Users/jeremy/test_fpga/pocket-tunes/firmware/obj/opus_entdec.o
                0x60003518                ec_dec_bits
 .text.ec_dec_uint
                0x600035b4      0x198 /Users/jeremy/test_fpga/pocket-tunes/firmware/obj/opus_entdec.o
                0x600035b4                ec_dec_uint
 *opus_celt_decoder.o(.text.deemphasis)
 .text.deemphasis
                0x6000374c      0x414 /Users/jeremy/test_fpga/pocket-tunes/firmware/obj/opus_celt_decoder.o
                [!provide]                        PROVIDE (__load_start_itcm_opus = LOADADDR (.itcm_opus))
                [!provide]                        PROVIDE (__load_stop_itcm_opus = (LOADADDR (.itcm_opus) + SIZEOF (.itcm_opus)))

.itcm_mp3       0x60000000     0x3db4 load address 0x50026a74
 *helix_polyphase.o(.text .text.*)
 .text.xmp3_PolyphaseMono
                0x60000000      0x9b8 /Users/jeremy/test_fpga/pocket-tunes/firmware/obj/helix_polyphase.o
                0x60000000                xmp3_PolyphaseMono
 .text.xmp3_PolyphaseStereo
                0x600009b8     0x1364 /Users/jeremy/test_fpga/pocket-tunes/firmware/obj/helix_polyphase.o
                0x600009b8                xmp3_PolyphaseStereo
 *helix_imdct.o(.text .text.*)
 .text.FreqInvertRescale
                0x60001d1c      0x1c4 /Users/jeremy/test_fpga/pocket-tunes/firmware/obj/helix_imdct.o
 .text.WinPrevious
                0x60001ee0      0x194 /Users/jeremy/test_fpga/pocket-tunes/firmware/obj/helix_imdct.o
 .text.xmp3_IMDCT
                0x60002074     0x12b8 /Users/jeremy/test_fpga/pocket-tunes/firmware/obj/helix_imdct.o
                0x60002074                xmp3_IMDCT
 *helix_dct32.o(.text .text.*)
 .text.xmp3_FDCT32
                0x6000332c      0x8d4 /Users/jeremy/test_fpga/pocket-tunes/firmware/obj/helix_dct32.o
                0x6000332c                xmp3_FDCT32
 *helix_subband.o(.text .text.*)
 .text.xmp3_Subband
                0x60003c00      0x1b4 /Users/jeremy/test_fpga/pocket-tunes/firmware/obj/helix_subband.o
                0x60003c00                xmp3_Subband
                [!provide]                        PROVIDE (__load_start_itcm_mp3 = LOADADDR (.itcm_mp3))
                [!provide]                        PROVIDE (__load_stop_itcm_mp3 = (LOADADDR (.itcm_mp3) + SIZEOF (.itcm_mp3)))
                0x50022f14                        __itcm_load_opus = LOADADDR (.itcm_opus)
                0x50026a74                        __itcm_load_mp3 = LOADADDR (.itcm_mp3)
                0x00003b60                        __itcm_opus_size = SIZEOF (.itcm_opus)
                0x00003db4                        __itcm_mp3_size = SIZEOF (.itcm_mp3)
                0x5002a828                        __cold_lma = ((__image_end_lma + SIZEOF (.itcm_opus)) + SIZEOF (.itcm_mp3))

.text_cold      0x5002a828     0x6168
 *opus_mdct.o(.text .text.*)
 *opus_bands.o(.text .text.*)
 .text.deinterleave_hadamard
                0x5002a828      0x114 /Users/jeremy/test_fpga/pocket-tunes/firmware/obj/opus_bands.o
 .text.special_hybrid_folding.isra.0
                0x5002a93c       0xb0 /Users/jeremy/test_fpga/pocket-tunes/firmware/obj/opus_bands.o
 .text.quant_band_n1.isra.0
                0x5002a9ec      0x148 /Users/jeremy/test_fpga/pocket-tunes/firmware/obj/opus_bands.o
 .text.intensity_stereo.isra.0
                0x5002ab34      0x148 /Users/jeremy/test_fpga/pocket-tunes/firmware/obj/opus_bands.o
 .text.celt_lcg_rand
                0x5002ac7c       0x1c /Users/jeremy/test_fpga/pocket-tunes/firmware/obj/opus_bands.o
                0x5002ac7c                celt_lcg_rand
 .text.bitexact_log2tan
                0x5002ac98       0xd0 /Users/jeremy/test_fpga/pocket-tunes/firmware/obj/opus_bands.o
                0x5002ac98                bitexact_log2tan
 .text.compute_theta
                0x5002ad68      0xa38 /Users/jeremy/test_fpga/pocket-tunes/firmware/obj/opus_bands.o
 .text.anti_collapse
                0x5002b7a0      0x534 /Users/jeremy/test_fpga/pocket-tunes/firmware/obj/opus_bands.o
                0x5002b7a0                anti_collapse
 .text.haar1    0x5002bcd4       0x80 /Users/jeremy/test_fpga/pocket-tunes/firmware/obj/opus_bands.o
                0x5002bcd4                haar1
 .text.quant_all_bands
                0x5002bd54     0x143c /Users/jeremy/test_fpga/pocket-tunes/firmware/obj/opus_bands.o
                0x5002bd54                quant_all_bands
 *opus_vq.o(.text .text.*)
 .text.op_pvq_search_c
                0x5002d190      0x38c /Users/jeremy/test_fpga/pocket-tunes/firmware/obj/opus_vq.o
                0x5002d190                op_pvq_search_c
 .text.alg_quant
                0x5002d51c      0x1ec /Users/jeremy/test_fpga/pocket-tunes/firmware/obj/opus_vq.o
                0x5002d51c                alg_quant
 .text.stereo_itheta
                0x5002d708      0x2dc /Users/jeremy/test_fpga/pocket-tunes/firmware/obj/opus_vq.o
                0x5002d708                stereo_itheta
 *opus_cwrs.o(.text .text.*)
 .text.encode_pulses
                0x5002d9e4      0x1b0 /Users/jeremy/test_fpga/pocket-tunes/firmware/obj/opus_cwrs.o
                0x5002d9e4                encode_pulses
 *opus_celt_decoder.o(.text .text.*)
 .text.prefilter_and_fold
                0x5002db94      0x1e4 /Users/jeremy/test_fpga/pocket-tunes/firmware/obj/opus_celt_decoder.o
 .text.celt_synthesis
                0x5002dd78      0x5a8 /Users/jeremy/test_fpga/pocket-tunes/firmware/obj/opus_celt_decoder.o
 .text.celt_decode_lost
                0x5002e320      0xec8 /Users/jeremy/test_fpga/pocket-tunes/firmware/obj/opus_celt_decoder.o
 .text.celt_decoder_get_size
                0x5002f1e8       0x68 /Users/jeremy/test_fpga/pocket-tunes/firmware/obj/opus_celt_decoder.o
                0x5002f1e8                celt_decoder_get_size
 .text.celt_decode_with_ec_dred
                0x5002f250     0x1310 /Users/jeremy/test_fpga/pocket-tunes/firmware/obj/opus_celt_decoder.o
                0x5002f250                celt_decode_with_ec_dred
 .text.celt_decode_with_ec
                0x50030560        0x4 /Users/jeremy/test_fpga/pocket-tunes/firmware/obj/opus_celt_decoder.o
                0x50030560                celt_decode_with_ec
 .text.opus_custom_decoder_ctl
                0x50030564      0x318 /Users/jeremy/test_fpga/pocket-tunes/firmware/obj/opus_celt_decoder.o
                0x50030564                opus_custom_decoder_ctl
 .text.celt_decoder_init
                0x5003087c      0x114 /Users/jeremy/test_fpga/pocket-tunes/firmware/obj/opus_celt_decoder.o
                0x5003087c                celt_decoder_init

.rela.dyn       0x50022f14        0x0
 .rela.text.init
                0x50022f14        0x0 /Users/jeremy/test_fpga/pocket-tunes/firmware/obj/app_crt0.o
 .rela.text.codec_start
                0x50022f14        0x0 /Users/jeremy/test_fpga/pocket-tunes/firmware/obj/app_crt0.o

.bss            0x00009b88    0x124a0
                0x00009b88                        __bss_start = .
 *(.bss*)
 .bss.tok       0x00009b88      0x141 /Users/jeremy/test_fpga/pocket-tunes/firmware/obj/app_lib.o
 *fill*         0x00009cc9        0x3 
 .bss.lib_stage
                0x00009ccc     0x3000 /Users/jeremy/test_fpga/pocket-tunes/firmware/obj/app_lib.o
                0x00009ccc                lib_stage
 .bss.pool      0x0000cccc     0x1800 /Users/jeremy/test_fpga/pocket-tunes/firmware/obj/app_lib.o
 .bss.lib_tracks
                0x0000e4cc     0x1340 /Users/jeremy/test_fpga/pocket-tunes/firmware/obj/app_lib.o
                0x0000e4cc                lib_tracks
 .bss.lib_albums
                0x0000f80c      0x480 /Users/jeremy/test_fpga/pocket-tunes/firmware/obj/app_lib.o
                0x0000f80c                lib_albums
 .bss.lib_artists
                0x0000fc8c      0x1e0 /Users/jeremy/test_fpga/pocket-tunes/firmware/obj/app_lib.o
                0x0000fc8c                lib_artists
 .bss.chap_start_s
                0x0000fe6c      0x280 /Users/jeremy/test_fpga/pocket-tunes/firmware/obj/app_chap.o
                0x0000fe6c                chap_start_s
 .bss.chap_buf  0x000100ec       0x40 /Users/jeremy/test_fpga/pocket-tunes/firmware/obj/app_ui.o
 .bss.pathbuf   0x0001012c      0x120 /Users/jeremy/test_fpga/pocket-tunes/firmware/obj/app_ui.o
 .bss.pcm       0x0001024c     0x1200 /Users/jeremy/test_fpga/pocket-tunes/firmware/obj/app_mp3.o
 *fill*         0x0001144c        0x4 
 .bss.codec_arena
                0x00011450     0x6c00 /Users/jeremy/test_fpga/pocket-tunes/firmware/obj/app_mp3.o
                0x00011450                codec_arena