
Merging object attributes


There are no discarded input sections

Memory Configuration

Name             Origin             Length             Attributes
RAM              0x00000000         0x00020000         xrw
*default*        0x00000000         0xffffffff

Linker script and memory map

LOAD /var/folders/nq/tz7k80vx2wd8tb19j2shmy4h0000gn/T//ccGlg8V3.o
LOAD /var/folders/nq/tz7k80vx2wd8tb19j2shmy4h0000gn/T//ccEjBJmX.o
LOAD /var/folders/nq/tz7k80vx2wd8tb19j2shmy4h0000gn/T//cc8ddQve.o
LOAD /var/folders/nq/tz7k80vx2wd8tb19j2shmy4h0000gn/T//ccMQ27Zg.o
LOAD /var/folders/nq/tz7k80vx2wd8tb19j2shmy4h0000gn/T//ccRmkQj2.o
LOAD /var/folders/nq/tz7k80vx2wd8tb19j2shmy4h0000gn/T//ccv0N9Zk.o
LOAD /var/folders/nq/tz7k80vx2wd8tb19j2shmy4h0000gn/T//ccXIdRux.o
LOAD /var/folders/nq/tz7k80vx2wd8tb19j2shmy4h0000gn/T//ccSR2ba1.o
LOAD /var/folders/nq/tz7k80vx2wd8tb19j2shmy4h0000gn/T//ccTma4tl.o
LOAD /var/folders/nq/tz7k80vx2wd8tb19j2shmy4h0000gn/T//ccc9AkV5.o
LOAD /var/folders/nq/tz7k80vx2wd8tb19j2shmy4h0000gn/T//ccujRqyq.o
LOAD /var/folders/nq/tz7k80vx2wd8tb19j2shmy4h0000gn/T//ccpwJhb8.o
LOAD /var/folders/nq/tz7k80vx2wd8tb19j2shmy4h0000gn/T//ccckmdHO.o
LOAD /var/folders/nq/tz7k80vx2wd8tb19j2shmy4h0000gn/T//ccjq5Wv9.o
LOAD /var/folders/nq/tz7k80vx2wd8tb19j2shmy4h0000gn/T//ccFPz5th.o
LOAD /var/folders/nq/tz7k80vx2wd8tb19j2shmy4h0000gn/T//ccb8Xe77.o
LOAD /var/folders/nq/tz7k80vx2wd8tb19j2shmy4h0000gn/T//ccvCBPsZ.o
LOAD /var/folders/nq/tz7k80vx2wd8tb19j2shmy4h0000gn/T//ccoX7mc7.o
LOAD /var/folders/nq/tz7k80vx2wd8tb19j2shmy4h0000gn/T//ccG3g1g9.o
LOAD /var/folders/nq/tz7k80vx2wd8tb19j2shmy4h0000gn/T//cc1Zccsv.o
LOAD /var/folders/nq/tz7k80vx2wd8tb19j2shmy4h0000gn/T//ccV7cns4.o
LOAD /var/folders/nq/tz7k80vx2wd8tb19j2shmy4h0000gn/T//cc19OVSV.o
LOAD /opt/homebrew/Cellar/riscv64-elf-gcc/16.1.0/lib/gcc/riscv64-elf/16.1.0/rv32im/ilp32/libgcc.a
                0x00000000                        . = 0x0

.text           0x00000000     0xad8c
 *(.text.init)
 .text.init     0x00000000       0x30 /var/folders/nq/tz7k80vx2wd8tb19j2shmy4h0000gn/T//ccGlg8V3.o
                0x00000000                _start
 *(.text*)
 .text          0x00000030        0x0 /var/folders/nq/tz7k80vx2wd8tb19j2shmy4h0000gn/T//ccGlg8V3.o
 .text          0x00000030        0x0 /var/folders/nq/tz7k80vx2wd8tb19j2shmy4h0000gn/T//ccEjBJmX.o
 .text.startup  0x00000030      0x1f0 /var/folders/nq/tz7k80vx2wd8tb19j2shmy4h0000gn/T//ccEjBJmX.o
                0x00000030                main
 .text          0x00000220      0x568 /var/folders/nq/tz7k80vx2wd8tb19j2shmy4h0000gn/T//cc8ddQve.o
                0x000003c0                gfx_clear
                0x000003ec                gfx_fill_rect
                0x000004b8                gfx_hline
                0x000004c4                gfx_vline
                0x000004d4                gfx_rect
                0x00000578                gfx_text
                0x000005b4                gfx_text_small
                0x000005f0                gfx_textn
                0x0000061c                gfx_textn_small
                0x00000648                u32_to_hex
                0x0000067c                u32_to_dec
                0x000006fc                memcpy
                0x00000720                memmove
                0x0000076c                memset
 .text          0x00000788     0x13d4 /var/folders/nq/tz7k80vx2wd8tb19j2shmy4h0000gn/T//ccMQ27Zg.o
                0x00000ec0                lib_str
                0x00000ee0                lib_format_name
                0x00000f14                lib_fetch_path
                0x00000f98                lib_parse
 .text          0x00001b5c      0xfb8 /var/folders/nq/tz7k80vx2wd8tb19j2shmy4h0000gn/T//ccRmkQj2.o
                0x00001e84                ui_init
                0x00001ed8                ui_input
                0x00002120                ui_tick
                0x000021cc                ui_render_full
                0x00002af4                ui_render_playing
 .text          0x00002b14      0x1f4 /var/folders/nq/tz7k80vx2wd8tb19j2shmy4h0000gn/T//ccv0N9Zk.o
                0x00002bec                file_read
                0x00002c18                file_open
                0x00002c88                file_slot_size
 .text          0x00002d08      0x70c /var/folders/nq/tz7k80vx2wd8tb19j2shmy4h0000gn/T//ccXIdRux.o
                0x00002e70                malloc
                0x00002eac                free
                0x00002eb0                mp3_start
                0x00002ff8                mp3_stop
                0x00003014                mp3_set_paused
                0x00003020                mp3_is_playing
                0x0000303c                mp3_at_eof
                0x00003058                mp3_pos_seconds
                0x00003074                mp3_pump
 .text          0x00003414      0x7cc /var/folders/nq/tz7k80vx2wd8tb19j2shmy4h0000gn/T//ccSR2ba1.o
                0x00003414                MP3InitDecoder
                0x00003418                MP3FreeDecoder
                0x00003424                MP3FindSyncWord
                0x00003470                MP3GetLastFrameInfo
                0x0000350c                MP3GetNextFrameInfo
                0x000035d0                MP3Decode
 .text          0x00003be0        0x0 /var/folders/nq/tz7k80vx2wd8tb19j2shmy4h0000gn/T//ccTma4tl.o
 .text          0x00003be0      0x844 /var/folders/nq/tz7k80vx2wd8tb19j2shmy4h0000gn/T//ccc9AkV5.o
                0x00003be0                xmp3_SetBitstreamPointer
                0x00003bf4                xmp3_GetBits
                0x00003d10                xmp3_CalcBitsUsed
                0x00003d2c                xmp3_CheckPadBit
                0x00003d4c                xmp3_UnpackFrameHeader
                0x00004034                xmp3_UnpackSideInfo
 .text          0x00004424      0x2cc /var/folders/nq/tz7k80vx2wd8tb19j2shmy4h0000gn/T//ccujRqyq.o
                0x00004424                xmp3_FreeBuffers
                0x000044c0                xmp3_AllocateBuffers
 .text          0x000046f0      0x8d4 /var/folders/nq/tz7k80vx2wd8tb19j2shmy4h0000gn/T//ccpwJhb8.o
                0x000046f0                xmp3_FDCT32
 .text          0x00004fc4      0x3f0 /var/folders/nq/tz7k80vx2wd8tb19j2shmy4h0000gn/T//ccckmdHO.o
                0x00004fc4                xmp3_Dequantize
 .text          0x000053b4      0x5f0 /var/folders/nq/tz7k80vx2wd8tb19j2shmy4h0000gn/T//ccjq5Wv9.o
                0x000055e4                xmp3_DequantChannel
 .text          0x000059a4      0xb50 /var/folders/nq/tz7k80vx2wd8tb19j2shmy4h0000gn/T//ccFPz5th.o
                0x000059a4                xmp3_DecodeHuffman
 .text          0x000064f4        0x0 /var/folders/nq/tz7k80vx2wd8tb19j2shmy4h0000gn/T//ccb8Xe77.o
 .text          0x000064f4     0x1610 /var/folders/nq/tz7k80vx2wd8tb19j2shmy4h0000gn/T//ccvCBPsZ.o
                0x0000684c                xmp3_IMDCT
 .text          0x00007b04     0x1d1c /var/folders/nq/tz7k80vx2wd8tb19j2shmy4h0000gn/T//ccoX7mc7.o
                0x00007b04                xmp3_PolyphaseMono
                0x000084bc                xmp3_PolyphaseStereo
 .text          0x00009820      0xaf4 /var/folders/nq/tz7k80vx2wd8tb19j2shmy4h0000gn/T//ccG3g1g9.o
                0x00009820                xmp3_UnpackScaleFactors
 .text          0x0000a314      0x8c4 /var/folders/nq/tz7k80vx2wd8tb19j2shmy4h0000gn/T//cc1Zccsv.o
                0x0000a314                xmp3_MidSideProc
                0x0000a3b4                xmp3_IntensityProcMPEG1
                0x0000a864                xmp3_IntensityProcMPEG2
 .text          0x0000abd8      0x1b4 /var/folders/nq/tz7k80vx2wd8tb19j2shmy4h0000gn/T//ccV7cns4.o
                0x0000abd8                xmp3_Subband
 .text          0x0000ad8c        0x0 /var/folders/nq/tz7k80vx2wd8tb19j2shmy4h0000gn/T//cc19OVSV.o

.rodata         0x0000ad8c     0x46e0
 *(.rodata*)
 .rodata.str1.4
                0x0000ad8c      0x1e8 /var/folders/nq/tz7k80vx2wd8tb19j2shmy4h0000gn/T//ccEjBJmX.o
                                 0xea (size before relaxing)
 .rodata        0x0000af74     0x1260 /var/folders/nq/tz7k80vx2wd8tb19j2shmy4h0000gn/T//cc8ddQve.o
 .rodata        0x0000c1d4       0x98 /var/folders/nq/tz7k80vx2wd8tb19j2shmy4h0000gn/T//ccMQ27Zg.o
 .rodata.str1.4
                0x0000c26c        0x0 /var/folders/nq/tz7k80vx2wd8tb19j2shmy4h0000gn/T//ccMQ27Zg.o
                                 0x90 (size before relaxing)
 .rodata.str1.4
                0x0000c26c        0x0 /var/folders/nq/tz7k80vx2wd8tb19j2shmy4h0000gn/T//ccRmkQj2.o
                                 0x70 (size before relaxing)
 .rodata        0x0000c26c       0x24 /var/folders/nq/tz7k80vx2wd8tb19j2shmy4h0000gn/T//ccRmkQj2.o
 .rodata        0x0000c290      0x500 /var/folders/nq/tz7k80vx2wd8tb19j2shmy4h0000gn/T//ccTma4tl.o
                0x0000c290                xmp3_sfBandTable
                0x0000c52c                xmp3_slotTab
                0x0000c63c                xmp3_sideBytesTab
                0x0000c648                xmp3_samplesPerFrameTab
                0x0000c65c                xmp3_bitrateTab
                0x0000c76c                xmp3_samplerateTab
 .rodata        0x0000c790       0xc0 /var/folders/nq/tz7k80vx2wd8tb19j2shmy4h0000gn/T//ccpwJhb8.o
 .rodata        0x0000c850       0x16 /var/folders/nq/tz7k80vx2wd8tb19j2shmy4h0000gn/T//ccjq5Wv9.o
 *fill*         0x0000c866        0x2 
 .rodata        0x0000c868     0x22f4 /var/folders/nq/tz7k80vx2wd8tb19j2shmy4h0000gn/T//ccb8Xe77.o
                0x0000c868                xmp3_quadTable
                0x0000c8b8                xmp3_huffTabLookup
                0x0000c9b8                xmp3_huffTabOffset
                0x0000ca38                xmp3_huffTable
 .rodata        0x0000eb5c       0x24 /var/folders/nq/tz7k80vx2wd8tb19j2shmy4h0000gn/T//ccvCBPsZ.o
 .rodata        0x0000eb80       0x68 /var/folders/nq/tz7k80vx2wd8tb19j2shmy4h0000gn/T//ccG3g1g9.o
 .rodata        0x0000ebe8      0x864 /var/folders/nq/tz7k80vx2wd8tb19j2shmy4h0000gn/T//cc19OVSV.o
                0x0000ebe8                xmp3_polyCoef
                0x0000f008                xmp3_coef32
                0x0000f084                xmp3_csa
                0x0000f0c4                xmp3_ISFIIP
                0x0000f0d4                xmp3_ISFMpeg2
                0x0000f1d4                xmp3_ISFMpeg1
                0x0000f20c                xmp3_imdctWin
 *(.srodata*)
 .srodata       0x0000f44c        0x6 /var/folders/nq/tz7k80vx2wd8tb19j2shmy4h0000gn/T//ccTma4tl.o
                0x0000f44c                xmp3_bitsPerSlotTab
 *fill*         0x0000f452        0x2 
 .srodata       0x0000f454       0x10 /var/folders/nq/tz7k80vx2wd8tb19j2shmy4h0000gn/T//ccb8Xe77.o
                0x0000f454                xmp3_quadTabMaxBits
                0x0000f45c                xmp3_quadTabOffset
 .srodata       0x0000f464        0x8 /var/folders/nq/tz7k80vx2wd8tb19j2shmy4h0000gn/T//cc19OVSV.o
                0x0000f464                xmp3_uniqueIDTab

.rela.dyn       0x0000f46c        0x0
 .rela.text.init
                0x0000f46c        0x0 /var/folders/nq/tz7k80vx2wd8tb19j2shmy4h0000gn/T//ccGlg8V3.o

.data           0x0000f46c      0x280
 *(.data*)
 .data          0x0000f46c        0x0 /var/folders/nq/tz7k80vx2wd8tb19j2shmy4h0000gn/T//ccGlg8V3.o
 .data          0x0000f46c        0x0 /var/folders/nq/tz7k80vx2wd8tb19j2shmy4h0000gn/T//ccEjBJmX.o
 .data          0x0000f46c        0x0 /var/folders/nq/tz7k80vx2wd8tb19j2shmy4h0000gn/T//cc8ddQve.o
 .data          0x0000f46c        0x0 /var/folders/nq/tz7k80vx2wd8tb19j2shmy4h0000gn/T//ccMQ27Zg.o
 .data          0x0000f46c        0x0 /var/folders/nq/tz7k80vx2wd8tb19j2shmy4h0000gn/T//ccRmkQj2.o
 .data          0x0000f46c        0x0 /var/folders/nq/tz7k80vx2wd8tb19j2shmy4h0000gn/T//ccv0N9Zk.o
 .data          0x0000f46c        0x0 /var/folders/nq/tz7k80vx2wd8tb19j2shmy4h0000gn/T//ccXIdRux.o
 .data          0x0000f46c        0x0 /var/folders/nq/tz7k80vx2wd8tb19j2shmy4h0000gn/T//ccSR2ba1.o
 .data          0x0000f46c        0x0 /var/folders/nq/tz7k80vx2wd8tb19j2shmy4h0000gn/T//ccTma4tl.o
 .data          0x0000f46c        0x0 /var/folders/nq/tz7k80vx2wd8tb19j2shmy4h0000gn/T//ccc9AkV5.o
 .data          0x0000f46c        0x0 /var/folders/nq/tz7k80vx2wd8tb19j2shmy4h0000gn/T//ccujRqyq.o
 .data          0x0000f46c        0x0 /var/folders/nq/tz7k80vx2wd8tb19j2shmy4h0000gn/T//ccpwJhb8.o
 .data          0x0000f46c        0x0 /var/folders/nq/tz7k80vx2wd8tb19j2shmy4h0000gn/T//ccckmdHO.o
 .data          0x0000f46c      0x238 /var/folders/nq/tz7k80vx2wd8tb19j2shmy4h0000gn/T//ccjq5Wv9.o
                0x0000f46c                poly43lo
                0x0000f480                poly43hi
                0x0000f494                pow43_14
                0x0000f594                pow14
                0x0000f5a4                pow43
                0x0000f664                pow2frac
                0x0000f684                pow2exp
 .data          0x0000f6a4        0x0 /var/folders/nq/tz7k80vx2wd8tb19j2shmy4h0000gn/T//ccFPz5th.o
 .data          0x0000f6a4        0x0 /var/folders/nq/tz7k80vx2wd8tb19j2shmy4h0000gn/T//ccb8Xe77.o
 .data          0x0000f6a4       0x48 /var/folders/nq/tz7k80vx2wd8tb19j2shmy4h0000gn/T//ccvCBPsZ.o
                0x0000f6a4                fastWin36
 .data          0x0000f6ec        0x0 /var/folders/nq/tz7k80vx2wd8tb19j2shmy4h0000gn/T//ccoX7mc7.o
 .data          0x0000f6ec        0x0 /var/folders/nq/tz7k80vx2wd8tb19j2shmy4h0000gn/T//ccG3g1g9.o
 .data          0x0000f6ec        0x0 /var/folders/nq/tz7k80vx2wd8tb19j2shmy4h0000gn/T//cc1Zccsv.o
 .data          0x0000f6ec        0x0 /var/folders/nq/tz7k80vx2wd8tb19j2shmy4h0000gn/T//ccV7cns4.o
 .data          0x0000f6ec        0x0 /var/folders/nq/tz7k80vx2wd8tb19j2shmy4h0000gn/T//cc19OVSV.o
 *(.sdata*)

.bss            0x0000f6f0     0xf278
                0x0000f6f0                        __bss_start = .
 *(.bss*)
 .bss           0x0000f6f0        0x0 /var/folders/nq/tz7k80vx2wd8tb19j2shmy4h0000gn/T//ccGlg8V3.o
 .bss           0x0000f6f0        0x0 /var/folders/nq/tz7k80vx2wd8tb19j2shmy4h0000gn/T//ccEjBJmX.o
 .bss           0x0000f6f0        0x0 /var/folders/nq/tz7k80vx2wd8tb19j2shmy4h0000gn/T//cc8ddQve.o
 .bss           0x0000f6f0     0x76c4 /var/folders/nq/tz7k80vx2wd8tb19j2shmy4h0000gn/T//ccMQ27Zg.o
                0x0000f834                lib_albums
                0x0000fe34                lib_artists
                0x0000ffb4                lib_stage
                0x00014fb4                lib_tracks
 .bss           0x00016db4      0x120 /var/folders/nq/tz7k80vx2wd8tb19j2shmy4h0000gn/T//ccRmkQj2.o
 .bss           0x00016ed4        0x0 /var/folders/nq/tz7k80vx2wd8tb19j2shmy4h0000gn/T//ccv0N9Zk.o
 *fill*         0x00016ed4        0x4 
 .bss           0x00016ed8     0x7a00 /var/folders/nq/tz7k80vx2wd8tb19j2shmy4h0000gn/T//ccXIdRux.o
 .bss           0x0001e8d8        0x0 /var/folders/nq/tz7k80vx2wd8tb19j2shmy4h0000gn/T//ccSR2ba1.o
 .bss           0x0001e8d8        0x0 /var/folders/nq/tz7k80vx2wd8tb19j2shmy4h0000gn/T//ccTma4tl.o
 .bss           0x0001e8d8        0x0 /var/folders/nq/tz7k80vx2wd8tb19j2shmy4h0000gn/T//ccc9AkV5.o
 .bss           0x0001e8d8        0x0 /var/folders/nq/tz7k80vx2wd8tb19j2shmy4h0000gn/T//ccujRqyq.o
 .bss           0x0001e8d8        0x0 /var/folders/nq/tz7k80vx2wd8tb19j2shmy4h0000gn/T//ccpwJhb8.o
 .bss           0x0001e8d8        0x0 /var/folders/nq/tz7k80vx2wd8tb19j2shmy4h0000gn/T//ccckmdHO.o
 .bss           0x0001e8d8        0x0 /var/folders/nq/tz7k80vx2wd8tb19j2shmy4h0000gn/T//ccjq5Wv9.o
 .bss           0x0001e8d8        0x0 /var/folders/nq/tz7k80vx2wd8tb19j2shmy4h0000gn/T//ccFPz5th.o
 .bss           0x0001e8d8        0x0 /var/folders/nq/tz7k80vx2wd8tb19j2shmy4h0000gn/T//ccb8Xe77.o
 .bss           0x0001e8d8        0x0 /var/folders/nq/tz7k80vx2wd8tb19j2shmy4h0000gn/T//ccvCBPsZ.o
 .bss           0x0001e8d8        0x0 /var/folders/nq/tz7k80vx2wd8tb19j2shmy4h0000gn/T//ccoX7mc7.o
 .bss           0x0001e8d8        0x0 /var/folders/nq/tz7k80vx2wd8tb19j2shmy4h0000gn/T//ccG3g1g9.o
 .bss           0x0001e8d8        0x0 /var/folders/nq/tz7k80vx2wd8tb19j2shmy4h0000gn/T//cc1Zccsv.o
 .bss           0x0001e8d8        0x0 /var/folders/nq/tz7k80vx2wd8tb19j2shmy4h0000gn/T//ccV7cns4.o
 .bss           0x0001e8d8        0x0 /var/folders/nq/tz7k80vx2wd8tb19j2shmy4h0000gn/T//cc19OVSV.o
 *(.sbss*)
 .sbss          0x0001e8d8        0x2 /var/folders/nq/tz7k80vx2wd8tb19j2shmy4h0000gn/T//ccEjBJmX.o
 *fill*         0x0001e8da        0x2 
 .sbss          0x0001e8dc       0x28 /var/folders/nq/tz7k80vx2wd8tb19j2shmy4h0000gn/T//ccMQ27Zg.o
                0x0001e8f8                lib_n_tracks
                0x0001e8fc                lib_n_albums
                0x0001e900                lib_n_artists
 .sbss          0x0001e904       0x2c /var/folders/nq/tz7k80vx2wd8tb19j2shmy4h0000gn/T//ccRmkQj2.o
 .sbss          0x0001e930       0x38 /var/folders/nq/tz7k80vx2wd8tb19j2shmy4h0000gn/T//ccXIdRux.o
 *(COMMON)
                0x0001e968                        __bss_end = .
                0x00020000                        _stack_top = (ORIGIN (RAM) + LENGTH (RAM))
OUTPUT(/Users/jeremy/test_fpga/pocket-tunes/firmware/firmware.elf elf32-littleriscv)

.riscv.attributes
                0x00000000       0x2a
 .riscv.attributes
                0x00000000       0x28 /var/folders/nq/tz7k80vx2wd8tb19j2shmy4h0000gn/T//ccGlg8V3.o
 .riscv.attributes
                0x00000028       0x2a /var/folders/nq/tz7k80vx2wd8tb19j2shmy4h0000gn/T//ccEjBJmX.o
 .riscv.attributes
                0x00000052       0x2a /var/folders/nq/tz7k80vx2wd8tb19j2shmy4h0000gn/T//cc8ddQve.o
 .riscv.attributes
                0x0000007c       0x2a /var/folders/nq/tz7k80vx2wd8tb19j2shmy4h0000gn/T//ccMQ27Zg.o
 .riscv.attributes
                0x000000a6       0x2a /var/folders/nq/tz7k80vx2wd8tb19j2shmy4h0000gn/T//ccRmkQj2.o
 .riscv.attributes
                0x000000d0       0x2a /var/folders/nq/tz7k80vx2wd8tb19j2shmy4h0000gn/T//ccv0N9Zk.o
 .riscv.attributes
                0x000000fa       0x2a /var/folders/nq/tz7k80vx2wd8tb19j2shmy4h0000gn/T//ccXIdRux.o
 .riscv.attributes
                0x00000124       0x2a /var/folders/nq/tz7k80vx2wd8tb19j2shmy4h0000gn/T//ccSR2ba1.o
 .riscv.attributes
                0x0000014e       0x2a /var/folders/nq/tz7k80vx2wd8tb19j2shmy4h0000gn/T//ccTma4tl.o
 .riscv.attributes
                0x00000178       0x2a /var/folders/nq/tz7k80vx2wd8tb19j2shmy4h0000gn/T//ccc9AkV5.o
 .riscv.attributes
                0x000001a2       0x2a /var/folders/nq/tz7k80vx2wd8tb19j2shmy4h0000gn/T//ccujRqyq.o
 .riscv.attributes
                0x000001cc       0x2a /var/folders/nq/tz7k80vx2wd8tb19j2shmy4h0000gn/T//ccpwJhb8.o
 .riscv.attributes
                0x000001f6       0x2a /var/folders/nq/tz7k80vx2wd8tb19j2shmy4h0000gn/T//ccckmdHO.o
 .riscv.attributes
                0x00000220       0x2a /var/folders/nq/tz7k80vx2wd8tb19j2shmy4h0000gn/T//ccjq5Wv9.o
 .riscv.attributes
                0x0000024a       0x2a /var/folders/nq/tz7k80vx2wd8tb19j2shmy4h0000gn/T//ccFPz5th.o
 .riscv.attributes
                0x00000274       0x2a /var/folders/nq/tz7k80vx2wd8tb19j2shmy4h0000gn/T//ccb8Xe77.o
 .riscv.attributes
                0x0000029e       0x2a /var/folders/nq/tz7k80vx2wd8tb19j2shmy4h0000gn/T//ccvCBPsZ.o
 .riscv.attributes
                0x000002c8       0x2a /var/folders/nq/tz7k80vx2wd8tb19j2shmy4h0000gn/T//ccoX7mc7.o
 .riscv.attributes
                0x000002f2       0x2a /var/folders/nq/tz7k80vx2wd8tb19j2shmy4h0000gn/T//ccG3g1g9.o
 .riscv.attributes
                0x0000031c       0x2a /var/folders/nq/tz7k80vx2wd8tb19j2shmy4h0000gn/T//cc1Zccsv.o
 .riscv.attributes
                0x00000346       0x2a /var/folders/nq/tz7k80vx2wd8tb19j2shmy4h0000gn/T//ccV7cns4.o
 .riscv.attributes
                0x00000370       0x2a /var/folders/nq/tz7k80vx2wd8tb19j2shmy4h0000gn/T//cc19OVSV.o

.comment        0x00000000       0x12
 .comment       0x00000000       0x12 /var/folders/nq/tz7k80vx2wd8tb19j2shmy4h0000gn/T//ccEjBJmX.o
                                 0x13 (size before relaxing)
 .comment       0x00000012        0x0 /var/folders/nq/tz7k80vx2wd8tb19j2shmy4h0000gn/T//cc8ddQve.o
                                 0x13 (size before relaxing)
 .comment       0x00000012        0x0 /var/folders/nq/tz7k80vx2wd8tb19j2shmy4h0000gn/T//ccMQ27Zg.o
                                 0x13 (size before relaxing)
 .comment       0x00000012        0x0 /var/folders/nq/tz7k80vx2wd8tb19j2shmy4h0000gn/T//ccRmkQj2.o
                                 0x13 (size before relaxing)
 .comment       0x00000012        0x0 /var/folders/nq/tz7k80vx2wd8tb19j2shmy4h0000gn/T//ccv0N9Zk.o
                                 0x13 (size before relaxing)
 .comment       0x00000012        0x0 /var/folders/nq/tz7k80vx2wd8tb19j2shmy4h0000gn/T//ccXIdRux.o
                                 0x13 (size before relaxing)
 .comment       0x00000012        0x0 /var/folders/nq/tz7k80vx2wd8tb19j2shmy4h0000gn/T//ccSR2ba1.o
                                 0x13 (size before relaxing)
 .comment       0x00000012        0x0 /var/folders/nq/tz7k80vx2wd8tb19j2shmy4h0000gn/T//ccTma4tl.o
                                 0x13 (size before relaxing)
 .comment       0x00000012        0x0 /var/folders/nq/tz7k80vx2wd8tb19j2shmy4h0000gn/T//ccc9AkV5.o
                                 0x13 (size before relaxing)
 .comment       0x00000012        0x0 /var/folders/nq/tz7k80vx2wd8tb19j2shmy4h0000gn/T//ccujRqyq.o
                                 0x13 (size before relaxing)
 .comment       0x00000012        0x0 /var/folders/nq/tz7k80vx2wd8tb19j2shmy4h0000gn/T//ccpwJhb8.o
                                 0x13 (size before relaxing)
 .comment       0x00000012        0x0 /var/folders/nq/tz7k80vx2wd8tb19j2shmy4h0000gn/T//ccckmdHO.o
                                 0x13 (size before relaxing)
 .comment       0x00000012        0x0 /var/folders/nq/tz7k80vx2wd8tb19j2shmy4h0000gn/T//ccjq5Wv9.o
                                 0x13 (size before relaxing)
 .comment       0x00000012        0x0 /var/folders/nq/tz7k80vx2wd8tb19j2shmy4h0000gn/T//ccFPz5th.o
                                 0x13 (size before relaxing)
 .comment       0x00000012        0x0 /var/folders/nq/tz7k80vx2wd8tb19j2shmy4h0000gn/T//ccb8Xe77.o
                                 0x13 (size before relaxing)
 .comment       0x00000012        0x0 /var/folders/nq/tz7k80vx2wd8tb19j2shmy4h0000gn/T//ccvCBPsZ.o
                                 0x13 (size before relaxing)
 .comment       0x00000012        0x0 /var/folders/nq/tz7k80vx2wd8tb19j2shmy4h0000gn/T//ccoX7mc7.o
                                 0x13 (size before relaxing)
 .comment       0x00000012        0x0 /var/folders/nq/tz7k80vx2wd8tb19j2shmy4h0000gn/T//ccG3g1g9.o
                                 0x13 (size before relaxing)
 .comment       0x00000012        0x0 /var/folders/nq/tz7k80vx2wd8tb19j2shmy4h0000gn/T//cc1Zccsv.o
                                 0x13 (size before relaxing)
 .comment       0x00000012        0x0 /var/folders/nq/tz7k80vx2wd8tb19j2shmy4h0000gn/T//ccV7cns4.o
                                 0x13 (size before relaxing)
 .comment       0x00000012        0x0 /var/folders/nq/tz7k80vx2wd8tb19j2shmy4h0000gn/T//cc19OVSV.o
                                 0x13 (size before relaxing)

.note.GNU-stack
                0x00000000        0x0
 .note.GNU-stack
                0x00000000        0x0 /var/folders/nq/tz7k80vx2wd8tb19j2shmy4h0000gn/T//ccEjBJmX.o
 .note.GNU-stack
                0x00000000        0x0 /var/folders/nq/tz7k80vx2wd8tb19j2shmy4h0000gn/T//cc8ddQve.o
 .note.GNU-stack
                0x00000000        0x0 /var/folders/nq/tz7k80vx2wd8tb19j2shmy4h0000gn/T//ccMQ27Zg.o
 .note.GNU-stack
                0x00000000        0x0 /var/folders/nq/tz7k80vx2wd8tb19j2shmy4h0000gn/T//ccRmkQj2.o
 .note.GNU-stack
                0x00000000        0x0 /var/folders/nq/tz7k80vx2wd8tb19j2shmy4h0000gn/T//ccv0N9Zk.o
 .note.GNU-stack
                0x00000000        0x0 /var/folders/nq/tz7k80vx2wd8tb19j2shmy4h0000gn/T//ccXIdRux.o
 .note.GNU-stack
                0x00000000        0x0 /var/folders/nq/tz7k80vx2wd8tb19j2shmy4h0000gn/T//ccSR2ba1.o
 .note.GNU-stack
                0x00000000        0x0 /var/folders/nq/tz7k80vx2wd8tb19j2shmy4h0000gn/T//ccTma4tl.o
 .note.GNU-stack
                0x00000000        0x0 /var/folders/nq/tz7k80vx2wd8tb19j2shmy4h0000gn/T//ccc9AkV5.o
 .note.GNU-stack
                0x00000000        0x0 /var/folders/nq/tz7k80vx2wd8tb19j2shmy4h0000gn/T//ccujRqyq.o
 .note.GNU-stack
                0x00000000        0x0 /var/folders/nq/tz7k80vx2wd8tb19j2shmy4h0000gn/T//ccpwJhb8.o
 .note.GNU-stack
                0x00000000        0x0 /var/folders/nq/tz7k80vx2wd8tb19j2shmy4h0000gn/T//ccckmdHO.o
 .note.GNU-stack
                0x00000000        0x0 /var/folders/nq/tz7k80vx2wd8tb19j2shmy4h0000gn/T//ccjq5Wv9.o
 .note.GNU-stack
                0x00000000        0x0 /var/folders/nq/tz7k80vx2wd8tb19j2shmy4h0000gn/T//ccFPz5th.o
 .note.GNU-stack
                0x00000000        0x0 /var/folders/nq/tz7k80vx2wd8tb19j2shmy4h0000gn/T//ccb8Xe77.o
 .note.GNU-stack
                0x00000000        0x0 /var/folders/nq/tz7k80vx2wd8tb19j2shmy4h0000gn/T//ccvCBPsZ.o
 .note.GNU-stack
                0x00000000        0x0 /var/folders/nq/tz7k80vx2wd8tb19j2shmy4h0000gn/T//ccoX7mc7.o
 .note.GNU-stack
                0x00000000        0x0 /var/folders/nq/tz7k80vx2wd8tb19j2shmy4h0000gn/T//ccG3g1g9.o
 .note.GNU-stack
                0x00000000        0x0 /var/folders/nq/tz7k80vx2wd8tb19j2shmy4h0000gn/T//cc1Zccsv.o
 .note.GNU-stack
                0x00000000        0x0 /var/folders/nq/tz7k80vx2wd8tb19j2shmy4h0000gn/T//ccV7cns4.o
 .note.GNU-stack
                0x00000000        0x0 /var/folders/nq/tz7k80vx2wd8tb19j2shmy4h0000gn/T//cc19OVSV.o
